Archive member included because of file (symbol)

c:/program files (x86)/atmel/atmel toolchain/avr32 gcc/native/3.4.1067/avr32-gnu-toolchain/bin/../lib/gcc/avr32/4.4.7/ucr3fp\libgcc.a(_udivdi3.o)
                              src/serial_id_ds2411.o (__avr32_udiv64)
c:/program files (x86)/atmel/atmel toolchain/avr32 gcc/native/3.4.1067/avr32-gnu-toolchain/bin/../lib/gcc/avr32/4.4.7/../../../../avr32/lib/ucr3fp\libc.a(lib_a-memcpy.o)
                              src/ASF/avr32/drivers/flashc/flashc.o (memcpy)

Allocating common symbols
Common symbol       size              file

topEflag0           0x1               src/main.o
D                   0x4               src/serial_id_ds2411.o
zoom_view_id        0x4               src/main.o
timerClean          0xc               src/main.o
botEflag1           0x1               src/main.o
shelfTimerInitSeconds
                    0x10              src/main.o
adc_values_seq0     0x2               src/main.o
sealShieldState     0x1               src/main.o
A                   0x4               src/serial_id_ds2411.o
bluesense0_buf      0x200             src/main.o
bluesense2_buf      0x200             src/main.o
ledBoardPresent     0x14              src/main.o
bluesense3_buf      0x200             src/main.o
timerShelf3         0xc               src/main.o
adc_current_conversion
                    0x2               src/main.o
topEflag1           0x1               src/main.o
B                   0x4               src/serial_id_ds2411.o
J                   0x4               src/serial_id_ds2411.o
botEflag0           0x1               src/main.o
C                   0x4               src/serial_id_ds2411.o
shelfTimer          0x30              src/main.o
G                   0x4               src/serial_id_ds2411.o
timerDebugLed       0xc               src/main.o
timerShelf1         0xc               src/main.o
H                   0x4               src/serial_id_ds2411.o
timerShelf0         0xc               src/main.o
brdSideWithinLifetimeLimit
                    0x8               src/main.o
numActiveShelves    0x1               src/main.o
E                   0x4               src/serial_id_ds2411.o
I                   0x4               src/serial_id_ds2411.o
timerShelf2         0xc               src/main.o
adc_values_seq1     0x2               src/main.o
devicesPresentOnShelf
                    0x4               src/main.o
shelfActive         0x4               src/main.o
bluesense1_buf      0x200             src/main.o
ledBrdSerialID      0x28              src/main.o
anyShelvesStillSanitizing
                    0x1               src/main.o
F                   0x4               src/serial_id_ds2411.o

Discarded input sections

 .text          0x00000000        0x0 src/serial_id_ds2411.o
 .data          0x00000000        0x0 src/serial_id_ds2411.o
 .bss           0x00000000        0x0 src/serial_id_ds2411.o
 .text.OWTouchByte
                0x00000000       0x90 src/serial_id_ds2411.o
 .text.OWBlock  0x00000000       0x6c src/serial_id_ds2411.o
 .text.OWOverdriveSkip
                0x00000000       0x64 src/serial_id_ds2411.o
 .text.ReadPageMAC
                0x00000000      0x16c src/serial_id_ds2411.o
 .text          0x00000000        0x0 src/ss_print_funcs.o
 .data          0x00000000        0x0 src/ss_print_funcs.o
 .bss           0x00000000        0x0 src/ss_print_funcs.o
 .rodata.HEX_DIGITS
                0x00000000       0x10 src/ss_print_funcs.o
 .text.print_display
                0x00000000       0x24 src/ss_print_funcs.o
 .text.print_ssdbg_char
                0x00000000       0x24 src/ss_print_funcs.o
 .text.print_display_char
                0x00000000       0x24 src/ss_print_funcs.o
 .text.print_ssdbg_ulong
                0x00000000       0x24 src/ss_print_funcs.o
 .text.print_display_ulong
                0x00000000       0x24 src/ss_print_funcs.o
 .text.print_ssdbg_char_hex
                0x00000000       0x28 src/ss_print_funcs.o
 .text.print_display_char_hex
                0x00000000       0x28 src/ss_print_funcs.o
 .text.print_ssdbg_short_hex
                0x00000000       0x28 src/ss_print_funcs.o
 .text.print_display_short_hex
                0x00000000       0x28 src/ss_print_funcs.o
 .text.print_ssdbg_hex
                0x00000000       0x24 src/ss_print_funcs.o
 .text.print_display_hex
                0x00000000       0x24 src/ss_print_funcs.o
 .text.print_char
                0x00000000       0x28 src/ss_print_funcs.o
 .text.print_ulong
                0x00000000       0xa0 src/ss_print_funcs.o
 .text.print_char_hex
                0x00000000       0x74 src/ss_print_funcs.o
 .text.print_short_hex
                0x00000000       0x74 src/ss_print_funcs.o
 .text.print_hex
                0x00000000       0x70 src/ss_print_funcs.o
 .text          0x00000000        0x0 src/ASF/avr32/boards/uc3c_ek/led.o
 .data          0x00000000        0x0 src/ASF/avr32/boards/uc3c_ek/led.o
 .bss           0x00000000        0x0 src/ASF/avr32/boards/uc3c_ek/led.o
 .debug_abbrev  0x00000000      0x20a src/ASF/avr32/boards/uc3c_ek/led.o
 .debug_info    0x00000000      0xac8 src/ASF/avr32/boards/uc3c_ek/led.o
 .debug_line    0x00000000      0x87d src/ASF/avr32/boards/uc3c_ek/led.o
 .debug_macinfo
                0x00000000   0x13e456 src/ASF/avr32/boards/uc3c_ek/led.o
 .rodata.LED_DESCRIPTOR
                0x00000000       0x40 src/ASF/avr32/boards/uc3c_ek/led.o
 .data.LED_State
                0x00000000        0x4 src/ASF/avr32/boards/uc3c_ek/led.o
 .text.LED_Read_Display
                0x00000000       0x14 src/ASF/avr32/boards/uc3c_ek/led.o
 .text.LED_Display
                0x00000000       0xac src/ASF/avr32/boards/uc3c_ek/led.o
 .text.LED_Read_Display_Mask
                0x00000000       0x24 src/ASF/avr32/boards/uc3c_ek/led.o
 .text.LED_Display_Mask
                0x00000000      0x100 src/ASF/avr32/boards/uc3c_ek/led.o
 .text.LED_Test
                0x00000000       0x28 src/ASF/avr32/boards/uc3c_ek/led.o
 .text.LED_Off  0x00000000       0xb8 src/ASF/avr32/boards/uc3c_ek/led.o
 .text.LED_On   0x00000000       0xb4 src/ASF/avr32/boards/uc3c_ek/led.o
 .text.LED_Toggle
                0x00000000       0xb4 src/ASF/avr32/boards/uc3c_ek/led.o
 .text.LED_Read_Display_Field
                0x00000000       0x30 src/ASF/avr32/boards/uc3c_ek/led.o
 .text.LED_Display_Field
                0x00000000       0x38 src/ASF/avr32/boards/uc3c_ek/led.o
 .text.LED_Get_Intensity
                0x00000000       0x16 src/ASF/avr32/boards/uc3c_ek/led.o
 .text.LED_Set_Intensity
                0x00000000       0x18 src/ASF/avr32/boards/uc3c_ek/led.o
 .debug_frame   0x00000000      0x160 src/ASF/avr32/boards/uc3c_ek/led.o
 .debug_loc     0x00000000      0x204 src/ASF/avr32/boards/uc3c_ek/led.o
 .debug_pubnames
                0x00000000       0xf6 src/ASF/avr32/boards/uc3c_ek/led.o
 .debug_aranges
                0x00000000       0x78 src/ASF/avr32/boards/uc3c_ek/led.o
 .debug_ranges  0x00000000       0x70 src/ASF/avr32/boards/uc3c_ek/led.o
 .debug_str     0x00000000      0x4dc src/ASF/avr32/boards/uc3c_ek/led.o
 .comment       0x00000000       0x31 src/ASF/avr32/boards/uc3c_ek/led.o
 .text          0x00000000        0x0 src/ASF/avr32/drivers/adcifa/adcifa.o
 .data          0x00000000        0x0 src/ASF/avr32/drivers/adcifa/adcifa.o
 .bss           0x00000000        0x0 src/ASF/avr32/drivers/adcifa/adcifa.o
 .text.adcifa_calibrate_offset
                0x00000000      0x134 src/ASF/avr32/drivers/adcifa/adcifa.o
 .text.adcifa_configure_window_monitor
                0x00000000      0x114 src/ASF/avr32/drivers/adcifa/adcifa.o
 .text.adcifa_check_eoc
                0x00000000       0x4a src/ASF/avr32/drivers/adcifa/adcifa.o
 .text.adcifa_start_itimer
                0x00000000       0x2a src/ASF/avr32/drivers/adcifa/adcifa.o
 .text.adcifa_stop_itimer
                0x00000000       0x1a src/ASF/avr32/drivers/adcifa/adcifa.o
 .text.adcifa_enable_interrupt
                0x00000000       0x22 src/ASF/avr32/drivers/adcifa/adcifa.o
 .text.adcifa_disable_interrupt
                0x00000000       0x22 src/ASF/avr32/drivers/adcifa/adcifa.o
 .text.adcifa_clear_interrupt
                0x00000000       0x20 src/ASF/avr32/drivers/adcifa/adcifa.o
 .text          0x00000000        0x0 src/ASF/avr32/drivers/canif/canif.o
 .data          0x00000000        0x0 src/ASF/avr32/drivers/canif/canif.o
 .bss           0x00000000        0x0 src/ASF/avr32/drivers/canif/canif.o
 .debug_abbrev  0x00000000      0x1cc src/ASF/avr32/drivers/canif/canif.o
 .debug_info    0x00000000      0xecf src/ASF/avr32/drivers/canif/canif.o
 .debug_line    0x00000000      0x7c3 src/ASF/avr32/drivers/canif/canif.o
 .debug_macinfo
                0x00000000   0x140158 src/ASF/avr32/drivers/canif/canif.o
 .text.canif_clear_all_mob
                0x00000000       0xa0 src/ASF/avr32/drivers/canif/canif.o
 .text.canif_get_mob_free
                0x00000000       0x46 src/ASF/avr32/drivers/canif/canif.o
 .text.canif_get_mob_status
                0x00000000       0xf6 src/ASF/avr32/drivers/canif/canif.o
 .text.canif_fixed_baudrate
                0x00000000      0x1a0 src/ASF/avr32/drivers/canif/canif.o
 .debug_frame   0x00000000       0x80 src/ASF/avr32/drivers/canif/canif.o
 .debug_loc     0x00000000       0xac src/ASF/avr32/drivers/canif/canif.o
 .debug_pubnames
                0x00000000       0x73 src/ASF/avr32/drivers/canif/canif.o
 .debug_aranges
                0x00000000       0x38 src/ASF/avr32/drivers/canif/canif.o
 .debug_ranges  0x00000000       0x30 src/ASF/avr32/drivers/canif/canif.o
 .debug_str     0x00000000      0x5a7 src/ASF/avr32/drivers/canif/canif.o
 .comment       0x00000000       0x31 src/ASF/avr32/drivers/canif/canif.o
 .text          0x00000000        0x0 src/ASF/avr32/drivers/flashc/flashc.o
 .data          0x00000000        0x0 src/ASF/avr32/drivers/flashc/flashc.o
 .bss           0x00000000        0x0 src/ASF/avr32/drivers/flashc/flashc.o
 .debug_abbrev  0x00000000      0x285 src/ASF/avr32/drivers/flashc/flashc.o
 .debug_info    0x00000000     0x1d16 src/ASF/avr32/drivers/flashc/flashc.o
 .debug_line    0x00000000      0xd3b src/ASF/avr32/drivers/flashc/flashc.o
 .debug_macinfo
                0x00000000   0x13cf31 src/ASF/avr32/drivers/flashc/flashc.o
 .text.flashc_get_flash_size
                0x00000000       0x40 src/ASF/avr32/drivers/flashc/flashc.o
 .text.flashc_get_page_count
                0x00000000       0x18 src/ASF/avr32/drivers/flashc/flashc.o
 .text.flashc_get_page_count_per_region
                0x00000000       0x18 src/ASF/avr32/drivers/flashc/flashc.o
 .text.flashc_get_page_region
                0x00000000       0x3c src/ASF/avr32/drivers/flashc/flashc.o
 .text.flashc_get_region_first_page_number
                0x00000000       0x28 src/ASF/avr32/drivers/flashc/flashc.o
 .text.flashc_get_wait_state
                0x00000000       0x18 src/ASF/avr32/drivers/flashc/flashc.o
 .text.flashc_set_wait_state
                0x00000000       0x46 src/ASF/avr32/drivers/flashc/flashc.o
 .text.flashc_set_bus_freq
                0x00000000       0x38 src/ASF/avr32/drivers/flashc/flashc.o
 .text.flashc_is_ready_int_enabled
                0x00000000       0x18 src/ASF/avr32/drivers/flashc/flashc.o
 .text.flashc_enable_ready_int
                0x00000000       0x3e src/ASF/avr32/drivers/flashc/flashc.o
 .text.flashc_is_lock_error_int_enabled
                0x00000000       0x1a src/ASF/avr32/drivers/flashc/flashc.o
 .text.flashc_enable_lock_error_int
                0x00000000       0x3e src/ASF/avr32/drivers/flashc/flashc.o
 .text.flashc_is_prog_error_int_enabled
                0x00000000       0x1a src/ASF/avr32/drivers/flashc/flashc.o
 .text.flashc_enable_prog_error_int
                0x00000000       0x3e src/ASF/avr32/drivers/flashc/flashc.o
 .text.flashc_is_ready
                0x00000000       0x18 src/ASF/avr32/drivers/flashc/flashc.o
 .text.flashc_default_wait_until_ready
                0x00000000       0x1c src/ASF/avr32/drivers/flashc/flashc.o
 .data.flashc_wait_until_ready
                0x00000000        0x4 src/ASF/avr32/drivers/flashc/flashc.o
 .text.flashc_get_error_status
                0x00000000       0x16 src/ASF/avr32/drivers/flashc/flashc.o
 .bss.flashc_error_status
                0x00000000        0x4 src/ASF/avr32/drivers/flashc/flashc.o
 .text.flashc_is_lock_error
                0x00000000       0x1c src/ASF/avr32/drivers/flashc/flashc.o
 .text.flashc_is_programming_error
                0x00000000       0x1c src/ASF/avr32/drivers/flashc/flashc.o
 .text.flashc_get_command
                0x00000000       0x16 src/ASF/avr32/drivers/flashc/flashc.o
 .text.flashc_get_page_number
                0x00000000       0x1c src/ASF/avr32/drivers/flashc/flashc.o
 .text.flashc_issue_command
                0x00000000       0x88 src/ASF/avr32/drivers/flashc/flashc.o
 .text.flashc_no_operation
                0x00000000       0x18 src/ASF/avr32/drivers/flashc/flashc.o
 .text.flashc_erase_all
                0x00000000       0x18 src/ASF/avr32/drivers/flashc/flashc.o
 .text.flashc_is_security_bit_active
                0x00000000       0x1a src/ASF/avr32/drivers/flashc/flashc.o
 .text.flashc_activate_security_bit
                0x00000000       0x18 src/ASF/avr32/drivers/flashc/flashc.o
 .text.flashc_get_bootloader_protected_size
                0x00000000       0x40 src/ASF/avr32/drivers/flashc/flashc.o
 .text.flashc_set_bootloader_protected_size
                0x00000000       0x9c src/ASF/avr32/drivers/flashc/flashc.o
 .text.flashc_is_external_privileged_fetch_locked
                0x00000000       0x20 src/ASF/avr32/drivers/flashc/flashc.o
 .text.flashc_lock_external_privileged_fetch
                0x00000000       0x2c src/ASF/avr32/drivers/flashc/flashc.o
 .text.flashc_is_page_region_locked
                0x00000000       0x30 src/ASF/avr32/drivers/flashc/flashc.o
 .text.flashc_is_region_locked
                0x00000000       0x32 src/ASF/avr32/drivers/flashc/flashc.o
 .text.flashc_lock_page_region
                0x00000000       0x38 src/ASF/avr32/drivers/flashc/flashc.o
 .text.flashc_lock_region
                0x00000000       0x38 src/ASF/avr32/drivers/flashc/flashc.o
 .text.flashc_lock_all_regions
                0x00000000       0x64 src/ASF/avr32/drivers/flashc/flashc.o
 .text.flashc_read_gp_fuse_bit
                0x00000000       0x60 src/ASF/avr32/drivers/flashc/flashc.o
 .text.flashc_read_gp_fuse_bitfield
                0x00000000       0xcc src/ASF/avr32/drivers/flashc/flashc.o
 .text.flashc_read_gp_fuse_byte
                0x00000000       0x60 src/ASF/avr32/drivers/flashc/flashc.o
 .text.flashc_read_all_gp_fuses
                0x00000000       0x34 src/ASF/avr32/drivers/flashc/flashc.o
 .text.flashc_erase_gp_fuse_bit
                0x00000000       0x4c src/ASF/avr32/drivers/flashc/flashc.o
 .text.flashc_erase_gp_fuse_bitfield
                0x00000000      0x118 src/ASF/avr32/drivers/flashc/flashc.o
 .text.flashc_erase_gp_fuse_byte
                0x00000000       0xdc src/ASF/avr32/drivers/flashc/flashc.o
 .text.flashc_erase_all_gp_fuses
                0x00000000       0x48 src/ASF/avr32/drivers/flashc/flashc.o
 .text.flashc_write_gp_fuse_bit
                0x00000000       0x38 src/ASF/avr32/drivers/flashc/flashc.o
 .text.flashc_write_gp_fuse_bitfield
                0x00000000       0xcc src/ASF/avr32/drivers/flashc/flashc.o
 .text.flashc_write_gp_fuse_byte
                0x00000000       0x38 src/ASF/avr32/drivers/flashc/flashc.o
 .text.flashc_write_all_gp_fuses
                0x00000000       0x80 src/ASF/avr32/drivers/flashc/flashc.o
 .text.flashc_set_gp_fuse_bit
                0x00000000       0x44 src/ASF/avr32/drivers/flashc/flashc.o
 .text.flashc_set_gp_fuse_bitfield
                0x00000000       0xcc src/ASF/avr32/drivers/flashc/flashc.o
 .text.flashc_set_gp_fuse_byte
                0x00000000       0x78 src/ASF/avr32/drivers/flashc/flashc.o
 .text.flashc_set_all_gp_fuses
                0x00000000       0x6c src/ASF/avr32/drivers/flashc/flashc.o
 .text.flashc_clear_page_buffer
                0x00000000       0x18 src/ASF/avr32/drivers/flashc/flashc.o
 .text.flashc_is_page_erased
                0x00000000       0x1a src/ASF/avr32/drivers/flashc/flashc.o
 .text.flashc_quick_page_read
                0x00000000       0x2c src/ASF/avr32/drivers/flashc/flashc.o
 .text.flashc_erase_page
                0x00000000       0x68 src/ASF/avr32/drivers/flashc/flashc.o
 .text.flashc_erase_all_pages
                0x00000000       0x88 src/ASF/avr32/drivers/flashc/flashc.o
 .text.flashc_write_page
                0x00000000       0x20 src/ASF/avr32/drivers/flashc/flashc.o
 .text.flashc_quick_user_page_read
                0x00000000       0x24 src/ASF/avr32/drivers/flashc/flashc.o
 .text.flashc_erase_user_page
                0x00000000       0x3c src/ASF/avr32/drivers/flashc/flashc.o
 .text.flashc_write_user_page
                0x00000000       0x18 src/ASF/avr32/drivers/flashc/flashc.o
 .text.flashc_memset8
                0x00000000       0x50 src/ASF/avr32/drivers/flashc/flashc.o
 .text.flashc_memset16
                0x00000000       0x4c src/ASF/avr32/drivers/flashc/flashc.o
 .text.flashc_memset32
                0x00000000       0x5c src/ASF/avr32/drivers/flashc/flashc.o
 .text.flashc_memset64
                0x00000000      0x428 src/ASF/avr32/drivers/flashc/flashc.o
 .text.flashc_memcpy
                0x00000000      0x1b8 src/ASF/avr32/drivers/flashc/flashc.o
 .text.flashc_set_flash_waitstate_and_readmode
                0x00000000       0x68 src/ASF/avr32/drivers/flashc/flashc.o
 .rodata.C.35.14269
                0x00000000       0x1e src/ASF/avr32/drivers/flashc/flashc.o
 .debug_frame   0x00000000      0x79c src/ASF/avr32/drivers/flashc/flashc.o
 .debug_loc     0x00000000      0xb16 src/ASF/avr32/drivers/flashc/flashc.o
 .debug_pubnames
                0x00000000      0x79d src/ASF/avr32/drivers/flashc/flashc.o
 .debug_aranges
                0x00000000      0x228 src/ASF/avr32/drivers/flashc/flashc.o
 .debug_ranges  0x00000000      0x220 src/ASF/avr32/drivers/flashc/flashc.o
 .debug_str     0x00000000      0xcba src/ASF/avr32/drivers/flashc/flashc.o
 .comment       0x00000000       0x31 src/ASF/avr32/drivers/flashc/flashc.o
 .text          0x00000000        0x0 src/ASF/avr32/drivers/gpio/gpio.o
 .data          0x00000000        0x0 src/ASF/avr32/drivers/gpio/gpio.o
 .bss           0x00000000        0x0 src/ASF/avr32/drivers/gpio/gpio.o
 .text.gpio_enable_gpio
                0x00000000       0x50 src/ASF/avr32/drivers/gpio/gpio.o
 .text.gpio_enable_gpio_pin
                0x00000000       0x50 src/ASF/avr32/drivers/gpio/gpio.o
 .text.gpio_enable_pin_pull_up
                0x00000000       0x52 src/ASF/avr32/drivers/gpio/gpio.o
 .text.gpio_disable_pin_pull_up
                0x00000000       0x3a src/ASF/avr32/drivers/gpio/gpio.o
 .text.gpio_enable_pin_pull_down
                0x00000000       0x52 src/ASF/avr32/drivers/gpio/gpio.o
 .text.gpio_disable_pin_pull_down
                0x00000000       0x3a src/ASF/avr32/drivers/gpio/gpio.o
 .text.gpio_enable_pin_buskeeper
                0x00000000       0x52 src/ASF/avr32/drivers/gpio/gpio.o
 .text.gpio_disable_pin_buskeeper
                0x00000000       0x52 src/ASF/avr32/drivers/gpio/gpio.o
 .text.gpio_configure_group
                0x00000000      0x1c8 src/ASF/avr32/drivers/gpio/gpio.o
 .text.gpio_get_gpio_pin_output_value
                0x00000000       0x3c src/ASF/avr32/drivers/gpio/gpio.o
 .text.gpio_get_gpio_open_drain_pin_output_value
                0x00000000       0x3e src/ASF/avr32/drivers/gpio/gpio.o
 .text.gpio_set_gpio_pin
                0x00000000       0x68 src/ASF/avr32/drivers/gpio/gpio.o
 .text.gpio_set_group_high
                0x00000000       0x30 src/ASF/avr32/drivers/gpio/gpio.o
 .text.gpio_clr_gpio_pin
                0x00000000       0x68 src/ASF/avr32/drivers/gpio/gpio.o
 .text.gpio_set_group_low
                0x00000000       0x30 src/ASF/avr32/drivers/gpio/gpio.o
 .text.gpio_tgl_gpio_pin
                0x00000000       0x68 src/ASF/avr32/drivers/gpio/gpio.o
 .text.gpio_toggle_group
                0x00000000       0x30 src/ASF/avr32/drivers/gpio/gpio.o
 .text.gpio_set_gpio_open_drain_pin
                0x00000000       0x50 src/ASF/avr32/drivers/gpio/gpio.o
 .text.gpio_clr_gpio_open_drain_pin
                0x00000000       0x68 src/ASF/avr32/drivers/gpio/gpio.o
 .text.gpio_tgl_gpio_open_drain_pin
                0x00000000       0x68 src/ASF/avr32/drivers/gpio/gpio.o
 .text.gpio_enable_pin_glitch_filter
                0x00000000       0x3a src/ASF/avr32/drivers/gpio/gpio.o
 .text.gpio_disable_pin_glitch_filter
                0x00000000       0x3a src/ASF/avr32/drivers/gpio/gpio.o
 .text.gpio_configure_edge_detector
                0x00000000       0xd4 src/ASF/avr32/drivers/gpio/gpio.o
 .text.gpio_enable_pin_interrupt
                0x00000000       0x74 src/ASF/avr32/drivers/gpio/gpio.o
 .text.gpio_disable_pin_interrupt
                0x00000000       0x3a src/ASF/avr32/drivers/gpio/gpio.o
 .text.gpio_get_pin_interrupt_flag
                0x00000000       0x3e src/ASF/avr32/drivers/gpio/gpio.o
 .text.gpio_clear_pin_interrupt_flag
                0x00000000       0x3a src/ASF/avr32/drivers/gpio/gpio.o
 .text          0x00000000        0x0 src/ASF/avr32/drivers/intc/exception.o
 .data          0x00000000        0x0 src/ASF/avr32/drivers/intc/exception.o
 .bss           0x00000000        0x0 src/ASF/avr32/drivers/intc/exception.o
 .text          0x00000000        0x0 src/ASF/avr32/drivers/intc/intc.o
 .data          0x00000000        0x0 src/ASF/avr32/drivers/intc/intc.o
 .bss           0x00000000        0x0 src/ASF/avr32/drivers/intc/intc.o
 .text          0x00000000        0x0 src/ASF/avr32/drivers/pdca/pdca.o
 .data          0x00000000        0x0 src/ASF/avr32/drivers/pdca/pdca.o
 .bss           0x00000000        0x0 src/ASF/avr32/drivers/pdca/pdca.o
 .debug_abbrev  0x00000000      0x215 src/ASF/avr32/drivers/pdca/pdca.o
 .debug_info    0x00000000      0xe60 src/ASF/avr32/drivers/pdca/pdca.o
 .debug_line    0x00000000      0x933 src/ASF/avr32/drivers/pdca/pdca.o
 .debug_macinfo
                0x00000000   0x13ce21 src/ASF/avr32/drivers/pdca/pdca.o
 .text.cpu_irq_save
                0x00000000       0x1e src/ASF/avr32/drivers/pdca/pdca.o
 .text.cpu_irq_is_enabled_flags
                0x00000000       0x20 src/ASF/avr32/drivers/pdca/pdca.o
 .text.cpu_irq_restore
                0x00000000       0x28 src/ASF/avr32/drivers/pdca/pdca.o
 .text.pdca_get_handler
                0x00000000       0x3a src/ASF/avr32/drivers/pdca/pdca.o
 .text.pdca_init_channel
                0x00000000       0xd0 src/ASF/avr32/drivers/pdca/pdca.o
 .text.pdca_get_channel_status
                0x00000000       0x38 src/ASF/avr32/drivers/pdca/pdca.o
 .text.pdca_disable
                0x00000000       0x30 src/ASF/avr32/drivers/pdca/pdca.o
 .text.pdca_enable
                0x00000000       0x30 src/ASF/avr32/drivers/pdca/pdca.o
 .text.pdca_get_load_size
                0x00000000       0x30 src/ASF/avr32/drivers/pdca/pdca.o
 .text.pdca_load_channel
                0x00000000       0x70 src/ASF/avr32/drivers/pdca/pdca.o
 .text.pdca_get_reload_size
                0x00000000       0x30 src/ASF/avr32/drivers/pdca/pdca.o
 .text.pdca_reload_channel
                0x00000000       0x70 src/ASF/avr32/drivers/pdca/pdca.o
 .text.pdca_set_peripheral_select
                0x00000000       0x38 src/ASF/avr32/drivers/pdca/pdca.o
 .text.pdca_set_transfer_size
                0x00000000       0x44 src/ASF/avr32/drivers/pdca/pdca.o
 .text.pdca_disable_event_trigger
                0x00000000       0x38 src/ASF/avr32/drivers/pdca/pdca.o
 .text.pdca_enable_event_trigger
                0x00000000       0x38 src/ASF/avr32/drivers/pdca/pdca.o
 .text.pdca_disable_interrupt_transfer_error
                0x00000000       0x50 src/ASF/avr32/drivers/pdca/pdca.o
 .text.pdca_enable_interrupt_transfer_error
                0x00000000       0x30 src/ASF/avr32/drivers/pdca/pdca.o
 .text.pdca_disable_interrupt_transfer_complete
                0x00000000       0x50 src/ASF/avr32/drivers/pdca/pdca.o
 .text.pdca_enable_interrupt_transfer_complete
                0x00000000       0x30 src/ASF/avr32/drivers/pdca/pdca.o
 .text.pdca_disable_interrupt_reload_counter_zero
                0x00000000       0x50 src/ASF/avr32/drivers/pdca/pdca.o
 .text.pdca_enable_interrupt_reload_counter_zero
                0x00000000       0x30 src/ASF/avr32/drivers/pdca/pdca.o
 .text.pdca_get_transfer_status
                0x00000000       0x30 src/ASF/avr32/drivers/pdca/pdca.o
 .debug_frame   0x00000000      0x294 src/ASF/avr32/drivers/pdca/pdca.o
 .debug_loc     0x00000000      0x3dd src/ASF/avr32/drivers/pdca/pdca.o
 .debug_pubnames
                0x00000000      0x275 src/ASF/avr32/drivers/pdca/pdca.o
 .debug_aranges
                0x00000000       0xd0 src/ASF/avr32/drivers/pdca/pdca.o
 .debug_ranges  0x00000000       0xc8 src/ASF/avr32/drivers/pdca/pdca.o
 .debug_str     0x00000000      0x638 src/ASF/avr32/drivers/pdca/pdca.o
 .comment       0x00000000       0x31 src/ASF/avr32/drivers/pdca/pdca.o
 .text          0x00000000        0x0 src/ASF/avr32/drivers/pm/pm_uc3c.o
 .data          0x00000000        0x0 src/ASF/avr32/drivers/pm/pm_uc3c.o
 .bss           0x00000000        0x0 src/ASF/avr32/drivers/pm/pm_uc3c.o
 .text.pm_config_mainclk_safety
                0x00000000       0x9c src/ASF/avr32/drivers/pm/pm_uc3c.o
 .text.pm_set_clk_domain_div
                0x00000000       0xac src/ASF/avr32/drivers/pm/pm_uc3c.o
 .text.pm_disable_clk_domain_div
                0x00000000       0x90 src/ASF/avr32/drivers/pm/pm_uc3c.o
 .text.pm_wait_for_clk_ready
                0x00000000       0x40 src/ASF/avr32/drivers/pm/pm_uc3c.o
 .text.pm_enable_module
                0x00000000       0x94 src/ASF/avr32/drivers/pm/pm_uc3c.o
 .text.pm_disable_module
                0x00000000       0x98 src/ASF/avr32/drivers/pm/pm_uc3c.o
 .text          0x00000000        0x0 src/ASF/avr32/drivers/pm/power_clocks_lib.o
 .data          0x00000000        0x0 src/ASF/avr32/drivers/pm/power_clocks_lib.o
 .bss           0x00000000        0x0 src/ASF/avr32/drivers/pm/power_clocks_lib.o
 .debug_abbrev  0x00000000      0x15e src/ASF/avr32/drivers/pm/power_clocks_lib.o
 .debug_info    0x00000000      0x534 src/ASF/avr32/drivers/pm/power_clocks_lib.o
 .debug_line    0x00000000      0x892 src/ASF/avr32/drivers/pm/power_clocks_lib.o
 .debug_macinfo
                0x00000000   0x13d18a src/ASF/avr32/drivers/pm/power_clocks_lib.o
 .text.pcl_configure_clocks
                0x00000000       0x24 src/ASF/avr32/drivers/pm/power_clocks_lib.o
 .text.pcl_configure_clocks_uc3c
                0x00000000      0x344 src/ASF/avr32/drivers/pm/power_clocks_lib.o
 .text.pcl_switch_to_osc
                0x00000000       0x60 src/ASF/avr32/drivers/pm/power_clocks_lib.o
 .text.pcl_configure_usb_clock
                0x00000000       0x78 src/ASF/avr32/drivers/pm/power_clocks_lib.o
 .text.pcl_write_gplp
                0x00000000       0x28 src/ASF/avr32/drivers/pm/power_clocks_lib.o
 .text.pcl_read_gplp
                0x00000000       0x24 src/ASF/avr32/drivers/pm/power_clocks_lib.o
 .rodata.C.40.14707
                0x00000000       0x14 src/ASF/avr32/drivers/pm/power_clocks_lib.o
 .debug_frame   0x00000000       0xb8 src/ASF/avr32/drivers/pm/power_clocks_lib.o
 .debug_loc     0x00000000      0x102 src/ASF/avr32/drivers/pm/power_clocks_lib.o
 .debug_pubnames
                0x00000000       0x82 src/ASF/avr32/drivers/pm/power_clocks_lib.o
 .debug_aranges
                0x00000000       0x48 src/ASF/avr32/drivers/pm/power_clocks_lib.o
 .debug_ranges  0x00000000       0x40 src/ASF/avr32/drivers/pm/power_clocks_lib.o
 .debug_str     0x00000000      0x65c src/ASF/avr32/drivers/pm/power_clocks_lib.o
 .comment       0x00000000       0x31 src/ASF/avr32/drivers/pm/power_clocks_lib.o
 .text          0x00000000        0x0 src/ASF/avr32/drivers/scif/scif_uc3c.o
 .data          0x00000000        0x0 src/ASF/avr32/drivers/scif/scif_uc3c.o
 .bss           0x00000000        0x0 src/ASF/avr32/drivers/scif/scif_uc3c.o
 .text.scif_pclksr_statushigh_wait
                0x00000000       0x46 src/ASF/avr32/drivers/scif/scif_uc3c.o
 .text.scif_read_gplp
                0x00000000       0x22 src/ASF/avr32/drivers/scif/scif_uc3c.o
 .text.scif_write_gplp
                0x00000000       0x3a src/ASF/avr32/drivers/scif/scif_uc3c.o
 .text.scif_start_osc
                0x00000000      0x158 src/ASF/avr32/drivers/scif/scif_uc3c.o
 .text.scif_is_osc_ready
                0x00000000       0x3a src/ASF/avr32/drivers/scif/scif_uc3c.o
 .text.scif_stop_osc
                0x00000000       0x7c src/ASF/avr32/drivers/scif/scif_uc3c.o
 .text.scif_configure_osc_crystalmode
                0x00000000      0x168 src/ASF/avr32/drivers/scif/scif_uc3c.o
 .text.scif_configure_osc_extmode
                0x00000000       0x9c src/ASF/avr32/drivers/scif/scif_uc3c.o
 .text.scif_enable_osc
                0x00000000      0x104 src/ASF/avr32/drivers/scif/scif_uc3c.o
 .text.scif_enable_extosc
                0x00000000       0x9c src/ASF/avr32/drivers/scif/scif_uc3c.o
 .text.scif_pll_setup
                0x00000000      0x174 src/ASF/avr32/drivers/scif/scif_uc3c.o
 .text.scif_pll_enable
                0x00000000       0x9c src/ASF/avr32/drivers/scif/scif_uc3c.o
 .text.scif_pll_disable
                0x00000000       0x9c src/ASF/avr32/drivers/scif/scif_uc3c.o
 .text.scif_wait_for_pll_locked
                0x00000000       0x38 src/ASF/avr32/drivers/scif/scif_uc3c.o
 .text.scif_start_osc32
                0x00000000       0xc8 src/ASF/avr32/drivers/scif/scif_uc3c.o
 .text.scif_stop_osc32
                0x00000000       0x64 src/ASF/avr32/drivers/scif/scif_uc3c.o
 .text.scif_stop_rc8M
                0x00000000       0x60 src/ASF/avr32/drivers/scif/scif_uc3c.o
 .text.scif_start_rc120M
                0x00000000       0x48 src/ASF/avr32/drivers/scif/scif_uc3c.o
 .text.scif_stop_rc120M
                0x00000000       0x60 src/ASF/avr32/drivers/scif/scif_uc3c.o
 .text.scif_stop_gclk
                0x00000000       0x6a src/ASF/avr32/drivers/scif/scif_uc3c.o
 .text.scif_gc_setup
                0x00000000       0xc4 src/ASF/avr32/drivers/scif/scif_uc3c.o
 .text.scif_gc_enable
                0x00000000       0x48 src/ASF/avr32/drivers/scif/scif_uc3c.o
 .text.scif_bod18_enable_irq
                0x00000000       0x12 src/ASF/avr32/drivers/scif/scif_uc3c.o
 .text.scif_bod18_disable_irq
                0x00000000       0x4c src/ASF/avr32/drivers/scif/scif_uc3c.o
 .text.scif_bod18_clear_irq
                0x00000000       0x12 src/ASF/avr32/drivers/scif/scif_uc3c.o
 .text.scif_bod18_get_irq_status
                0x00000000       0x18 src/ASF/avr32/drivers/scif/scif_uc3c.o
 .text.scif_bod18_get_irq_enable_bit
                0x00000000       0x18 src/ASF/avr32/drivers/scif/scif_uc3c.o
 .text.scif_bod18_get_level
                0x00000000       0x16 src/ASF/avr32/drivers/scif/scif_uc3c.o
 .text.scif_bod33_enable_irq
                0x00000000       0x14 src/ASF/avr32/drivers/scif/scif_uc3c.o
 .text.scif_bod33_disable_irq
                0x00000000       0x50 src/ASF/avr32/drivers/scif/scif_uc3c.o
 .text.scif_bod33_clear_irq
                0x00000000       0x14 src/ASF/avr32/drivers/scif/scif_uc3c.o
 .text.scif_bod33_get_irq_status
                0x00000000       0x18 src/ASF/avr32/drivers/scif/scif_uc3c.o
 .text.scif_bod33_get_irq_enable_bit
                0x00000000       0x18 src/ASF/avr32/drivers/scif/scif_uc3c.o
 .text.scif_bod33_get_level
                0x00000000       0x16 src/ASF/avr32/drivers/scif/scif_uc3c.o
 .text.scif_bod50_enable_irq
                0x00000000       0x14 src/ASF/avr32/drivers/scif/scif_uc3c.o
 .text.scif_bod50_disable_irq
                0x00000000       0x50 src/ASF/avr32/drivers/scif/scif_uc3c.o
 .text.scif_bod50_clear_irq
                0x00000000       0x14 src/ASF/avr32/drivers/scif/scif_uc3c.o
 .text.scif_bod50_get_irq_status
                0x00000000       0x18 src/ASF/avr32/drivers/scif/scif_uc3c.o
 .text.scif_bod50_get_irq_enable_bit
                0x00000000       0x18 src/ASF/avr32/drivers/scif/scif_uc3c.o
 .text.scif_bod50_get_level
                0x00000000       0x16 src/ASF/avr32/drivers/scif/scif_uc3c.o
 .text          0x00000000        0x0 src/ASF/avr32/drivers/tc/tc.o
 .data          0x00000000        0x0 src/ASF/avr32/drivers/tc/tc.o
 .bss           0x00000000        0x0 src/ASF/avr32/drivers/tc/tc.o
 .debug_abbrev  0x00000000      0x21f src/ASF/avr32/drivers/tc/tc.o
 .debug_info    0x00000000     0x117d src/ASF/avr32/drivers/tc/tc.o
 .debug_line    0x00000000      0x92a src/ASF/avr32/drivers/tc/tc.o
 .debug_macinfo
                0x00000000   0x13d5c4 src/ASF/avr32/drivers/tc/tc.o
 .text.cpu_irq_is_enabled_flags
                0x00000000       0x20 src/ASF/avr32/drivers/tc/tc.o
 .text.tc_get_interrupt_settings
                0x00000000       0x38 src/ASF/avr32/drivers/tc/tc.o
 .text.tc_configure_interrupts
                0x00000000      0x1e8 src/ASF/avr32/drivers/tc/tc.o
 .text.tc_select_external_clock
                0x00000000       0x66 src/ASF/avr32/drivers/tc/tc.o
 .text.tc_init_capture
                0x00000000       0xde src/ASF/avr32/drivers/tc/tc.o
 .text.tc_init_waveform
                0x00000000      0x154 src/ASF/avr32/drivers/tc/tc.o
 .text.tc_start
                0x00000000       0x3a src/ASF/avr32/drivers/tc/tc.o
 .text.tc_stop  0x00000000       0x3a src/ASF/avr32/drivers/tc/tc.o
 .text.tc_software_trigger
                0x00000000       0x3a src/ASF/avr32/drivers/tc/tc.o
 .text.tc_sync_trigger
                0x00000000       0x1c src/ASF/avr32/drivers/tc/tc.o
 .text.tc_sync_start
                0x00000000       0x4a src/ASF/avr32/drivers/tc/tc.o
 .text.tc_read_sr
                0x00000000       0x3a src/ASF/avr32/drivers/tc/tc.o
 .text.tc_read_tc
                0x00000000       0x3e src/ASF/avr32/drivers/tc/tc.o
 .text.tc_read_ra
                0x00000000       0x3c src/ASF/avr32/drivers/tc/tc.o
 .text.tc_read_rb
                0x00000000       0x3c src/ASF/avr32/drivers/tc/tc.o
 .text.tc_read_rc
                0x00000000       0x3c src/ASF/avr32/drivers/tc/tc.o
 .text.tc_write_ra
                0x00000000       0x78 src/ASF/avr32/drivers/tc/tc.o
 .text.tc_write_rb
                0x00000000       0x78 src/ASF/avr32/drivers/tc/tc.o
 .text.tc_write_rc
                0x00000000       0x78 src/ASF/avr32/drivers/tc/tc.o
 .debug_frame   0x00000000      0x224 src/ASF/avr32/drivers/tc/tc.o
 .debug_loc     0x00000000      0x331 src/ASF/avr32/drivers/tc/tc.o
 .debug_pubnames
                0x00000000      0x164 src/ASF/avr32/drivers/tc/tc.o
 .debug_aranges
                0x00000000       0xb0 src/ASF/avr32/drivers/tc/tc.o
 .debug_ranges  0x00000000       0xa8 src/ASF/avr32/drivers/tc/tc.o
 .debug_str     0x00000000      0x4f5 src/ASF/avr32/drivers/tc/tc.o
 .comment       0x00000000       0x31 src/ASF/avr32/drivers/tc/tc.o
 .text          0x00000000        0x0 src/ASF/avr32/drivers/twim/twim.o
 .data          0x00000000        0x0 src/ASF/avr32/drivers/twim/twim.o
 .bss           0x00000000        0x0 src/ASF/avr32/drivers/twim/twim.o
 .text.twim_read
                0x00000000      0x134 src/ASF/avr32/drivers/twim/twim.o
 .text.twim_chained_transfer
                0x00000000      0x340 src/ASF/avr32/drivers/twim/twim.o
 .text          0x00000000        0xc src/ASF/avr32/drivers/usart/usart.o
 .data          0x00000000        0x0 src/ASF/avr32/drivers/usart/usart.o
 .bss           0x00000000        0x0 src/ASF/avr32/drivers/usart/usart.o
 .text.usart_set_sync_master_baudrate
                0x00000000       0x70 src/ASF/avr32/drivers/usart/usart.o
 .text.usart_set_sync_slave_baudrate
                0x00000000       0x28 src/ASF/avr32/drivers/usart/usart.o
 .text.usart_set_iso7816_clock
                0x00000000       0x72 src/ASF/avr32/drivers/usart/usart.o
 .text.usart_set_spi_master_baudrate
                0x00000000       0x70 src/ASF/avr32/drivers/usart/usart.o
 .text.usart_set_spi_slave_baudrate
                0x00000000       0x28 src/ASF/avr32/drivers/usart/usart.o
 .text.usart_init_rs232_tx_only
                0x00000000      0x17c src/ASF/avr32/drivers/usart/usart.o
 .text.usart_init_hw_handshaking
                0x00000000       0x50 src/ASF/avr32/drivers/usart/usart.o
 .text.usart_init_modem
                0x00000000       0x54 src/ASF/avr32/drivers/usart/usart.o
 .text.usart_init_sync_master
                0x00000000      0x184 src/ASF/avr32/drivers/usart/usart.o
 .text.usart_init_sync_slave
                0x00000000      0x170 src/ASF/avr32/drivers/usart/usart.o
 .text.usart_init_rs485
                0x00000000       0x50 src/ASF/avr32/drivers/usart/usart.o
 .text.usart_init_IrDA
                0x00000000       0x6c src/ASF/avr32/drivers/usart/usart.o
 .text.usart_init_iso7816
                0x00000000      0x11c src/ASF/avr32/drivers/usart/usart.o
 .text.usart_init_lin_master
                0x00000000       0x64 src/ASF/avr32/drivers/usart/usart.o
 .text.usart_init_lin_slave
                0x00000000       0x64 src/ASF/avr32/drivers/usart/usart.o
 .text.usart_init_spi_master
                0x00000000      0x11c src/ASF/avr32/drivers/usart/usart.o
 .text.usart_init_spi_slave
                0x00000000      0x108 src/ASF/avr32/drivers/usart/usart.o
 .text.usart_spi_selectChip
                0x00000000       0x20 src/ASF/avr32/drivers/usart/usart.o
 .text.usart_spi_unselectChip
                0x00000000       0x5c src/ASF/avr32/drivers/usart/usart.o
 .text.usart_send_address
                0x00000000       0x6c src/ASF/avr32/drivers/usart/usart.o
 .text.usart_read_char
                0x00000000       0x52 src/ASF/avr32/drivers/usart/usart.o
 .text.usart_getchar
                0x00000000       0x44 src/ASF/avr32/drivers/usart/usart.o
 .text.usart_get_echo_line
                0x00000000       0x8c src/ASF/avr32/drivers/usart/usart.o
 .text          0x00000000        0x0 src/ASF/avr32/utils/startup/startup_uc3.o
 .data          0x00000000        0x0 src/ASF/avr32/utils/startup/startup_uc3.o
 .bss           0x00000000        0x0 src/ASF/avr32/utils/startup/startup_uc3.o
 .text          0x00000000        0x0 src/ASF/avr32/utils/startup/trampoline_uc3.o
 .data          0x00000000        0x0 src/ASF/avr32/utils/startup/trampoline_uc3.o
 .bss           0x00000000        0x0 src/ASF/avr32/utils/startup/trampoline_uc3.o
 .text          0x00000000        0x0 src/ASF/common/services/clock/uc3c/osc.o
 .data          0x00000000        0x0 src/ASF/common/services/clock/uc3c/osc.o
 .bss           0x00000000        0x0 src/ASF/common/services/clock/uc3c/osc.o
 .debug_abbrev  0x00000000      0x170 src/ASF/common/services/clock/uc3c/osc.o
 .debug_info    0x00000000     0x131d src/ASF/common/services/clock/uc3c/osc.o
 .debug_line    0x00000000      0x8d2 src/ASF/common/services/clock/uc3c/osc.o
 .debug_macinfo
                0x00000000   0x13f481 src/ASF/common/services/clock/uc3c/osc.o
 .text.cpu_irq_save
                0x00000000       0x1e src/ASF/common/services/clock/uc3c/osc.o
 .text.cpu_irq_is_enabled_flags
                0x00000000       0x20 src/ASF/common/services/clock/uc3c/osc.o
 .text.cpu_irq_restore
                0x00000000       0x28 src/ASF/common/services/clock/uc3c/osc.o
 .text.osc_priv_enable_osc0
                0x00000000       0x40 src/ASF/common/services/clock/uc3c/osc.o
 .text.osc_priv_disable_osc0
                0x00000000       0x3c src/ASF/common/services/clock/uc3c/osc.o
 .text.osc_priv_enable_osc32
                0x00000000       0x40 src/ASF/common/services/clock/uc3c/osc.o
 .text.osc_priv_disable_osc32
                0x00000000       0x40 src/ASF/common/services/clock/uc3c/osc.o
 .text.osc_priv_enable_rc8m
                0x00000000       0x84 src/ASF/common/services/clock/uc3c/osc.o
 .text.osc_priv_disable_rc8m
                0x00000000       0x5c src/ASF/common/services/clock/uc3c/osc.o
 .text.osc_priv_enable_rc120m
                0x00000000       0x40 src/ASF/common/services/clock/uc3c/osc.o
 .text.osc_priv_disable_rc120m
                0x00000000       0x40 src/ASF/common/services/clock/uc3c/osc.o
 .debug_frame   0x00000000      0x144 src/ASF/common/services/clock/uc3c/osc.o
 .debug_loc     0x00000000      0x1d9 src/ASF/common/services/clock/uc3c/osc.o
 .debug_pubnames
                0x00000000       0xe4 src/ASF/common/services/clock/uc3c/osc.o
 .debug_aranges
                0x00000000       0x70 src/ASF/common/services/clock/uc3c/osc.o
 .debug_ranges  0x00000000       0x68 src/ASF/common/services/clock/uc3c/osc.o
 .debug_str     0x00000000      0x6b4 src/ASF/common/services/clock/uc3c/osc.o
 .comment       0x00000000       0x31 src/ASF/common/services/clock/uc3c/osc.o
 .text          0x00000000        0x0 src/ASF/common/services/clock/uc3c/pll.o
 .data          0x00000000        0x0 src/ASF/common/services/clock/uc3c/pll.o
 .bss           0x00000000        0x0 src/ASF/common/services/clock/uc3c/pll.o
 .debug_abbrev  0x00000000      0x1a6 src/ASF/common/services/clock/uc3c/pll.o
 .debug_info    0x00000000     0x1295 src/ASF/common/services/clock/uc3c/pll.o
 .debug_line    0x00000000      0x878 src/ASF/common/services/clock/uc3c/pll.o
 .debug_macinfo
                0x00000000   0x13f833 src/ASF/common/services/clock/uc3c/pll.o
 .text.cpu_irq_save
                0x00000000       0x1e src/ASF/common/services/clock/uc3c/pll.o
 .text.cpu_irq_is_enabled_flags
                0x00000000       0x20 src/ASF/common/services/clock/uc3c/pll.o
 .text.cpu_irq_restore
                0x00000000       0x28 src/ASF/common/services/clock/uc3c/pll.o
 .text.pll_config_write
                0x00000000       0x58 src/ASF/common/services/clock/uc3c/pll.o
 .text.pll_enable
                0x00000000       0x58 src/ASF/common/services/clock/uc3c/pll.o
 .text.pll_disable
                0x00000000       0x50 src/ASF/common/services/clock/uc3c/pll.o
 .debug_frame   0x00000000       0xb8 src/ASF/common/services/clock/uc3c/pll.o
 .debug_loc     0x00000000      0x102 src/ASF/common/services/clock/uc3c/pll.o
 .debug_pubnames
                0x00000000       0x46 src/ASF/common/services/clock/uc3c/pll.o
 .debug_aranges
                0x00000000       0x48 src/ASF/common/services/clock/uc3c/pll.o
 .debug_ranges  0x00000000       0x40 src/ASF/common/services/clock/uc3c/pll.o
 .debug_str     0x00000000      0x62b src/ASF/common/services/clock/uc3c/pll.o
 .comment       0x00000000       0x31 src/ASF/common/services/clock/uc3c/pll.o
 .text          0x00000000        0x0 src/ASF/common/services/clock/uc3c/sysclk.o
 .data          0x00000000        0x0 src/ASF/common/services/clock/uc3c/sysclk.o
 .bss           0x00000000        0x0 src/ASF/common/services/clock/uc3c/sysclk.o
 .debug_abbrev  0x00000000      0x164 src/ASF/common/services/clock/uc3c/sysclk.o
 .debug_info    0x00000000      0xeac src/ASF/common/services/clock/uc3c/sysclk.o
 .debug_line    0x00000000      0x918 src/ASF/common/services/clock/uc3c/sysclk.o
 .debug_macinfo
                0x00000000   0x140908 src/ASF/common/services/clock/uc3c/sysclk.o
 .text.cpu_irq_save
                0x00000000       0x1e src/ASF/common/services/clock/uc3c/sysclk.o
 .text.cpu_irq_is_enabled_flags
                0x00000000       0x20 src/ASF/common/services/clock/uc3c/sysclk.o
 .text.cpu_irq_restore
                0x00000000       0x28 src/ASF/common/services/clock/uc3c/sysclk.o
 .text.sysclk_priv_enable_module
                0x00000000       0x80 src/ASF/common/services/clock/uc3c/sysclk.o
 .text.sysclk_priv_disable_module
                0x00000000       0x84 src/ASF/common/services/clock/uc3c/sysclk.o
 .text.sysclk_set_prescalers
                0x00000000      0x100 src/ASF/common/services/clock/uc3c/sysclk.o
 .text.sysclk_set_source
                0x00000000       0x44 src/ASF/common/services/clock/uc3c/sysclk.o
 .text.sysclk_init
                0x00000000        0xa src/ASF/common/services/clock/uc3c/sysclk.o
 .debug_frame   0x00000000       0xf0 src/ASF/common/services/clock/uc3c/sysclk.o
 .debug_loc     0x00000000      0x158 src/ASF/common/services/clock/uc3c/sysclk.o
 .debug_pubnames
                0x00000000       0x8f src/ASF/common/services/clock/uc3c/sysclk.o
 .debug_aranges
                0x00000000       0x58 src/ASF/common/services/clock/uc3c/sysclk.o
 .debug_ranges  0x00000000       0x50 src/ASF/common/services/clock/uc3c/sysclk.o
 .debug_str     0x00000000      0x5b6 src/ASF/common/services/clock/uc3c/sysclk.o
 .comment       0x00000000       0x31 src/ASF/common/services/clock/uc3c/sysclk.o
 .text          0x00000000        0x0 src/pca9952.o
 .data          0x00000000        0x0 src/pca9952.o
 .bss           0x00000000        0x0 src/pca9952.o
 .data          0x00000000        0x0 src/main.o
 .bss           0x00000000        0x0 src/main.o
 .bss.shelfPresent
                0x00000000        0x4 src/main.o
 .bss.input_fft_view
                0x00000000        0x1 src/main.o
 .bss.output_fft_view
                0x00000000        0x1 src/main.o
 .bss.zoom_view
                0x00000000        0x1 src/main.o
 .data          0x00000000        0x0 c:/program files (x86)/atmel/atmel toolchain/avr32 gcc/native/3.4.1067/avr32-gnu-toolchain/bin/../lib/gcc/avr32/4.4.7/ucr3fp\libgcc.a(_udivdi3.o)
 .bss           0x00000000        0x0 c:/program files (x86)/atmel/atmel toolchain/avr32 gcc/native/3.4.1067/avr32-gnu-toolchain/bin/../lib/gcc/avr32/4.4.7/ucr3fp\libgcc.a(_udivdi3.o)
 .text          0x00000000      0x148 c:/program files (x86)/atmel/atmel toolchain/avr32 gcc/native/3.4.1067/avr32-gnu-toolchain/bin/../lib/gcc/avr32/4.4.7/../../../../avr32/lib/ucr3fp\libc.a(lib_a-memcpy.o)
 .data          0x00000000        0x0 c:/program files (x86)/atmel/atmel toolchain/avr32 gcc/native/3.4.1067/avr32-gnu-toolchain/bin/../lib/gcc/avr32/4.4.7/../../../../avr32/lib/ucr3fp\libc.a(lib_a-memcpy.o)
 .bss           0x00000000        0x0 c:/program files (x86)/atmel/atmel toolchain/avr32 gcc/native/3.4.1067/avr32-gnu-toolchain/bin/../lib/gcc/avr32/4.4.7/../../../../avr32/lib/ucr3fp\libc.a(lib_a-memcpy.o)

Memory Configuration

Name             Origin             Length             Attributes
FLASH            0x80000000         0x00080000         axrl !w
INTRAM           0x00000004         0x0000fffc         axw !rl
HRAM0            0xa0000000         0x00001000         axw !rl
USERPAGE_RESERVED 0x80800000         0x00000004         r
USERPAGE         0x80800004         0x000001fc
*default*        0x00000000         0xffffffff

Linker script and memory map

                0x00001000                _stack_size = 0x1000
LOAD src/serial_id_ds2411.o
LOAD src/ss_print_funcs.o
LOAD src/ASF/avr32/boards/uc3c_ek/led.o
LOAD src/ASF/avr32/drivers/adcifa/adcifa.o
LOAD src/ASF/avr32/drivers/canif/canif.o
LOAD src/ASF/avr32/drivers/flashc/flashc.o
LOAD src/ASF/avr32/drivers/gpio/gpio.o
LOAD src/ASF/avr32/drivers/intc/exception.o
LOAD src/ASF/avr32/drivers/intc/intc.o
LOAD src/ASF/avr32/drivers/pdca/pdca.o
LOAD src/ASF/avr32/drivers/pm/pm_uc3c.o
LOAD src/ASF/avr32/drivers/pm/power_clocks_lib.o
LOAD src/ASF/avr32/drivers/scif/scif_uc3c.o
LOAD src/ASF/avr32/drivers/tc/tc.o
LOAD src/ASF/avr32/drivers/twim/twim.o
LOAD src/ASF/avr32/drivers/usart/usart.o
LOAD src/ASF/avr32/utils/startup/startup_uc3.o
LOAD src/ASF/avr32/utils/startup/trampoline_uc3.o
LOAD src/ASF/common/services/clock/uc3c/osc.o
LOAD src/ASF/common/services/clock/uc3c/pll.o
LOAD src/ASF/common/services/clock/uc3c/sysclk.o
LOAD src/pca9952.o
LOAD src/main.o
START GROUP
LOAD ../src/ASF/avr32/utils/libs/dsplib/at32ucr3fp/gcc\libdsp-at32ucr3fp-dspspeed_opt.a
LOAD c:/program files (x86)/atmel/atmel toolchain/avr32 gcc/native/3.4.1067/avr32-gnu-toolchain/bin/../lib/gcc/avr32/4.4.7/../../../../avr32/lib/ucr3fp\libm.a
END GROUP
                0xffffffff                __max_heap_size__ = 0xffffffff
                [0xffffffff]                __heap_size__ = DEFINED (__heap_size__)?__heap_size__:__max_heap_size__
                [0x00001000]                __stack_size__ = DEFINED (__stack_size__)?__stack_size__:0x1000
                0x80000000                PROVIDE (__executable_start, 0x80000000)
                0x80000000                . = 0x80000000

.interp
 *(.interp)

.reset          0x80000000     0x2010
 *(.reset)
 .reset         0x80000000        0x8 src/ASF/avr32/utils/startup/startup_uc3.o
                0x80000000                _start
 .reset         0x80000008     0x2008 src/ASF/avr32/utils/startup/trampoline_uc3.o
                0x80000008                _trampoline

.hash
 *(.hash)

.dynsym
 *(.dynsym)

.dynstr
 *(.dynstr)

.gnu.version
 *(.gnu.version)

.gnu.version_d
 *(.gnu.version_d)

.gnu.version_r
 *(.gnu.version_r)

.rel.init
 *(.rel.init)

.rela.init
 *(.rela.init)

.rel.text
 *(.rel.text .rel.text.* .rel.gnu.linkonce.t.*)

.rela.text
 *(.rela.text .rela.text.* .rela.gnu.linkonce.t.*)

.rel.fini
 *(.rel.fini)

.rela.fini
 *(.rela.fini)

.rel.rodata
 *(.rel.rodata .rel.rodata.* .rel.gnu.linkonce.r.*)

.rela.rodata
 *(.rela.rodata .rela.rodata.* .rela.gnu.linkonce.r.*)

.rel.data.rel.ro
 *(.rel.data.rel.ro*)

.rela.data.rel.ro
 *(.rel.data.rel.ro*)

.rel.data
 *(.rel.data .rel.data.* .rel.gnu.linkonce.d.*)

.rela.data
 *(.rela.data .rela.data.* .rela.gnu.linkonce.d.*)

.rel.tdata
 *(.rel.tdata .rel.tdata.* .rel.gnu.linkonce.td.*)

.rela.tdata
 *(.rela.tdata .rela.tdata.* .rela.gnu.linkonce.td.*)

.rel.tbss
 *(.rel.tbss .rel.tbss.* .rel.gnu.linkonce.tb.*)

.rela.tbss
 *(.rela.tbss .rela.tbss.* .rela.gnu.linkonce.tb.*)

.rel.ctors
 *(.rel.ctors)

.rela.ctors
 *(.rela.ctors)

.rel.dtors
 *(.rel.dtors)

.rela.dtors
 *(.rela.dtors)

.rel.got
 *(.rel.got)

.rela.got       0x80002010        0x0
 *(.rela.got)
 .rela.got      0x80002010        0x0 src/ASF/avr32/drivers/flashc/flashc.o

.rel.bss
 *(.rel.bss .rel.bss.* .rel.gnu.linkonce.b.*)

.rela.bss
 *(.rela.bss .rela.bss.* .rela.gnu.linkonce.b.*)

.rel.plt
 *(.rel.plt)

.rela.plt
 *(.rela.plt)

.init
 *(.init)

.plt
 *(.plt)

.text           0x80002010     0x541c
 *(.text .stub .text.* .gnu.linkonce.t.*)
 .text.io_pin   0x80002010       0x4c src/serial_id_ds2411.o
                0x80002010                io_pin
 .text.drive_DQ_low
                0x8000205c       0x38 src/serial_id_ds2411.o
                0x8000205c                drive_DQ_low
 .text.release_the_bus
                0x80002094       0x38 src/serial_id_ds2411.o
                0x80002094                release_the_bus
 .text.sample_line
                0x800020cc       0x70 src/serial_id_ds2411.o
                0x800020cc                sample_line
 .text.SetSpeed
                0x8000213c       0xc0 src/serial_id_ds2411.o
                0x8000213c                SetSpeed
 .text.OWTouchReset
                0x800021fc      0x5b8 src/serial_id_ds2411.o
                0x800021fc                OWTouchReset
 .text.OWWriteBit
                0x800027b4      0x5d4 src/serial_id_ds2411.o
                0x800027b4                OWWriteBit
 .text.OWReadBit
                0x80002d88      0x464 src/serial_id_ds2411.o
                0x80002d88                OWReadBit
 .text.OWWriteByte
                0x800031ec       0x58 src/serial_id_ds2411.o
                0x800031ec                OWWriteByte
 .text.OWReadByte
                0x80003244       0x64 src/serial_id_ds2411.o
                0x80003244                OWReadByte
 .text.init_ssdbg_rs232
                0x800032a8       0x24 src/ss_print_funcs.o
                0x800032a8                init_ssdbg_rs232
 .text.init_display_rs232
                0x800032cc       0x24 src/ss_print_funcs.o
                0x800032cc                init_display_rs232
 .text.init_ssdbg_rs232_ex
                0x800032f0       0x5c src/ss_print_funcs.o
                0x800032f0                init_ssdbg_rs232_ex
 .text.init_display_rs232_ex
                0x8000334c       0x5c src/ss_print_funcs.o
                0x8000334c                init_display_rs232_ex
 .text.print_ssdbg
                0x800033a8       0x24 src/ss_print_funcs.o
                0x800033a8                print_ssdbg
 .text.print    0x800033cc       0x28 src/ss_print_funcs.o
                0x800033cc                print
 .text.adcifa_get_calibration_data
                0x800033f4       0x94 src/ASF/avr32/drivers/adcifa/adcifa.o
                0x800033f4                adcifa_get_calibration_data
 .text.adcifa_configure
                0x80003488      0x164 src/ASF/avr32/drivers/adcifa/adcifa.o
                0x80003488                adcifa_configure
 .text.adcifa_configure_sequencer
                0x800035ec      0x510 src/ASF/avr32/drivers/adcifa/adcifa.o
                0x800035ec                adcifa_configure_sequencer
 .text.adcifa_start_sequencer
                0x80003afc       0x44 src/ASF/avr32/drivers/adcifa/adcifa.o
                0x80003afc                adcifa_start_sequencer
 .text.adcifa_check_eos
                0x80003b40       0x48 src/ASF/avr32/drivers/adcifa/adcifa.o
                0x80003b40                adcifa_check_eos
 .text.adcifa_get_values_from_sequencer
                0x80003b88       0xd8 src/ASF/avr32/drivers/adcifa/adcifa.o
                0x80003b88                adcifa_get_values_from_sequencer
 .text.gpio_enable_module
                0x80003c60       0x70 src/ASF/avr32/drivers/gpio/gpio.o
                0x80003c60                gpio_enable_module
 .text.gpio_enable_module_pin
                0x80003cd0      0x27c src/ASF/avr32/drivers/gpio/gpio.o
                0x80003cd0                gpio_enable_module_pin
 .text.gpio_configure_pin
                0x80003f4c      0x29e src/ASF/avr32/drivers/gpio/gpio.o
                0x80003f4c                gpio_configure_pin
 .text.gpio_get_pin_value
                0x800041ea       0x3c src/ASF/avr32/drivers/gpio/gpio.o
                0x800041ea                gpio_get_pin_value
 .text.gpio_set_pin_high
                0x80004226       0x3a src/ASF/avr32/drivers/gpio/gpio.o
                0x80004226                gpio_set_pin_high
 .text.gpio_set_pin_low
                0x80004260       0x3a src/ASF/avr32/drivers/gpio/gpio.o
                0x80004260                gpio_set_pin_low
 .text.gpio_toggle_pin
                0x8000429a       0x3a src/ASF/avr32/drivers/gpio/gpio.o
                0x8000429a                gpio_toggle_pin
 .text._unhandled_interrupt
                0x800042d4        0x8 src/ASF/avr32/drivers/intc/intc.o
 .text._get_interrupt_handler
                0x800042dc       0x70 src/ASF/avr32/drivers/intc/intc.o
                0x800042dc                _get_interrupt_handler
 .text.INTC_init_evba
                0x8000434c       0x14 src/ASF/avr32/drivers/intc/intc.o
 .text.INTC_init_interrupts
                0x80004360       0x9c src/ASF/avr32/drivers/intc/intc.o
                0x80004360                INTC_init_interrupts
 .text.INTC_register_interrupt
                0x800043fc       0xd4 src/ASF/avr32/drivers/intc/intc.o
                0x800043fc                INTC_register_interrupt
 .text.cpu_irq_is_enabled_flags
                0x800044d0       0x20 src/ASF/avr32/drivers/pm/pm_uc3c.o
 .text.pm_set_mclk_source
                0x800044f0       0x50 src/ASF/avr32/drivers/pm/pm_uc3c.o
                0x800044f0                pm_set_mclk_source
 .text.cpu_irq_is_enabled_flags
                0x80004540       0x20 src/ASF/avr32/drivers/scif/scif_uc3c.o
 .text.scif_start_rc8M
                0x80004560       0x80 src/ASF/avr32/drivers/scif/scif_uc3c.o
                0x80004560                scif_start_rc8M
 .text.scif_start_gclk
                0x800045e0       0x70 src/ASF/avr32/drivers/scif/scif_uc3c.o
                0x800045e0                scif_start_gclk
 .text.cpu_irq_save
                0x80004650       0x1e src/ASF/avr32/drivers/twim/twim.o
 .text.cpu_irq_is_enabled_flags
                0x8000466e       0x20 src/ASF/avr32/drivers/twim/twim.o
 *fill*         0x8000468e        0x2 d703d703
 .text.cpu_irq_restore
                0x80004690       0x28 src/ASF/avr32/drivers/twim/twim.o
 .text.twim_master_interrupt_handler
                0x800046b8      0x144 src/ASF/avr32/drivers/twim/twim.o
 .text.twim_set_speed
                0x800047fc       0xa8 src/ASF/avr32/drivers/twim/twim.o
                0x800047fc                twim_set_speed
 .text.twim_master_init
                0x800048a4      0x110 src/ASF/avr32/drivers/twim/twim.o
                0x800048a4                twim_master_init
 .text.twim_disable_interrupt
                0x800049b4       0x44 src/ASF/avr32/drivers/twim/twim.o
                0x800049b4                twim_disable_interrupt
 .text.twim_probe
                0x800049f8       0x38 src/ASF/avr32/drivers/twim/twim.o
                0x800049f8                twim_probe
 .text.twim_read_packet
                0x80004a30      0x17c src/ASF/avr32/drivers/twim/twim.o
                0x80004a30                twim_read_packet
 .text.twim_write_packet
                0x80004bac      0x13c src/ASF/avr32/drivers/twim/twim.o
                0x80004bac                twim_write_packet
 .text.twim_write
                0x80004ce8      0x104 src/ASF/avr32/drivers/twim/twim.o
                0x80004ce8                twim_write
 .text.twim_status
                0x80004dec       0x30 src/ASF/avr32/drivers/twim/twim.o
                0x80004dec                twim_status
 .text.cpu_irq_is_enabled_flags
                0x80004e1c       0x20 src/ASF/avr32/drivers/usart/usart.o
 .text.usart_set_async_baudrate
                0x80004e3c       0xd2 src/ASF/avr32/drivers/usart/usart.o
 *fill*         0x80004f0e        0x2 d703d703
 .text.usart_reset
                0x80004f10       0x74 src/ASF/avr32/drivers/usart/usart.o
                0x80004f10                usart_reset
 .text.usart_init_rs232
                0x80004f84      0x170 src/ASF/avr32/drivers/usart/usart.o
                0x80004f84                usart_init_rs232
 .text.usart_write_char
                0x800050f4       0x44 src/ASF/avr32/drivers/usart/usart.o
                0x800050f4                usart_write_char
 .text.usart_putchar
                0x80005138       0x54 src/ASF/avr32/drivers/usart/usart.o
                0x80005138                usart_putchar
 .text.usart_write_line
                0x8000518c       0x40 src/ASF/avr32/drivers/usart/usart.o
                0x8000518c                usart_write_line
 .text._stext   0x800051cc       0x50 src/ASF/avr32/utils/startup/startup_uc3.o
                0x800051cc                _stext
 .text.twi_master_read
                0x8000521c       0x2c src/pca9952.o
 .text.twi_master_write
                0x80005248       0x2c src/pca9952.o
 .text.PCA9952_write_reg
                0x80005274       0x84 src/pca9952.o
                0x80005274                PCA9952_write_reg
 .text.PCA9952_read_reg
                0x800052f8      0x1e0 src/pca9952.o
                0x800052f8                PCA9952_read_reg
 .text.PCA9952_init
                0x800054d8       0xdc src/pca9952.o
                0x800054d8                PCA9952_init
 .text.PCA9952_channel
                0x800055b4      0x180 src/pca9952.o
                0x800055b4                PCA9952_channel
 .text.led_shelf
                0x80005734      0x158 src/pca9952.o
                0x80005734                led_shelf
 .text          0x8000588c      0x19c src/main.o
 .text.display_text
                0x80005a28       0x58 src/main.o
                0x80005a28                display_text
 .text.init_io  0x80005a80       0xc4 src/main.o
                0x80005a80                init_io
 .text.read_serial_ids
                0x80005b44       0xf8 src/main.o
                0x80005b44                read_serial_ids
 .text.check_led_brd_side_lifetime
                0x80005c3c       0x18 src/main.o
                0x80005c3c                check_led_brd_side_lifetime
 .text.check_led_brd_side_lifetimes
                0x80005c54       0x4c src/main.o
                0x80005c54                check_led_brd_side_lifetimes
 .text.adc_process_task
                0x80005ca0      0x288 src/main.o
                0x80005ca0                adc_process_task
 .text.check_shelf_for_devices
                0x80005f28      0x21c src/main.o
                0x80005f28                check_shelf_for_devices
 .text.check_shelves_for_devices
                0x80006144       0x4c src/main.o
                0x80006144                check_shelves_for_devices
 .text.set_shelves_active_inactive
                0x80006190      0x164 src/main.o
                0x80006190                set_shelves_active_inactive
 .text.num_active_shelves
                0x800062f4       0x14 src/main.o
                0x800062f4                num_active_shelves
 .text.init_sys_clocks
                0x80006308       0x50 src/main.o
                0x80006308                init_sys_clocks
 .text.adc_process_init
                0x80006358       0x4c src/main.o
                0x80006358                adc_process_init
 .text.twi_init
                0x800063a4       0x80 src/main.o
 .text.calc_sanitize_time
                0x80006424       0x70 src/main.o
                0x80006424                calc_sanitize_time
 .text.door_latch_open_kill_all_shelves
                0x80006494       0x30 src/main.o
                0x80006494                door_latch_open_kill_all_shelves
 .text.main     0x800064c4      0xd04 src/main.o
                0x800064c4                main
 .text          0x800071c8      0x264 c:/program files (x86)/atmel/atmel toolchain/avr32 gcc/native/3.4.1067/avr32-gnu-toolchain/bin/../lib/gcc/avr32/4.4.7/ucr3fp\libgcc.a(_udivdi3.o)
                0x800071c8                __avr32_udiv64
                0x800071c8                __udivdi3
 *(.text.*personality*)
 *(.gnu.warning)

.exception      0x80007600      0x200
 .exception     0x80007600      0x200 src/ASF/avr32/drivers/intc/exception.o
                0x80007600                _evba
                0x80007704                _int0
                0x80007712                _int1
                0x80007720                _int2
                0x8000772e                _int3

.fini
 *(.fini)
                0x80007800                PROVIDE (__etext, .)
                0x80007800                PROVIDE (_etext, .)
                0x80007800                PROVIDE (etext, .)

.rodata         0x80007800      0x238
 *(.rodata .rodata.* .gnu.linkonce.r.*)
 .rodata.DISPLAY_USART_GPIO_MAP.14651
                0x80007800       0x10 src/ss_print_funcs.o
 .rodata.SSDBG_USART_GPIO_MAP.14645
                0x80007810       0x10 src/ss_print_funcs.o
 .rodata.gpio_enable_module_pin
                0x80007820       0x20 src/ASF/avr32/drivers/gpio/gpio.o
 .rodata._int_handler_table
                0x80007840      0x178 src/ASF/avr32/drivers/intc/intc.o
 .rodata.main   0x800079b8       0x28 src/main.o
 .rodata.C.85.15855
                0x800079e0       0x10 src/main.o
 .rodata.C.86.15856
                0x800079f0       0x10 src/main.o
 .rodata.ADCIFA_GPIO_MAP.15845
                0x80007a00       0x38 src/main.o

.rodata1
 *(.rodata1)

.eh_frame_hdr
 *(.eh_frame_hdr)

.eh_frame
 *(.eh_frame)

.gcc_except_table
 *(.gcc_except_table)
 *(.gcc_except_table.*)

.lalign         0x80007a38        0x0
                0x80007a38                . = ALIGN (0x8)
                0x80007a38                PROVIDE (_data_lma, .)
                0x00000004                . = ORIGIN (INTRAM)

.dalign         0x00000004        0x4
                0x00000008                . = ALIGN (0x8)
 *fill*         0x00000004        0x4 
                0x00000008                PROVIDE (_data, .)

.eh_frame
 *(.eh_frame)

.gcc_except_table
 *(.gcc_except_table)
 *(.gcc_except_table.*)

.tdata
 *(.tdata .tdata.* .gnu.linkonce.td.*)

.tbss
 *(.tbss .tbss.* .gnu.linkonce.tb.*)
 *(.tcommon)
                0x00000008                PROVIDE (__preinit_array_start, ALIGN (0x4))

.preinit_array
 *(.preinit_array)
                0x00000008                PROVIDE (__preinit_array_end, .)
                0x00000008                PROVIDE (__init_array_start, .)

.init_array
 *(.init_array)
                0x00000008                PROVIDE (__init_array_end, .)
                0x00000008                PROVIDE (__fini_array_start, .)

.fini_array
 *(.fini_array)
                0x00000008                PROVIDE (__fini_array_end, .)

.ctors
 *crtbegin*.o(.ctors)
 *(EXCLUDE_FILE(*crtend*.o) .ctors)
 *(SORT(.ctors.*))
 *(.ctors)

.dtors
 *crtbegin*.o(.dtors)
 *(EXCLUDE_FILE(*crtend*.o) .dtors)
 *(SORT(.dtors.*))
 *(.dtors)

.jcr
 *(.jcr)

.data.rel.ro
 *(.data.rel.ro.local)
 *(.data.rel.ro*)

.dynamic
 *(.dynamic)

.got
 *(.got.plt)
 *(.got)

.ramtext
 *(.ramtext .ramtext.*)

.ddalign        0x00000008        0x0 load address 0x80007a38
                0x00000008                . = ALIGN (0x8)

.data           0x00000008       0xb5 load address 0x80007a38
 *(.data .data.* .gnu.linkonce.d.*)
 .data.CMD_READY
                0x00000008        0x8 src/main.o
                0x00000008                CMD_READY
 .data.CMD_CLEAN
                0x00000010        0x8 src/main.o
                0x00000010                CMD_CLEAN
 .data.CMD_CLEANING
                0x00000018        0x8 src/main.o
                0x00000018                CMD_CLEANING
 .data.CMD_DIRTY
                0x00000020        0x8 src/main.o
                0x00000020                CMD_DIRTY
 .data.CMD_ERROR
                0x00000028        0x8 src/main.o
                0x00000028                CMD_ERROR
 .data.CMD_SHELF1
                0x00000030        0x8 src/main.o
                0x00000030                CMD_SHELF1
 .data.CMD_SHELF2
                0x00000038        0x8 src/main.o
                0x00000038                CMD_SHELF2
 .data.CMD_SHELF3
                0x00000040        0x8 src/main.o
                0x00000040                CMD_SHELF3
 .data.CMD_SHELF4
                0x00000048        0x8 src/main.o
                0x00000048                CMD_SHELF4
 .data.CMD_CLEAR
                0x00000050        0x8 src/main.o
                0x00000050                CMD_CLEAR
 .data.cmdPtrArray
                0x00000058       0x28 src/main.o
                0x00000058                cmdPtrArray
 .data.adc_config_t
                0x00000080       0x14 src/main.o
                0x00000080                adc_config_t
 .data.adcifa_sequence_opt
                0x00000094        0x7 src/main.o
                0x00000094                adcifa_sequence_opt
 .data.adcifa_sequence_conversion_opt_seq0_shelf1
                0x0000009b        0x3 src/main.o
                0x0000009b                adcifa_sequence_conversion_opt_seq0_shelf1
 .data.adcifa_sequence_conversion_opt_seq1_shelf2
                0x0000009e        0x3 src/main.o
                0x0000009e                adcifa_sequence_conversion_opt_seq1_shelf2
 .data.adcifa_sequence_conversion_opt_seq0_shelf3
                0x000000a1        0x3 src/main.o
                0x000000a1                adcifa_sequence_conversion_opt_seq0_shelf3
 .data.adcifa_sequence_conversion_opt_seq1_shelf4
                0x000000a4        0x3 src/main.o
                0x000000a4                adcifa_sequence_conversion_opt_seq1_shelf4
 *fill*         0x000000a7        0x1 
 .data.adcifa   0x000000a8        0x4 src/main.o
                0x000000a8                adcifa
 .data.shelfTimerPtr
                0x000000ac       0x10 src/main.o
                0x000000ac                shelfTimerPtr
 .data.firstTimeThrough
                0x000000bc        0x1 src/main.o
                0x000000bc                firstTimeThrough
 *(.gnu.linkonce.d.*personality*)

.data1
 *(.data1)

.balign         0x000000bd        0x3 load address 0x80007aed
                0x000000c0                . = ALIGN (0x8)
 *fill*         0x000000bd        0x3 
                0x000000c0                PROVIDE (_edata, .)
                0x000000c0                PROVIDE (edata, .)
                0x000000c0                __bss_start = .

.bss            0x000000c0      0xb18
 *(.dynbss)
 *(.bss .bss.* .gnu.linkonce.b.*)
 .bss.adcifa_seq1_configured
                0x000000c0        0x1 src/ASF/avr32/drivers/adcifa/adcifa.o
 *fill*         0x000000c1        0x3 
 .bss._int_line_handler_table_0
                0x000000c4        0x4 src/ASF/avr32/drivers/intc/intc.o
 .bss._int_line_handler_table_1
                0x000000c8        0x8 src/ASF/avr32/drivers/intc/intc.o
 .bss._int_line_handler_table_2
                0x000000d0        0x4 src/ASF/avr32/drivers/intc/intc.o
 .bss._int_line_handler_table_3
                0x000000d4       0x10 src/ASF/avr32/drivers/intc/intc.o
 .bss._int_line_handler_table_4
                0x000000e4       0x10 src/ASF/avr32/drivers/intc/intc.o
 .bss._int_line_handler_table_5
                0x000000f4       0x10 src/ASF/avr32/drivers/intc/intc.o
 .bss._int_line_handler_table_6
                0x00000104       0x10 src/ASF/avr32/drivers/intc/intc.o
 .bss._int_line_handler_table_7
                0x00000114        0x4 src/ASF/avr32/drivers/intc/intc.o
 .bss._int_line_handler_table_8
                0x00000118        0x4 src/ASF/avr32/drivers/intc/intc.o
 .bss._int_line_handler_table_9
                0x0000011c       0x28 src/ASF/avr32/drivers/intc/intc.o
 .bss._int_line_handler_table_10
                0x00000144        0x4 src/ASF/avr32/drivers/intc/intc.o
 .bss._int_line_handler_table_11
                0x00000148        0x4 src/ASF/avr32/drivers/intc/intc.o
 .bss._int_line_handler_table_12
                0x0000014c        0x4 src/ASF/avr32/drivers/intc/intc.o
 .bss._int_line_handler_table_13
                0x00000150        0x4 src/ASF/avr32/drivers/intc/intc.o
 .bss._int_line_handler_table_14
                0x00000154       0x14 src/ASF/avr32/drivers/intc/intc.o
 .bss._int_line_handler_table_15
                0x00000168       0x10 src/ASF/avr32/drivers/intc/intc.o
 .bss._int_line_handler_table_16
                0x00000178       0x10 src/ASF/avr32/drivers/intc/intc.o
 .bss._int_line_handler_table_17
                0x00000188        0x4 src/ASF/avr32/drivers/intc/intc.o
 .bss._int_line_handler_table_18
                0x0000018c       0x40 src/ASF/avr32/drivers/intc/intc.o
 .bss._int_line_handler_table_19
                0x000001cc        0x4 src/ASF/avr32/drivers/intc/intc.o
 .bss._int_line_handler_table_20
                0x000001d0        0x4 src/ASF/avr32/drivers/intc/intc.o
 .bss._int_line_handler_table_21
                0x000001d4        0x4 src/ASF/avr32/drivers/intc/intc.o
 .bss._int_line_handler_table_22
                0x000001d8        0x4 src/ASF/avr32/drivers/intc/intc.o
 .bss._int_line_handler_table_23
                0x000001dc        0x4 src/ASF/avr32/drivers/intc/intc.o
 .bss._int_line_handler_table_24
                0x000001e0        0x4 src/ASF/avr32/drivers/intc/intc.o
 .bss._int_line_handler_table_25
                0x000001e4        0x4 src/ASF/avr32/drivers/intc/intc.o
 .bss._int_line_handler_table_26
                0x000001e8        0x4 src/ASF/avr32/drivers/intc/intc.o
 .bss._int_line_handler_table_27
                0x000001ec        0x4 src/ASF/avr32/drivers/intc/intc.o
 .bss._int_line_handler_table_28
                0x000001f0        0x4 src/ASF/avr32/drivers/intc/intc.o
 .bss._int_line_handler_table_29
                0x000001f4        0x4 src/ASF/avr32/drivers/intc/intc.o
 .bss._int_line_handler_table_30
                0x000001f8        0x4 src/ASF/avr32/drivers/intc/intc.o
 .bss._int_line_handler_table_31
                0x000001fc        0x4 src/ASF/avr32/drivers/intc/intc.o
 .bss._int_line_handler_table_32
                0x00000200        0x4 src/ASF/avr32/drivers/intc/intc.o
 .bss._int_line_handler_table_33
                0x00000204        0xc src/ASF/avr32/drivers/intc/intc.o
 .bss._int_line_handler_table_34
                0x00000210        0xc src/ASF/avr32/drivers/intc/intc.o
 .bss._int_line_handler_table_35
                0x0000021c        0x8 src/ASF/avr32/drivers/intc/intc.o
 .bss._int_line_handler_table_36
                0x00000224       0x18 src/ASF/avr32/drivers/intc/intc.o
 .bss._int_line_handler_table_37
                0x0000023c        0x4 src/ASF/avr32/drivers/intc/intc.o
 .bss._int_line_handler_table_38
                0x00000240        0x4 src/ASF/avr32/drivers/intc/intc.o
 .bss._int_line_handler_table_39
                0x00000244       0x18 src/ASF/avr32/drivers/intc/intc.o
 .bss._int_line_handler_table_40
                0x0000025c       0x18 src/ASF/avr32/drivers/intc/intc.o
 .bss._int_line_handler_table_41
                0x00000274        0x4 src/ASF/avr32/drivers/intc/intc.o
 .bss._int_line_handler_table_42
                0x00000278        0x4 src/ASF/avr32/drivers/intc/intc.o
 .bss._int_line_handler_table_43
                0x0000027c        0x4 src/ASF/avr32/drivers/intc/intc.o
 .bss._int_line_handler_table_44
                0x00000280        0x4 src/ASF/avr32/drivers/intc/intc.o
 .bss._int_line_handler_table_45
                0x00000284        0x4 src/ASF/avr32/drivers/intc/intc.o
 .bss._int_line_handler_table_46
                0x00000288        0x4 src/ASF/avr32/drivers/intc/intc.o
 .bss.twim_inst
                0x0000028c        0x4 src/ASF/avr32/drivers/twim/twim.o
 .bss.twim_tx_data
                0x00000290        0x4 src/ASF/avr32/drivers/twim/twim.o
 .bss.twim_rx_data
                0x00000294        0x4 src/ASF/avr32/drivers/twim/twim.o
 .bss.transfer_status
                0x00000298        0x4 src/ASF/avr32/drivers/twim/twim.o
 .bss.twim_tx_nb_bytes
                0x0000029c        0x4 src/ASF/avr32/drivers/twim/twim.o
 .bss.twim_rx_nb_bytes
                0x000002a0        0x4 src/ASF/avr32/drivers/twim/twim.o
 .bss.twim_it_mask
                0x000002a4        0x4 src/ASF/avr32/drivers/twim/twim.o
 .bss.twim_package
                0x000002a8        0x4 src/ASF/avr32/drivers/twim/twim.o
 .bss.twim_next
                0x000002ac        0x1 src/ASF/avr32/drivers/twim/twim.o
 *fill*         0x000002ad        0x3 
 .bss.cpu_hz    0x000002b0        0x4 src/pca9952.o
 .bss.sanitizeIdx.15897
                0x000002b4        0x1 src/main.o
 *(COMMON)
 *fill*         0x000002b5        0x3 
 COMMON         0x000002b8       0x28 src/serial_id_ds2411.o
                0x000002b8                D
                0x000002bc                A
                0x000002c0                B
                0x000002c4                J
                0x000002c8                C
                0x000002cc                G
                0x000002d0                H
                0x000002d4                E
                0x000002d8                I
                0x000002dc                F
 COMMON         0x000002e0      0x8f1 src/main.o
                0x000002e0                topEflag0
                0x000002e4                zoom_view_id
                0x000002e8                timerClean
                0x000002f4                botEflag1
                0x000002f8                shelfTimerInitSeconds
                0x00000308                adc_values_seq0
                0x0000030a                sealShieldState
                0x0000030c                bluesense0_buf
                0x0000050c                bluesense2_buf
                0x0000070c                ledBoardPresent
                0x00000720                bluesense3_buf
                0x00000920                timerShelf3
                0x0000092c                adc_current_conversion
                0x0000092e                topEflag1
                0x0000092f                botEflag0
                0x00000930                shelfTimer
                0x00000960                timerDebugLed
                0x0000096c                timerShelf1
                0x00000978                timerShelf0
                0x00000984                brdSideWithinLifetimeLimit
                0x0000098c                numActiveShelves
                0x00000990                timerShelf2
                0x0000099c                adc_values_seq1
                0x000009a0                devicesPresentOnShelf
                0x000009a4                shelfActive
                0x000009a8                bluesense1_buf
                0x00000ba8                ledBrdSerialID
                0x00000bd0                anyShelvesStillSanitizing
                0x00000bd8                . = ALIGN (0x8)
 *fill*         0x00000bd1        0x7 
                0x00000bd8                . = ALIGN (0x8)
                0x00000bd8                _end = .
                0x00000bd8                PROVIDE (end, .)
                0x00000bd8                __heap_start__ = ALIGN (0x8)

.heap           0x00000bd8     0xe428
 *(.heap)
                0x0000e428                . = (__heap_size__ == __max_heap_size__)?(((ORIGIN (INTRAM) + 0xfffc) - __stack_size__) - ABSOLUTE (.)):__heap_size__
 *fill*         0x00000bd8     0xe428 
                0x0000f000                __heap_end__ = .

.stab
 *(.stab)

.stabstr
 *(.stabstr)

.stab.excl
 *(.stab.excl)

.stab.exclstr
 *(.stab.exclstr)

.stab.index
 *(.stab.index)

.stab.indexstr
 *(.stab.indexstr)

.comment        0x00000000       0x30
 *(.comment)
 .comment       0x00000000       0x30 src/serial_id_ds2411.o
                                 0x31 (size before relaxing)
 .comment       0x00000000       0x31 src/ss_print_funcs.o
 .comment       0x00000000       0x31 src/ASF/avr32/drivers/adcifa/adcifa.o
 .comment       0x00000000       0x31 src/ASF/avr32/drivers/gpio/gpio.o
 .comment       0x00000000       0x31 src/ASF/avr32/drivers/intc/intc.o
 .comment       0x00000000       0x31 src/ASF/avr32/drivers/pm/pm_uc3c.o
 .comment       0x00000000       0x31 src/ASF/avr32/drivers/scif/scif_uc3c.o
 .comment       0x00000000       0x31 src/ASF/avr32/drivers/twim/twim.o
 .comment       0x00000000       0x31 src/ASF/avr32/drivers/usart/usart.o
 .comment       0x00000000       0x31 src/pca9952.o
 .comment       0x00000000       0x31 src/main.o
 .comment       0x00000000       0x31 c:/program files (x86)/atmel/atmel toolchain/avr32 gcc/native/3.4.1067/avr32-gnu-toolchain/bin/../lib/gcc/avr32/4.4.7/ucr3fp\libgcc.a(_udivdi3.o)

.debug
 *(.debug)

.line
 *(.line)

.debug_srcinfo
 *(.debug_srcinfo)

.debug_sfnames
 *(.debug_sfnames)

.debug_aranges  0x00000000      0x808
 *(.debug_aranges)
 .debug_aranges
                0x00000000       0x88 src/serial_id_ds2411.o
 .debug_aranges
                0x00000088       0xc8 src/ss_print_funcs.o
 .debug_aranges
                0x00000150       0x88 src/ASF/avr32/drivers/adcifa/adcifa.o
 .debug_aranges
                0x000001d8      0x128 src/ASF/avr32/drivers/gpio/gpio.o
 .debug_aranges
                0x00000300       0x20 src/ASF/avr32/drivers/intc/exception.o
 .debug_aranges
                0x00000320       0x40 src/ASF/avr32/drivers/intc/intc.o
 .debug_aranges
                0x00000360       0x58 src/ASF/avr32/drivers/pm/pm_uc3c.o
 .debug_aranges
                0x000003b8      0x170 src/ASF/avr32/drivers/scif/scif_uc3c.o
 .debug_aranges
                0x00000528       0x88 src/ASF/avr32/drivers/twim/twim.o
 .debug_aranges
                0x000005b0      0x108 src/ASF/avr32/drivers/usart/usart.o
 .debug_aranges
                0x000006b8       0x28 src/ASF/avr32/utils/startup/startup_uc3.o
 .debug_aranges
                0x000006e0       0x20 src/ASF/avr32/utils/startup/trampoline_uc3.o
 .debug_aranges
                0x00000700       0x50 src/pca9952.o
 .debug_aranges
                0x00000750       0x98 src/main.o
 .debug_aranges
                0x000007e8       0x20 c:/program files (x86)/atmel/atmel toolchain/avr32 gcc/native/3.4.1067/avr32-gnu-toolchain/bin/../lib/gcc/avr32/4.4.7/ucr3fp\libgcc.a(_udivdi3.o)

.debug_pubnames
                0x00000000     0x167c
 *(.debug_pubnames)
 .debug_pubnames
                0x00000000      0x128 src/serial_id_ds2411.o
 .debug_pubnames
                0x00000128      0x1de src/ss_print_funcs.o
 .debug_pubnames
                0x00000306      0x193 src/ASF/avr32/drivers/adcifa/adcifa.o
 .debug_pubnames
                0x00000499      0x3aa src/ASF/avr32/drivers/gpio/gpio.o
 .debug_pubnames
                0x00000843       0x62 src/ASF/avr32/drivers/intc/intc.o
 .debug_pubnames
                0x000008a5       0xc3 src/ASF/avr32/drivers/pm/pm_uc3c.o
 .debug_pubnames
                0x00000968      0x3f6 src/ASF/avr32/drivers/scif/scif_uc3c.o
 .debug_pubnames
                0x00000d5e       0xd6 src/ASF/avr32/drivers/twim/twim.o
 .debug_pubnames
                0x00000e34      0x227 src/ASF/avr32/drivers/usart/usart.o
 .debug_pubnames
                0x0000105b       0x70 src/pca9952.o
 .debug_pubnames
                0x000010cb      0x591 src/main.o
 .debug_pubnames
                0x0000165c       0x20 c:/program files (x86)/atmel/atmel toolchain/avr32 gcc/native/3.4.1067/avr32-gnu-toolchain/bin/../lib/gcc/avr32/4.4.7/ucr3fp\libgcc.a(_udivdi3.o)

.debug_info     0x00000000    0x15260
 *(.debug_info .gnu.linkonce.wi.*)
 .debug_info    0x00000000      0xd7a src/serial_id_ds2411.o
 .debug_info    0x00000d7a     0x2b7c src/ss_print_funcs.o
 .debug_info    0x000038f6     0x1e8a src/ASF/avr32/drivers/adcifa/adcifa.o
 .debug_info    0x00005780      0xf72 src/ASF/avr32/drivers/gpio/gpio.o
 .debug_info    0x000066f2       0xb8 src/ASF/avr32/drivers/intc/exception.o
 .debug_info    0x000067aa      0x835 src/ASF/avr32/drivers/intc/intc.o
 .debug_info    0x00006fdf     0x1050 src/ASF/avr32/drivers/pm/pm_uc3c.o
 .debug_info    0x0000802f     0x1d2e src/ASF/avr32/drivers/scif/scif_uc3c.o
 .debug_info    0x00009d5d     0x1206 src/ASF/avr32/drivers/twim/twim.o
 .debug_info    0x0000af63     0x3117 src/ASF/avr32/drivers/usart/usart.o
 .debug_info    0x0000e07a       0xb7 src/ASF/avr32/utils/startup/startup_uc3.o
 .debug_info    0x0000e131       0xbe src/ASF/avr32/utils/startup/trampoline_uc3.o
 .debug_info    0x0000e1ef     0x10c4 src/pca9952.o
 .debug_info    0x0000f2b3     0x5a32 src/main.o
 .debug_info    0x00014ce5      0x57b c:/program files (x86)/atmel/atmel toolchain/avr32 gcc/native/3.4.1067/avr32-gnu-toolchain/bin/../lib/gcc/avr32/4.4.7/ucr3fp\libgcc.a(_udivdi3.o)

.debug_abbrev   0x00000000     0x190d
 *(.debug_abbrev)
 .debug_abbrev  0x00000000      0x1fd src/serial_id_ds2411.o
 .debug_abbrev  0x000001fd      0x1d0 src/ss_print_funcs.o
 .debug_abbrev  0x000003cd      0x1c2 src/ASF/avr32/drivers/adcifa/adcifa.o
 .debug_abbrev  0x0000058f      0x23f src/ASF/avr32/drivers/gpio/gpio.o
 .debug_abbrev  0x000007ce       0x14 src/ASF/avr32/drivers/intc/exception.o
 .debug_abbrev  0x000007e2      0x1b6 src/ASF/avr32/drivers/intc/intc.o
 .debug_abbrev  0x00000998      0x185 src/ASF/avr32/drivers/pm/pm_uc3c.o
 .debug_abbrev  0x00000b1d      0x273 src/ASF/avr32/drivers/scif/scif_uc3c.o
 .debug_abbrev  0x00000d90      0x1ed src/ASF/avr32/drivers/twim/twim.o
 .debug_abbrev  0x00000f7d      0x266 src/ASF/avr32/drivers/usart/usart.o
 .debug_abbrev  0x000011e3       0x12 src/ASF/avr32/utils/startup/startup_uc3.o
 .debug_abbrev  0x000011f5       0x14 src/ASF/avr32/utils/startup/trampoline_uc3.o
 .debug_abbrev  0x00001209      0x26e src/pca9952.o
 .debug_abbrev  0x00001477      0x33c src/main.o
 .debug_abbrev  0x000017b3      0x15a c:/program files (x86)/atmel/atmel toolchain/avr32 gcc/native/3.4.1067/avr32-gnu-toolchain/bin/../lib/gcc/avr32/4.4.7/ucr3fp\libgcc.a(_udivdi3.o)

.debug_line     0x00000000     0x742c
 *(.debug_line)
 .debug_line    0x00000000      0xb2a src/serial_id_ds2411.o
 .debug_line    0x00000b2a      0x99b src/ss_print_funcs.o
 .debug_line    0x000014c5      0x917 src/ASF/avr32/drivers/adcifa/adcifa.o
 .debug_line    0x00001ddc      0xab0 src/ASF/avr32/drivers/gpio/gpio.o
 .debug_line    0x0000288c      0x109 src/ASF/avr32/drivers/intc/exception.o
 .debug_line    0x00002995      0x79a src/ASF/avr32/drivers/intc/intc.o
 .debug_line    0x0000312f      0x817 src/ASF/avr32/drivers/pm/pm_uc3c.o
 .debug_line    0x00003946      0xb5b src/ASF/avr32/drivers/scif/scif_uc3c.o
 .debug_line    0x000044a1      0xa1a src/ASF/avr32/drivers/twim/twim.o
 .debug_line    0x00004ebb      0xb0c src/ASF/avr32/drivers/usart/usart.o
 .debug_line    0x000059c7       0xf2 src/ASF/avr32/utils/startup/startup_uc3.o
 .debug_line    0x00005ab9       0x67 src/ASF/avr32/utils/startup/trampoline_uc3.o
 .debug_line    0x00005b20      0x971 src/pca9952.o
 .debug_line    0x00006491      0xdca src/main.o
 .debug_line    0x0000725b      0x1d1 c:/program files (x86)/atmel/atmel toolchain/avr32 gcc/native/3.4.1067/avr32-gnu-toolchain/bin/../lib/gcc/avr32/4.4.7/ucr3fp\libgcc.a(_udivdi3.o)

.debug_frame    0x00000000     0x17fc
 *(.debug_frame)
 .debug_frame   0x00000000      0x1c4 src/serial_id_ds2411.o
 .debug_frame   0x000001c4      0x278 src/ss_print_funcs.o
 .debug_frame   0x0000043c      0x198 src/ASF/avr32/drivers/adcifa/adcifa.o
 .debug_frame   0x000005d4      0x3c8 src/ASF/avr32/drivers/gpio/gpio.o
 .debug_frame   0x0000099c       0x9c src/ASF/avr32/drivers/intc/intc.o
 .debug_frame   0x00000a38       0xf0 src/ASF/avr32/drivers/pm/pm_uc3c.o
 .debug_frame   0x00000b28      0x4c4 src/ASF/avr32/drivers/scif/scif_uc3c.o
 .debug_frame   0x00000fec      0x198 src/ASF/avr32/drivers/twim/twim.o
 .debug_frame   0x00001184      0x358 src/ASF/avr32/drivers/usart/usart.o
 .debug_frame   0x000014dc       0xe0 src/pca9952.o
 .debug_frame   0x000015bc      0x1fc src/main.o
 .debug_frame   0x000017b8       0x44 c:/program files (x86)/atmel/atmel toolchain/avr32 gcc/native/3.4.1067/avr32-gnu-toolchain/bin/../lib/gcc/avr32/4.4.7/ucr3fp\libgcc.a(_udivdi3.o)

.debug_str      0x00000000     0x429a
 *(.debug_str)
 .debug_str     0x00000000      0x270 src/serial_id_ds2411.o
                                0x2d1 (size before relaxing)
 .debug_str     0x00000270      0x7d3 src/ss_print_funcs.o
                                0x919 (size before relaxing)
 .debug_str     0x00000a43      0x98f src/ASF/avr32/drivers/adcifa/adcifa.o
                                0xb33 (size before relaxing)
 .debug_str     0x000013d2      0x58c src/ASF/avr32/drivers/gpio/gpio.o
                                0x701 (size before relaxing)
 .debug_str     0x0000195e      0x656 src/ASF/avr32/drivers/intc/intc.o
                                0x781 (size before relaxing)
 .debug_str     0x00001fb4      0x621 src/ASF/avr32/drivers/pm/pm_uc3c.o
                                0x7c0 (size before relaxing)
 .debug_str     0x000025d5      0xa53 src/ASF/avr32/drivers/scif/scif_uc3c.o
                                0xc73 (size before relaxing)
 .debug_str     0x00003028      0x563 src/ASF/avr32/drivers/twim/twim.o
                                0x742 (size before relaxing)
 .debug_str     0x0000358b      0x399 src/ASF/avr32/drivers/usart/usart.o
                                0xb0d (size before relaxing)
 .debug_str     0x00003924      0x100 src/pca9952.o
                                0x6c3 (size before relaxing)
 .debug_str     0x00003a24      0x730 src/main.o
                               0x1a02 (size before relaxing)
 .debug_str     0x00004154      0x146 c:/program files (x86)/atmel/atmel toolchain/avr32 gcc/native/3.4.1067/avr32-gnu-toolchain/bin/../lib/gcc/avr32/4.4.7/ucr3fp\libgcc.a(_udivdi3.o)
                                0x1fb (size before relaxing)

.debug_loc      0x00000000     0x2a22
 *(.debug_loc)
 .debug_loc     0x00000000      0x25a src/serial_id_ds2411.o
 .debug_loc     0x0000025a      0x3b2 src/ss_print_funcs.o
 .debug_loc     0x0000060c      0x25a src/ASF/avr32/drivers/adcifa/adcifa.o
 .debug_loc     0x00000866      0x5b6 src/ASF/avr32/drivers/gpio/gpio.o
 .debug_loc     0x00000e1c       0xd7 src/ASF/avr32/drivers/intc/intc.o
 .debug_loc     0x00000ef3      0x158 src/ASF/avr32/drivers/pm/pm_uc3c.o
 .debug_loc     0x0000104b      0x739 src/ASF/avr32/drivers/scif/scif_uc3c.o
 .debug_loc     0x00001784      0x25a src/ASF/avr32/drivers/twim/twim.o
 .debug_loc     0x000019de      0x50a src/ASF/avr32/drivers/usart/usart.o
 .debug_loc     0x00001ee8      0x12d src/pca9952.o
 .debug_loc     0x00002015      0x2b0 src/main.o
 .debug_loc     0x000022c5      0x75d c:/program files (x86)/atmel/atmel toolchain/avr32 gcc/native/3.4.1067/avr32-gnu-toolchain/bin/../lib/gcc/avr32/4.4.7/ucr3fp\libgcc.a(_udivdi3.o)

.debug_macinfo  0x00000000   0xdad4f2
 *(.debug_macinfo)
 .debug_macinfo
                0x00000000   0x13d14e src/serial_id_ds2411.o
 .debug_macinfo
                0x0013d14e   0x13f732 src/ss_print_funcs.o
 .debug_macinfo
                0x0027c880   0x13ed04 src/ASF/avr32/drivers/adcifa/adcifa.o
 .debug_macinfo
                0x003bb584   0x13cedf src/ASF/avr32/drivers/gpio/gpio.o
 .debug_macinfo
                0x004f8463   0x13cf8c src/ASF/avr32/drivers/intc/intc.o
 .debug_macinfo
                0x006353ef   0x13cdd1 src/ASF/avr32/drivers/pm/pm_uc3c.o
 .debug_macinfo
                0x007721c0   0x13cdf8 src/ASF/avr32/drivers/scif/scif_uc3c.o
 .debug_macinfo
                0x008aefb8   0x13ee5f src/ASF/avr32/drivers/twim/twim.o
 .debug_macinfo
                0x009ede17   0x13d0f2 src/ASF/avr32/drivers/usart/usart.o
 .debug_macinfo
                0x00b2af09   0x13f862 src/pca9952.o
 .debug_macinfo
                0x00c6a76b   0x142d87 src/main.o

.debug_weaknames
 *(.debug_weaknames)

.debug_funcnames
 *(.debug_funcnames)

.debug_typenames
 *(.debug_typenames)

.debug_varnames
 *(.debug_varnames)

.stack          0x0000f000     0x1000
                0x0000f000                _stack = .
 *(.stack)
                0x00001000                . = __stack_size__
 *fill*         0x0000f000     0x1000 
                0x00010000                _estack = .
                0xa0000000                . = ORIGIN (HRAM0)

.data_hram0     0xa0000000        0x0 load address 0x80007af0
                0xa0000000                PROVIDE (_data_hram0, .)
 *(.data_hram0)
                0xa0000000                . = ALIGN (0x8)
                0xa0000000                PROVIDE (_edata_hram0, .)
                0x80007af0                PROVIDE (_data_hram0_lma, ABSOLUTE (LOADADDR (.data_hram0)))
                0xa0000000                . = ALIGN (0x8)

.bss_hram0      0xa0000000        0x0
                0xa0000000                PROVIDE (__bss_hram0_start, .)
 *(.bss_hram0)
                0xa0000000                PROVIDE (_bss_hram0_end, .)

.userpage
 *(.userpage .userpage.*)

/DISCARD/
 *(.note.GNU-stack)
LOAD c:/program files (x86)/atmel/atmel toolchain/avr32 gcc/native/3.4.1067/avr32-gnu-toolchain/bin/../lib/gcc/avr32/4.4.7/ucr3fp\libgcc.a
LOAD c:/program files (x86)/atmel/atmel toolchain/avr32 gcc/native/3.4.1067/avr32-gnu-toolchain/bin/../lib/gcc/avr32/4.4.7/../../../../avr32/lib/ucr3fp\libc.a
LOAD c:/program files (x86)/atmel/atmel toolchain/avr32 gcc/native/3.4.1067/avr32-gnu-toolchain/bin/../lib/gcc/avr32/4.4.7/ucr3fp\libgcc.a
OUTPUT(CAN-LIN-LOOPBACKS-DEMO1.elf elf32-avr32)

.debug_ranges   0x00000000      0x7c0
 .debug_ranges  0x00000000       0x80 src/serial_id_ds2411.o
 .debug_ranges  0x00000080       0xc0 src/ss_print_funcs.o
 .debug_ranges  0x00000140       0x80 src/ASF/avr32/drivers/adcifa/adcifa.o
 .debug_ranges  0x000001c0      0x120 src/ASF/avr32/drivers/gpio/gpio.o
 .debug_ranges  0x000002e0       0x38 src/ASF/avr32/drivers/intc/intc.o
 .debug_ranges  0x00000318       0x50 src/ASF/avr32/drivers/pm/pm_uc3c.o
 .debug_ranges  0x00000368      0x168 src/ASF/avr32/drivers/scif/scif_uc3c.o
 .debug_ranges  0x000004d0       0x80 src/ASF/avr32/drivers/twim/twim.o
 .debug_ranges  0x00000550      0x100 src/ASF/avr32/drivers/usart/usart.o
 .debug_ranges  0x00000650       0x20 src/ASF/avr32/utils/startup/startup_uc3.o
 .debug_ranges  0x00000670       0x48 src/pca9952.o
 .debug_ranges  0x000006b8       0x90 src/main.o
 .debug_ranges  0x00000748       0x78 c:/program files (x86)/atmel/atmel toolchain/avr32 gcc/native/3.4.1067/avr32-gnu-toolchain/bin/../lib/gcc/avr32/4.4.7/ucr3fp\libgcc.a(_udivdi3.o)
