Archive member included because of file (symbol)

c:/program files (x86)/atmel/atmel toolchain/avr32 gcc/native/3.4.1067/avr32-gnu-toolchain/bin/../lib/gcc/avr32/4.4.7/ucr3fp\libgcc.a(_avr32_f64_mul.o)
                              src/main.o (__avr32_f64_mul)
c:/program files (x86)/atmel/atmel toolchain/avr32 gcc/native/3.4.1067/avr32-gnu-toolchain/bin/../lib/gcc/avr32/4.4.7/ucr3fp\libgcc.a(_avr32_f64_addsub.o)
                              src/main.o (__avr32_f64_add)
c:/program files (x86)/atmel/atmel toolchain/avr32 gcc/native/3.4.1067/avr32-gnu-toolchain/bin/../lib/gcc/avr32/4.4.7/ucr3fp\libgcc.a(_avr32_s32_to_f64.o)
                              src/main.o (__avr32_u32_to_f64)
c:/program files (x86)/atmel/atmel toolchain/avr32 gcc/native/3.4.1067/avr32-gnu-toolchain/bin/../lib/gcc/avr32/4.4.7/ucr3fp\libgcc.a(_avr32_f32_div.o)
                              src/main.o (__avr32_f32_div)
c:/program files (x86)/atmel/atmel toolchain/avr32 gcc/native/3.4.1067/avr32-gnu-toolchain/bin/../lib/gcc/avr32/4.4.7/ucr3fp\libgcc.a(_avr32_f64_to_f32.o)
                              src/main.o (__avr32_f64_to_f32)
c:/program files (x86)/atmel/atmel toolchain/avr32 gcc/native/3.4.1067/avr32-gnu-toolchain/bin/../lib/gcc/avr32/4.4.7/ucr3fp\libgcc.a(_udivdi3.o)
                              src/serial_id_ds2411.o (__avr32_udiv64)
c:/program files (x86)/atmel/atmel toolchain/avr32 gcc/native/3.4.1067/avr32-gnu-toolchain/bin/../lib/gcc/avr32/4.4.7/../../../../avr32/lib/ucr3fp\libc.a(lib_a-memcpy.o)
                              src/ASF/avr32/drivers/flashc/flashc.o (memcpy)
c:/program files (x86)/atmel/atmel toolchain/avr32 gcc/native/3.4.1067/avr32-gnu-toolchain/bin/../lib/gcc/avr32/4.4.7/../../../../avr32/lib/ucr3fp\libc.a(lib_a-memset.o)
                              src/main.o (memset)
c:/program files (x86)/atmel/atmel toolchain/avr32 gcc/native/3.4.1067/avr32-gnu-toolchain/bin/../lib/gcc/avr32/4.4.7/../../../../avr32/lib/ucr3fp\libc.a(lib_a-strncpy.o)
                              src/main.o (strncpy)

Allocating common symbols
Common symbol       size              file

topEflag0           0x1               src/main.o
D                   0x4               src/serial_id_ds2411.o
displayTimerSeconds
                    0x4               src/main.o
zoom_view_id        0x4               src/main.o
bluesense_buf       0x8               src/main.o
botEflag1           0x1               src/main.o
adc_values_seq0     0x2               src/main.o
ledBrd              0x46              src/main.o
A                   0x4               src/serial_id_ds2411.o
shelf               0x14              src/main.o
sanitizeTimer       0xc               src/main.o
sanitizeMinutes     0x4               src/main.o
adc_current_conversion
                    0x2               src/main.o
tmpSanitizeMinutes  0x4               src/main.o
topEflag1           0x1               src/main.o
usageIdx            0x10              src/main.o
B                   0x4               src/serial_id_ds2411.o
J                   0x4               src/serial_id_ds2411.o
botEflag0           0x1               src/main.o
C                   0x4               src/serial_id_ds2411.o
debugTimer          0xc               src/main.o
usageShdw           0x782             src/main.o
displayTimer        0xc               src/main.o
cleanTimer          0xc               src/main.o
G                   0x4               src/serial_id_ds2411.o
ledBrdSide          0x28              src/main.o
H                   0x4               src/serial_id_ds2411.o
electroclaveState   0x1               src/main.o
pingPong            0x1               src/main.o
numActiveShelves    0x1               src/main.o
oneMinuteTimer      0xc               src/main.o
E                   0x4               src/serial_id_ds2411.o
I                   0x4               src/serial_id_ds2411.o
F                   0x4               src/serial_id_ds2411.o

Discarded input sections

 .text          0x00000000        0x0 src/serial_id_ds2411.o
 .data          0x00000000        0x0 src/serial_id_ds2411.o
 .bss           0x00000000        0x0 src/serial_id_ds2411.o
 .text.OWTouchByte
                0x00000000       0x90 src/serial_id_ds2411.o
 .text.OWBlock  0x00000000       0x6c src/serial_id_ds2411.o
 .text.OWOverdriveSkip
                0x00000000       0x64 src/serial_id_ds2411.o
 .text.ReadPageMAC
                0x00000000      0x16c src/serial_id_ds2411.o
 .text          0x00000000        0x0 src/ec_print_funcs.o
 .data          0x00000000        0x0 src/ec_print_funcs.o
 .bss           0x00000000        0x0 src/ec_print_funcs.o
 .rodata.HEX_DIGITS
                0x00000000       0x10 src/ec_print_funcs.o
 .text.print_display
                0x00000000       0x24 src/ec_print_funcs.o
 .text.print_ecdbg_char
                0x00000000       0x24 src/ec_print_funcs.o
 .text.print_display_char
                0x00000000       0x24 src/ec_print_funcs.o
 .text.print_ecdbg_ulong
[...]
Memory Configuration

Name             Origin             Length             Attributes
FLASH            0x80000000         0x00080000         axrl !w
INTRAM           0x00000004         0x0000fffc         axw !rl
HRAM0            0xa0000000         0x00001000         axw !rl
USERPAGE_RESERVED 0x80800000         0x00000004         r
USERPAGE         0x80800004         0x000001fc
*default*        0x00000000         0xffffffff

Linker script and memory map

                0x00001000                _stack_size = 0x1000
LOAD src/serial_id_ds2411.o
LOAD src/ec_print_funcs.o
LOAD src/ASF/avr32/boards/uc3c_ek/led.o
LOAD src/ASF/avr32/drivers/adcifa/adcifa.o
LOAD src/ASF/avr32/drivers/canif/canif.o
LOAD src/ASF/avr32/drivers/flashc/flashc.o
LOAD src/ASF/avr32/drivers/gpio/gpio.o
LOAD src/ASF/avr32/drivers/intc/exception.o
LOAD src/ASF/avr32/drivers/intc/intc.o
LOAD src/ASF/avr32/drivers/pdca/pdca.o
LOAD src/ASF/avr32/drivers/pm/pm_uc3c.o
LOAD src/ASF/avr32/drivers/pm/power_clocks_lib.o
LOAD src/ASF/avr32/drivers/scif/scif_uc3c.o
LOAD src/ASF/avr32/drivers/tc/tc.o
LOAD src/ASF/avr32/drivers/twim/twim.o
LOAD src/ASF/avr32/drivers/usart/usart.o
LOAD src/ASF/avr32/utils/startup/startup_uc3.o
LOAD src/ASF/avr32/utils/startup/trampoline_uc3.o
LOAD src/ASF/common/services/clock/uc3c/osc.o
LOAD src/ASF/common/services/clock/uc3c/pll.o
LOAD src/ASF/common/services/clock/uc3c/sysclk.o
LOAD src/pca9952.o
LOAD src/main.o
START GROUP
LOAD ../src/ASF/avr32/utils/libs/dsplib/at32ucr3fp/gcc\libdsp-at32ucr3fp-dspspeed_opt.a
LOAD c:/program files (x86)/atmel/atmel toolchain/avr32 gcc/native/3.4.1067/avr32-gnu-toolchain/bin/../lib/gcc/avr32/4.4.7/../../../../avr32/lib/ucr3fp\libm.a
END GROUP
                0xffffffff                __max_heap_size__ = 0xffffffff
                [0xffffffff]                __heap_size__ = DEFINED (__heap_size__)?__heap_size__:__max_heap_size__
                [0x00001000]                __stack_size__ = DEFINED (__stack_size__)?__stack_size__:0x1000
                [0x00000800]                __flash_nvram_size__ = DEFINED (__flash_nvram_size__)?__flash_nvram_size__:0x800
                0x80000000                PROVIDE (__executable_start, 0x80000000)
                0x80000000                . = 0x80000000

.interp
 *(.interp)

.reset          0x80000000     0x2010
 *(.reset)
 .reset         0x80000000        0x8 src/ASF/avr32/utils/startup/startup_uc3.o
                0x80000000                _start
 .reset         0x80000008     0x2008 src/ASF/avr32/utils/startup/trampoline_uc3.o
                0x80000008                _trampoline

.hash
 *(.hash)

.dynsym
 *(.dynsym)

.dynstr
 *(.dynstr)

.gnu.version
 *(.gnu.version)

.gnu.version_d
 *(.gnu.version_d)

.gnu.version_r
 *(.gnu.version_r)

.rel.init
 *(.rel.init)

.rela.init
 *(.rela.init)

.rel.text
 *(.rel.text .rel.text.* .rel.gnu.linkonce.t.*)

.rela.text
 *(.rela.text .rela.text.* .rela.gnu.linkonce.t.*)

.rel.fini
 *(.rel.fini)

.rela.fini
 *(.rela.fini)

.rel.rodata
 *(.rel.rodata .rel.rodata.* .rel.gnu.linkonce.r.*)

.rela.rodata
 *(.rela.rodata .rela.rodata.* .rela.gnu.linkonce.r.*)

.rel.data.rel.ro
 *(.rel.data.rel.ro*)

.rela.data.rel.ro
 *(.rel.data.rel.ro*)

.rel.data
 *(.rel.data .rel.data.* .rel.gnu.linkonce.d.*)

.rela.data
 *(.rela.data .rela.data.* .rela.gnu.linkonce.d.*)

.rel.tdata
 *(.rel.tdata .rel.tdata.* .rel.gnu.linkonce.td.*)

.rela.tdata
 *(.rela.tdata .rela.tdata.* .rela.gnu.linkonce.td.*)

.rel.tbss
 *(.rel.tbss .rel.tbss.* .rel.gnu.linkonce.tb.*)

.rela.tbss
 *(.rela.tbss .rela.tbss.* .rela.gnu.linkonce.tb.*)

.rel.ctors
 *(.rel.ctors)

.rela.ctors
 *(.rela.ctors)

.rel.dtors
 *(.rel.dtors)

.rela.dtors
 *(.rela.dtors)

.rel.got
 *(.rel.got)

.rela.got       0x80002010        0x0
 *(.rela.got)
 .rela.got      0x80002010        0x0 src/ASF/avr32/drivers/flashc/flashc.o

.rel.bss
 *(.rel.bss .rel.bss.* .rel.gnu.linkonce.b.*)

.rela.bss
 *(.rela.bss .rela.bss.* .rela.gnu.linkonce.b.*)

.rel.plt
 *(.rel.plt)

.rela.plt
 *(.rela.plt)

.init
 *(.init)

.plt
 *(.plt)

.text           0x80002010     0x7fe4
 *(.text .stub .text.* .gnu.linkonce.t.*)
 .text.io_pin   0x80002010       0x4c src/serial_id_ds2411.o
                0x80002010                io_pin
 .text.drive_DQ_low
                0x8000205c       0x50 src/serial_id_ds2411.o
                0x8000205c                drive_DQ_low
 .text.release_the_bus
                0x800020ac       0x44 src/serial_id_ds2411.o
                0x800020ac                release_the_bus
 .text.gpio_input
                0x800020f0       0x40 src/serial_id_ds2411.o
                0x800020f0                gpio_input
 .text.sample_line
                0x80002130       0x44 src/serial_id_ds2411.o
                0x80002130                sample_line
 .text.SetSpeed
                0x80002174       0xc0 src/serial_id_ds2411.o
                0x80002174                SetSpeed
 .text.OWTouchReset
                0x80002234      0x5d0 src/serial_id_ds2411.o
                0x80002234                OWTouchReset
 .text.drive_DQ_low_and_release_the_bus
                0x80002804       0x68 src/serial_id_ds2411.o
                0x80002804                drive_DQ_low_and_release_the_bus
 .text.OWWriteBit
                0x8000286c      0x468 src/serial_id_ds2411.o
                0x8000286c                OWWriteBit
 .text.OWReadBit
                0x80002cd4      0x184 src/serial_id_ds2411.o
                0x80002cd4                OWReadBit
 .text.OWWriteByte
                0x80002e58       0x58 src/serial_id_ds2411.o
                0x80002e58                OWWriteByte
 .text.OWReadByte
                0x80002eb0       0x64 src/serial_id_ds2411.o
                0x80002eb0                OWReadByte
 .text.init_ecdbg_rs232
                0x80002f14       0x24 src/ec_print_funcs.o
                0x80002f14                init_ecdbg_rs232
 .text.init_display_rs232
                0x80002f38       0x24 src/ec_print_funcs.o
                0x80002f38                init_display_rs232
 .text.init_ecdbg_rs232_ex
                0x80002f5c       0x5c src/ec_print_funcs.o
                0x80002f5c                init_ecdbg_rs232_ex
 .text.init_display_rs232_ex
                0x80002fb8       0x5c src/ec_print_funcs.o
                0x80002fb8                init_display_rs232_ex
 .text.print_ecdbg
                0x80003014       0x24 src/ec_print_funcs.o
                0x80003014                print_ecdbg
 .text.print    0x80003038       0x28 src/ec_print_funcs.o
                0x80003038                print
 .text.adcifa_get_calibration_data
                0x80003060       0x94 src/ASF/avr32/drivers/adcifa/adcifa.o
                0x80003060                adcifa_get_calibration_data
 .text.adcifa_configure
                0x800030f4      0x164 src/ASF/avr32/drivers/adcifa/adcifa.o
                0x800030f4                adcifa_configure
 .text.adcifa_configure_sequencer
                0x80003258      0x510 src/ASF/avr32/drivers/adcifa/adcifa.o
                0x80003258                adcifa_configure_sequencer
 .text.adcifa_start_sequencer
                0x80003768       0x44 src/ASF/avr32/drivers/adcifa/adcifa.o
                0x80003768                adcifa_start_sequencer
 .text.adcifa_check_eos
                0x800037ac       0x48 src/ASF/avr32/drivers/adcifa/adcifa.o
                0x800037ac                adcifa_check_eos
 .text.adcifa_get_values_from_sequencer
                0x800037f4       0xd8 src/ASF/avr32/drivers/adcifa/adcifa.o
                0x800037f4                adcifa_get_values_from_sequencer
 .text.flashc_get_flash_size
                0x800038cc       0x40 src/ASF/avr32/drivers/flashc/flashc.o
                0x800038cc                flashc_get_flash_size
 .text.flashc_is_ready
                0x8000390c       0x18 src/ASF/avr32/drivers/flashc/flashc.o
                0x8000390c                flashc_is_ready
 .text.flashc_default_wait_until_ready
                0x80003924       0x1c src/ASF/avr32/drivers/flashc/flashc.o
                0x80003924                flashc_default_wait_until_ready
 .text.flashc_get_error_status
                0x80003940       0x16 src/ASF/avr32/drivers/flashc/flashc.o
 *fill*         0x80003956        0x2 d703d703
 .text.flashc_issue_command
                0x80003958       0x88 src/ASF/avr32/drivers/flashc/flashc.o
                0x80003958                flashc_issue_command
 .text.flashc_clear_page_buffer
                0x800039e0       0x18 src/ASF/avr32/drivers/flashc/flashc.o
                0x800039e0                flashc_clear_page_buffer
 .text.flashc_is_page_erased
                0x800039f8       0x1a src/ASF/avr32/drivers/flashc/flashc.o
                0x800039f8                flashc_is_page_erased
 *fill*         0x80003a12        0x2 d703d703
 .text.flashc_quick_page_read
                0x80003a14       0x2c src/ASF/avr32/drivers/flashc/flashc.o
                0x80003a14                flashc_quick_page_read
 .text.flashc_erase_page
                0x80003a40       0x68 src/ASF/avr32/drivers/flashc/flashc.o
                0x80003a40                flashc_erase_page
 .text.flashc_write_page
                0x80003aa8       0x20 src/ASF/avr32/drivers/flashc/flashc.o
                0x80003aa8                flashc_write_page
 .text.flashc_quick_user_page_read
                0x80003ac8       0x24 src/ASF/avr32/drivers/flashc/flashc.o
                0x80003ac8                flashc_quick_user_page_read
 .text.flashc_erase_user_page
                0x80003aec       0x3c src/ASF/avr32/drivers/flashc/flashc.o
                0x80003aec                flashc_erase_user_page
 .text.flashc_write_user_page
                0x80003b28       0x18 src/ASF/avr32/drivers/flashc/flashc.o
                0x80003b28                flashc_write_user_page
 .text.flashc_memset8
                0x80003b40       0x50 src/ASF/avr32/drivers/flashc/flashc.o
                0x80003b40                flashc_memset8
 .text.flashc_memset16
                0x80003b90       0x4c src/ASF/avr32/drivers/flashc/flashc.o
                0x80003b90                flashc_memset16
 .text.flashc_memset32
                0x80003bdc       0x5c src/ASF/avr32/drivers/flashc/flashc.o
                0x80003bdc                flashc_memset32
 .text.flashc_memset64
                0x80003c38      0x428 src/ASF/avr32/drivers/flashc/flashc.o
                0x80003c38                flashc_memset64
 .text.flashc_memcpy
                0x80004060      0x1b8 src/ASF/avr32/drivers/flashc/flashc.o
                0x80004060                flashc_memcpy
 .text.gpio_enable_module
                0x80004218       0x70 src/ASF/avr32/drivers/gpio/gpio.o
                0x80004218                gpio_enable_module
 .text.gpio_enable_module_pin
                0x80004288      0x27c src/ASF/avr32/drivers/gpio/gpio.o
                0x80004288                gpio_enable_module_pin
 .text.gpio_configure_pin
                0x80004504      0x29e src/ASF/avr32/drivers/gpio/gpio.o
                0x80004504                gpio_configure_pin
 .text.gpio_get_pin_value
                0x800047a2       0x3c src/ASF/avr32/drivers/gpio/gpio.o
                0x800047a2                gpio_get_pin_value
 .text.gpio_set_pin_high
                0x800047de       0x3a src/ASF/avr32/drivers/gpio/gpio.o
                0x800047de                gpio_set_pin_high
 .text.gpio_set_pin_low
                0x80004818       0x3a src/ASF/avr32/drivers/gpio/gpio.o
                0x80004818                gpio_set_pin_low
 .text.gpio_toggle_pin
                0x80004852       0x3a src/ASF/avr32/drivers/gpio/gpio.o
                0x80004852                gpio_toggle_pin
 .text._unhandled_interrupt
                0x8000488c        0x8 src/ASF/avr32/drivers/intc/intc.o
 .text._get_interrupt_handler
                0x80004894       0x70 src/ASF/avr32/drivers/intc/intc.o
                0x80004894                _get_interrupt_handler
 .text.INTC_init_evba
                0x80004904       0x14 src/ASF/avr32/drivers/intc/intc.o
 .text.INTC_init_interrupts
                0x80004918       0x9c src/ASF/avr32/drivers/intc/intc.o
                0x80004918                INTC_init_interrupts
 .text.INTC_register_interrupt
                0x800049b4       0xd4 src/ASF/avr32/drivers/intc/intc.o
                0x800049b4                INTC_register_interrupt
 .text.cpu_irq_is_enabled_flags
                0x80004a88       0x20 src/ASF/avr32/drivers/pm/pm_uc3c.o
 .text.pm_set_mclk_source
                0x80004aa8       0x50 src/ASF/avr32/drivers/pm/pm_uc3c.o
                0x80004aa8                pm_set_mclk_source
 .text.cpu_irq_is_enabled_flags
                0x80004af8       0x20 src/ASF/avr32/drivers/scif/scif_uc3c.o
 .text.scif_start_rc8M
                0x80004b18       0x80 src/ASF/avr32/drivers/scif/scif_uc3c.o
                0x80004b18                scif_start_rc8M
 .text.scif_start_gclk
                0x80004b98       0x70 src/ASF/avr32/drivers/scif/scif_uc3c.o
                0x80004b98                scif_start_gclk
 .text.cpu_irq_save
                0x80004c08       0x1e src/ASF/avr32/drivers/twim/twim.o
 .text.cpu_irq_is_enabled_flags
                0x80004c26       0x20 src/ASF/avr32/drivers/twim/twim.o
 *fill*         0x80004c46        0x2 d703d703
 .text.cpu_irq_restore
                0x80004c48       0x28 src/ASF/avr32/drivers/twim/twim.o
 .text.twim_master_interrupt_handler
                0x80004c70      0x144 src/ASF/avr32/drivers/twim/twim.o
 .text.twim_set_speed
                0x80004db4       0xa8 src/ASF/avr32/drivers/twim/twim.o
                0x80004db4                twim_set_speed
 .text.twim_master_init
                0x80004e5c      0x110 src/ASF/avr32/drivers/twim/twim.o
                0x80004e5c                twim_master_init
 .text.twim_disable_interrupt
                0x80004f6c       0x44 src/ASF/avr32/drivers/twim/twim.o
                0x80004f6c                twim_disable_interrupt
 .text.twim_probe
                0x80004fb0       0x38 src/ASF/avr32/drivers/twim/twim.o
                0x80004fb0                twim_probe
 .text.twim_read_packet
                0x80004fe8      0x17c src/ASF/avr32/drivers/twim/twim.o
                0x80004fe8                twim_read_packet
 .text.twim_write_packet
                0x80005164      0x13c src/ASF/avr32/drivers/twim/twim.o
                0x80005164                twim_write_packet
 .text.twim_write
                0x800052a0      0x104 src/ASF/avr32/drivers/twim/twim.o
                0x800052a0                twim_write
 .text.twim_status
                0x800053a4       0x30 src/ASF/avr32/drivers/twim/twim.o
                0x800053a4                twim_status
 .text.cpu_irq_is_enabled_flags
                0x800053d4       0x20 src/ASF/avr32/drivers/usart/usart.o
 .text.usart_set_async_baudrate
                0x800053f4       0xd2 src/ASF/avr32/drivers/usart/usart.o
 *fill*         0x800054c6        0x2 d703d703
 .text.usart_reset
                0x800054c8       0x74 src/ASF/avr32/drivers/usart/usart.o
                0x800054c8                usart_reset
 .text.usart_init_rs232
                0x8000553c      0x170 src/ASF/avr32/drivers/usart/usart.o
                0x8000553c                usart_init_rs232
 .text.usart_write_char
                0x800056ac       0x44 src/ASF/avr32/drivers/usart/usart.o
                0x800056ac                usart_write_char
 .text.usart_putchar
                0x800056f0       0x54 src/ASF/avr32/drivers/usart/usart.o
                0x800056f0                usart_putchar
 .text.usart_write_line
                0x80005744       0x40 src/ASF/avr32/drivers/usart/usart.o
                0x80005744                usart_write_line
 .text._stext   0x80005784       0x50 src/ASF/avr32/utils/startup/startup_uc3.o
                0x80005784                _stext
 .text.twi_master_read
                0x800057d4       0x2c src/pca9952.o
 .text.twi_master_write
                0x80005800       0x2c src/pca9952.o
 .text.PCA9952_write_reg
                0x8000582c       0x84 src/pca9952.o
                0x8000582c                PCA9952_write_reg
 .text.PCA9952_read_reg
                0x800058b0      0x1e0 src/pca9952.o
                0x800058b0                PCA9952_read_reg
 .text.PCA9952_init
                0x80005a90       0xdc src/pca9952.o
                0x80005a90                PCA9952_init
 .text.PCA9952_channel
                0x80005b6c      0x180 src/pca9952.o
                0x80005b6c                PCA9952_channel
 .text.led_shelf
                0x80005cec      0x158 src/pca9952.o
                0x80005cec                led_shelf
 .text          0x80005e44      0x1a0 src/main.o
 .text.display_text
                0x80005fe4       0x58 src/main.o
                0x80005fe4                display_text
 .text.chassis_error
                0x8000603c       0x14 src/main.o
                0x8000603c                chassis_error
 .text.init_io  0x80006050       0xc4 src/main.o
                0x80006050                init_io
 .text.read_led_board_serial_ids
                0x80006114      0x1dc src/main.o
                0x80006114                read_led_board_serial_ids
 .text.check_led_brd_side_lifetime
                0x800062f0      0x1b0 src/main.o
                0x800062f0                check_led_brd_side_lifetime
 .text.check_led_brd_side_lifetimes
                0x800064a0       0x98 src/main.o
                0x800064a0                check_led_brd_side_lifetimes
 .text.adc_process_task
                0x80006538       0x98 src/main.o
                0x80006538                adc_process_task
 .text.check_shelf_for_devices
                0x800065d0      0x1a4 src/main.o
                0x800065d0                check_shelf_for_devices
 .text.check_shelves_for_devices
                0x80006774       0x74 src/main.o
                0x80006774                check_shelves_for_devices
 .text.set_shelves_active_inactive
                0x800067e8      0x160 src/main.o
                0x800067e8                set_shelves_active_inactive
 .text.num_active_shelves
                0x80006948       0x14 src/main.o
                0x80006948                num_active_shelves
 .text.init_sys_clocks
                0x8000695c       0x50 src/main.o
                0x8000695c                init_sys_clocks
 .text.adc_process_init
                0x800069ac       0x4c src/main.o
                0x800069ac                adc_process_init
 .text.twi_init
                0x800069f8       0x80 src/main.o
 .text.calc_sanitize_time
                0x80006a78       0xd0 src/main.o
                0x80006a78                calc_sanitize_time
 .text.door_latch_open_kill_all_shelves
                0x80006b48       0x30 src/main.o
                0x80006b48                door_latch_open_kill_all_shelves
 .text.usage_idx
                0x80006b78      0x234 src/main.o
                0x80006b78                usage_idx
 .text.load_usage_indeces
                0x80006dac       0xe0 src/main.o
                0x80006dac                load_usage_indeces
 .text.read_usage_struct
                0x80006e8c       0x94 src/main.o
                0x80006e8c                read_usage_struct
 .text.test_flash
                0x80006f20       0xe4 src/main.o
                0x80006f20                test_flash
 .text.find_first_open_usage_slot
                0x80007004       0x74 src/main.o
                0x80007004                find_first_open_usage_slot
 .text.add_new_led_board_sides_to_usage
                0x80007078      0x194 src/main.o
                0x80007078                add_new_led_board_sides_to_usage
 .text.calc_usage_csum
                0x8000720c      0x398 src/main.o
                0x8000720c                calc_usage_csum
 .text.copy_usage_to_usage
                0x800075a4       0x58 src/main.o
                0x800075a4                copy_usage_to_usage
 .text.write_usage_to_flash
                0x800075fc       0x54 src/main.o
                0x800075fc                write_usage_to_flash
 .text.calc_usage_current_led_boards
                0x80007650      0x264 src/main.o
                0x80007650                calc_usage_current_led_boards
 .text.increment_ledBoard_usage_min
                0x800078b4      0x3ac src/main.o
                0x800078b4                increment_ledBoard_usage_min
 .text.init_shelf_n_ledBrd_structs
                0x80007c60      0x2d0 src/main.o
                0x80007c60                init_shelf_n_ledBrd_structs
 .text.load_usageIdx_to_ledBrdSide
                0x80007f30       0x68 src/main.o
                0x80007f30                load_usageIdx_to_ledBrdSide
 .text.init_led_board_info
                0x80007f98      0x2fc src/main.o
                0x80007f98                init_led_board_info
 .text.main     0x80008294     0x1230 src/main.o
                0x80008294                main
 .text          0x800094c4      0x1d4 c:/program files (x86)/atmel/atmel toolchain/avr32 gcc/native/3.4.1067/avr32-gnu-toolchain/bin/../lib/gcc/avr32/4.4.7/ucr3fp\libgcc.a(_avr32_f64_mul.o)
                0x800094c4                __avr32_f64_mul
 .text          0x80009698      0x2b0 c:/program files (x86)/atmel/atmel toolchain/avr32 gcc/native/3.4.1067/avr32-gnu-toolchain/bin/../lib/gcc/avr32/4.4.7/ucr3fp\libgcc.a(_avr32_f64_addsub.o)
                0x8000969c                __avr32_f64_sub
                0x80009838                __avr32_f64_add
 .text          0x80009948       0xe8 c:/program files (x86)/atmel/atmel toolchain/avr32 gcc/native/3.4.1067/avr32-gnu-toolchain/bin/../lib/gcc/avr32/4.4.7/ucr3fp\libgcc.a(_avr32_s32_to_f64.o)
                0x80009948                __avr32_u32_to_f64
                0x80009950                __avr32_s32_to_f64
 .text          0x80009a30      0x160 c:/program files (x86)/atmel/atmel toolchain/avr32 gcc/native/3.4.1067/avr32-gnu-toolchain/bin/../lib/gcc/avr32/4.4.7/ucr3fp\libgcc.a(_avr32_f32_div.o)
                0x80009a30                __avr32_f32_div
 .text          0x80009b90       0x8a c:/program files (x86)/atmel/atmel toolchain/avr32 gcc/native/3.4.1067/avr32-gnu-toolchain/bin/../lib/gcc/avr32/4.4.7/ucr3fp\libgcc.a(_avr32_f64_to_f32.o)
                0x80009b90                __avr32_f64_to_f32
 .text          0x80009c1a      0x264 c:/program files (x86)/atmel/atmel toolchain/avr32 gcc/native/3.4.1067/avr32-gnu-toolchain/bin/../lib/gcc/avr32/4.4.7/ucr3fp\libgcc.a(_udivdi3.o)
                0x80009c1a                __avr32_udiv64
                0x80009c1a                __udivdi3
 .text          0x80009e7e      0x148 c:/program files (x86)/atmel/atmel toolchain/avr32 gcc/native/3.4.1067/avr32-gnu-toolchain/bin/../lib/gcc/avr32/4.4.7/../../../../avr32/lib/ucr3fp\libc.a(lib_a-memcpy.o)
                0x80009e7e                memcpy
 .text.memset   0x80009fc6        0xe c:/program files (x86)/atmel/atmel toolchain/avr32 gcc/native/3.4.1067/avr32-gnu-toolchain/bin/../lib/gcc/avr32/4.4.7/../../../../avr32/lib/ucr3fp\libc.a(lib_a-memset.o)
                0x80009fc6                memset
 .text          0x80009fd4       0x20 c:/program files (x86)/atmel/atmel toolchain/avr32 gcc/native/3.4.1067/avr32-gnu-toolchain/bin/../lib/gcc/avr32/4.4.7/../../../../avr32/lib/ucr3fp\libc.a(lib_a-strncpy.o)
                0x80009fd4                strncpy
 *(.text.*personality*)
 *(.gnu.warning)

.exception      0x8000a000      0x200
 .exception     0x8000a000      0x200 src/ASF/avr32/drivers/intc/exception.o
                0x8000a000                _evba
                0x8000a104                _int0
                0x8000a112                _int1
                0x8000a120                _int2
                0x8000a12e                _int3

.fini
 *(.fini)
                0x8000a200                PROVIDE (__etext, .)
                0x8000a200                PROVIDE (_etext, .)
                0x8000a200                PROVIDE (etext, .)

.rodata         0x8000a200      0x250
 *(.rodata .rodata.* .gnu.linkonce.r.*)
 .rodata.DISPLAY_USART_GPIO_MAP.14651
                0x8000a200       0x10 src/ec_print_funcs.o
 .rodata.ECDBG_USART_GPIO_MAP.14645
                0x8000a210       0x10 src/ec_print_funcs.o
 .rodata.C.35.14269
                0x8000a220       0x1e src/ASF/avr32/drivers/flashc/flashc.o
 *fill*         0x8000a23e        0x2 
 .rodata.gpio_enable_module_pin
                0x8000a240       0x20 src/ASF/avr32/drivers/gpio/gpio.o
 .rodata._int_handler_table
                0x8000a260      0x178 src/ASF/avr32/drivers/intc/intc.o
 .rodata.main   0x8000a3d8       0x24 src/main.o
 .rodata.C.76.16236
                0x8000a3fc        0x4 src/main.o
 .rodata.C.70.16066
                0x8000a400       0x10 src/main.o
 .rodata.C.71.16067
                0x8000a410       0x10 src/main.o
 .rodata.ADCIFA_GPIO_MAP.16056
                0x8000a420       0x30 src/main.o

.rodata1
 *(.rodata1)

.eh_frame_hdr
 *(.eh_frame_hdr)

.eh_frame
 *(.eh_frame)

.gcc_except_table
 *(.gcc_except_table)
 *(.gcc_except_table.*)

.lalign         0x8000a450        0x0
                0x8000a450                . = ALIGN (0x8)
                0x8000a450                PROVIDE (_data_lma, .)
                0x00000004                . = ORIGIN (INTRAM)

.dalign         0x00000004        0x4
                0x00000008                . = ALIGN (0x8)
 *fill*         0x00000004        0x4 
                0x00000008                PROVIDE (_data, .)

.eh_frame
 *(.eh_frame)

.gcc_except_table
 *(.gcc_except_table)
 *(.gcc_except_table.*)

.tdata
 *(.tdata .tdata.* .gnu.linkonce.td.*)

.tbss
 *(.tbss .tbss.* .gnu.linkonce.tb.*)
 *(.tcommon)
                0x00000008                PROVIDE (__preinit_array_start, ALIGN (0x4))

.preinit_array
 *(.preinit_array)
                0x00000008                PROVIDE (__preinit_array_end, .)
                0x00000008                PROVIDE (__init_array_start, .)

.init_array
 *(.init_array)
                0x00000008                PROVIDE (__init_array_end, .)
                0x00000008                PROVIDE (__fini_array_start, .)

.fini_array
 *(.fini_array)
                0x00000008                PROVIDE (__fini_array_end, .)

.ctors
 *crtbegin*.o(.ctors)
 *(EXCLUDE_FILE(*crtend*.o) .ctors)
 *(SORT(.ctors.*))
 *(.ctors)

.dtors
 *crtbegin*.o(.dtors)
 *(EXCLUDE_FILE(*crtend*.o) .dtors)
 *(SORT(.dtors.*))
 *(.dtors)

.jcr
 *(.jcr)

.data.rel.ro
 *(.data.rel.ro.local)
 *(.data.rel.ro*)

.dynamic
 *(.dynamic)

.got
 *(.got.plt)
 *(.got)

.ramtext
 *(.ramtext .ramtext.*)

.ddalign        0x00000008        0x0 load address 0x8000a450
                0x00000008                . = ALIGN (0x8)

.data           0x00000008       0xa9 load address 0x8000a450
 *(.data .data.* .gnu.linkonce.d.*)
 .data.flashc_wait_until_ready
                0x00000008        0x4 src/ASF/avr32/drivers/flashc/flashc.o
                0x00000008                flashc_wait_until_ready
 .data.CMD_READY
                0x0000000c        0x8 src/main.o
                0x0000000c                CMD_READY
 .data.CMD_CLEAN
                0x00000014        0x8 src/main.o
                0x00000014                CMD_CLEAN
 .data.CMD_CLEANING
                0x0000001c        0x8 src/main.o
                0x0000001c                CMD_CLEANING
 .data.CMD_DIRTY
                0x00000024        0x8 src/main.o
                0x00000024                CMD_DIRTY
 .data.CMD_ERROR
                0x0000002c        0x8 src/main.o
                0x0000002c                CMD_ERROR
 .data.CMD_SHELF1
                0x00000034        0x8 src/main.o
                0x00000034                CMD_SHELF1
 .data.CMD_SHELF2
                0x0000003c        0x8 src/main.o
                0x0000003c                CMD_SHELF2
 .data.CMD_SHELF3
                0x00000044        0x8 src/main.o
                0x00000044                CMD_SHELF3
 .data.CMD_SHELF4
                0x0000004c        0x8 src/main.o
                0x0000004c                CMD_SHELF4
 .data.CMD_CLEAR
                0x00000054        0x8 src/main.o
                0x00000054                CMD_CLEAR
 .data.cmdPtrArray
                0x0000005c       0x28 src/main.o
                0x0000005c                cmdPtrArray
 .data.adc_config_t
                0x00000084       0x14 src/main.o
                0x00000084                adc_config_t
 .data.adcifa_sequence_opt
                0x00000098        0x7 src/main.o
                0x00000098                adcifa_sequence_opt
 .data.adcifa_sequence_conversion_opt_seq0_shelf
                0x0000009f        0xc src/main.o
                0x0000009f                adcifa_sequence_conversion_opt_seq0_shelf
 *fill*         0x000000ab        0x1 
 .data.adcifa   0x000000ac        0x4 src/main.o
                0x000000ac                adcifa
 .data.firstTimeThrough
                0x000000b0        0x1 src/main.o
                0x000000b0                firstTimeThrough
 *(.gnu.linkonce.d.*personality*)

.data1
 *(.data1)

.balign         0x000000b1        0x7 load address 0x8000a4f9
                0x000000b8                . = ALIGN (0x8)
 *fill*         0x000000b1        0x7 
                0x000000b8                PROVIDE (_edata, .)
                0x000000b8                PROVIDE (edata, .)
                0x000000b8                __bss_start = .

.bss            0x000000b8      0xaa8
 *(.dynbss)
 *(.bss .bss.* .gnu.linkonce.b.*)
 .bss.adcifa_seq1_configured
                0x000000b8        0x1 src/ASF/avr32/drivers/adcifa/adcifa.o
 *fill*         0x000000b9        0x3 
 .bss.flashc_error_status
                0x000000bc        0x4 src/ASF/avr32/drivers/flashc/flashc.o
 .bss._int_line_handler_table_0
                0x000000c0        0x4 src/ASF/avr32/drivers/intc/intc.o
 .bss._int_line_handler_table_1
                0x000000c4        0x8 src/ASF/avr32/drivers/intc/intc.o
 .bss._int_line_handler_table_2
                0x000000cc        0x4 src/ASF/avr32/drivers/intc/intc.o
 .bss._int_line_handler_table_3
                0x000000d0       0x10 src/ASF/avr32/drivers/intc/intc.o
 .bss._int_line_handler_table_4
                0x000000e0       0x10 src/ASF/avr32/drivers/intc/intc.o
 .bss._int_line_handler_table_5
                0x000000f0       0x10 src/ASF/avr32/drivers/intc/intc.o
 .bss._int_line_handler_table_6
                0x00000100       0x10 src/ASF/avr32/drivers/intc/intc.o
 .bss._int_line_handler_table_7
                0x00000110        0x4 src/ASF/avr32/drivers/intc/intc.o
 .bss._int_line_handler_table_8
                0x00000114        0x4 src/ASF/avr32/drivers/intc/intc.o
 .bss._int_line_handler_table_9
                0x00000118       0x28 src/ASF/avr32/drivers/intc/intc.o
 .bss._int_line_handler_table_10
                0x00000140        0x4 src/ASF/avr32/drivers/intc/intc.o
 .bss._int_line_handler_table_11
                0x00000144        0x4 src/ASF/avr32/drivers/intc/intc.o
 .bss._int_line_handler_table_12
                0x00000148        0x4 src/ASF/avr32/drivers/intc/intc.o
 .bss._int_line_handler_table_13
                0x0000014c        0x4 src/ASF/avr32/drivers/intc/intc.o
 .bss._int_line_handler_table_14
                0x00000150       0x14 src/ASF/avr32/drivers/intc/intc.o
 .bss._int_line_handler_table_15
                0x00000164       0x10 src/ASF/avr32/drivers/intc/intc.o
 .bss._int_line_handler_table_16
                0x00000174       0x10 src/ASF/avr32/drivers/intc/intc.o
 .bss._int_line_handler_table_17
                0x00000184        0x4 src/ASF/avr32/drivers/intc/intc.o
 .bss._int_line_handler_table_18
                0x00000188       0x40 src/ASF/avr32/drivers/intc/intc.o
 .bss._int_line_handler_table_19
                0x000001c8        0x4 src/ASF/avr32/drivers/intc/intc.o
 .bss._int_line_handler_table_20
                0x000001cc        0x4 src/ASF/avr32/drivers/intc/intc.o
 .bss._int_line_handler_table_21
                0x000001d0        0x4 src/ASF/avr32/drivers/intc/intc.o
 .bss._int_line_handler_table_22
                0x000001d4        0x4 src/ASF/avr32/drivers/intc/intc.o
 .bss._int_line_handler_table_23
                0x000001d8        0x4 src/ASF/avr32/drivers/intc/intc.o
 .bss._int_line_handler_table_24
                0x000001dc        0x4 src/ASF/avr32/drivers/intc/intc.o
 .bss._int_line_handler_table_25
                0x000001e0        0x4 src/ASF/avr32/drivers/intc/intc.o
 .bss._int_line_handler_table_26
                0x000001e4        0x4 src/ASF/avr32/drivers/intc/intc.o
 .bss._int_line_handler_table_27
                0x000001e8        0x4 src/ASF/avr32/drivers/intc/intc.o
 .bss._int_line_handler_table_28
                0x000001ec        0x4 src/ASF/avr32/drivers/intc/intc.o
 .bss._int_line_handler_table_29
                0x000001f0        0x4 src/ASF/avr32/drivers/intc/intc.o
 .bss._int_line_handler_table_30
                0x000001f4        0x4 src/ASF/avr32/drivers/intc/intc.o
 .bss._int_line_handler_table_31
                0x000001f8        0x4 src/ASF/avr32/drivers/intc/intc.o
 .bss._int_line_handler_table_32
                0x000001fc        0x4 src/ASF/avr32/drivers/intc/intc.o
 .bss._int_line_handler_table_33
                0x00000200        0xc src/ASF/avr32/drivers/intc/intc.o
 .bss._int_line_handler_table_34
                0x0000020c        0xc src/ASF/avr32/drivers/intc/intc.o
 .bss._int_line_handler_table_35
                0x00000218        0x8 src/ASF/avr32/drivers/intc/intc.o
 .bss._int_line_handler_table_36
                0x00000220       0x18 src/ASF/avr32/drivers/intc/intc.o
 .bss._int_line_handler_table_37
                0x00000238        0x4 src/ASF/avr32/drivers/intc/intc.o
 .bss._int_line_handler_table_38
                0x0000023c        0x4 src/ASF/avr32/drivers/intc/intc.o
 .bss._int_line_handler_table_39
                0x00000240       0x18 src/ASF/avr32/drivers/intc/intc.o
 .bss._int_line_handler_table_40
                0x00000258       0x18 src/ASF/avr32/drivers/intc/intc.o
 .bss._int_line_handler_table_41
                0x00000270        0x4 src/ASF/avr32/drivers/intc/intc.o
 .bss._int_line_handler_table_42
                0x00000274        0x4 src/ASF/avr32/drivers/intc/intc.o
 .bss._int_line_handler_table_43
                0x00000278        0x4 src/ASF/avr32/drivers/intc/intc.o
 .bss._int_line_handler_table_44
                0x0000027c        0x4 src/ASF/avr32/drivers/intc/intc.o
 .bss._int_line_handler_table_45
                0x00000280        0x4 src/ASF/avr32/drivers/intc/intc.o
 .bss._int_line_handler_table_46
                0x00000284        0x4 src/ASF/avr32/drivers/intc/intc.o
 .bss.twim_inst
                0x00000288        0x4 src/ASF/avr32/drivers/twim/twim.o
 .bss.twim_tx_data
                0x0000028c        0x4 src/ASF/avr32/drivers/twim/twim.o
 .bss.twim_rx_data
                0x00000290        0x4 src/ASF/avr32/drivers/twim/twim.o
 .bss.transfer_status
                0x00000294        0x4 src/ASF/avr32/drivers/twim/twim.o
 .bss.twim_tx_nb_bytes
                0x00000298        0x4 src/ASF/avr32/drivers/twim/twim.o
 .bss.twim_rx_nb_bytes
                0x0000029c        0x4 src/ASF/avr32/drivers/twim/twim.o
 .bss.twim_it_mask
                0x000002a0        0x4 src/ASF/avr32/drivers/twim/twim.o
 .bss.twim_package
                0x000002a4        0x4 src/ASF/avr32/drivers/twim/twim.o
 .bss.twim_next
                0x000002a8        0x1 src/ASF/avr32/drivers/twim/twim.o
 *fill*         0x000002a9        0x3 
 .bss.cpu_hz    0x000002ac        0x4 src/pca9952.o
 .bss.displayIdx.16658
                0x000002b0        0x1 src/main.o
 *(COMMON)
 *fill*         0x000002b1        0x3 
 COMMON         0x000002b4       0x28 src/serial_id_ds2411.o
                0x000002b4                D
                0x000002b8                A
                0x000002bc                B
                0x000002c0                J
                0x000002c4                C
                0x000002c8                G
                0x000002cc                H
                0x000002d0                E
                0x000002d4                I
                0x000002d8                F
 COMMON         0x000002dc      0x880 src/main.o
                0x000002dc                topEflag0
                0x000002e0                displayTimerSeconds
                0x000002e4                zoom_view_id
                0x000002e8                bluesense_buf
                0x000002f0                botEflag1
                0x000002f2                adc_values_seq0
                0x000002f4                ledBrd
                0x0000033a                shelf
                0x00000350                sanitizeTimer
                0x0000035c                sanitizeMinutes
                0x00000360                adc_current_conversion
                0x00000364                tmpSanitizeMinutes
                0x00000368                topEflag1
                0x00000369                usageIdx
                0x00000379                botEflag0
                0x0000037c                debugTimer
                0x00000388                usageShdw
                0x00000b0c                displayTimer
                0x00000b18                cleanTimer
                0x00000b24                ledBrdSide
                0x00000b4c                electroclaveState
                0x00000b4d                pingPong
                0x00000b4e                numActiveShelves
                0x00000b50                oneMinuteTimer
                0x00000b60                . = ALIGN (0x8)
 *fill*         0x00000b5c        0x4 
                0x00000b60                . = ALIGN (0x8)
                0x00000b60                _end = .
                0x00000b60                PROVIDE (end, .)
                0x00000b60                __heap_start__ = ALIGN (0x8)

.heap           0x00000b60     0xe4a0
 *(.heap)
                0x0000e4a0                . = (__heap_size__ == __max_heap_size__)?(((ORIGIN (INTRAM) + 0xfffc) - __stack_size__) - ABSOLUTE (.)):__heap_size__
 *fill*         0x00000b60     0xe4a0 
                0x0000f000                __heap_end__ = .

.stab
 *(.stab)

.stabstr
 *(.stabstr)

.stab.excl
 *(.stab.excl)

.stab.exclstr
 *(.stab.exclstr)

.stab.index
 *(.stab.index)

.stab.indexstr
 *(.stab.indexstr)

.comment        0x00000000       0x30
 *(.comment)
 .comment       0x00000000       0x30 src/serial_id_ds2411.o
                                 0x31 (size before relaxing)
 .comment       0x00000000       0x31 src/ec_print_funcs.o
 .comment       0x00000000       0x31 src/ASF/avr32/drivers/adcifa/adcifa.o
 .comment       0x00000000       0x31 src/ASF/avr32/drivers/flashc/flashc.o
 .comment       0x00000000       0x31 src/ASF/avr32/drivers/gpio/gpio.o
 .comment       0x00000000       0x31 src/ASF/avr32/drivers/intc/intc.o
 .comment       0x00000000       0x31 src/ASF/avr32/drivers/pm/pm_uc3c.o
 .comment       0x00000000       0x31 src/ASF/avr32/drivers/scif/scif_uc3c.o
 .comment       0x00000000       0x31 src/ASF/avr32/drivers/twim/twim.o
 .comment       0x00000000       0x31 src/ASF/avr32/drivers/usart/usart.o
 .comment       0x00000000       0x31 src/pca9952.o
 .comment       0x00000000       0x31 src/main.o
 .comment       0x00000000       0x31 c:/program files (x86)/atmel/atmel toolchain/avr32 gcc/native/3.4.1067/avr32-gnu-toolchain/bin/../lib/gcc/avr32/4.4.7/ucr3fp\libgcc.a(_udivdi3.o)
 .comment       0x00000000       0x31 c:/program files (x86)/atmel/atmel toolchain/avr32 gcc/native/3.4.1067/avr32-gnu-toolchain/bin/../lib/gcc/avr32/4.4.7/../../../../avr32/lib/ucr3fp\libc.a(lib_a-memset.o)

.debug
 *(.debug)

.line
 *(.line)

.debug_srcinfo
 *(.debug_srcinfo)

.debug_sfnames
 *(.debug_sfnames)

.debug_aranges  0x00000000      0xad8
 *(.debug_aranges)
 .debug_aranges
                0x00000000       0x98 src/serial_id_ds2411.o
 .debug_aranges
                0x00000098       0xc8 src/ec_print_funcs.o
 .debug_aranges
                0x00000160       0x88 src/ASF/avr32/drivers/adcifa/adcifa.o
 .debug_aranges
                0x000001e8      0x228 src/ASF/avr32/drivers/flashc/flashc.o
 .debug_aranges
                0x00000410      0x128 src/ASF/avr32/drivers/gpio/gpio.o
 .debug_aranges
                0x00000538       0x20 src/ASF/avr32/drivers/intc/exception.o
 .debug_aranges
                0x00000558       0x40 src/ASF/avr32/drivers/intc/intc.o
 .debug_aranges
                0x00000598       0x58 src/ASF/avr32/drivers/pm/pm_uc3c.o
 .debug_aranges
                0x000005f0      0x170 src/ASF/avr32/drivers/scif/scif_uc3c.o
 .debug_aranges
                0x00000760       0x88 src/ASF/avr32/drivers/twim/twim.o
 .debug_aranges
                0x000007e8      0x108 src/ASF/avr32/drivers/usart/usart.o
 .debug_aranges
                0x000008f0       0x28 src/ASF/avr32/utils/startup/startup_uc3.o
 .debug_aranges
                0x00000918       0x20 src/ASF/avr32/utils/startup/trampoline_uc3.o
 .debug_aranges
                0x00000938       0x50 src/pca9952.o
 .debug_aranges
                0x00000988      0x110 src/main.o
 .debug_aranges
                0x00000a98       0x20 c:/program files (x86)/atmel/atmel toolchain/avr32 gcc/native/3.4.1067/avr32-gnu-toolchain/bin/../lib/gcc/avr32/4.4.7/ucr3fp\libgcc.a(_udivdi3.o)
 .debug_aranges
                0x00000ab8       0x20 c:/program files (x86)/atmel/atmel toolchain/avr32 gcc/native/3.4.1067/avr32-gnu-toolchain/bin/../lib/gcc/avr32/4.4.7/../../../../avr32/lib/ucr3fp\libc.a(lib_a-memset.o)

.debug_pubnames
                0x00000000     0x1ec2
 *(.debug_pubnames)
 .debug_pubnames
                0x00000000      0x15c src/serial_id_ds2411.o
 .debug_pubnames
                0x0000015c      0x1de src/ec_print_funcs.o
 .debug_pubnames
                0x0000033a      0x193 src/ASF/avr32/drivers/adcifa/adcifa.o
 .debug_pubnames
                0x000004cd      0x79d src/ASF/avr32/drivers/flashc/flashc.o
 .debug_pubnames
                0x00000c6a      0x3aa src/ASF/avr32/drivers/gpio/gpio.o
 .debug_pubnames
                0x00001014       0x62 src/ASF/avr32/drivers/intc/intc.o
 .debug_pubnames
                0x00001076       0xc3 src/ASF/avr32/drivers/pm/pm_uc3c.o
 .debug_pubnames
                0x00001139      0x3f6 src/ASF/avr32/drivers/scif/scif_uc3c.o
 .debug_pubnames
                0x0000152f       0xd6 src/ASF/avr32/drivers/twim/twim.o
 .debug_pubnames
                0x00001605      0x227 src/ASF/avr32/drivers/usart/usart.o
 .debug_pubnames
                0x0000182c       0x70 src/pca9952.o
 .debug_pubnames
                0x0000189c      0x5e9 src/main.o
 .debug_pubnames
                0x00001e85       0x20 c:/program files (x86)/atmel/atmel toolchain/avr32 gcc/native/3.4.1067/avr32-gnu-toolchain/bin/../lib/gcc/avr32/4.4.7/ucr3fp\libgcc.a(_udivdi3.o)
 .debug_pubnames
                0x00001ea5       0x1d c:/program files (x86)/atmel/atmel toolchain/avr32 gcc/native/3.4.1067/avr32-gnu-toolchain/bin/../lib/gcc/avr32/4.4.7/../../../../avr32/lib/ucr3fp\libc.a(lib_a-memset.o)

.debug_info     0x00000000    0x179bb
 *(.debug_info .gnu.linkonce.wi.*)
 .debug_info    0x00000000      0xc1e src/serial_id_ds2411.o
 .debug_info    0x00000c1e     0x2b7c src/ec_print_funcs.o
 .debug_info    0x0000379a     0x1e8a src/ASF/avr32/drivers/adcifa/adcifa.o
 .debug_info    0x00005624     0x1d16 src/ASF/avr32/drivers/flashc/flashc.o
 .debug_info    0x0000733a      0xf72 src/ASF/avr32/drivers/gpio/gpio.o
 .debug_info    0x000082ac       0xb8 src/ASF/avr32/drivers/intc/exception.o
 .debug_info    0x00008364      0x835 src/ASF/avr32/drivers/intc/intc.o
 .debug_info    0x00008b99     0x1050 src/ASF/avr32/drivers/pm/pm_uc3c.o
 .debug_info    0x00009be9     0x1d2e src/ASF/avr32/drivers/scif/scif_uc3c.o
 .debug_info    0x0000b917     0x1206 src/ASF/avr32/drivers/twim/twim.o
 .debug_info    0x0000cb1d     0x3117 src/ASF/avr32/drivers/usart/usart.o
 .debug_info    0x0000fc34       0xb7 src/ASF/avr32/utils/startup/startup_uc3.o
 .debug_info    0x0000fceb       0xbe src/ASF/avr32/utils/startup/trampoline_uc3.o
 .debug_info    0x0000fda9     0x10c4 src/pca9952.o
 .debug_info    0x00010e6d     0x6506 src/main.o
 .debug_info    0x00017373      0x57b c:/program files (x86)/atmel/atmel toolchain/avr32 gcc/native/3.4.1067/avr32-gnu-toolchain/bin/../lib/gcc/avr32/4.4.7/ucr3fp\libgcc.a(_udivdi3.o)
 .debug_info    0x000178ee       0xcd c:/program files (x86)/atmel/atmel toolchain/avr32 gcc/native/3.4.1067/avr32-gnu-toolchain/bin/../lib/gcc/avr32/4.4.7/../../../../avr32/lib/ucr3fp\libc.a(lib_a-memset.o)

.debug_abbrev   0x00000000     0x1c29
 *(.debug_abbrev)
 .debug_abbrev  0x00000000      0x214 src/serial_id_ds2411.o
 .debug_abbrev  0x00000214      0x1d0 src/ec_print_funcs.o
 .debug_abbrev  0x000003e4      0x1c2 src/ASF/avr32/drivers/adcifa/adcifa.o
 .debug_abbrev  0x000005a6      0x285 src/ASF/avr32/drivers/flashc/flashc.o
 .debug_abbrev  0x0000082b      0x23f src/ASF/avr32/drivers/gpio/gpio.o
 .debug_abbrev  0x00000a6a       0x14 src/ASF/avr32/drivers/intc/exception.o
 .debug_abbrev  0x00000a7e      0x1b6 src/ASF/avr32/drivers/intc/intc.o
 .debug_abbrev  0x00000c34      0x185 src/ASF/avr32/drivers/pm/pm_uc3c.o
 .debug_abbrev  0x00000db9      0x273 src/ASF/avr32/drivers/scif/scif_uc3c.o
 .debug_abbrev  0x0000102c      0x1ed src/ASF/avr32/drivers/twim/twim.o
 .debug_abbrev  0x00001219      0x266 src/ASF/avr32/drivers/usart/usart.o
 .debug_abbrev  0x0000147f       0x12 src/ASF/avr32/utils/startup/startup_uc3.o
 .debug_abbrev  0x00001491       0x14 src/ASF/avr32/utils/startup/trampoline_uc3.o
 .debug_abbrev  0x000014a5      0x26e src/pca9952.o
 .debug_abbrev  0x00001713      0x337 src/main.o
 .debug_abbrev  0x00001a4a      0x15a c:/program files (x86)/atmel/atmel toolchain/avr32 gcc/native/3.4.1067/avr32-gnu-toolchain/bin/../lib/gcc/avr32/4.4.7/ucr3fp\libgcc.a(_udivdi3.o)
 .debug_abbrev  0x00001ba4       0x85 c:/program files (x86)/atmel/atmel toolchain/avr32 gcc/native/3.4.1067/avr32-gnu-toolchain/bin/../lib/gcc/avr32/4.4.7/../../../../avr32/lib/ucr3fp\libc.a(lib_a-memset.o)

.debug_line     0x00000000     0x865e
 *(.debug_line)
 .debug_line    0x00000000      0xac1 src/serial_id_ds2411.o
 .debug_line    0x00000ac1      0x99b src/ec_print_funcs.o
 .debug_line    0x0000145c      0x917 src/ASF/avr32/drivers/adcifa/adcifa.o
 .debug_line    0x00001d73      0xd3b src/ASF/avr32/drivers/flashc/flashc.o
 .debug_line    0x00002aae      0xab0 src/ASF/avr32/drivers/gpio/gpio.o
 .debug_line    0x0000355e      0x109 src/ASF/avr32/drivers/intc/exception.o
 .debug_line    0x00003667      0x79a src/ASF/avr32/drivers/intc/intc.o
 .debug_line    0x00003e01      0x817 src/ASF/avr32/drivers/pm/pm_uc3c.o
 .debug_line    0x00004618      0xb5b src/ASF/avr32/drivers/scif/scif_uc3c.o
 .debug_line    0x00005173      0xa1a src/ASF/avr32/drivers/twim/twim.o
 .debug_line    0x00005b8d      0xb0c src/ASF/avr32/drivers/usart/usart.o
 .debug_line    0x00006699       0xf2 src/ASF/avr32/utils/startup/startup_uc3.o
 .debug_line    0x0000678b       0x67 src/ASF/avr32/utils/startup/trampoline_uc3.o
 .debug_line    0x000067f2      0x971 src/pca9952.o
 .debug_line    0x00007163     0x1171 src/main.o
 .debug_line    0x000082d4      0x1d1 c:/program files (x86)/atmel/atmel toolchain/avr32 gcc/native/3.4.1067/avr32-gnu-toolchain/bin/../lib/gcc/avr32/4.4.7/ucr3fp\libgcc.a(_udivdi3.o)
 .debug_line    0x000084a5      0x1b9 c:/program files (x86)/atmel/atmel toolchain/avr32 gcc/native/3.4.1067/avr32-gnu-toolchain/bin/../lib/gcc/avr32/4.4.7/../../../../avr32/lib/ucr3fp\libc.a(lib_a-memset.o)

.debug_frame    0x00000000     0x21a8
 *(.debug_frame)
 .debug_frame   0x00000000      0x1fc src/serial_id_ds2411.o
 .debug_frame   0x000001fc      0x278 src/ec_print_funcs.o
 .debug_frame   0x00000474      0x198 src/ASF/avr32/drivers/adcifa/adcifa.o
 .debug_frame   0x0000060c      0x79c src/ASF/avr32/drivers/flashc/flashc.o
 .debug_frame   0x00000da8      0x3c8 src/ASF/avr32/drivers/gpio/gpio.o
 .debug_frame   0x00001170       0x9c src/ASF/avr32/drivers/intc/intc.o
 .debug_frame   0x0000120c       0xf0 src/ASF/avr32/drivers/pm/pm_uc3c.o
 .debug_frame   0x000012fc      0x4c4 src/ASF/avr32/drivers/scif/scif_uc3c.o
 .debug_frame   0x000017c0      0x198 src/ASF/avr32/drivers/twim/twim.o
 .debug_frame   0x00001958      0x358 src/ASF/avr32/drivers/usart/usart.o
 .debug_frame   0x00001cb0       0xe0 src/pca9952.o
 .debug_frame   0x00001d90      0x3b4 src/main.o
 .debug_frame   0x00002144       0x44 c:/program files (x86)/atmel/atmel toolchain/avr32 gcc/native/3.4.1067/avr32-gnu-toolchain/bin/../lib/gcc/avr32/4.4.7/ucr3fp\libgcc.a(_udivdi3.o)
 .debug_frame   0x00002188       0x20 c:/program files (x86)/atmel/atmel toolchain/avr32 gcc/native/3.4.1067/avr32-gnu-toolchain/bin/../lib/gcc/avr32/4.4.7/../../../../avr32/lib/ucr3fp\libc.a(lib_a-memset.o)

.debug_str      0x00000000     0x5094
 *(.debug_str)
 .debug_str     0x00000000      0x2a2 src/serial_id_ds2411.o
                                0x320 (size before relaxing)
 .debug_str     0x000002a2      0x7d3 src/ec_print_funcs.o
                                0x919 (size before relaxing)
 .debug_str     0x00000a75      0x98f src/ASF/avr32/drivers/adcifa/adcifa.o
                                0xb33 (size before relaxing)
 .debug_str     0x00001404      0xace src/ASF/avr32/drivers/flashc/flashc.o
                                0xcba (size before relaxing)
 .debug_str     0x00001ed2      0x587 src/ASF/avr32/drivers/gpio/gpio.o
                                0x701 (size before relaxing)
 .debug_str     0x00002459      0x656 src/ASF/avr32/drivers/intc/intc.o
                                0x781 (size before relaxing)
 .debug_str     0x00002aaf      0x621 src/ASF/avr32/drivers/pm/pm_uc3c.o
                                0x7c0 (size before relaxing)
 .debug_str     0x000030d0      0xa53 src/ASF/avr32/drivers/scif/scif_uc3c.o
                                0xc73 (size before relaxing)
 .debug_str     0x00003b23      0x555 src/ASF/avr32/drivers/twim/twim.o
                                0x742 (size before relaxing)
 .debug_str     0x00004078      0x399 src/ASF/avr32/drivers/usart/usart.o
                                0xb0d (size before relaxing)
 .debug_str     0x00004411      0x100 src/pca9952.o
                                0x6c3 (size before relaxing)
 .debug_str     0x00004511      0x9cc src/main.o
                               0x1cce (size before relaxing)
 .debug_str     0x00004edd      0x146 c:/program files (x86)/atmel/atmel toolchain/avr32 gcc/native/3.4.1067/avr32-gnu-toolchain/bin/../lib/gcc/avr32/4.4.7/ucr3fp\libgcc.a(_udivdi3.o)
                                0x1fb (size before relaxing)
 .debug_str     0x00005023       0x71 c:/program files (x86)/atmel/atmel toolchain/avr32 gcc/native/3.4.1067/avr32-gnu-toolchain/bin/../lib/gcc/avr32/4.4.7/../../../../avr32/lib/ucr3fp\libc.a(lib_a-memset.o)
                                0x10d (size before relaxing)

.debug_loc      0x00000000     0x3813
 *(.debug_loc)
 .debug_loc     0x00000000      0x2b0 src/serial_id_ds2411.o
 .debug_loc     0x000002b0      0x3b2 src/ec_print_funcs.o
 .debug_loc     0x00000662      0x25a src/ASF/avr32/drivers/adcifa/adcifa.o
 .debug_loc     0x000008bc      0xb16 src/ASF/avr32/drivers/flashc/flashc.o
 .debug_loc     0x000013d2      0x5b6 src/ASF/avr32/drivers/gpio/gpio.o
 .debug_loc     0x00001988       0xd7 src/ASF/avr32/drivers/intc/intc.o
 .debug_loc     0x00001a5f      0x158 src/ASF/avr32/drivers/pm/pm_uc3c.o
 .debug_loc     0x00001bb7      0x739 src/ASF/avr32/drivers/scif/scif_uc3c.o
 .debug_loc     0x000022f0      0x25a src/ASF/avr32/drivers/twim/twim.o
 .debug_loc     0x0000254a      0x50a src/ASF/avr32/drivers/usart/usart.o
 .debug_loc     0x00002a54      0x12d src/pca9952.o
 .debug_loc     0x00002b81      0x535 src/main.o
 .debug_loc     0x000030b6      0x75d c:/program files (x86)/atmel/atmel toolchain/avr32 gcc/native/3.4.1067/avr32-gnu-toolchain/bin/../lib/gcc/avr32/4.4.7/ucr3fp\libgcc.a(_udivdi3.o)

.debug_macinfo  0x00000000   0xeea61e
 *(.debug_macinfo)
 .debug_macinfo
                0x00000000   0x13d172 src/serial_id_ds2411.o
 .debug_macinfo
                0x0013d172   0x13f732 src/ec_print_funcs.o
 .debug_macinfo
                0x0027c8a4   0x13ed04 src/ASF/avr32/drivers/adcifa/adcifa.o
 .debug_macinfo
                0x003bb5a8   0x13cf31 src/ASF/avr32/drivers/flashc/flashc.o
 .debug_macinfo
                0x004f84d9   0x13cedf src/ASF/avr32/drivers/gpio/gpio.o
 .debug_macinfo
                0x006353b8   0x13cf8c src/ASF/avr32/drivers/intc/intc.o
 .debug_macinfo
                0x00772344   0x13cdd1 src/ASF/avr32/drivers/pm/pm_uc3c.o
 .debug_macinfo
                0x008af115   0x13cdf8 src/ASF/avr32/drivers/scif/scif_uc3c.o
 .debug_macinfo
                0x009ebf0d   0x13ee5f src/ASF/avr32/drivers/twim/twim.o
 .debug_macinfo
                0x00b2ad6c   0x13d0f2 src/ASF/avr32/drivers/usart/usart.o
 .debug_macinfo
                0x00c67e5e   0x13f89a src/pca9952.o
 .debug_macinfo
                0x00da76f8   0x142f26 src/main.o

.debug_weaknames
 *(.debug_weaknames)

.debug_funcnames
 *(.debug_funcnames)

.debug_typenames
 *(.debug_typenames)

.debug_varnames
 *(.debug_varnames)

.stack          0x0000f000     0x1000
                0x0000f000                _stack = .
 *(.stack)
                0x00001000                . = __stack_size__
 *fill*         0x0000f000     0x1000 
                0x00010000                _estack = .
                0xa0000000                . = ORIGIN (HRAM0)

.data_hram0     0xa0000000        0x0 load address 0x8000a500
                0xa0000000                PROVIDE (_data_hram0, .)
 *(.data_hram0)
                0xa0000000                . = ALIGN (0x8)
                0xa0000000                PROVIDE (_edata_hram0, .)
                0x8000a500                PROVIDE (_data_hram0_lma, ABSOLUTE (LOADADDR (.data_hram0)))
                0xa0000000                . = ALIGN (0x8)

.bss_hram0      0xa0000000        0x0
                0xa0000000                PROVIDE (__bss_hram0_start, .)
 *(.bss_hram0)
                0xa0000000                PROVIDE (_bss_hram0_end, .)

.flash_nvram0   0x8007f000      0x3c0 load address 0x8000a4f9
 *(.flash_nvram0)
 .flash_nvram0  0x8007f000      0x3c0 src/main.o

.flash_nvram1   0x8007f800      0x3c0 load address 0x8007f3c0
 *(.flash_nvram1)
 .flash_nvram1  0x8007f800      0x3c0 src/main.o

.userpage
 *(.userpage .userpage.*)

/DISCARD/
 *(.note.GNU-stack)
LOAD c:/program files (x86)/atmel/atmel toolchain/avr32 gcc/native/3.4.1067/avr32-gnu-toolchain/bin/../lib/gcc/avr32/4.4.7/ucr3fp\libgcc.a
LOAD c:/program files (x86)/atmel/atmel toolchain/avr32 gcc/native/3.4.1067/avr32-gnu-toolchain/bin/../lib/gcc/avr32/4.4.7/../../../../avr32/lib/ucr3fp\libc.a
LOAD c:/program files (x86)/atmel/atmel toolchain/avr32 gcc/native/3.4.1067/avr32-gnu-toolchain/bin/../lib/gcc/avr32/4.4.7/ucr3fp\libgcc.a
OUTPUT(electroclave.elf elf32-avr32)

.debug_ranges   0x00000000      0xa80
 .debug_ranges  0x00000000       0x90 src/serial_id_ds2411.o
 .debug_ranges  0x00000090       0xc0 src/ec_print_funcs.o
 .debug_ranges  0x00000150       0x80 src/ASF/avr32/drivers/adcifa/adcifa.o
 .debug_ranges  0x000001d0      0x220 src/ASF/avr32/drivers/flashc/flashc.o
 .debug_ranges  0x000003f0      0x120 src/ASF/avr32/drivers/gpio/gpio.o
 .debug_ranges  0x00000510       0x38 src/ASF/avr32/drivers/intc/intc.o
 .debug_ranges  0x00000548       0x50 src/ASF/avr32/drivers/pm/pm_uc3c.o
 .debug_ranges  0x00000598      0x168 src/ASF/avr32/drivers/scif/scif_uc3c.o
 .debug_ranges  0x00000700       0x80 src/ASF/avr32/drivers/twim/twim.o
 .debug_ranges  0x00000780      0x100 src/ASF/avr32/drivers/usart/usart.o
 .debug_ranges  0x00000880       0x20 src/ASF/avr32/utils/startup/startup_uc3.o
 .debug_ranges  0x000008a0       0x48 src/pca9952.o
 .debug_ranges  0x000008e8      0x108 src/main.o
 .debug_ranges  0x000009f0       0x78 c:/program files (x86)/atmel/atmel toolchain/avr32 gcc/native/3.4.1067/avr32-gnu-toolchain/bin/../lib/gcc/avr32/4.4.7/ucr3fp\libgcc.a(_udivdi3.o)
 .debug_ranges  0x00000a68       0x18 c:/program files (x86)/atmel/atmel toolchain/avr32 gcc/native/3.4.1067/avr32-gnu-toolchain/bin/../lib/gcc/avr32/4.4.7/../../../../avr32/lib/ucr3fp\libc.a(lib_a-memset.o)
