Archive member included because of file (symbol)

c:/program files (x86)/atmel/atmel toolchain/avr32 gcc/native/3.4.1067/avr32-gnu-toolchain/bin/../lib/gcc/avr32/4.4.7/ucr3fp\libgcc.a(_avr32_f64_mul.o)
                              src/main.o (__avr32_f64_mul)
c:/program files (x86)/atmel/atmel toolchain/avr32 gcc/native/3.4.1067/avr32-gnu-toolchain/bin/../lib/gcc/avr32/4.4.7/ucr3fp\libgcc.a(_avr32_f64_addsub.o)
                              src/main.o (__avr32_f64_add)
c:/program files (x86)/atmel/atmel toolchain/avr32 gcc/native/3.4.1067/avr32-gnu-toolchain/bin/../lib/gcc/avr32/4.4.7/ucr3fp\libgcc.a(_avr32_s32_to_f64.o)
                              src/main.o (__avr32_u32_to_f64)
c:/program files (x86)/atmel/atmel toolchain/avr32 gcc/native/3.4.1067/avr32-gnu-toolchain/bin/../lib/gcc/avr32/4.4.7/ucr3fp\libgcc.a(_avr32_f32_div.o)
                              src/main.o (__avr32_f32_div)
c:/program files (x86)/atmel/atmel toolchain/avr32 gcc/native/3.4.1067/avr32-gnu-toolchain/bin/../lib/gcc/avr32/4.4.7/ucr3fp\libgcc.a(_avr32_f64_to_f32.o)
                              src/main.o (__avr32_f64_to_f32)
c:/program files (x86)/atmel/atmel toolchain/avr32 gcc/native/3.4.1067/avr32-gnu-toolchain/bin/../lib/gcc/avr32/4.4.7/ucr3fp\libgcc.a(_udivdi3.o)
                              src/serial_id_ds2411.o (__avr32_udiv64)
c:/program files (x86)/atmel/atmel toolchain/avr32 gcc/native/3.4.1067/avr32-gnu-toolchain/bin/../lib/gcc/avr32/4.4.7/../../../../avr32/lib/ucr3fp\libc.a(lib_a-memcpy.o)
                              src/ASF/avr32/drivers/flashc/flashc.o (memcpy)
c:/program files (x86)/atmel/atmel toolchain/avr32 gcc/native/3.4.1067/avr32-gnu-toolchain/bin/../lib/gcc/avr32/4.4.7/../../../../avr32/lib/ucr3fp\libc.a(lib_a-memset.o)
                              src/main.o (memset)
c:/program files (x86)/atmel/atmel toolchain/avr32 gcc/native/3.4.1067/avr32-gnu-toolchain/bin/../lib/gcc/avr32/4.4.7/../../../../avr32/lib/ucr3fp\libc.a(lib_a-strncpy.o)
                              src/main.o (strncpy)

Allocating common symbols
Common symbol       size              file

D                   0x4               src/serial_id_ds2411.o
displayTimerSeconds
                    0x4               src/main.o
zoom_view_id        0x4               src/main.o
bluesense_buf       0x8               src/main.o
adc_values_seq0     0x2               src/main.o
ledBrd              0x46              src/main.o
A                   0x4               src/serial_id_ds2411.o
shelf               0x14              src/main.o
sanitizeTimer       0xc               src/main.o
sanitizeMinutes     0x4               src/main.o
adc_current_conversion
                    0x2               src/main.o
tmpSanitizeMinutes  0x4               src/main.o
usageIdx            0x10              src/main.o
B                   0x4               src/serial_id_ds2411.o
J                   0x4               src/serial_id_ds2411.o
C                   0x4               src/serial_id_ds2411.o
debugTimer          0xc               src/main.o
usageShdw           0x782             src/main.o
displayTimer        0xc               src/main.o
cleanTimer          0xc               src/main.o
G                   0x4               src/serial_id_ds2411.o
ledBrdSide          0x28              src/main.o
H                   0x4               src/serial_id_ds2411.o
electroclaveState   0x1               src/main.o
pingPong            0x1               src/main.o
numActiveShelves    0x1               src/main.o
oneMinuteTimer      0xc               src/main.o
E                   0x4               src/serial_id_ds2411.o
I                   0x4               src/serial_id_ds2411.o
F                   0x4               src/serial_id_ds2411.o

Discarded input sections

 .text          0x00000000        0x0 src/serial_id_ds2411.o
 .data          0x00000000        0x0 src/serial_id_ds2411.o
 .bss           0x00000000        0x0 src/serial_id_ds2411.o
 .text.OWTouchByte
                0x00000000       0x90 src/serial_id_ds2411.o
 .text.OWBlock  0x00000000       0x6c src/serial_id_ds2411.o
 .text.OWOverdriveSkip
                0x00000000       0x64 src/serial_id_ds2411.o
 .text          0x00000000        0x0 src/ec_print_funcs.o
 .data          0x00000000        0x0 src/ec_print_funcs.o
 .bss           0x00000000        0x0 src/ec_print_funcs.o
 .rodata.HEX_DIGITS
                0x00000000       0x10 src/ec_print_funcs.o
 .text.print_display
                0x00000000       0x24 src/ec_print_funcs.o
 .text.print_ecdbg_char
                0x00000000       0x24 src/ec_print_funcs.o
 .text.print_display_char
                0x00000000       0x24 src/ec_print_funcs.o
 .text.print_ecdbg_ulong
                0x00000000       0x24 src/ec_print_funcs.o
 .text.print_display_ulong
                0x00000000       0x24 src/ec_print_funcs.o
 .text.print_ecdbg_char_hex
                0x00000000       0x28 src/ec_print_funcs.o
 .text.print_display_char_hex
[...]
Memory Configuration

Name             Origin             Length             Attributes
FLASH            0x80000000         0x00080000         axrl !w
INTRAM           0x00000004         0x0000fffc         axw !rl
HRAM0            0xa0000000         0x00001000         axw !rl
USERPAGE_RESERVED 0x80800000         0x00000004         r
USERPAGE         0x80800004         0x000001fc
*default*        0x00000000         0xffffffff

Linker script and memory map

                0x00001000                _stack_size = 0x1000
LOAD src/serial_id_ds2411.o
LOAD src/ec_print_funcs.o
LOAD src/ASF/avr32/boards/uc3c_ek/led.o
LOAD src/ASF/avr32/drivers/adcifa/adcifa.o
LOAD src/ASF/avr32/drivers/canif/canif.o
LOAD src/ASF/avr32/drivers/flashc/flashc.o
LOAD src/ASF/avr32/drivers/gpio/gpio.o
LOAD src/ASF/avr32/drivers/intc/exception.o
LOAD src/ASF/avr32/drivers/intc/intc.o
LOAD src/ASF/avr32/drivers/pdca/pdca.o
LOAD src/ASF/avr32/drivers/pm/pm_uc3c.o
LOAD src/ASF/avr32/drivers/pm/power_clocks_lib.o
LOAD src/ASF/avr32/drivers/scif/scif_uc3c.o
LOAD src/ASF/avr32/drivers/tc/tc.o
LOAD src/ASF/avr32/drivers/twim/twim.o
LOAD src/ASF/avr32/drivers/usart/usart.o
LOAD src/ASF/avr32/utils/startup/startup_uc3.o
LOAD src/ASF/avr32/utils/startup/trampoline_uc3.o
LOAD src/ASF/common/services/clock/uc3c/osc.o
LOAD src/ASF/common/services/clock/uc3c/pll.o
LOAD src/ASF/common/services/clock/uc3c/sysclk.o
LOAD src/pca9952.o
LOAD src/main.o
START GROUP
LOAD ../src/ASF/avr32/utils/libs/dsplib/at32ucr3fp/gcc\libdsp-at32ucr3fp-dspspeed_opt.a
LOAD c:/program files (x86)/atmel/atmel toolchain/avr32 gcc/native/3.4.1067/avr32-gnu-toolchain/bin/../lib/gcc/avr32/4.4.7/../../../../avr32/lib/ucr3fp\libm.a
END GROUP
                0xffffffff                __max_heap_size__ = 0xffffffff
                [0xffffffff]                __heap_size__ = DEFINED (__heap_size__)?__heap_size__:__max_heap_size__
                [0x00001000]                __stack_size__ = DEFINED (__stack_size__)?__stack_size__:0x1000
                [0x00000800]                __flash_nvram_size__ = DEFINED (__flash_nvram_size__)?__flash_nvram_size__:0x800
                0x80000000                PROVIDE (__executable_start, 0x80000000)
                0x80000000                . = 0x80000000

.interp
 *(.interp)

.reset          0x80000000     0x2010
 *(.reset)
 .reset         0x80000000        0x8 src/ASF/avr32/utils/startup/startup_uc3.o
                0x80000000                _start
 .reset         0x80000008     0x2008 src/ASF/avr32/utils/startup/trampoline_uc3.o
                0x80000008                _trampoline

.hash
 *(.hash)

.dynsym
 *(.dynsym)

.dynstr
 *(.dynstr)

.gnu.version
 *(.gnu.version)

.gnu.version_d
 *(.gnu.version_d)

.gnu.version_r
 *(.gnu.version_r)

.rel.init
 *(.rel.init)

.rela.init
 *(.rela.init)

.rel.text
 *(.rel.text .rel.text.* .rel.gnu.linkonce.t.*)

.rela.text
 *(.rela.text .rela.text.* .rela.gnu.linkonce.t.*)

.rel.fini
 *(.rel.fini)

.rela.fini
 *(.rela.fini)

.rel.rodata
 *(.rel.rodata .rel.rodata.* .rel.gnu.linkonce.r.*)

.rela.rodata
 *(.rela.rodata .rela.rodata.* .rela.gnu.linkonce.r.*)

.rel.data.rel.ro
 *(.rel.data.rel.ro*)

.rela.data.rel.ro
 *(.rel.data.rel.ro*)

.rel.data
 *(.rel.data .rel.data.* .rel.gnu.linkonce.d.*)

.rela.data
 *(.rela.data .rela.data.* .rela.gnu.linkonce.d.*)

.rel.tdata
 *(.rel.tdata .rel.tdata.* .rel.gnu.linkonce.td.*)

.rela.tdata
 *(.rela.tdata .rela.tdata.* .rela.gnu.linkonce.td.*)

.rel.tbss
 *(.rel.tbss .rel.tbss.* .rel.gnu.linkonce.tb.*)

.rela.tbss
 *(.rela.tbss .rela.tbss.* .rela.gnu.linkonce.tb.*)

.rel.ctors
 *(.rel.ctors)

.rela.ctors
 *(.rela.ctors)

.rel.dtors
 *(.rel.dtors)

.rela.dtors
 *(.rela.dtors)

.rel.got
 *(.rel.got)

.rela.got       0x80002010        0x0
 *(.rela.got)
 .rela.got      0x80002010        0x0 src/ASF/avr32/drivers/flashc/flashc.o

.rel.bss
 *(.rel.bss .rel.bss.* .rel.gnu.linkonce.b.*)

.rela.bss
 *(.rela.bss .rela.bss.* .rela.gnu.linkonce.b.*)

.rel.plt
 *(.rel.plt)

.rela.plt
 *(.rela.plt)

.init
 *(.init)

.plt
 *(.plt)

.text           0x80002010     0x8e2c
 *(.text .stub .text.* .gnu.linkonce.t.*)
 .text.io_pin   0x80002010       0x4c src/serial_id_ds2411.o
                0x80002010                io_pin
 .text.drive_DQ_low
                0x8000205c       0x50 src/serial_id_ds2411.o
                0x8000205c                drive_DQ_low
 .text.release_the_bus
                0x800020ac       0x44 src/serial_id_ds2411.o
                0x800020ac                release_the_bus
 .text.gpio_input
                0x800020f0       0x40 src/serial_id_ds2411.o
                0x800020f0                gpio_input
 .text.sample_line
                0x80002130       0x44 src/serial_id_ds2411.o
                0x80002130                sample_line
 .text.SetSpeed
                0x80002174       0xc0 src/serial_id_ds2411.o
                0x80002174                SetSpeed
 .text.OWTouchReset
                0x80002234      0x5d0 src/serial_id_ds2411.o
                0x80002234                OWTouchReset
 .text.drive_DQ_low_and_release_the_bus
                0x80002804      0x1ac src/serial_id_ds2411.o
                0x80002804                drive_DQ_low_and_release_the_bus
 .text.OWWriteBit
                0x800029b0      0x468 src/serial_id_ds2411.o
                0x800029b0                OWWriteBit
 .text.OWReadBit
                0x80002e18      0x2ec src/serial_id_ds2411.o
                0x80002e18                OWReadBit
 .text.OWWriteByte
                0x80003104       0x58 src/serial_id_ds2411.o
                0x80003104                OWWriteByte
 .text.OWReadByte
                0x8000315c       0x64 src/serial_id_ds2411.o
                0x8000315c                OWReadByte
 .text.crc8_add
                0x800031c0       0x78 src/serial_id_ds2411.o
                0x800031c0                crc8_add
 .text.init_ecdbg_rs232
                0x80003238       0x24 src/ec_print_funcs.o
                0x80003238                init_ecdbg_rs232
 .text.init_display_rs232
                0x8000325c       0x24 src/ec_print_funcs.o
                0x8000325c                init_display_rs232
 .text.init_ecdbg_rs232_ex
                0x80003280       0x5c src/ec_print_funcs.o
                0x80003280                init_ecdbg_rs232_ex
 .text.init_display_rs232_ex
                0x800032dc       0x5c src/ec_print_funcs.o
                0x800032dc                init_display_rs232_ex
 .text.print_ecdbg
                0x80003338       0x24 src/ec_print_funcs.o
                0x80003338                print_ecdbg
 .text.print    0x8000335c       0x28 src/ec_print_funcs.o
                0x8000335c                print
 .text.adcifa_get_calibration_data
                0x80003384       0x94 src/ASF/avr32/drivers/adcifa/adcifa.o
                0x80003384                adcifa_get_calibration_data
 .text.adcifa_configure
                0x80003418      0x164 src/ASF/avr32/drivers/adcifa/adcifa.o
                0x80003418                adcifa_configure
 .text.adcifa_configure_sequencer
                0x8000357c      0x510 src/ASF/avr32/drivers/adcifa/adcifa.o
                0x8000357c                adcifa_configure_sequencer
 .text.adcifa_start_sequencer
                0x80003a8c       0x44 src/ASF/avr32/drivers/adcifa/adcifa.o
                0x80003a8c                adcifa_start_sequencer
 .text.adcifa_check_eos
                0x80003ad0       0x48 src/ASF/avr32/drivers/adcifa/adcifa.o
                0x80003ad0                adcifa_check_eos
 .text.adcifa_get_values_from_sequencer
                0x80003b18       0xd8 src/ASF/avr32/drivers/adcifa/adcifa.o
                0x80003b18                adcifa_get_values_from_sequencer
 .text.flashc_get_flash_size
                0x80003bf0       0x40 src/ASF/avr32/drivers/flashc/flashc.o
                0x80003bf0                flashc_get_flash_size
 .text.flashc_is_ready
                0x80003c30       0x18 src/ASF/avr32/drivers/flashc/flashc.o
                0x80003c30                flashc_is_ready
 .text.flashc_default_wait_until_ready
                0x80003c48       0x1c src/ASF/avr32/drivers/flashc/flashc.o
                0x80003c48                flashc_default_wait_until_ready
 .text.flashc_get_error_status
                0x80003c64       0x16 src/ASF/avr32/drivers/flashc/flashc.o
 *fill*         0x80003c7a        0x2 d703d703
 .text.flashc_issue_command
                0x80003c7c       0x88 src/ASF/avr32/drivers/flashc/flashc.o
                0x80003c7c                flashc_issue_command
 .text.flashc_clear_page_buffer
                0x80003d04       0x18 src/ASF/avr32/drivers/flashc/flashc.o
                0x80003d04                flashc_clear_page_buffer
 .text.flashc_is_page_erased
                0x80003d1c       0x1a src/ASF/avr32/drivers/flashc/flashc.o
                0x80003d1c                flashc_is_page_erased
 *fill*         0x80003d36        0x2 d703d703
 .text.flashc_quick_page_read
                0x80003d38       0x2c src/ASF/avr32/drivers/flashc/flashc.o
                0x80003d38                flashc_quick_page_read
 .text.flashc_erase_page
                0x80003d64       0x68 src/ASF/avr32/drivers/flashc/flashc.o
                0x80003d64                flashc_erase_page
 .text.flashc_write_page
                0x80003dcc       0x20 src/ASF/avr32/drivers/flashc/flashc.o
                0x80003dcc                flashc_write_page
 .text.flashc_quick_user_page_read
                0x80003dec       0x24 src/ASF/avr32/drivers/flashc/flashc.o
                0x80003dec                flashc_quick_user_page_read
 .text.flashc_erase_user_page
                0x80003e10       0x3c src/ASF/avr32/drivers/flashc/flashc.o
                0x80003e10                flashc_erase_user_page
 .text.flashc_write_user_page
                0x80003e4c       0x18 src/ASF/avr32/drivers/flashc/flashc.o
                0x80003e4c                flashc_write_user_page
 .text.flashc_memset8
                0x80003e64       0x50 src/ASF/avr32/drivers/flashc/flashc.o
                0x80003e64                flashc_memset8
 .text.flashc_memset16
                0x80003eb4       0x4c src/ASF/avr32/drivers/flashc/flashc.o
                0x80003eb4                flashc_memset16
 .text.flashc_memset32
                0x80003f00       0x5c src/ASF/avr32/drivers/flashc/flashc.o
                0x80003f00                flashc_memset32
 .text.flashc_memset64
                0x80003f5c      0x428 src/ASF/avr32/drivers/flashc/flashc.o
                0x80003f5c                flashc_memset64
 .text.flashc_memcpy
                0x80004384      0x1b8 src/ASF/avr32/drivers/flashc/flashc.o
                0x80004384                flashc_memcpy
 .text.gpio_enable_module
                0x8000453c       0x70 src/ASF/avr32/drivers/gpio/gpio.o
                0x8000453c                gpio_enable_module
 .text.gpio_enable_module_pin
                0x800045ac      0x27c src/ASF/avr32/drivers/gpio/gpio.o
                0x800045ac                gpio_enable_module_pin
 .text.gpio_configure_pin
                0x80004828      0x29e src/ASF/avr32/drivers/gpio/gpio.o
                0x80004828                gpio_configure_pin
 .text.gpio_get_pin_value
                0x80004ac6       0x3c src/ASF/avr32/drivers/gpio/gpio.o
                0x80004ac6                gpio_get_pin_value
 .text.gpio_set_pin_high
                0x80004b02       0x3a src/ASF/avr32/drivers/gpio/gpio.o
                0x80004b02                gpio_set_pin_high
 .text.gpio_set_pin_low
                0x80004b3c       0x3a src/ASF/avr32/drivers/gpio/gpio.o
                0x80004b3c                gpio_set_pin_low
 .text.gpio_toggle_pin
                0x80004b76       0x3a src/ASF/avr32/drivers/gpio/gpio.o
                0x80004b76                gpio_toggle_pin
 .text._unhandled_interrupt
                0x80004bb0        0x8 src/ASF/avr32/drivers/intc/intc.o
 .text._get_interrupt_handler
                0x80004bb8       0x70 src/ASF/avr32/drivers/intc/intc.o
                0x80004bb8                _get_interrupt_handler
 .text.INTC_init_evba
                0x80004c28       0x14 src/ASF/avr32/drivers/intc/intc.o
 .text.INTC_init_interrupts
                0x80004c3c       0x9c src/ASF/avr32/drivers/intc/intc.o
                0x80004c3c                INTC_init_interrupts
 .text.INTC_register_interrupt
                0x80004cd8       0xd4 src/ASF/avr32/drivers/intc/intc.o
                0x80004cd8                INTC_register_interrupt
 .text.cpu_irq_save
                0x80004dac       0x1e src/ASF/avr32/drivers/twim/twim.o
 .text.cpu_irq_is_enabled_flags
                0x80004dca       0x20 src/ASF/avr32/drivers/twim/twim.o
 *fill*         0x80004dea        0x2 d703d703
 .text.cpu_irq_restore
                0x80004dec       0x28 src/ASF/avr32/drivers/twim/twim.o
 .text.twim_master_interrupt_handler
                0x80004e14      0x144 src/ASF/avr32/drivers/twim/twim.o
 .text.twim_set_speed
                0x80004f58       0xa8 src/ASF/avr32/drivers/twim/twim.o
                0x80004f58                twim_set_speed
 .text.twim_master_init
                0x80005000      0x110 src/ASF/avr32/drivers/twim/twim.o
                0x80005000                twim_master_init
 .text.twim_disable_interrupt
                0x80005110       0x44 src/ASF/avr32/drivers/twim/twim.o
                0x80005110                twim_disable_interrupt
 .text.twim_probe
                0x80005154       0x38 src/ASF/avr32/drivers/twim/twim.o
                0x80005154                twim_probe
 .text.twim_read_packet
                0x8000518c      0x17c src/ASF/avr32/drivers/twim/twim.o
                0x8000518c                twim_read_packet
 .text.twim_write_packet
                0x80005308      0x13c src/ASF/avr32/drivers/twim/twim.o
                0x80005308                twim_write_packet
 .text.twim_write
                0x80005444      0x104 src/ASF/avr32/drivers/twim/twim.o
                0x80005444                twim_write
 .text.twim_status
                0x80005548       0x30 src/ASF/avr32/drivers/twim/twim.o
                0x80005548                twim_status
 .text.cpu_irq_is_enabled_flags
                0x80005578       0x20 src/ASF/avr32/drivers/usart/usart.o
 .text.usart_set_async_baudrate
                0x80005598       0xd2 src/ASF/avr32/drivers/usart/usart.o
 *fill*         0x8000566a        0x2 d703d703
 .text.usart_reset
                0x8000566c       0x74 src/ASF/avr32/drivers/usart/usart.o
                0x8000566c                usart_reset
 .text.usart_init_rs232
                0x800056e0      0x170 src/ASF/avr32/drivers/usart/usart.o
                0x800056e0                usart_init_rs232
 .text.usart_write_char
                0x80005850       0x44 src/ASF/avr32/drivers/usart/usart.o
                0x80005850                usart_write_char
 .text.usart_putchar
                0x80005894       0x54 src/ASF/avr32/drivers/usart/usart.o
                0x80005894                usart_putchar
 .text.usart_write_line
                0x800058e8       0x40 src/ASF/avr32/drivers/usart/usart.o
                0x800058e8                usart_write_line
 .text._stext   0x80005928       0x50 src/ASF/avr32/utils/startup/startup_uc3.o
                0x80005928                _stext
 .text.cpu_irq_save
                0x80005978       0x1e src/ASF/common/services/clock/uc3c/osc.o
 .text.cpu_irq_is_enabled_flags
                0x80005996       0x20 src/ASF/common/services/clock/uc3c/osc.o
 *fill*         0x800059b6        0x2 d703d703
 .text.cpu_irq_restore
                0x800059b8       0x28 src/ASF/common/services/clock/uc3c/osc.o
 .text.osc_priv_enable_osc0
                0x800059e0       0x40 src/ASF/common/services/clock/uc3c/osc.o
                0x800059e0                osc_priv_enable_osc0
 .text.osc_priv_enable_osc32
                0x80005a20       0x40 src/ASF/common/services/clock/uc3c/osc.o
                0x80005a20                osc_priv_enable_osc32
 .text.osc_priv_enable_rc8m
                0x80005a60       0x84 src/ASF/common/services/clock/uc3c/osc.o
                0x80005a60                osc_priv_enable_rc8m
 .text.osc_priv_enable_rc120m
                0x80005ae4       0x40 src/ASF/common/services/clock/uc3c/osc.o
                0x80005ae4                osc_priv_enable_rc120m
 .text.cpu_irq_save
                0x80005b24       0x1e src/ASF/common/services/clock/uc3c/pll.o
 .text.cpu_irq_is_enabled_flags
                0x80005b42       0x20 src/ASF/common/services/clock/uc3c/pll.o
 *fill*         0x80005b62        0x2 d703d703
 .text.cpu_irq_restore
                0x80005b64       0x28 src/ASF/common/services/clock/uc3c/pll.o
 .text.pll_enable
                0x80005b8c       0x58 src/ASF/common/services/clock/uc3c/pll.o
                0x80005b8c                pll_enable
 .text.pll_disable
                0x80005be4       0x50 src/ASF/common/services/clock/uc3c/pll.o
                0x80005be4                pll_disable
 .text.cpu_irq_save
                0x80005c34       0x1e src/ASF/common/services/clock/uc3c/sysclk.o
 .text.cpu_irq_is_enabled_flags
                0x80005c52       0x20 src/ASF/common/services/clock/uc3c/sysclk.o
 *fill*         0x80005c72        0x2 d703d703
 .text.cpu_irq_restore
                0x80005c74       0x28 src/ASF/common/services/clock/uc3c/sysclk.o
 .text.sysclk_set_prescalers
                0x80005c9c      0x100 src/ASF/common/services/clock/uc3c/sysclk.o
                0x80005c9c                sysclk_set_prescalers
 .text.sysclk_set_source
                0x80005d9c       0x44 src/ASF/common/services/clock/uc3c/sysclk.o
                0x80005d9c                sysclk_set_source
 .text.twi_master_read
                0x80005de0       0x2c src/pca9952.o
 .text.twi_master_write
                0x80005e0c       0x2c src/pca9952.o
 .text.PCA9952_write_reg
                0x80005e38       0x84 src/pca9952.o
                0x80005e38                PCA9952_write_reg
 .text.PCA9952_read_reg
                0x80005ebc      0x1e0 src/pca9952.o
                0x80005ebc                PCA9952_read_reg
 .text.PCA9952_init
                0x8000609c       0xdc src/pca9952.o
                0x8000609c                PCA9952_init
 .text.PCA9952_channel
                0x80006178      0x180 src/pca9952.o
                0x80006178                PCA9952_channel
 .text.led_shelf
                0x800062f8      0x158 src/pca9952.o
                0x800062f8                led_shelf
 .text          0x80006450      0x1a0 src/main.o
 .text.osc_enable
                0x800065f0       0x58 src/main.o
 .text.osc_is_ready
                0x80006648       0x7c src/main.o
 .text.osc_get_rate
                0x800066c4       0x62 src/main.o
 *fill*         0x80006726        0x2 d703d703
 .text.osc_wait_ready
                0x80006728       0x2c src/main.o
 .text.pll_config_set_option
                0x80006754       0x30 src/main.o
 .text.pll_config_init
                0x80006784       0xe0 src/main.o
 .text.pll_is_locked
                0x80006864       0x2e src/main.o
 *fill*         0x80006892        0x2 d703d703
 .text.pll_wait_for_lock
                0x80006894       0x2c src/main.o
 .text.display_text
                0x800068c0       0x58 src/main.o
                0x800068c0                display_text
 .text.chassis_error
                0x80006918       0x14 src/main.o
                0x80006918                chassis_error
 .text.init_io  0x8000692c       0xc4 src/main.o
                0x8000692c                init_io
 .text.read_led_board_serial_ids
                0x800069f0      0x27c src/main.o
                0x800069f0                read_led_board_serial_ids
 .text.check_led_brd_side_lifetime
                0x80006c6c      0x1b0 src/main.o
                0x80006c6c                check_led_brd_side_lifetime
 .text.check_led_brd_side_lifetimes
                0x80006e1c       0x98 src/main.o
                0x80006e1c                check_led_brd_side_lifetimes
 .text.adc_process_task
                0x80006eb4       0x98 src/main.o
                0x80006eb4                adc_process_task
 .text.check_shelf_for_devices
                0x80006f4c      0x1a4 src/main.o
                0x80006f4c                check_shelf_for_devices
 .text.check_shelves_for_devices
                0x800070f0       0x74 src/main.o
                0x800070f0                check_shelves_for_devices
 .text.set_shelves_active_inactive
                0x80007164      0x2ec src/main.o
                0x80007164                set_shelves_active_inactive
 .text.num_active_shelves
                0x80007450       0x14 src/main.o
                0x80007450                num_active_shelves
 .text.init_sys_clocks
                0x80007464       0x60 src/main.o
                0x80007464                init_sys_clocks
 .text.adc_process_init
                0x800074c4       0x4c src/main.o
                0x800074c4                adc_process_init
 .text.twi_init
                0x80007510       0x80 src/main.o
 .text.calc_sanitize_time
                0x80007590       0xd0 src/main.o
                0x80007590                calc_sanitize_time
 .text.door_latch_open_kill_all_shelves
                0x80007660       0x30 src/main.o
                0x80007660                door_latch_open_kill_all_shelves
 .text.usage_idx
                0x80007690      0x234 src/main.o
                0x80007690                usage_idx
 .text.load_usage_indeces
                0x800078c4       0xe0 src/main.o
                0x800078c4                load_usage_indeces
 .text.read_usage_struct
                0x800079a4       0x94 src/main.o
                0x800079a4                read_usage_struct
 .text.test_flash
                0x80007a38       0xe4 src/main.o
                0x80007a38                test_flash
 .text.find_first_open_usage_slot
                0x80007b1c       0x74 src/main.o
                0x80007b1c                find_first_open_usage_slot
 .text.add_new_led_board_sides_to_usage
                0x80007b90      0x194 src/main.o
                0x80007b90                add_new_led_board_sides_to_usage
 .text.calc_usage_csum
                0x80007d24      0x398 src/main.o
                0x80007d24                calc_usage_csum
 .text.copy_usage_to_usage
                0x800080bc       0x58 src/main.o
                0x800080bc                copy_usage_to_usage
 .text.write_usage_to_flash
                0x80008114       0x54 src/main.o
                0x80008114                write_usage_to_flash
 .text.calc_usage_current_led_boards
                0x80008168      0x264 src/main.o
                0x80008168                calc_usage_current_led_boards
 .text.increment_ledBoard_usage_min
                0x800083cc      0x3b0 src/main.o
                0x800083cc                increment_ledBoard_usage_min
 .text.init_shelf_n_ledBrd_structs
                0x8000877c      0x2d0 src/main.o
                0x8000877c                init_shelf_n_ledBrd_structs
 .text.load_usageIdx_to_ledBrdSide
                0x80008a4c       0x68 src/main.o
                0x80008a4c                load_usageIdx_to_ledBrdSide
 .text.init_led_board_info
                0x80008ab4      0x2fc src/main.o
                0x80008ab4                init_led_board_info
 .text.main     0x80008db0     0x155c src/main.o
                0x80008db0                main
 .text          0x8000a30c      0x1d4 c:/program files (x86)/atmel/atmel toolchain/avr32 gcc/native/3.4.1067/avr32-gnu-toolchain/bin/../lib/gcc/avr32/4.4.7/ucr3fp\libgcc.a(_avr32_f64_mul.o)
                0x8000a30c                __avr32_f64_mul
 .text          0x8000a4e0      0x2b0 c:/program files (x86)/atmel/atmel toolchain/avr32 gcc/native/3.4.1067/avr32-gnu-toolchain/bin/../lib/gcc/avr32/4.4.7/ucr3fp\libgcc.a(_avr32_f64_addsub.o)
                0x8000a4e4                __avr32_f64_sub
                0x8000a680                __avr32_f64_add
 .text          0x8000a790       0xe8 c:/program files (x86)/atmel/atmel toolchain/avr32 gcc/native/3.4.1067/avr32-gnu-toolchain/bin/../lib/gcc/avr32/4.4.7/ucr3fp\libgcc.a(_avr32_s32_to_f64.o)
                0x8000a790                __avr32_u32_to_f64
                0x8000a798                __avr32_s32_to_f64
 .text          0x8000a878      0x160 c:/program files (x86)/atmel/atmel toolchain/avr32 gcc/native/3.4.1067/avr32-gnu-toolchain/bin/../lib/gcc/avr32/4.4.7/ucr3fp\libgcc.a(_avr32_f32_div.o)
                0x8000a878                __avr32_f32_div
 .text          0x8000a9d8       0x8a c:/program files (x86)/atmel/atmel toolchain/avr32 gcc/native/3.4.1067/avr32-gnu-toolchain/bin/../lib/gcc/avr32/4.4.7/ucr3fp\libgcc.a(_avr32_f64_to_f32.o)
                0x8000a9d8                __avr32_f64_to_f32
 .text          0x8000aa62      0x264 c:/program files (x86)/atmel/atmel toolchain/avr32 gcc/native/3.4.1067/avr32-gnu-toolchain/bin/../lib/gcc/avr32/4.4.7/ucr3fp\libgcc.a(_udivdi3.o)
                0x8000aa62                __avr32_udiv64
                0x8000aa62                __udivdi3
 .text          0x8000acc6      0x148 c:/program files (x86)/atmel/atmel toolchain/avr32 gcc/native/3.4.1067/avr32-gnu-toolchain/bin/../lib/gcc/avr32/4.4.7/../../../../avr32/lib/ucr3fp\libc.a(lib_a-memcpy.o)
                0x8000acc6                memcpy
 .text.memset   0x8000ae0e        0xe c:/program files (x86)/atmel/atmel toolchain/avr32 gcc/native/3.4.1067/avr32-gnu-toolchain/bin/../lib/gcc/avr32/4.4.7/../../../../avr32/lib/ucr3fp\libc.a(lib_a-memset.o)
                0x8000ae0e                memset
 .text          0x8000ae1c       0x20 c:/program files (x86)/atmel/atmel toolchain/avr32 gcc/native/3.4.1067/avr32-gnu-toolchain/bin/../lib/gcc/avr32/4.4.7/../../../../avr32/lib/ucr3fp\libc.a(lib_a-strncpy.o)
                0x8000ae1c                strncpy
 *(.text.*personality*)
 *(.gnu.warning)

.exception      0x8000b000      0x200
 .exception     0x8000b000      0x200 src/ASF/avr32/drivers/intc/exception.o
                0x8000b000                _evba
                0x8000b104                _int0
                0x8000b112                _int1
                0x8000b120                _int2
                0x8000b12e                _int3

.fini
 *(.fini)
                0x8000b200                PROVIDE (__etext, .)
                0x8000b200                PROVIDE (_etext, .)
                0x8000b200                PROVIDE (etext, .)

.rodata         0x8000b200      0x250
 *(.rodata .rodata.* .gnu.linkonce.r.*)
 .rodata.DISPLAY_USART_GPIO_MAP.14651
                0x8000b200       0x10 src/ec_print_funcs.o
 .rodata.ECDBG_USART_GPIO_MAP.14645
                0x8000b210       0x10 src/ec_print_funcs.o
 .rodata.C.35.14269
                0x8000b220       0x1e src/ASF/avr32/drivers/flashc/flashc.o
 *fill*         0x8000b23e        0x2 
 .rodata.gpio_enable_module_pin
                0x8000b240       0x20 src/ASF/avr32/drivers/gpio/gpio.o
 .rodata._int_handler_table
                0x8000b260      0x178 src/ASF/avr32/drivers/intc/intc.o
 .rodata.main   0x8000b3d8       0x24 src/main.o
 .rodata.C.102.16854
                0x8000b3fc        0x4 src/main.o
 .rodata.C.96.16684
                0x8000b400       0x10 src/main.o
 .rodata.C.97.16685
                0x8000b410       0x10 src/main.o
 .rodata.ADCIFA_GPIO_MAP.16674
                0x8000b420       0x30 src/main.o

.rodata1
 *(.rodata1)

.eh_frame_hdr
 *(.eh_frame_hdr)

.eh_frame
 *(.eh_frame)

.gcc_except_table
 *(.gcc_except_table)
 *(.gcc_except_table.*)

.lalign         0x8000b450        0x0
                0x8000b450                . = ALIGN (0x8)
                0x8000b450                PROVIDE (_data_lma, .)
                0x00000004                . = ORIGIN (INTRAM)

.dalign         0x00000004        0x4
                0x00000008                . = ALIGN (0x8)
 *fill*         0x00000004        0x4 
                0x00000008                PROVIDE (_data, .)

.eh_frame
 *(.eh_frame)

.gcc_except_table
 *(.gcc_except_table)
 *(.gcc_except_table.*)

.tdata
 *(.tdata .tdata.* .gnu.linkonce.td.*)

.tbss
 *(.tbss .tbss.* .gnu.linkonce.tb.*)
 *(.tcommon)
                0x00000008                PROVIDE (__preinit_array_start, ALIGN (0x4))

.preinit_array
 *(.preinit_array)
                0x00000008                PROVIDE (__preinit_array_end, .)
                0x00000008                PROVIDE (__init_array_start, .)

.init_array
 *(.init_array)
                0x00000008                PROVIDE (__init_array_end, .)
                0x00000008                PROVIDE (__fini_array_start, .)

.fini_array
 *(.fini_array)
                0x00000008                PROVIDE (__fini_array_end, .)

.ctors
 *crtbegin*.o(.ctors)
 *(EXCLUDE_FILE(*crtend*.o) .ctors)
 *(SORT(.ctors.*))
 *(.ctors)

.dtors
 *crtbegin*.o(.dtors)
 *(EXCLUDE_FILE(*crtend*.o) .dtors)
 *(SORT(.dtors.*))
 *(.dtors)

.jcr
 *(.jcr)

.data.rel.ro
 *(.data.rel.ro.local)
 *(.data.rel.ro*)

.dynamic
 *(.dynamic)

.got
 *(.got.plt)
 *(.got)

.ramtext
 *(.ramtext .ramtext.*)

.ddalign        0x00000008        0x0 load address 0x8000b450
                0x00000008                . = ALIGN (0x8)

.data           0x00000008       0xa9 load address 0x8000b450
 *(.data .data.* .gnu.linkonce.d.*)
 .data.flashc_wait_until_ready
                0x00000008        0x4 src/ASF/avr32/drivers/flashc/flashc.o
                0x00000008                flashc_wait_until_ready
 .data.CMD_READY
                0x0000000c        0x8 src/main.o
                0x0000000c                CMD_READY
 .data.CMD_CLEAN
                0x00000014        0x8 src/main.o
                0x00000014                CMD_CLEAN
 .data.CMD_CLEANING
                0x0000001c        0x8 src/main.o
                0x0000001c                CMD_CLEANING
 .data.CMD_DIRTY
                0x00000024        0x8 src/main.o
                0x00000024                CMD_DIRTY
 .data.CMD_ERROR
                0x0000002c        0x8 src/main.o
                0x0000002c                CMD_ERROR
 .data.CMD_SHELF1
                0x00000034        0x8 src/main.o
                0x00000034                CMD_SHELF1
 .data.CMD_SHELF2
                0x0000003c        0x8 src/main.o
                0x0000003c                CMD_SHELF2
 .data.CMD_SHELF3
                0x00000044        0x8 src/main.o
                0x00000044                CMD_SHELF3
 .data.CMD_SHELF4
                0x0000004c        0x8 src/main.o
                0x0000004c                CMD_SHELF4
 .data.CMD_CLEAR
                0x00000054        0x8 src/main.o
                0x00000054                CMD_CLEAR
 .data.cmdPtrArray
                0x0000005c       0x28 src/main.o
                0x0000005c                cmdPtrArray
 .data.adc_config_t
                0x00000084       0x14 src/main.o
                0x00000084                adc_config_t
 .data.adcifa_sequence_opt
                0x00000098        0x7 src/main.o
                0x00000098                adcifa_sequence_opt
 .data.adcifa_sequence_conversion_opt_seq0_shelf
                0x0000009f        0xc src/main.o
                0x0000009f                adcifa_sequence_conversion_opt_seq0_shelf
 *fill*         0x000000ab        0x1 
 .data.adcifa   0x000000ac        0x4 src/main.o
                0x000000ac                adcifa
 .data.firstTimeThrough
                0x000000b0        0x1 src/main.o
                0x000000b0                firstTimeThrough
 *(.gnu.linkonce.d.*personality*)

.data1
 *(.data1)

.balign         0x000000b1        0x7 load address 0x8000b4f9
                0x000000b8                . = ALIGN (0x8)
 *fill*         0x000000b1        0x7 
                0x000000b8                PROVIDE (_edata, .)
                0x000000b8                PROVIDE (edata, .)
                0x000000b8                __bss_start = .

.bss            0x000000b8      0xaa0
 *(.dynbss)
 *(.bss .bss.* .gnu.linkonce.b.*)
 .bss.adcifa_seq1_configured
                0x000000b8        0x1 src/ASF/avr32/drivers/adcifa/adcifa.o
 *fill*         0x000000b9        0x3 
 .bss.flashc_error_status
                0x000000bc        0x4 src/ASF/avr32/drivers/flashc/flashc.o
 .bss._int_line_handler_table_0
                0x000000c0        0x4 src/ASF/avr32/drivers/intc/intc.o
 .bss._int_line_handler_table_1
                0x000000c4        0x8 src/ASF/avr32/drivers/intc/intc.o
 .bss._int_line_handler_table_2
                0x000000cc        0x4 src/ASF/avr32/drivers/intc/intc.o
 .bss._int_line_handler_table_3
                0x000000d0       0x10 src/ASF/avr32/drivers/intc/intc.o
 .bss._int_line_handler_table_4
                0x000000e0       0x10 src/ASF/avr32/drivers/intc/intc.o
 .bss._int_line_handler_table_5
                0x000000f0       0x10 src/ASF/avr32/drivers/intc/intc.o
 .bss._int_line_handler_table_6
                0x00000100       0x10 src/ASF/avr32/drivers/intc/intc.o
 .bss._int_line_handler_table_7
                0x00000110        0x4 src/ASF/avr32/drivers/intc/intc.o
 .bss._int_line_handler_table_8
                0x00000114        0x4 src/ASF/avr32/drivers/intc/intc.o
 .bss._int_line_handler_table_9
                0x00000118       0x28 src/ASF/avr32/drivers/intc/intc.o
 .bss._int_line_handler_table_10
                0x00000140        0x4 src/ASF/avr32/drivers/intc/intc.o
 .bss._int_line_handler_table_11
                0x00000144        0x4 src/ASF/avr32/drivers/intc/intc.o
 .bss._int_line_handler_table_12
                0x00000148        0x4 src/ASF/avr32/drivers/intc/intc.o
 .bss._int_line_handler_table_13
                0x0000014c        0x4 src/ASF/avr32/drivers/intc/intc.o
 .bss._int_line_handler_table_14
                0x00000150       0x14 src/ASF/avr32/drivers/intc/intc.o
 .bss._int_line_handler_table_15
                0x00000164       0x10 src/ASF/avr32/drivers/intc/intc.o
 .bss._int_line_handler_table_16
                0x00000174       0x10 src/ASF/avr32/drivers/intc/intc.o
 .bss._int_line_handler_table_17
                0x00000184        0x4 src/ASF/avr32/drivers/intc/intc.o
 .bss._int_line_handler_table_18
                0x00000188       0x40 src/ASF/avr32/drivers/intc/intc.o
 .bss._int_line_handler_table_19
                0x000001c8        0x4 src/ASF/avr32/drivers/intc/intc.o
 .bss._int_line_handler_table_20
                0x000001cc        0x4 src/ASF/avr32/drivers/intc/intc.o
 .bss._int_line_handler_table_21
                0x000001d0        0x4 src/ASF/avr32/drivers/intc/intc.o
 .bss._int_line_handler_table_22
                0x000001d4        0x4 src/ASF/avr32/drivers/intc/intc.o
 .bss._int_line_handler_table_23
                0x000001d8        0x4 src/ASF/avr32/drivers/intc/intc.o
 .bss._int_line_handler_table_24
                0x000001dc        0x4 src/ASF/avr32/drivers/intc/intc.o
 .bss._int_line_handler_table_25
                0x000001e0        0x4 src/ASF/avr32/drivers/intc/intc.o
 .bss._int_line_handler_table_26
                0x000001e4        0x4 src/ASF/avr32/drivers/intc/intc.o
 .bss._int_line_handler_table_27
                0x000001e8        0x4 src/ASF/avr32/drivers/intc/intc.o
 .bss._int_line_handler_table_28
                0x000001ec        0x4 src/ASF/avr32/drivers/intc/intc.o
 .bss._int_line_handler_table_29
                0x000001f0        0x4 src/ASF/avr32/drivers/intc/intc.o
 .bss._int_line_handler_table_30
                0x000001f4        0x4 src/ASF/avr32/drivers/intc/intc.o
 .bss._int_line_handler_table_31
                0x000001f8        0x4 src/ASF/avr32/drivers/intc/intc.o
 .bss._int_line_handler_table_32
                0x000001fc        0x4 src/ASF/avr32/drivers/intc/intc.o
 .bss._int_line_handler_table_33
                0x00000200        0xc src/ASF/avr32/drivers/intc/intc.o
 .bss._int_line_handler_table_34
                0x0000020c        0xc src/ASF/avr32/drivers/intc/intc.o
 .bss._int_line_handler_table_35
                0x00000218        0x8 src/ASF/avr32/drivers/intc/intc.o
 .bss._int_line_handler_table_36
                0x00000220       0x18 src/ASF/avr32/drivers/intc/intc.o
 .bss._int_line_handler_table_37
                0x00000238        0x4 src/ASF/avr32/drivers/intc/intc.o
 .bss._int_line_handler_table_38
                0x0000023c        0x4 src/ASF/avr32/drivers/intc/intc.o
 .bss._int_line_handler_table_39
                0x00000240       0x18 src/ASF/avr32/drivers/intc/intc.o
 .bss._int_line_handler_table_40
                0x00000258       0x18 src/ASF/avr32/drivers/intc/intc.o
 .bss._int_line_handler_table_41
                0x00000270        0x4 src/ASF/avr32/drivers/intc/intc.o
 .bss._int_line_handler_table_42
                0x00000274        0x4 src/ASF/avr32/drivers/intc/intc.o
 .bss._int_line_handler_table_43
                0x00000278        0x4 src/ASF/avr32/drivers/intc/intc.o
 .bss._int_line_handler_table_44
                0x0000027c        0x4 src/ASF/avr32/drivers/intc/intc.o
 .bss._int_line_handler_table_45
                0x00000280        0x4 src/ASF/avr32/drivers/intc/intc.o
 .bss._int_line_handler_table_46
                0x00000284        0x4 src/ASF/avr32/drivers/intc/intc.o
 .bss.twim_inst
                0x00000288        0x4 src/ASF/avr32/drivers/twim/twim.o
 .bss.twim_tx_data
                0x0000028c        0x4 src/ASF/avr32/drivers/twim/twim.o
 .bss.twim_rx_data
                0x00000290        0x4 src/ASF/avr32/drivers/twim/twim.o
 .bss.transfer_status
                0x00000294        0x4 src/ASF/avr32/drivers/twim/twim.o
 .bss.twim_tx_nb_bytes
                0x00000298        0x4 src/ASF/avr32/drivers/twim/twim.o
 .bss.twim_rx_nb_bytes
                0x0000029c        0x4 src/ASF/avr32/drivers/twim/twim.o
 .bss.twim_it_mask
                0x000002a0        0x4 src/ASF/avr32/drivers/twim/twim.o
 .bss.twim_package
                0x000002a4        0x4 src/ASF/avr32/drivers/twim/twim.o
 .bss.twim_next
                0x000002a8        0x1 src/ASF/avr32/drivers/twim/twim.o
 *fill*         0x000002a9        0x3 
 .bss.cpu_hz    0x000002ac        0x4 src/pca9952.o
 .bss.topEflag0
                0x000002b0        0x1 src/main.o
                0x000002b0                topEflag0
 .bss.topEflag1
                0x000002b1        0x1 src/main.o
                0x000002b1                topEflag1
 .bss.botEflag0
                0x000002b2        0x1 src/main.o
                0x000002b2                botEflag0
 .bss.botEflag1
                0x000002b3        0x1 src/main.o
                0x000002b3                botEflag1
 .bss.displayIdx.17276
                0x000002b4        0x1 src/main.o
 *(COMMON)
 *fill*         0x000002b5        0x3 
 COMMON         0x000002b8       0x28 src/serial_id_ds2411.o
                0x000002b8                D
                0x000002bc                A
                0x000002c0                B
                0x000002c4                J
                0x000002c8                C
                0x000002cc                G
                0x000002d0                H
                0x000002d4                E
                0x000002d8                I
                0x000002dc                F
 COMMON         0x000002e0      0x874 src/main.o
                0x000002e0                displayTimerSeconds
                0x000002e4                zoom_view_id
                0x000002e8                bluesense_buf
                0x000002f0                adc_values_seq0
                0x000002f2                ledBrd
                0x00000338                shelf
                0x0000034c                sanitizeTimer
                0x00000358                sanitizeMinutes
                0x0000035c                adc_current_conversion
                0x00000360                tmpSanitizeMinutes
                0x00000364                usageIdx
                0x00000374                debugTimer
                0x00000380                usageShdw
                0x00000b04                displayTimer
                0x00000b10                cleanTimer
                0x00000b1c                ledBrdSide
                0x00000b44                electroclaveState
                0x00000b45                pingPong
                0x00000b46                numActiveShelves
                0x00000b48                oneMinuteTimer
                0x00000b58                . = ALIGN (0x8)
 *fill*         0x00000b54        0x4 
                0x00000b58                . = ALIGN (0x8)
                0x00000b58                _end = .
                0x00000b58                PROVIDE (end, .)
                0x00000b58                __heap_start__ = ALIGN (0x8)

.heap           0x00000b58     0xe4a8
 *(.heap)
                0x0000e4a8                . = (__heap_size__ == __max_heap_size__)?(((ORIGIN (INTRAM) + 0xfffc) - __stack_size__) - ABSOLUTE (.)):__heap_size__
 *fill*         0x00000b58     0xe4a8 
                0x0000f000                __heap_end__ = .

.stab
 *(.stab)

.stabstr
 *(.stabstr)

.stab.excl
 *(.stab.excl)

.stab.exclstr
 *(.stab.exclstr)

.stab.index
 *(.stab.index)

.stab.indexstr
 *(.stab.indexstr)

.comment        0x00000000       0x30
 *(.comment)
 .comment       0x00000000       0x30 src/serial_id_ds2411.o
                                 0x31 (size before relaxing)
 .comment       0x00000000       0x31 src/ec_print_funcs.o
 .comment       0x00000000       0x31 src/ASF/avr32/drivers/adcifa/adcifa.o
 .comment       0x00000000       0x31 src/ASF/avr32/drivers/flashc/flashc.o
 .comment       0x00000000       0x31 src/ASF/avr32/drivers/gpio/gpio.o
 .comment       0x00000000       0x31 src/ASF/avr32/drivers/intc/intc.o
 .comment       0x00000000       0x31 src/ASF/avr32/drivers/twim/twim.o
 .comment       0x00000000       0x31 src/ASF/avr32/drivers/usart/usart.o
 .comment       0x00000000       0x31 src/ASF/common/services/clock/uc3c/osc.o
 .comment       0x00000000       0x31 src/ASF/common/services/clock/uc3c/pll.o
 .comment       0x00000000       0x31 src/ASF/common/services/clock/uc3c/sysclk.o
 .comment       0x00000000       0x31 src/pca9952.o
 .comment       0x00000000       0x31 src/main.o
 .comment       0x00000000       0x31 c:/program files (x86)/atmel/atmel toolchain/avr32 gcc/native/3.4.1067/avr32-gnu-toolchain/bin/../lib/gcc/avr32/4.4.7/ucr3fp\libgcc.a(_udivdi3.o)
 .comment       0x00000000       0x31 c:/program files (x86)/atmel/atmel toolchain/avr32 gcc/native/3.4.1067/avr32-gnu-toolchain/bin/../lib/gcc/avr32/4.4.7/../../../../avr32/lib/ucr3fp\libc.a(lib_a-memset.o)

.debug
 *(.debug)

.line
 *(.line)

.debug_srcinfo
 *(.debug_srcinfo)

.debug_sfnames
 *(.debug_sfnames)

.debug_aranges  0x00000000      0xa60
 *(.debug_aranges)
 .debug_aranges
                0x00000000       0x98 src/serial_id_ds2411.o
 .debug_aranges
                0x00000098       0xc8 src/ec_print_funcs.o
 .debug_aranges
                0x00000160       0x88 src/ASF/avr32/drivers/adcifa/adcifa.o
 .debug_aranges
                0x000001e8      0x228 src/ASF/avr32/drivers/flashc/flashc.o
 .debug_aranges
                0x00000410      0x128 src/ASF/avr32/drivers/gpio/gpio.o
 .debug_aranges
                0x00000538       0x20 src/ASF/avr32/drivers/intc/exception.o
 .debug_aranges
                0x00000558       0x40 src/ASF/avr32/drivers/intc/intc.o
 .debug_aranges
                0x00000598       0x88 src/ASF/avr32/drivers/twim/twim.o
 .debug_aranges
                0x00000620      0x108 src/ASF/avr32/drivers/usart/usart.o
 .debug_aranges
                0x00000728       0x28 src/ASF/avr32/utils/startup/startup_uc3.o
 .debug_aranges
                0x00000750       0x20 src/ASF/avr32/utils/startup/trampoline_uc3.o
 .debug_aranges
                0x00000770       0x70 src/ASF/common/services/clock/uc3c/osc.o
 .debug_aranges
                0x000007e0       0x48 src/ASF/common/services/clock/uc3c/pll.o
 .debug_aranges
                0x00000828       0x58 src/ASF/common/services/clock/uc3c/sysclk.o
 .debug_aranges
                0x00000880       0x50 src/pca9952.o
 .debug_aranges
                0x000008d0      0x150 src/main.o
 .debug_aranges
                0x00000a20       0x20 c:/program files (x86)/atmel/atmel toolchain/avr32 gcc/native/3.4.1067/avr32-gnu-toolchain/bin/../lib/gcc/avr32/4.4.7/ucr3fp\libgcc.a(_udivdi3.o)
 .debug_aranges
                0x00000a40       0x20 c:/program files (x86)/atmel/atmel toolchain/avr32 gcc/native/3.4.1067/avr32-gnu-toolchain/bin/../lib/gcc/avr32/4.4.7/../../../../avr32/lib/ucr3fp\libc.a(lib_a-memset.o)

.debug_pubnames
                0x00000000     0x1bbf
 *(.debug_pubnames)
 .debug_pubnames
                0x00000000      0x159 src/serial_id_ds2411.o
 .debug_pubnames
                0x00000159      0x1de src/ec_print_funcs.o
 .debug_pubnames
                0x00000337      0x193 src/ASF/avr32/drivers/adcifa/adcifa.o
 .debug_pubnames
                0x000004ca      0x79d src/ASF/avr32/drivers/flashc/flashc.o
 .debug_pubnames
                0x00000c67      0x3aa src/ASF/avr32/drivers/gpio/gpio.o
 .debug_pubnames
                0x00001011       0x62 src/ASF/avr32/drivers/intc/intc.o
 .debug_pubnames
                0x00001073       0xd6 src/ASF/avr32/drivers/twim/twim.o
 .debug_pubnames
                0x00001149      0x227 src/ASF/avr32/drivers/usart/usart.o
 .debug_pubnames
                0x00001370       0xe4 src/ASF/common/services/clock/uc3c/osc.o
 .debug_pubnames
                0x00001454       0x46 src/ASF/common/services/clock/uc3c/pll.o
 .debug_pubnames
                0x0000149a       0x8f src/ASF/common/services/clock/uc3c/sysclk.o
 .debug_pubnames
                0x00001529       0x70 src/pca9952.o
 .debug_pubnames
                0x00001599      0x5e9 src/main.o
 .debug_pubnames
                0x00001b82       0x20 c:/program files (x86)/atmel/atmel toolchain/avr32 gcc/native/3.4.1067/avr32-gnu-toolchain/bin/../lib/gcc/avr32/4.4.7/ucr3fp\libgcc.a(_udivdi3.o)
 .debug_pubnames
                0x00001ba2       0x1d c:/program files (x86)/atmel/atmel toolchain/avr32 gcc/native/3.4.1067/avr32-gnu-toolchain/bin/../lib/gcc/avr32/4.4.7/../../../../avr32/lib/ucr3fp\libc.a(lib_a-memset.o)

.debug_info     0x00000000    0x195c6
 *(.debug_info .gnu.linkonce.wi.*)
 .debug_info    0x00000000      0xd3e src/serial_id_ds2411.o
 .debug_info    0x00000d3e     0x2b7c src/ec_print_funcs.o
 .debug_info    0x000038ba     0x1e8a src/ASF/avr32/drivers/adcifa/adcifa.o
 .debug_info    0x00005744     0x1d16 src/ASF/avr32/drivers/flashc/flashc.o
 .debug_info    0x0000745a      0xf72 src/ASF/avr32/drivers/gpio/gpio.o
 .debug_info    0x000083cc       0xb8 src/ASF/avr32/drivers/intc/exception.o
 .debug_info    0x00008484      0x835 src/ASF/avr32/drivers/intc/intc.o
 .debug_info    0x00008cb9     0x1206 src/ASF/avr32/drivers/twim/twim.o
 .debug_info    0x00009ebf     0x3117 src/ASF/avr32/drivers/usart/usart.o
 .debug_info    0x0000cfd6       0xb7 src/ASF/avr32/utils/startup/startup_uc3.o
 .debug_info    0x0000d08d       0xbe src/ASF/avr32/utils/startup/trampoline_uc3.o
 .debug_info    0x0000d14b     0x131d src/ASF/common/services/clock/uc3c/osc.o
 .debug_info    0x0000e468     0x1295 src/ASF/common/services/clock/uc3c/pll.o
 .debug_info    0x0000f6fd      0xeac src/ASF/common/services/clock/uc3c/sysclk.o
 .debug_info    0x000105a9     0x10c4 src/pca9952.o
 .debug_info    0x0001166d     0x7911 src/main.o
 .debug_info    0x00018f7e      0x57b c:/program files (x86)/atmel/atmel toolchain/avr32 gcc/native/3.4.1067/avr32-gnu-toolchain/bin/../lib/gcc/avr32/4.4.7/ucr3fp\libgcc.a(_udivdi3.o)
 .debug_info    0x000194f9       0xcd c:/program files (x86)/atmel/atmel toolchain/avr32 gcc/native/3.4.1067/avr32-gnu-toolchain/bin/../lib/gcc/avr32/4.4.7/../../../../avr32/lib/ucr3fp\libc.a(lib_a-memset.o)

.debug_abbrev   0x00000000     0x1d64
 *(.debug_abbrev)
 .debug_abbrev  0x00000000      0x214 src/serial_id_ds2411.o
 .debug_abbrev  0x00000214      0x1d0 src/ec_print_funcs.o
 .debug_abbrev  0x000003e4      0x1c2 src/ASF/avr32/drivers/adcifa/adcifa.o
 .debug_abbrev  0x000005a6      0x285 src/ASF/avr32/drivers/flashc/flashc.o
 .debug_abbrev  0x0000082b      0x23f src/ASF/avr32/drivers/gpio/gpio.o
 .debug_abbrev  0x00000a6a       0x14 src/ASF/avr32/drivers/intc/exception.o
 .debug_abbrev  0x00000a7e      0x1b6 src/ASF/avr32/drivers/intc/intc.o
 .debug_abbrev  0x00000c34      0x1ed src/ASF/avr32/drivers/twim/twim.o
 .debug_abbrev  0x00000e21      0x266 src/ASF/avr32/drivers/usart/usart.o
 .debug_abbrev  0x00001087       0x12 src/ASF/avr32/utils/startup/startup_uc3.o
 .debug_abbrev  0x00001099       0x14 src/ASF/avr32/utils/startup/trampoline_uc3.o
 .debug_abbrev  0x000010ad      0x170 src/ASF/common/services/clock/uc3c/osc.o
 .debug_abbrev  0x0000121d      0x1a6 src/ASF/common/services/clock/uc3c/pll.o
 .debug_abbrev  0x000013c3      0x164 src/ASF/common/services/clock/uc3c/sysclk.o
 .debug_abbrev  0x00001527      0x26e src/pca9952.o
 .debug_abbrev  0x00001795      0x3f0 src/main.o
 .debug_abbrev  0x00001b85      0x15a c:/program files (x86)/atmel/atmel toolchain/avr32 gcc/native/3.4.1067/avr32-gnu-toolchain/bin/../lib/gcc/avr32/4.4.7/ucr3fp\libgcc.a(_udivdi3.o)
 .debug_abbrev  0x00001cdf       0x85 c:/program files (x86)/atmel/atmel toolchain/avr32 gcc/native/3.4.1067/avr32-gnu-toolchain/bin/../lib/gcc/avr32/4.4.7/../../../../avr32/lib/ucr3fp\libc.a(lib_a-memset.o)

.debug_line     0x00000000     0x8fbb
 *(.debug_line)
 .debug_line    0x00000000      0xb1a src/serial_id_ds2411.o
 .debug_line    0x00000b1a      0x99b src/ec_print_funcs.o
 .debug_line    0x000014b5      0x917 src/ASF/avr32/drivers/adcifa/adcifa.o
 .debug_line    0x00001dcc      0xd3b src/ASF/avr32/drivers/flashc/flashc.o
 .debug_line    0x00002b07      0xab0 src/ASF/avr32/drivers/gpio/gpio.o
 .debug_line    0x000035b7      0x109 src/ASF/avr32/drivers/intc/exception.o
 .debug_line    0x000036c0      0x79a src/ASF/avr32/drivers/intc/intc.o
 .debug_line    0x00003e5a      0xa1a src/ASF/avr32/drivers/twim/twim.o
 .debug_line    0x00004874      0xb0c src/ASF/avr32/drivers/usart/usart.o
 .debug_line    0x00005380       0xf2 src/ASF/avr32/utils/startup/startup_uc3.o
 .debug_line    0x00005472       0x67 src/ASF/avr32/utils/startup/trampoline_uc3.o
 .debug_line    0x000054d9      0x8d2 src/ASF/common/services/clock/uc3c/osc.o
 .debug_line    0x00005dab      0x878 src/ASF/common/services/clock/uc3c/pll.o
 .debug_line    0x00006623      0x918 src/ASF/common/services/clock/uc3c/sysclk.o
 .debug_line    0x00006f3b      0x96f src/pca9952.o
 .debug_line    0x000078aa     0x1387 src/main.o
 .debug_line    0x00008c31      0x1d1 c:/program files (x86)/atmel/atmel toolchain/avr32 gcc/native/3.4.1067/avr32-gnu-toolchain/bin/../lib/gcc/avr32/4.4.7/ucr3fp\libgcc.a(_udivdi3.o)
 .debug_line    0x00008e02      0x1b9 c:/program files (x86)/atmel/atmel toolchain/avr32 gcc/native/3.4.1067/avr32-gnu-toolchain/bin/../lib/gcc/avr32/4.4.7/../../../../avr32/lib/ucr3fp\libc.a(lib_a-memset.o)

.debug_frame    0x00000000     0x1fcc
 *(.debug_frame)
 .debug_frame   0x00000000      0x204 src/serial_id_ds2411.o
 .debug_frame   0x00000204      0x278 src/ec_print_funcs.o
 .debug_frame   0x0000047c      0x198 src/ASF/avr32/drivers/adcifa/adcifa.o
 .debug_frame   0x00000614      0x79c src/ASF/avr32/drivers/flashc/flashc.o
 .debug_frame   0x00000db0      0x3c8 src/ASF/avr32/drivers/gpio/gpio.o
 .debug_frame   0x00001178       0x9c src/ASF/avr32/drivers/intc/intc.o
 .debug_frame   0x00001214      0x198 src/ASF/avr32/drivers/twim/twim.o
 .debug_frame   0x000013ac      0x358 src/ASF/avr32/drivers/usart/usart.o
 .debug_frame   0x00001704      0x144 src/ASF/common/services/clock/uc3c/osc.o
 .debug_frame   0x00001848       0xb8 src/ASF/common/services/clock/uc3c/pll.o
 .debug_frame   0x00001900       0xf0 src/ASF/common/services/clock/uc3c/sysclk.o
 .debug_frame   0x000019f0       0xe0 src/pca9952.o
 .debug_frame   0x00001ad0      0x498 src/main.o
 .debug_frame   0x00001f68       0x44 c:/program files (x86)/atmel/atmel toolchain/avr32 gcc/native/3.4.1067/avr32-gnu-toolchain/bin/../lib/gcc/avr32/4.4.7/ucr3fp\libgcc.a(_udivdi3.o)
 .debug_frame   0x00001fac       0x20 c:/program files (x86)/atmel/atmel toolchain/avr32 gcc/native/3.4.1067/avr32-gnu-toolchain/bin/../lib/gcc/avr32/4.4.7/../../../../avr32/lib/ucr3fp\libc.a(lib_a-memset.o)

.debug_str      0x00000000     0x4ab6
 *(.debug_str)
 .debug_str     0x00000000      0x280 src/serial_id_ds2411.o
                                0x2fe (size before relaxing)
 .debug_str     0x00000280      0x7d3 src/ec_print_funcs.o
                                0x919 (size before relaxing)
 .debug_str     0x00000a53      0x98f src/ASF/avr32/drivers/adcifa/adcifa.o
                                0xb33 (size before relaxing)
 .debug_str     0x000013e2      0xace src/ASF/avr32/drivers/flashc/flashc.o
                                0xcba (size before relaxing)
 .debug_str     0x00001eb0      0x587 src/ASF/avr32/drivers/gpio/gpio.o
                                0x701 (size before relaxing)
 .debug_str     0x00002437      0x656 src/ASF/avr32/drivers/intc/intc.o
                                0x781 (size before relaxing)
 .debug_str     0x00002a8d      0x592 src/ASF/avr32/drivers/twim/twim.o
                                0x742 (size before relaxing)
 .debug_str     0x0000301f      0x399 src/ASF/avr32/drivers/usart/usart.o
                                0xb0d (size before relaxing)
 .debug_str     0x000033b8      0x515 src/ASF/common/services/clock/uc3c/osc.o
                                0x6b4 (size before relaxing)
 .debug_str     0x000038cd       0x66 src/ASF/common/services/clock/uc3c/pll.o
                                0x62b (size before relaxing)
 .debug_str     0x00003933      0x415 src/ASF/common/services/clock/uc3c/sysclk.o
                                0x5b6 (size before relaxing)
 .debug_str     0x00003d48      0x105 src/pca9952.o
                                0x6c3 (size before relaxing)
 .debug_str     0x00003e4d      0xab2 src/main.o
                               0x2078 (size before relaxing)
 .debug_str     0x000048ff      0x146 c:/program files (x86)/atmel/atmel toolchain/avr32 gcc/native/3.4.1067/avr32-gnu-toolchain/bin/../lib/gcc/avr32/4.4.7/ucr3fp\libgcc.a(_udivdi3.o)
                                0x1fb (size before relaxing)
 .debug_str     0x00004a45       0x71 c:/program files (x86)/atmel/atmel toolchain/avr32 gcc/native/3.4.1067/avr32-gnu-toolchain/bin/../lib/gcc/avr32/4.4.7/../../../../avr32/lib/ucr3fp\libc.a(lib_a-memset.o)
                                0x10d (size before relaxing)

.debug_loc      0x00000000     0x350d
 *(.debug_loc)
 .debug_loc     0x00000000      0x2b0 src/serial_id_ds2411.o
 .debug_loc     0x000002b0      0x3b2 src/ec_print_funcs.o
 .debug_loc     0x00000662      0x25a src/ASF/avr32/drivers/adcifa/adcifa.o
 .debug_loc     0x000008bc      0xb16 src/ASF/avr32/drivers/flashc/flashc.o
 .debug_loc     0x000013d2      0x5b6 src/ASF/avr32/drivers/gpio/gpio.o
 .debug_loc     0x00001988       0xd7 src/ASF/avr32/drivers/intc/intc.o
 .debug_loc     0x00001a5f      0x25a src/ASF/avr32/drivers/twim/twim.o
 .debug_loc     0x00001cb9      0x50a src/ASF/avr32/drivers/usart/usart.o
 .debug_loc     0x000021c3      0x1d9 src/ASF/common/services/clock/uc3c/osc.o
 .debug_loc     0x0000239c      0x102 src/ASF/common/services/clock/uc3c/pll.o
 .debug_loc     0x0000249e      0x158 src/ASF/common/services/clock/uc3c/sysclk.o
 .debug_loc     0x000025f6      0x12d src/pca9952.o
 .debug_loc     0x00002723      0x68d src/main.o
 .debug_loc     0x00002db0      0x75d c:/program files (x86)/atmel/atmel toolchain/avr32 gcc/native/3.4.1067/avr32-gnu-toolchain/bin/../lib/gcc/avr32/4.4.7/ucr3fp\libgcc.a(_udivdi3.o)

.debug_macinfo  0x00000000  0x1031bf5
 *(.debug_macinfo)
 .debug_macinfo
                0x00000000   0x13d1b0 src/serial_id_ds2411.o
 .debug_macinfo
                0x0013d1b0   0x13f732 src/ec_print_funcs.o
 .debug_macinfo
                0x0027c8e2   0x13ed04 src/ASF/avr32/drivers/adcifa/adcifa.o
 .debug_macinfo
                0x003bb5e6   0x13cf31 src/ASF/avr32/drivers/flashc/flashc.o
 .debug_macinfo
                0x004f8517   0x13cedf src/ASF/avr32/drivers/gpio/gpio.o
 .debug_macinfo
                0x006353f6   0x13cf8c src/ASF/avr32/drivers/intc/intc.o
 .debug_macinfo
                0x00772382   0x13ee5f src/ASF/avr32/drivers/twim/twim.o
 .debug_macinfo
                0x008b11e1   0x13d0f2 src/ASF/avr32/drivers/usart/usart.o
 .debug_macinfo
                0x009ee2d3   0x13f48d src/ASF/common/services/clock/uc3c/osc.o
 .debug_macinfo
                0x00b2d760   0x13f83f src/ASF/common/services/clock/uc3c/pll.o
 .debug_macinfo
                0x00c6cf9f   0x140914 src/ASF/common/services/clock/uc3c/sysclk.o
 .debug_macinfo
                0x00dad8b3   0x13f8cc src/pca9952.o
 .debug_macinfo
                0x00eed17f   0x144a76 src/main.o

.debug_weaknames
 *(.debug_weaknames)

.debug_funcnames
 *(.debug_funcnames)

.debug_typenames
 *(.debug_typenames)

.debug_varnames
 *(.debug_varnames)

.stack          0x0000f000     0x1000
                0x0000f000                _stack = .
 *(.stack)
                0x00001000                . = __stack_size__
 *fill*         0x0000f000     0x1000 
                0x00010000                _estack = .
                0xa0000000                . = ORIGIN (HRAM0)

.data_hram0     0xa0000000        0x0 load address 0x8000b500
                0xa0000000                PROVIDE (_data_hram0, .)
 *(.data_hram0)
                0xa0000000                . = ALIGN (0x8)
                0xa0000000                PROVIDE (_edata_hram0, .)
                0x8000b500                PROVIDE (_data_hram0_lma, ABSOLUTE (LOADADDR (.data_hram0)))
                0xa0000000                . = ALIGN (0x8)

.bss_hram0      0xa0000000        0x0
                0xa0000000                PROVIDE (__bss_hram0_start, .)
 *(.bss_hram0)
                0xa0000000                PROVIDE (_bss_hram0_end, .)

.flash_nvram0   0x8007f000      0x3c0 load address 0x8000b4f9
 *(.flash_nvram0)
 .flash_nvram0  0x8007f000      0x3c0 src/main.o

.flash_nvram1   0x8007f800      0x3c0 load address 0x8007f3c0
 *(.flash_nvram1)
 .flash_nvram1  0x8007f800      0x3c0 src/main.o

.userpage
 *(.userpage .userpage.*)

/DISCARD/
 *(.note.GNU-stack)
LOAD c:/program files (x86)/atmel/atmel toolchain/avr32 gcc/native/3.4.1067/avr32-gnu-toolchain/bin/../lib/gcc/avr32/4.4.7/ucr3fp\libgcc.a
LOAD c:/program files (x86)/atmel/atmel toolchain/avr32 gcc/native/3.4.1067/avr32-gnu-toolchain/bin/../lib/gcc/avr32/4.4.7/../../../../avr32/lib/ucr3fp\libc.a
LOAD c:/program files (x86)/atmel/atmel toolchain/avr32 gcc/native/3.4.1067/avr32-gnu-toolchain/bin/../lib/gcc/avr32/4.4.7/ucr3fp\libgcc.a
OUTPUT(electroclave.elf elf32-avr32)

.debug_ranges   0x00000000      0xa00
 .debug_ranges  0x00000000       0x90 src/serial_id_ds2411.o
 .debug_ranges  0x00000090       0xc0 src/ec_print_funcs.o
 .debug_ranges  0x00000150       0x80 src/ASF/avr32/drivers/adcifa/adcifa.o
 .debug_ranges  0x000001d0      0x220 src/ASF/avr32/drivers/flashc/flashc.o
 .debug_ranges  0x000003f0      0x120 src/ASF/avr32/drivers/gpio/gpio.o
 .debug_ranges  0x00000510       0x38 src/ASF/avr32/drivers/intc/intc.o
 .debug_ranges  0x00000548       0x80 src/ASF/avr32/drivers/twim/twim.o
 .debug_ranges  0x000005c8      0x100 src/ASF/avr32/drivers/usart/usart.o
 .debug_ranges  0x000006c8       0x20 src/ASF/avr32/utils/startup/startup_uc3.o
 .debug_ranges  0x000006e8       0x68 src/ASF/common/services/clock/uc3c/osc.o
 .debug_ranges  0x00000750       0x40 src/ASF/common/services/clock/uc3c/pll.o
 .debug_ranges  0x00000790       0x50 src/ASF/common/services/clock/uc3c/sysclk.o
 .debug_ranges  0x000007e0       0x48 src/pca9952.o
 .debug_ranges  0x00000828      0x148 src/main.o
 .debug_ranges  0x00000970       0x78 c:/program files (x86)/atmel/atmel toolchain/avr32 gcc/native/3.4.1067/avr32-gnu-toolchain/bin/../lib/gcc/avr32/4.4.7/ucr3fp\libgcc.a(_udivdi3.o)
 .debug_ranges  0x000009e8       0x18 c:/program files (x86)/atmel/atmel toolchain/avr32 gcc/native/3.4.1067/avr32-gnu-toolchain/bin/../lib/gcc/avr32/4.4.7/../../../../avr32/lib/ucr3fp\libc.a(lib_a-memset.o)
