Archive member included because of file (symbol)

c:/program files (x86)/atmel/atmel toolchain/avr32 gcc/native/3.4.1067/avr32-gnu-toolchain/bin/../lib/gcc/avr32/4.4.7/ucr3fp\libgcc.a(_avr32_f64_mul.o)
                              src/main.o (__avr32_f64_mul)
c:/program files (x86)/atmel/atmel toolchain/avr32 gcc/native/3.4.1067/avr32-gnu-toolchain/bin/../lib/gcc/avr32/4.4.7/ucr3fp\libgcc.a(_avr32_f64_addsub.o)
                              src/main.o (__avr32_f64_add)
c:/program files (x86)/atmel/atmel toolchain/avr32 gcc/native/3.4.1067/avr32-gnu-toolchain/bin/../lib/gcc/avr32/4.4.7/ucr3fp\libgcc.a(_avr32_s32_to_f64.o)
                              src/main.o (__avr32_u32_to_f64)
c:/program files (x86)/atmel/atmel toolchain/avr32 gcc/native/3.4.1067/avr32-gnu-toolchain/bin/../lib/gcc/avr32/4.4.7/ucr3fp\libgcc.a(_avr32_f32_div.o)
                              src/main.o (__avr32_f32_div)
c:/program files (x86)/atmel/atmel toolchain/avr32 gcc/native/3.4.1067/avr32-gnu-toolchain/bin/../lib/gcc/avr32/4.4.7/ucr3fp\libgcc.a(_avr32_f64_to_f32.o)
                              src/main.o (__avr32_f64_to_f32)
c:/program files (x86)/atmel/atmel toolchain/avr32 gcc/native/3.4.1067/avr32-gnu-toolchain/bin/../lib/gcc/avr32/4.4.7/ucr3fp\libgcc.a(_udivdi3.o)
                              src/serial_id_ds2411.o (__avr32_udiv64)
c:/program files (x86)/atmel/atmel toolchain/avr32 gcc/native/3.4.1067/avr32-gnu-toolchain/bin/../lib/gcc/avr32/4.4.7/../../../../avr32/lib/ucr3fp\libc.a(lib_a-ctype_.o)
                              src/main.o (__ctype_ptr)
c:/program files (x86)/atmel/atmel toolchain/avr32 gcc/native/3.4.1067/avr32-gnu-toolchain/bin/../lib/gcc/avr32/4.4.7/../../../../avr32/lib/ucr3fp\libc.a(lib_a-memcpy.o)
                              src/ASF/avr32/drivers/flashc/flashc.o (memcpy)
c:/program files (x86)/atmel/atmel toolchain/avr32 gcc/native/3.4.1067/avr32-gnu-toolchain/bin/../lib/gcc/avr32/4.4.7/../../../../avr32/lib/ucr3fp\libc.a(lib_a-memset.o)
                              src/main.o (memset)
c:/program files (x86)/atmel/atmel toolchain/avr32 gcc/native/3.4.1067/avr32-gnu-toolchain/bin/../lib/gcc/avr32/4.4.7/../../../../avr32/lib/ucr3fp\libc.a(lib_a-sprintf.o)
                              src/main.o (sprintf)
c:/program files (x86)/atmel/atmel toolchain/avr32 gcc/native/3.4.1067/avr32-gnu-toolchain/bin/../lib/gcc/avr32/4.4.7/../../../../avr32/lib/ucr3fp\libc.a(lib_a-strlen.o)
                              src/main.o (strlen)
c:/program files (x86)/atmel/atmel toolchain/avr32 gcc/native/3.4.1067/avr32-gnu-toolchain/bin/../lib/gcc/avr32/4.4.7/../../../../avr32/lib/ucr3fp\libc.a(lib_a-strncpy.o)
                              src/main.o (strncpy)
c:/program files (x86)/atmel/atmel toolchain/avr32 gcc/native/3.4.1067/avr32-gnu-toolchain/bin/../lib/gcc/avr32/4.4.7/../../../../avr32/lib/ucr3fp\libc.a(lib_a-vfprintf.o)
                              c:/program files (x86)/atmel/atmel toolchain/avr32 gcc/native/3.4.1067/avr32-gnu-toolchain/bin/../lib/gcc/avr32/4.4.7/../../../../avr32/lib/ucr3fp\libc.a(lib_a-sprintf.o) (_vfprintf_r)
c:/program files (x86)/atmel/atmel toolchain/avr32 gcc/native/3.4.1067/avr32-gnu-toolchain/bin/../lib/gcc/avr32/4.4.7/../../../../avr32/lib/ucr3fp\libc.a(lib_a-wsetup.o)
                              c:/program files (x86)/atmel/atmel toolchain/avr32 gcc/native/3.4.1067/avr32-gnu-toolchain/bin/../lib/gcc/avr32/4.4.7/../../../../avr32/lib/ucr3fp\libc.a(lib_a-vfprintf.o) (__swsetup_r)
c:/program files (x86)/atmel/atmel toolchain/avr32 gcc/native/3.4.1067/avr32-gnu-toolchain/bin/../lib/gcc/avr32/4.4.7/../../../../avr32/lib/ucr3fp\libc.a(lib_a-dtoa.o)
                              c:/program files (x86)/atmel/atmel toolchain/avr32 gcc/native/3.4.1067/avr32-gnu-toolchain/bin/../lib/gcc/avr32/4.4.7/../../../../avr32/lib/ucr3fp\libc.a(lib_a-vfprintf.o) (_dtoa_r)
c:/program files (x86)/atmel/atmel toolchain/avr32 gcc/native/3.4.1067/avr32-gnu-toolchain/bin/../lib/gcc/avr32/4.4.7/../../../../avr32/lib/ucr3fp\libc.a(lib_a-fflush.o)
                              c:/program files (x86)/atmel/atmel toolchain/avr32 gcc/native/3.4.1067/avr32-gnu-toolchain/bin/../lib/gcc/avr32/4.4.7/../../../../avr32/lib/ucr3fp\libc.a(lib_a-vfprintf.o) (_fflush_r)
c:/program files (x86)/atmel/atmel toolchain/avr32 gcc/native/3.4.1067/avr32-gnu-toolchain/bin/../lib/gcc/avr32/4.4.7/../../../../avr32/lib/ucr3fp\libc.a(lib_a-findfp.o)
                              c:/program files (x86)/atmel/atmel toolchain/avr32 gcc/native/3.4.1067/avr32-gnu-toolchain/bin/../lib/gcc/avr32/4.4.7/../../../../avr32/lib/ucr3fp\libc.a(lib_a-vfprintf.o) (__sinit)
c:/program files (x86)/atmel/atmel toolchain/avr32 gcc/native/3.4.1067/avr32-gnu-toolchain/bin/../lib/gcc/avr32/4.4.7/../../../../avr32/lib/ucr3fp\libc.a(lib_a-freer.o)
                              c:/program files (x86)/atmel/atmel toolchain/avr32 gcc/native/3.4.1067/avr32-gnu-toolchain/bin/../lib/gcc/avr32/4.4.7/../../../../avr32/lib/ucr3fp\libc.a(lib_a-wsetup.o) (_free_r)
[...]
Memory Configuration

Name             Origin             Length             Attributes
FLASH            0x80000000         0x00080000         axrl !w
INTRAM           0x00000004         0x0000fffc         axw !rl
HRAM0            0xa0000000         0x00001000         axw !rl
USERPAGE_RESERVED 0x80800000         0x00000004         r
USERPAGE         0x80800004         0x000001fc
*default*        0x00000000         0xffffffff

Linker script and memory map

                0x00001000                _stack_size = 0x1000
LOAD src/serial_id_ds2411.o
LOAD src/ec_print_funcs.o
LOAD src/ASF/avr32/boards/uc3c_ek/led.o
LOAD src/ASF/avr32/drivers/adcifa/adcifa.o
LOAD src/ASF/avr32/drivers/canif/canif.o
LOAD src/ASF/avr32/drivers/flashc/flashc.o
LOAD src/ASF/avr32/drivers/gpio/gpio.o
LOAD src/ASF/avr32/drivers/intc/exception.o
LOAD src/ASF/avr32/drivers/intc/intc.o
LOAD src/ASF/avr32/drivers/pdca/pdca.o
LOAD src/ASF/avr32/drivers/pm/pm_uc3c.o
LOAD src/ASF/avr32/drivers/pm/power_clocks_lib.o
LOAD src/ASF/avr32/drivers/scif/scif_uc3c.o
LOAD src/ASF/avr32/drivers/tc/tc.o
LOAD src/ASF/avr32/drivers/twim/twim.o
LOAD src/ASF/avr32/drivers/usart/usart.o
LOAD src/ASF/avr32/utils/startup/startup_uc3.o
LOAD src/ASF/avr32/utils/startup/trampoline_uc3.o
LOAD src/ASF/common/services/clock/uc3c/osc.o
LOAD src/ASF/common/services/clock/uc3c/pll.o
LOAD src/ASF/common/services/clock/uc3c/sysclk.o
LOAD src/pca9952.o
LOAD src/main.o
START GROUP
LOAD ../src/ASF/avr32/utils/libs/dsplib/at32ucr3fp/gcc\libdsp-at32ucr3fp-dspspeed_opt.a
LOAD c:/program files (x86)/atmel/atmel toolchain/avr32 gcc/native/3.4.1067/avr32-gnu-toolchain/bin/../lib/gcc/avr32/4.4.7/../../../../avr32/lib/ucr3fp\libm.a
END GROUP
                0xffffffff                __max_heap_size__ = 0xffffffff
                [0xffffffff]                __heap_size__ = DEFINED (__heap_size__)?__heap_size__:__max_heap_size__
                [0x00001000]                __stack_size__ = DEFINED (__stack_size__)?__stack_size__:0x1000
                [0x00000800]                __flash_nvram_size__ = DEFINED (__flash_nvram_size__)?__flash_nvram_size__:0x800
                [0x00000100]                __flash0_nvram_size__ = DEFINED (__flash0_nvram_size__)?__flash0_nvram_size__:0x100
                [0x00000100]                __flash1_nvram_size__ = DEFINED (__flash1_nvram_size__)?__flash1_nvram_size__:0x100
                [0x00000600]                __flash2_nvram_size__ = DEFINED (__flash2_nvram_size__)?__flash2_nvram_size__:0x600
                [0x00003a00]                __flash3_nvram_size__ = DEFINED (__flash3_nvram_size__)?__flash3_nvram_size__:0x3a00
                0x80000000                PROVIDE (__executable_start, 0x80000000)
                0x80000000                . = 0x80000000

.interp
 *(.interp)

.reset          0x80000000     0x2010
 *(.reset)
 .reset         0x80000000        0x8 src/ASF/avr32/utils/startup/startup_uc3.o
                0x80000000                _start
 .reset         0x80000008     0x2008 src/ASF/avr32/utils/startup/trampoline_uc3.o
                0x80000008                _trampoline

.hash
 *(.hash)

.dynsym
 *(.dynsym)

.dynstr
 *(.dynstr)

.gnu.version
 *(.gnu.version)

.gnu.version_d
 *(.gnu.version_d)

.gnu.version_r
 *(.gnu.version_r)

.rel.init
 *(.rel.init)

.rela.init
 *(.rela.init)

.rel.text
 *(.rel.text .rel.text.* .rel.gnu.linkonce.t.*)

.rela.text
 *(.rela.text .rela.text.* .rela.gnu.linkonce.t.*)

.rel.fini
 *(.rel.fini)

.rela.fini
 *(.rela.fini)

.rel.rodata
 *(.rel.rodata .rel.rodata.* .rel.gnu.linkonce.r.*)

.rela.rodata
 *(.rela.rodata .rela.rodata.* .rela.gnu.linkonce.r.*)

.rel.data.rel.ro
 *(.rel.data.rel.ro*)

.rela.data.rel.ro
 *(.rel.data.rel.ro*)

.rel.data
 *(.rel.data .rel.data.* .rel.gnu.linkonce.d.*)

.rela.data
 *(.rela.data .rela.data.* .rela.gnu.linkonce.d.*)

.rel.tdata
 *(.rel.tdata .rel.tdata.* .rel.gnu.linkonce.td.*)

.rela.tdata
 *(.rela.tdata .rela.tdata.* .rela.gnu.linkonce.td.*)

.rel.tbss
 *(.rel.tbss .rel.tbss.* .rel.gnu.linkonce.tb.*)

.rela.tbss
 *(.rela.tbss .rela.tbss.* .rela.gnu.linkonce.tb.*)

.rel.ctors
 *(.rel.ctors)

.rela.ctors
 *(.rela.ctors)

.rel.dtors
 *(.rel.dtors)

.rela.dtors
 *(.rela.dtors)

.rel.got
 *(.rel.got)

.rela.got       0x80002010        0x0
 *(.rela.got)
 .rela.got      0x80002010        0x0 src/ASF/avr32/drivers/flashc/flashc.o

.rel.bss
 *(.rel.bss .rel.bss.* .rel.gnu.linkonce.b.*)

.rela.bss
 *(.rela.bss .rela.bss.* .rela.gnu.linkonce.b.*)

.rel.plt
 *(.rel.plt)

.rela.plt
 *(.rela.plt)

.init
 *(.init)

.plt
 *(.plt)

.text           0x80002010     0xf70c
 *(.text .stub .text.* .gnu.linkonce.t.*)
 .text.io_pin   0x80002010       0x4c src/serial_id_ds2411.o
                0x80002010                io_pin
 .text.drive_DQ_low
                0x8000205c       0x50 src/serial_id_ds2411.o
                0x8000205c                drive_DQ_low
 .text.release_the_bus
                0x800020ac       0x44 src/serial_id_ds2411.o
                0x800020ac                release_the_bus
 .text.gpio_input
                0x800020f0       0x40 src/serial_id_ds2411.o
                0x800020f0                gpio_input
 .text.sample_line
                0x80002130       0x44 src/serial_id_ds2411.o
                0x80002130                sample_line
 .text.SetSpeed
                0x80002174       0xc0 src/serial_id_ds2411.o
                0x80002174                SetSpeed
 .text.OWTouchReset
                0x80002234      0x5d0 src/serial_id_ds2411.o
                0x80002234                OWTouchReset
 .text.drive_DQ_low_and_release_the_bus
                0x80002804      0x1ac src/serial_id_ds2411.o
                0x80002804                drive_DQ_low_and_release_the_bus
 .text.OWWriteBit
                0x800029b0      0x468 src/serial_id_ds2411.o
                0x800029b0                OWWriteBit
 .text.OWReadBit
                0x80002e18      0x2ec src/serial_id_ds2411.o
                0x80002e18                OWReadBit
 .text.OWWriteByte
                0x80003104       0x58 src/serial_id_ds2411.o
                0x80003104                OWWriteByte
 .text.OWReadByte
                0x8000315c       0x64 src/serial_id_ds2411.o
                0x8000315c                OWReadByte
 .text.crc8_add
                0x800031c0       0x78 src/serial_id_ds2411.o
                0x800031c0                crc8_add
 .text.init_ecdbg_rs232
                0x80003238       0x24 src/ec_print_funcs.o
                0x80003238                init_ecdbg_rs232
 .text.init_display_rs232
                0x8000325c       0x24 src/ec_print_funcs.o
                0x8000325c                init_display_rs232
 .text.init_ecdbg_rs232_ex
                0x80003280       0x5c src/ec_print_funcs.o
                0x80003280                init_ecdbg_rs232_ex
 .text.init_display_rs232_ex
                0x800032dc       0x5c src/ec_print_funcs.o
                0x800032dc                init_display_rs232_ex
 .text.print_ecdbg
                0x80003338       0x24 src/ec_print_funcs.o
                0x80003338                print_ecdbg
 .text.print    0x8000335c       0x28 src/ec_print_funcs.o
                0x8000335c                print
 .text.adcifa_get_calibration_data
                0x80003384       0x94 src/ASF/avr32/drivers/adcifa/adcifa.o
                0x80003384                adcifa_get_calibration_data
 .text.adcifa_configure
                0x80003418      0x164 src/ASF/avr32/drivers/adcifa/adcifa.o
                0x80003418                adcifa_configure
 .text.adcifa_configure_sequencer
                0x8000357c      0x510 src/ASF/avr32/drivers/adcifa/adcifa.o
                0x8000357c                adcifa_configure_sequencer
 .text.adcifa_start_sequencer
                0x80003a8c       0x44 src/ASF/avr32/drivers/adcifa/adcifa.o
                0x80003a8c                adcifa_start_sequencer
 .text.adcifa_check_eos
                0x80003ad0       0x48 src/ASF/avr32/drivers/adcifa/adcifa.o
                0x80003ad0                adcifa_check_eos
 .text.adcifa_get_values_from_sequencer
                0x80003b18       0xd8 src/ASF/avr32/drivers/adcifa/adcifa.o
                0x80003b18                adcifa_get_values_from_sequencer
 .text.flashc_get_flash_size
                0x80003bf0       0x40 src/ASF/avr32/drivers/flashc/flashc.o
                0x80003bf0                flashc_get_flash_size
 .text.flashc_is_ready
                0x80003c30       0x18 src/ASF/avr32/drivers/flashc/flashc.o
                0x80003c30                flashc_is_ready
 .text.flashc_default_wait_until_ready
                0x80003c48       0x1c src/ASF/avr32/drivers/flashc/flashc.o
                0x80003c48                flashc_default_wait_until_ready
 .text.flashc_get_error_status
                0x80003c64       0x16 src/ASF/avr32/drivers/flashc/flashc.o
 *fill*         0x80003c7a        0x2 d703d703
 .text.flashc_issue_command
                0x80003c7c       0x88 src/ASF/avr32/drivers/flashc/flashc.o
                0x80003c7c                flashc_issue_command
 .text.flashc_clear_page_buffer
                0x80003d04       0x18 src/ASF/avr32/drivers/flashc/flashc.o
                0x80003d04                flashc_clear_page_buffer
 .text.flashc_is_page_erased
                0x80003d1c       0x1a src/ASF/avr32/drivers/flashc/flashc.o
                0x80003d1c                flashc_is_page_erased
 *fill*         0x80003d36        0x2 d703d703
 .text.flashc_quick_page_read
                0x80003d38       0x2c src/ASF/avr32/drivers/flashc/flashc.o
                0x80003d38                flashc_quick_page_read
 .text.flashc_erase_page
                0x80003d64       0x68 src/ASF/avr32/drivers/flashc/flashc.o
                0x80003d64                flashc_erase_page
 .text.flashc_write_page
                0x80003dcc       0x20 src/ASF/avr32/drivers/flashc/flashc.o
                0x80003dcc                flashc_write_page
 .text.flashc_quick_user_page_read
                0x80003dec       0x24 src/ASF/avr32/drivers/flashc/flashc.o
                0x80003dec                flashc_quick_user_page_read
 .text.flashc_erase_user_page
                0x80003e10       0x3c src/ASF/avr32/drivers/flashc/flashc.o
                0x80003e10                flashc_erase_user_page
 .text.flashc_write_user_page
                0x80003e4c       0x18 src/ASF/avr32/drivers/flashc/flashc.o
                0x80003e4c                flashc_write_user_page
 .text.flashc_memset8
                0x80003e64       0x50 src/ASF/avr32/drivers/flashc/flashc.o
                0x80003e64                flashc_memset8
 .text.flashc_memset16
                0x80003eb4       0x4c src/ASF/avr32/drivers/flashc/flashc.o
                0x80003eb4                flashc_memset16
 .text.flashc_memset32
                0x80003f00       0x5c src/ASF/avr32/drivers/flashc/flashc.o
                0x80003f00                flashc_memset32
 .text.flashc_memset64
                0x80003f5c      0x428 src/ASF/avr32/drivers/flashc/flashc.o
                0x80003f5c                flashc_memset64
 .text.flashc_memcpy
                0x80004384      0x1b8 src/ASF/avr32/drivers/flashc/flashc.o
                0x80004384                flashc_memcpy
 .text.gpio_enable_module
                0x8000453c       0x70 src/ASF/avr32/drivers/gpio/gpio.o
                0x8000453c                gpio_enable_module
 .text.gpio_enable_module_pin
                0x800045ac      0x27c src/ASF/avr32/drivers/gpio/gpio.o
                0x800045ac                gpio_enable_module_pin
 .text.gpio_configure_pin
                0x80004828      0x29e src/ASF/avr32/drivers/gpio/gpio.o
                0x80004828                gpio_configure_pin
 .text.gpio_get_pin_value
                0x80004ac6       0x3c src/ASF/avr32/drivers/gpio/gpio.o
                0x80004ac6                gpio_get_pin_value
 .text.gpio_set_pin_high
                0x80004b02       0x3a src/ASF/avr32/drivers/gpio/gpio.o
                0x80004b02                gpio_set_pin_high
 .text.gpio_set_pin_low
                0x80004b3c       0x3a src/ASF/avr32/drivers/gpio/gpio.o
                0x80004b3c                gpio_set_pin_low
 .text.gpio_toggle_pin
                0x80004b76       0x3a src/ASF/avr32/drivers/gpio/gpio.o
                0x80004b76                gpio_toggle_pin
 .text._unhandled_interrupt
                0x80004bb0        0x8 src/ASF/avr32/drivers/intc/intc.o
 .text._get_interrupt_handler
                0x80004bb8       0x70 src/ASF/avr32/drivers/intc/intc.o
                0x80004bb8                _get_interrupt_handler
 .text.INTC_init_evba
                0x80004c28       0x14 src/ASF/avr32/drivers/intc/intc.o
 .text.INTC_init_interrupts
                0x80004c3c       0x9c src/ASF/avr32/drivers/intc/intc.o
                0x80004c3c                INTC_init_interrupts
 .text.INTC_register_interrupt
                0x80004cd8       0xd4 src/ASF/avr32/drivers/intc/intc.o
                0x80004cd8                INTC_register_interrupt
 .text.cpu_irq_save
                0x80004dac       0x1e src/ASF/avr32/drivers/twim/twim.o
 .text.cpu_irq_is_enabled_flags
                0x80004dca       0x20 src/ASF/avr32/drivers/twim/twim.o
 *fill*         0x80004dea        0x2 d703d703
 .text.cpu_irq_restore
                0x80004dec       0x28 src/ASF/avr32/drivers/twim/twim.o
 .text.twim_master_interrupt_handler
                0x80004e14      0x144 src/ASF/avr32/drivers/twim/twim.o
 .text.twim_set_speed
                0x80004f58       0xa8 src/ASF/avr32/drivers/twim/twim.o
                0x80004f58                twim_set_speed
 .text.twim_master_init
                0x80005000      0x110 src/ASF/avr32/drivers/twim/twim.o
                0x80005000                twim_master_init
 .text.twim_disable_interrupt
                0x80005110       0x44 src/ASF/avr32/drivers/twim/twim.o
                0x80005110                twim_disable_interrupt
 .text.twim_probe
                0x80005154       0x38 src/ASF/avr32/drivers/twim/twim.o
                0x80005154                twim_probe
 .text.twim_read_packet
                0x8000518c      0x17c src/ASF/avr32/drivers/twim/twim.o
                0x8000518c                twim_read_packet
 .text.twim_write_packet
                0x80005308      0x13c src/ASF/avr32/drivers/twim/twim.o
                0x80005308                twim_write_packet
 .text.twim_write
                0x80005444      0x104 src/ASF/avr32/drivers/twim/twim.o
                0x80005444                twim_write
 .text.twim_status
                0x80005548       0x30 src/ASF/avr32/drivers/twim/twim.o
                0x80005548                twim_status
 .text.cpu_irq_is_enabled_flags
                0x80005578       0x20 src/ASF/avr32/drivers/usart/usart.o
 .text.usart_set_async_baudrate
                0x80005598       0xd2 src/ASF/avr32/drivers/usart/usart.o
 *fill*         0x8000566a        0x2 d703d703
 .text.usart_reset
                0x8000566c       0x74 src/ASF/avr32/drivers/usart/usart.o
                0x8000566c                usart_reset
 .text.usart_init_rs232
                0x800056e0      0x170 src/ASF/avr32/drivers/usart/usart.o
                0x800056e0                usart_init_rs232
 .text.usart_write_char
                0x80005850       0x44 src/ASF/avr32/drivers/usart/usart.o
                0x80005850                usart_write_char
 .text.usart_putchar
                0x80005894       0x54 src/ASF/avr32/drivers/usart/usart.o
                0x80005894                usart_putchar
 .text.usart_read_char
                0x800058e8       0x52 src/ASF/avr32/drivers/usart/usart.o
                0x800058e8                usart_read_char
 *fill*         0x8000593a        0x2 d703d703
 .text.usart_write_line
                0x8000593c       0x40 src/ASF/avr32/drivers/usart/usart.o
                0x8000593c                usart_write_line
 .text._stext   0x8000597c       0x50 src/ASF/avr32/utils/startup/startup_uc3.o
                0x8000597c                _stext
 .text.cpu_irq_save
                0x800059cc       0x1e src/ASF/common/services/clock/uc3c/osc.o
 .text.cpu_irq_is_enabled_flags
                0x800059ea       0x20 src/ASF/common/services/clock/uc3c/osc.o
 *fill*         0x80005a0a        0x2 d703d703
 .text.cpu_irq_restore
                0x80005a0c       0x28 src/ASF/common/services/clock/uc3c/osc.o
 .text.osc_priv_enable_osc0
                0x80005a34       0x40 src/ASF/common/services/clock/uc3c/osc.o
                0x80005a34                osc_priv_enable_osc0
 .text.osc_priv_enable_osc32
                0x80005a74       0x40 src/ASF/common/services/clock/uc3c/osc.o
                0x80005a74                osc_priv_enable_osc32
 .text.osc_priv_enable_rc8m
                0x80005ab4       0x84 src/ASF/common/services/clock/uc3c/osc.o
                0x80005ab4                osc_priv_enable_rc8m
 .text.osc_priv_enable_rc120m
                0x80005b38       0x40 src/ASF/common/services/clock/uc3c/osc.o
                0x80005b38                osc_priv_enable_rc120m
 .text.cpu_irq_save
                0x80005b78       0x1e src/ASF/common/services/clock/uc3c/pll.o
 .text.cpu_irq_is_enabled_flags
                0x80005b96       0x20 src/ASF/common/services/clock/uc3c/pll.o
 *fill*         0x80005bb6        0x2 d703d703
 .text.cpu_irq_restore
                0x80005bb8       0x28 src/ASF/common/services/clock/uc3c/pll.o
 .text.pll_enable
                0x80005be0       0x58 src/ASF/common/services/clock/uc3c/pll.o
                0x80005be0                pll_enable
 .text.pll_disable
                0x80005c38       0x50 src/ASF/common/services/clock/uc3c/pll.o
                0x80005c38                pll_disable
 .text.cpu_irq_save
                0x80005c88       0x1e src/ASF/common/services/clock/uc3c/sysclk.o
 .text.cpu_irq_is_enabled_flags
                0x80005ca6       0x20 src/ASF/common/services/clock/uc3c/sysclk.o
 *fill*         0x80005cc6        0x2 d703d703
 .text.cpu_irq_restore
                0x80005cc8       0x28 src/ASF/common/services/clock/uc3c/sysclk.o
 .text.sysclk_set_prescalers
                0x80005cf0      0x100 src/ASF/common/services/clock/uc3c/sysclk.o
                0x80005cf0                sysclk_set_prescalers
 .text.sysclk_set_source
                0x80005df0       0x44 src/ASF/common/services/clock/uc3c/sysclk.o
                0x80005df0                sysclk_set_source
 .text.twi_master_read
                0x80005e34       0x2c src/pca9952.o
 .text.twi_master_write
                0x80005e60       0x2c src/pca9952.o
 .text.PCA9952_write_reg
                0x80005e8c       0x84 src/pca9952.o
                0x80005e8c                PCA9952_write_reg
 .text.PCA9952_read_reg
                0x80005f10      0x1e0 src/pca9952.o
                0x80005f10                PCA9952_read_reg
 .text.PCA9952_init
                0x800060f0       0xdc src/pca9952.o
                0x800060f0                PCA9952_init
 .text.PCA9952_channel
                0x800061cc      0x180 src/pca9952.o
                0x800061cc                PCA9952_channel
 .text.led_shelf
                0x8000634c      0x158 src/pca9952.o
                0x8000634c                led_shelf
 .text          0x800064a4      0x8b0 src/main.o
 .text.osc_enable
                0x80006d54       0x58 src/main.o
 .text.osc_is_ready
                0x80006dac       0x7c src/main.o
 .text.osc_get_rate
                0x80006e28       0x62 src/main.o
 *fill*         0x80006e8a        0x2 d703d703
 .text.osc_wait_ready
                0x80006e8c       0x2c src/main.o
 .text.pll_config_set_option
                0x80006eb8       0x30 src/main.o
 .text.pll_config_init
                0x80006ee8       0xe0 src/main.o
 .text.pll_is_locked
                0x80006fc8       0x2e src/main.o
 *fill*         0x80006ff6        0x2 d703d703
 .text.pll_wait_for_lock
                0x80006ff8       0x2c src/main.o
 .text.init_sysErr
                0x80007024       0x1c src/main.o
                0x80007024                init_sysErr
 .text.display_text
                0x80007040       0x58 src/main.o
                0x80007040                display_text
 .text.chassis_error
                0x80007098       0x20 src/main.o
                0x80007098                chassis_error
 .text.init_io  0x800070b8       0xc4 src/main.o
                0x800070b8                init_io
 .text.print_ecdbg_num
                0x8000717c       0x3c src/main.o
                0x8000717c                print_ecdbg_num
 .text.read_led_board_serial_ids
                0x800071b8      0x310 src/main.o
                0x800071b8                read_led_board_serial_ids
 .text.check_led_brd_side_lifetime
                0x800074c8      0x178 src/main.o
                0x800074c8                check_led_brd_side_lifetime
 .text.check_led_brd_side_lifetimes
                0x80007640       0x98 src/main.o
                0x80007640                check_led_brd_side_lifetimes
 .text.adc_process_task
                0x800076d8       0x98 src/main.o
                0x800076d8                adc_process_task
 .text.check_shelf_for_devices
                0x80007770      0x1a4 src/main.o
                0x80007770                check_shelf_for_devices
 .text.check_shelves_for_devices
                0x80007914       0xb0 src/main.o
                0x80007914                check_shelves_for_devices
 .text.print_pca9952_errors
                0x800079c4      0x1bc src/main.o
                0x800079c4                print_pca9952_errors
 .text.test_led_driver_channels
                0x80007b80      0x228 src/main.o
                0x80007b80                test_led_driver_channels
 .text.set_shelves_active_inactive
                0x80007da8      0x168 src/main.o
                0x80007da8                set_shelves_active_inactive
 .text.num_active_shelves
                0x80007f10       0x14 src/main.o
                0x80007f10                num_active_shelves
 .text.init_sys_clocks
                0x80007f24       0x60 src/main.o
                0x80007f24                init_sys_clocks
 .text.adc_process_init
                0x80007f84       0x4c src/main.o
                0x80007f84                adc_process_init
 .text.twi_init
                0x80007fd0       0x80 src/main.o
 .text.calc_sanitize_time
                0x80008050       0xd0 src/main.o
                0x80008050                calc_sanitize_time
 .text.door_latch_open_kill_all_shelves
                0x80008120       0x3c src/main.o
                0x80008120                door_latch_open_kill_all_shelves
 .text.usage_idx
                0x8000815c      0x150 src/main.o
                0x8000815c                usage_idx
 .text.load_usage_indeces
                0x800082ac       0xbc src/main.o
                0x800082ac                load_usage_indeces
 .text.test_flash
                0x80008368      0x124 src/main.o
                0x80008368                test_flash
 .text.calc_region_checksum
                0x8000848c      0x1fc src/main.o
                0x8000848c                calc_region_checksum
 .text.eval_region
                0x80008688      0x4dc src/main.o
                0x80008688                eval_region
 .text.write_region_to_flash
                0x80008b64      0x238 src/main.o
                0x80008b64                write_region_to_flash
 .text.copy_region_to_another_sector
                0x80008d9c      0x144 src/main.o
                0x80008d9c                copy_region_to_another_sector
 .text.find_first_open_usage_slot
                0x80008ee0       0x70 src/main.o
                0x80008ee0                find_first_open_usage_slot
 .text.add_new_led_board_sides_to_usage
                0x80008f50      0x12c src/main.o
                0x80008f50                add_new_led_board_sides_to_usage
 .text.inc_sanMins
                0x8000907c       0x7c src/main.o
                0x8000907c                inc_sanMins
 .text.inc_sanCycles
                0x800090f8       0x7c src/main.o
                0x800090f8                inc_sanCycles
 .text.increment_ledBoard_usage_min
                0x80009174      0x290 src/main.o
                0x80009174                increment_ledBoard_usage_min
 .text.init_shelf_n_ledBrd_structs
                0x80009404      0x2a0 src/main.o
                0x80009404                init_shelf_n_ledBrd_structs
 .text.load_usageIdx_to_ledBrdSide
                0x800096a4       0x54 src/main.o
                0x800096a4                load_usageIdx_to_ledBrdSide
 .text.init_led_board_info
                0x800096f8      0x23c src/main.o
                0x800096f8                init_led_board_info
 .text.show_chassis_status_info
                0x80009934      0x4d4 src/main.o
                0x80009934                show_chassis_status_info
 .text.show_chassis_sysErr
                0x80009e08      0x3ac src/main.o
                0x80009e08                show_chassis_sysErr
 .text.show_chassis_all_LED_boards
                0x8000a1b4      0x144 src/main.o
                0x8000a1b4                show_chassis_all_LED_boards
 .text.show_help_and_prompt
                0x8000a2f8       0x18 src/main.o
                0x8000a2f8                show_help_and_prompt
 .text.service_ecdbg_input
                0x8000a310      0x328 src/main.o
                0x8000a310                service_ecdbg_input
 .text.main     0x8000a638     0x12a8 src/main.o
                0x8000a638                main
 .text          0x8000b8e0      0x1d4 c:/program files (x86)/atmel/atmel toolchain/avr32 gcc/native/3.4.1067/avr32-gnu-toolchain/bin/../lib/gcc/avr32/4.4.7/ucr3fp\libgcc.a(_avr32_f64_mul.o)
                0x8000b8e0                __avr32_f64_mul
 .text          0x8000bab4      0x2b0 c:/program files (x86)/atmel/atmel toolchain/avr32 gcc/native/3.4.1067/avr32-gnu-toolchain/bin/../lib/gcc/avr32/4.4.7/ucr3fp\libgcc.a(_avr32_f64_addsub.o)
                0x8000bab8                __avr32_f64_sub
                0x8000bc54                __avr32_f64_add
 .text          0x8000bd64       0xe8 c:/program files (x86)/atmel/atmel toolchain/avr32 gcc/native/3.4.1067/avr32-gnu-toolchain/bin/../lib/gcc/avr32/4.4.7/ucr3fp\libgcc.a(_avr32_s32_to_f64.o)
                0x8000bd64                __avr32_u32_to_f64
                0x8000bd6c                __avr32_s32_to_f64
 .text          0x8000be4c      0x160 c:/program files (x86)/atmel/atmel toolchain/avr32 gcc/native/3.4.1067/avr32-gnu-toolchain/bin/../lib/gcc/avr32/4.4.7/ucr3fp\libgcc.a(_avr32_f32_div.o)
                0x8000be4c                __avr32_f32_div
 .text          0x8000bfac       0x8a c:/program files (x86)/atmel/atmel toolchain/avr32 gcc/native/3.4.1067/avr32-gnu-toolchain/bin/../lib/gcc/avr32/4.4.7/ucr3fp\libgcc.a(_avr32_f64_to_f32.o)
                0x8000bfac                __avr32_f64_to_f32
 .text          0x8000c036      0x264 c:/program files (x86)/atmel/atmel toolchain/avr32 gcc/native/3.4.1067/avr32-gnu-toolchain/bin/../lib/gcc/avr32/4.4.7/ucr3fp\libgcc.a(_udivdi3.o)
                0x8000c036                __avr32_udiv64
                0x8000c036                __udivdi3
 .text          0x8000c29a      0x148 c:/program files (x86)/atmel/atmel toolchain/avr32 gcc/native/3.4.1067/avr32-gnu-toolchain/bin/../lib/gcc/avr32/4.4.7/../../../../avr32/lib/ucr3fp\libc.a(lib_a-memcpy.o)
                0x8000c29a                memcpy
 .text.memset   0x8000c3e2        0xe c:/program files (x86)/atmel/atmel toolchain/avr32 gcc/native/3.4.1067/avr32-gnu-toolchain/bin/../lib/gcc/avr32/4.4.7/../../../../avr32/lib/ucr3fp\libc.a(lib_a-memset.o)
                0x8000c3e2                memset
 .text.sprintf  0x8000c3f0       0x40 c:/program files (x86)/atmel/atmel toolchain/avr32 gcc/native/3.4.1067/avr32-gnu-toolchain/bin/../lib/gcc/avr32/4.4.7/../../../../avr32/lib/ucr3fp\libc.a(lib_a-sprintf.o)
                0x8000c3f0                sprintf
 .text.strlen   0x8000c430       0x16 c:/program files (x86)/atmel/atmel toolchain/avr32 gcc/native/3.4.1067/avr32-gnu-toolchain/bin/../lib/gcc/avr32/4.4.7/../../../../avr32/lib/ucr3fp\libc.a(lib_a-strlen.o)
                0x8000c430                strlen
 *fill*         0x8000c446        0x2 d703d703
 .text          0x8000c448       0x20 c:/program files (x86)/atmel/atmel toolchain/avr32 gcc/native/3.4.1067/avr32-gnu-toolchain/bin/../lib/gcc/avr32/4.4.7/../../../../avr32/lib/ucr3fp\libc.a(lib_a-strncpy.o)
                0x8000c448                strncpy
 .text.get_arg  0x8000c468      0x324 c:/program files (x86)/atmel/atmel toolchain/avr32 gcc/native/3.4.1067/avr32-gnu-toolchain/bin/../lib/gcc/avr32/4.4.7/../../../../avr32/lib/ucr3fp\libc.a(lib_a-vfprintf.o)
 .text.__sprint_r
                0x8000c78c       0x20 c:/program files (x86)/atmel/atmel toolchain/avr32 gcc/native/3.4.1067/avr32-gnu-toolchain/bin/../lib/gcc/avr32/4.4.7/../../../../avr32/lib/ucr3fp\libc.a(lib_a-vfprintf.o)
 .text._vfprintf_r
                0x8000c7ac     0x1f9c c:/program files (x86)/atmel/atmel toolchain/avr32 gcc/native/3.4.1067/avr32-gnu-toolchain/bin/../lib/gcc/avr32/4.4.7/../../../../avr32/lib/ucr3fp\libc.a(lib_a-vfprintf.o)
                0x8000c7ac                _vfprintf_r
 .text.__swsetup_r
                0x8000e748       0xe8 c:/program files (x86)/atmel/atmel toolchain/avr32 gcc/native/3.4.1067/avr32-gnu-toolchain/bin/../lib/gcc/avr32/4.4.7/../../../../avr32/lib/ucr3fp\libc.a(lib_a-wsetup.o)
                0x8000e748                __swsetup_r
 .text.quorem   0x8000e830      0x124 c:/program files (x86)/atmel/atmel toolchain/avr32 gcc/native/3.4.1067/avr32-gnu-toolchain/bin/../lib/gcc/avr32/4.4.7/../../../../avr32/lib/ucr3fp\libc.a(lib_a-dtoa.o)
 .text._dtoa_r  0x8000e954      0xc90 c:/program files (x86)/atmel/atmel toolchain/avr32 gcc/native/3.4.1067/avr32-gnu-toolchain/bin/../lib/gcc/avr32/4.4.7/../../../../avr32/lib/ucr3fp\libc.a(lib_a-dtoa.o)
                0x8000e954                _dtoa_r
 .text._fflush_r
                0x8000f5e4      0x118 c:/program files (x86)/atmel/atmel toolchain/avr32 gcc/native/3.4.1067/avr32-gnu-toolchain/bin/../lib/gcc/avr32/4.4.7/../../../../avr32/lib/ucr3fp\libc.a(lib_a-fflush.o)
                0x8000f5e4                _fflush_r
 .text.__sfp_lock_acquire
                0x8000f6fc        0x2 c:/program files (x86)/atmel/atmel toolchain/avr32 gcc/native/3.4.1067/avr32-gnu-toolchain/bin/../lib/gcc/avr32/4.4.7/../../../../avr32/lib/ucr3fp\libc.a(lib_a-findfp.o)
                0x8000f6fc                __sfp_lock_acquire
 .text.__sfp_lock_release
                0x8000f6fe        0x2 c:/program files (x86)/atmel/atmel toolchain/avr32 gcc/native/3.4.1067/avr32-gnu-toolchain/bin/../lib/gcc/avr32/4.4.7/../../../../avr32/lib/ucr3fp\libc.a(lib_a-findfp.o)
                0x8000f6fe                __sfp_lock_release
 .text._cleanup_r
                0x8000f700       0x14 c:/program files (x86)/atmel/atmel toolchain/avr32 gcc/native/3.4.1067/avr32-gnu-toolchain/bin/../lib/gcc/avr32/4.4.7/../../../../avr32/lib/ucr3fp\libc.a(lib_a-findfp.o)
                0x8000f700                _cleanup_r
 .text.__sfmoreglue
                0x8000f714       0x30 c:/program files (x86)/atmel/atmel toolchain/avr32 gcc/native/3.4.1067/avr32-gnu-toolchain/bin/../lib/gcc/avr32/4.4.7/../../../../avr32/lib/ucr3fp\libc.a(lib_a-findfp.o)
                0x8000f714                __sfmoreglue
 .text.__sfp    0x8000f744       0x7c c:/program files (x86)/atmel/atmel toolchain/avr32 gcc/native/3.4.1067/avr32-gnu-toolchain/bin/../lib/gcc/avr32/4.4.7/../../../../avr32/lib/ucr3fp\libc.a(lib_a-findfp.o)
                0x8000f744                __sfp
 .text.__sinit  0x8000f7c0       0xb0 c:/program files (x86)/atmel/atmel toolchain/avr32 gcc/native/3.4.1067/avr32-gnu-toolchain/bin/../lib/gcc/avr32/4.4.7/../../../../avr32/lib/ucr3fp\libc.a(lib_a-findfp.o)
                0x8000f7c0                __sinit
 .text._malloc_trim_r
                0x8000f870       0xa8 c:/program files (x86)/atmel/atmel toolchain/avr32 gcc/native/3.4.1067/avr32-gnu-toolchain/bin/../lib/gcc/avr32/4.4.7/../../../../avr32/lib/ucr3fp\libc.a(lib_a-freer.o)
                0x8000f870                _malloc_trim_r
 .text._free_r  0x8000f918      0x1a0 c:/program files (x86)/atmel/atmel toolchain/avr32 gcc/native/3.4.1067/avr32-gnu-toolchain/bin/../lib/gcc/avr32/4.4.7/../../../../avr32/lib/ucr3fp\libc.a(lib_a-freer.o)
                0x8000f918                _free_r
 .text.__sfvwrite_r
                0x8000fab8      0x2c4 c:/program files (x86)/atmel/atmel toolchain/avr32 gcc/native/3.4.1067/avr32-gnu-toolchain/bin/../lib/gcc/avr32/4.4.7/../../../../avr32/lib/ucr3fp\libc.a(lib_a-fvwrite.o)
                0x8000fab8                __sfvwrite_r
 .text._fwalk   0x8000fd7c       0x54 c:/program files (x86)/atmel/atmel toolchain/avr32 gcc/native/3.4.1067/avr32-gnu-toolchain/bin/../lib/gcc/avr32/4.4.7/../../../../avr32/lib/ucr3fp\libc.a(lib_a-fwalk.o)
                0x8000fd7c                _fwalk
 .text._localeconv_r
                0x8000fdd0        0x8 c:/program files (x86)/atmel/atmel toolchain/avr32 gcc/native/3.4.1067/avr32-gnu-toolchain/bin/../lib/gcc/avr32/4.4.7/../../../../avr32/lib/ucr3fp\libc.a(lib_a-locale.o)
                0x8000fdd0                _localeconv_r
 .text.__smakebuf_r
                0x8000fdd8       0xcc c:/program files (x86)/atmel/atmel toolchain/avr32 gcc/native/3.4.1067/avr32-gnu-toolchain/bin/../lib/gcc/avr32/4.4.7/../../../../avr32/lib/ucr3fp\libc.a(lib_a-makebuf.o)
                0x8000fdd8                __smakebuf_r
 .text.malloc   0x8000fea4       0x18 c:/program files (x86)/atmel/atmel toolchain/avr32 gcc/native/3.4.1067/avr32-gnu-toolchain/bin/../lib/gcc/avr32/4.4.7/../../../../avr32/lib/ucr3fp\libc.a(lib_a-malloc.o)
                0x8000fea4                malloc
 .text._malloc_r
                0x8000febc      0x450 c:/program files (x86)/atmel/atmel toolchain/avr32 gcc/native/3.4.1067/avr32-gnu-toolchain/bin/../lib/gcc/avr32/4.4.7/../../../../avr32/lib/ucr3fp\libc.a(lib_a-mallocr.o)
                0x8000febc                _malloc_r
 .text.memchr   0x8001030c       0x16 c:/program files (x86)/atmel/atmel toolchain/avr32 gcc/native/3.4.1067/avr32-gnu-toolchain/bin/../lib/gcc/avr32/4.4.7/../../../../avr32/lib/ucr3fp\libc.a(lib_a-memchr.o)
                0x8001030c                memchr
 .text.memmove  0x80010322       0x3e c:/program files (x86)/atmel/atmel toolchain/avr32 gcc/native/3.4.1067/avr32-gnu-toolchain/bin/../lib/gcc/avr32/4.4.7/../../../../avr32/lib/ucr3fp\libc.a(lib_a-memmove.o)
                0x80010322                memmove
 .text.__malloc_lock
                0x80010360        0x2 c:/program files (x86)/atmel/atmel toolchain/avr32 gcc/native/3.4.1067/avr32-gnu-toolchain/bin/../lib/gcc/avr32/4.4.7/../../../../avr32/lib/ucr3fp\libc.a(lib_a-mlock.o)
                0x80010360                __malloc_lock
 .text.__malloc_unlock
                0x80010362        0x2 c:/program files (x86)/atmel/atmel toolchain/avr32 gcc/native/3.4.1067/avr32-gnu-toolchain/bin/../lib/gcc/avr32/4.4.7/../../../../avr32/lib/ucr3fp\libc.a(lib_a-mlock.o)
                0x80010362                __malloc_unlock
 .text.__hi0bits
                0x80010364       0x60 c:/program files (x86)/atmel/atmel toolchain/avr32 gcc/native/3.4.1067/avr32-gnu-toolchain/bin/../lib/gcc/avr32/4.4.7/../../../../avr32/lib/ucr3fp\libc.a(lib_a-mprec.o)
                0x80010364                __hi0bits
 .text.__lo0bits
                0x800103c4       0x8e c:/program files (x86)/atmel/atmel toolchain/avr32 gcc/native/3.4.1067/avr32-gnu-toolchain/bin/../lib/gcc/avr32/4.4.7/../../../../avr32/lib/ucr3fp\libc.a(lib_a-mprec.o)
                0x800103c4                __lo0bits
 .text.__mcmp   0x80010452       0x32 c:/program files (x86)/atmel/atmel toolchain/avr32 gcc/native/3.4.1067/avr32-gnu-toolchain/bin/../lib/gcc/avr32/4.4.7/../../../../avr32/lib/ucr3fp\libc.a(lib_a-mprec.o)
                0x80010452                __mcmp
 .text._Bfree   0x80010484       0x38 c:/program files (x86)/atmel/atmel toolchain/avr32 gcc/native/3.4.1067/avr32-gnu-toolchain/bin/../lib/gcc/avr32/4.4.7/../../../../avr32/lib/ucr3fp\libc.a(lib_a-mprec.o)
                0x80010484                _Bfree
 .text._Balloc  0x800104bc       0x78 c:/program files (x86)/atmel/atmel toolchain/avr32 gcc/native/3.4.1067/avr32-gnu-toolchain/bin/../lib/gcc/avr32/4.4.7/../../../../avr32/lib/ucr3fp\libc.a(lib_a-mprec.o)
                0x800104bc                _Balloc
 .text.__d2b    0x80010534       0xb4 c:/program files (x86)/atmel/atmel toolchain/avr32 gcc/native/3.4.1067/avr32-gnu-toolchain/bin/../lib/gcc/avr32/4.4.7/../../../../avr32/lib/ucr3fp\libc.a(lib_a-mprec.o)
                0x80010534                __d2b
 .text.__mdiff  0x800105e8       0xd8 c:/program files (x86)/atmel/atmel toolchain/avr32 gcc/native/3.4.1067/avr32-gnu-toolchain/bin/../lib/gcc/avr32/4.4.7/../../../../avr32/lib/ucr3fp\libc.a(lib_a-mprec.o)
                0x800105e8                __mdiff
 .text.__lshift
                0x800106c0       0x94 c:/program files (x86)/atmel/atmel toolchain/avr32 gcc/native/3.4.1067/avr32-gnu-toolchain/bin/../lib/gcc/avr32/4.4.7/../../../../avr32/lib/ucr3fp\libc.a(lib_a-mprec.o)
                0x800106c0                __lshift
 .text.__multiply
                0x80010754      0x108 c:/program files (x86)/atmel/atmel toolchain/avr32 gcc/native/3.4.1067/avr32-gnu-toolchain/bin/../lib/gcc/avr32/4.4.7/../../../../avr32/lib/ucr3fp\libc.a(lib_a-mprec.o)
                0x80010754                __multiply
 .text.__i2b    0x8001085c       0x18 c:/program files (x86)/atmel/atmel toolchain/avr32 gcc/native/3.4.1067/avr32-gnu-toolchain/bin/../lib/gcc/avr32/4.4.7/../../../../avr32/lib/ucr3fp\libc.a(lib_a-mprec.o)
                0x8001085c                __i2b
 .text.__multadd
                0x80010874       0x88 c:/program files (x86)/atmel/atmel toolchain/avr32 gcc/native/3.4.1067/avr32-gnu-toolchain/bin/../lib/gcc/avr32/4.4.7/../../../../avr32/lib/ucr3fp\libc.a(lib_a-mprec.o)
                0x80010874                __multadd
 .text.__pow5mult
                0x800108fc       0xac c:/program files (x86)/atmel/atmel toolchain/avr32 gcc/native/3.4.1067/avr32-gnu-toolchain/bin/../lib/gcc/avr32/4.4.7/../../../../avr32/lib/ucr3fp\libc.a(lib_a-mprec.o)
                0x800108fc                __pow5mult
 .text._realloc_r
                0x800109a8      0x2e0 c:/program files (x86)/atmel/atmel toolchain/avr32 gcc/native/3.4.1067/avr32-gnu-toolchain/bin/../lib/gcc/avr32/4.4.7/../../../../avr32/lib/ucr3fp\libc.a(lib_a-reallocr.o)
                0x800109a8                _realloc_r
 .text.__isinfd
                0x80010c88       0x2a c:/program files (x86)/atmel/atmel toolchain/avr32 gcc/native/3.4.1067/avr32-gnu-toolchain/bin/../lib/gcc/avr32/4.4.7/../../../../avr32/lib/ucr3fp\libc.a(lib_a-s_isinfd.o)
                0x80010c88                __isinfd
 .text.__isnand
                0x80010cb2       0x1c c:/program files (x86)/atmel/atmel toolchain/avr32 gcc/native/3.4.1067/avr32-gnu-toolchain/bin/../lib/gcc/avr32/4.4.7/../../../../avr32/lib/ucr3fp\libc.a(lib_a-s_isnand.o)
                0x80010cb2                __isnand
 *fill*         0x80010cce        0x2 d703d703
 .text._sbrk_r  0x80010cd0       0x28 c:/program files (x86)/atmel/atmel toolchain/avr32 gcc/native/3.4.1067/avr32-gnu-toolchain/bin/../lib/gcc/avr32/4.4.7/../../../../avr32/lib/ucr3fp\libc.a(lib_a-sbrkr.o)
                0x80010cd0                _sbrk_r
 .text.__sclose
                0x80010cf8       0x10 c:/program files (x86)/atmel/atmel toolchain/avr32 gcc/native/3.4.1067/avr32-gnu-toolchain/bin/../lib/gcc/avr32/4.4.7/../../../../avr32/lib/ucr3fp\libc.a(lib_a-stdio.o)
                0x80010cf8                __sclose
 .text.__sseek  0x80010d08       0x28 c:/program files (x86)/atmel/atmel toolchain/avr32 gcc/native/3.4.1067/avr32-gnu-toolchain/bin/../lib/gcc/avr32/4.4.7/../../../../avr32/lib/ucr3fp\libc.a(lib_a-stdio.o)
                0x80010d08                __sseek
 .text.__swrite
                0x80010d30       0x38 c:/program files (x86)/atmel/atmel toolchain/avr32 gcc/native/3.4.1067/avr32-gnu-toolchain/bin/../lib/gcc/avr32/4.4.7/../../../../avr32/lib/ucr3fp\libc.a(lib_a-stdio.o)
                0x80010d30                __swrite
 .text.__sread  0x80010d68       0x24 c:/program files (x86)/atmel/atmel toolchain/avr32 gcc/native/3.4.1067/avr32-gnu-toolchain/bin/../lib/gcc/avr32/4.4.7/../../../../avr32/lib/ucr3fp\libc.a(lib_a-stdio.o)
                0x80010d68                __sread
 .text._close   0x80010d8c       0x18 c:/program files (x86)/atmel/atmel toolchain/avr32 gcc/native/3.4.1067/avr32-gnu-toolchain/bin/../lib/gcc/avr32/4.4.7/../../../../avr32/lib/ucr3fp\libc.a(lib_a-syscalls.o)
                0x80010d8c                _close
 .text._lseek   0x80010da4       0x18 c:/program files (x86)/atmel/atmel toolchain/avr32 gcc/native/3.4.1067/avr32-gnu-toolchain/bin/../lib/gcc/avr32/4.4.7/../../../../avr32/lib/ucr3fp\libc.a(lib_a-syscalls.o)
                0x80010da4                _lseek
 .text._read    0x80010dbc       0x18 c:/program files (x86)/atmel/atmel toolchain/avr32 gcc/native/3.4.1067/avr32-gnu-toolchain/bin/../lib/gcc/avr32/4.4.7/../../../../avr32/lib/ucr3fp\libc.a(lib_a-syscalls.o)
                0x80010dbc                _read
 .text._write   0x80010dd4       0x18 c:/program files (x86)/atmel/atmel toolchain/avr32 gcc/native/3.4.1067/avr32-gnu-toolchain/bin/../lib/gcc/avr32/4.4.7/../../../../avr32/lib/ucr3fp\libc.a(lib_a-syscalls.o)
                0x80010dd4                _write
 .text.isatty   0x80010dec       0x18 c:/program files (x86)/atmel/atmel toolchain/avr32 gcc/native/3.4.1067/avr32-gnu-toolchain/bin/../lib/gcc/avr32/4.4.7/../../../../avr32/lib/ucr3fp\libc.a(lib_a-syscalls.o)
                0x80010dec                isatty
 .text._fstat_host
                0x80010e04       0x18 c:/program files (x86)/atmel/atmel toolchain/avr32 gcc/native/3.4.1067/avr32-gnu-toolchain/bin/../lib/gcc/avr32/4.4.7/../../../../avr32/lib/ucr3fp\libc.a(lib_a-syscalls.o)
                0x80010e04                _fstat_host
 .text._fstat   0x80010e1c       0x50 c:/program files (x86)/atmel/atmel toolchain/avr32 gcc/native/3.4.1067/avr32-gnu-toolchain/bin/../lib/gcc/avr32/4.4.7/../../../../avr32/lib/ucr3fp\libc.a(lib_a-syscalls.o)
                0x80010e1c                _fstat
 .text._sbrk    0x80010e6c       0x40 c:/program files (x86)/atmel/atmel toolchain/avr32 gcc/native/3.4.1067/avr32-gnu-toolchain/bin/../lib/gcc/avr32/4.4.7/../../../../avr32/lib/ucr3fp\libc.a(lib_a-syscalls.o)
                0x80010e6c                _sbrk
 .text._write_r
                0x80010eac       0x2c c:/program files (x86)/atmel/atmel toolchain/avr32 gcc/native/3.4.1067/avr32-gnu-toolchain/bin/../lib/gcc/avr32/4.4.7/../../../../avr32/lib/ucr3fp\libc.a(lib_a-writer.o)
                0x80010eac                _write_r
 .text._calloc_r
                0x80010ed8       0x60 c:/program files (x86)/atmel/atmel toolchain/avr32 gcc/native/3.4.1067/avr32-gnu-toolchain/bin/../lib/gcc/avr32/4.4.7/../../../../avr32/lib/ucr3fp\libc.a(lib_a-callocr.o)
                0x80010ed8                _calloc_r
 .text._close_r
                0x80010f38       0x28 c:/program files (x86)/atmel/atmel toolchain/avr32 gcc/native/3.4.1067/avr32-gnu-toolchain/bin/../lib/gcc/avr32/4.4.7/../../../../avr32/lib/ucr3fp\libc.a(lib_a-closer.o)
                0x80010f38                _close_r
 .text.__errno  0x80010f60        0xc c:/program files (x86)/atmel/atmel toolchain/avr32 gcc/native/3.4.1067/avr32-gnu-toolchain/bin/../lib/gcc/avr32/4.4.7/../../../../avr32/lib/ucr3fp\libc.a(lib_a-errno.o)
                0x80010f60                __errno
 .text._fclose_r
                0x80010f6c       0xd0 c:/program files (x86)/atmel/atmel toolchain/avr32 gcc/native/3.4.1067/avr32-gnu-toolchain/bin/../lib/gcc/avr32/4.4.7/../../../../avr32/lib/ucr3fp\libc.a(lib_a-fclose.o)
                0x80010f6c                _fclose_r
 .text.fclose   0x8001103c       0x18 c:/program files (x86)/atmel/atmel toolchain/avr32 gcc/native/3.4.1067/avr32-gnu-toolchain/bin/../lib/gcc/avr32/4.4.7/../../../../avr32/lib/ucr3fp\libc.a(lib_a-fclose.o)
                0x8001103c                fclose
 .text._fstat_r
                0x80011054       0x2c c:/program files (x86)/atmel/atmel toolchain/avr32 gcc/native/3.4.1067/avr32-gnu-toolchain/bin/../lib/gcc/avr32/4.4.7/../../../../avr32/lib/ucr3fp\libc.a(lib_a-fstatr.o)
                0x80011054                _fstat_r
 .text._lseek_r
                0x80011080       0x2c c:/program files (x86)/atmel/atmel toolchain/avr32 gcc/native/3.4.1067/avr32-gnu-toolchain/bin/../lib/gcc/avr32/4.4.7/../../../../avr32/lib/ucr3fp\libc.a(lib_a-lseekr.o)
                0x80011080                _lseek_r
 .text._read_r  0x800110ac       0x2c c:/program files (x86)/atmel/atmel toolchain/avr32 gcc/native/3.4.1067/avr32-gnu-toolchain/bin/../lib/gcc/avr32/4.4.7/../../../../avr32/lib/ucr3fp\libc.a(lib_a-readr.o)
                0x800110ac                _read_r
 .text          0x800110d8       0x2a c:/program files (x86)/atmel/atmel toolchain/avr32 gcc/native/3.4.1067/avr32-gnu-toolchain/bin/../lib/gcc/avr32/4.4.7/ucr3fp\libgcc.a(_avr32_f64_to_s32.o)
                0x800110d8                __avr32_f64_to_u32
                0x800110dc                __avr32_f64_to_s32
 .text          0x80011102       0x26 c:/program files (x86)/atmel/atmel toolchain/avr32 gcc/native/3.4.1067/avr32-gnu-toolchain/bin/../lib/gcc/avr32/4.4.7/ucr3fp\libgcc.a(_avr32_f64_cmp_eq.o)
                0x80011102                __avr32_f64_cmp_eq
 .text          0x80011128       0x68 c:/program files (x86)/atmel/atmel toolchain/avr32 gcc/native/3.4.1067/avr32-gnu-toolchain/bin/../lib/gcc/avr32/4.4.7/ucr3fp\libgcc.a(_avr32_f64_cmp_ge.o)
                0x80011128                __avr32_f64_cmp_ge
 .text          0x80011190       0x68 c:/program files (x86)/atmel/atmel toolchain/avr32 gcc/native/3.4.1067/avr32-gnu-toolchain/bin/../lib/gcc/avr32/4.4.7/ucr3fp\libgcc.a(_avr32_f64_cmp_lt.o)
                0x80011190                __avr32_f64_cmp_lt
 .text          0x800111f8      0x318 c:/program files (x86)/atmel/atmel toolchain/avr32 gcc/native/3.4.1067/avr32-gnu-toolchain/bin/../lib/gcc/avr32/4.4.7/ucr3fp\libgcc.a(_avr32_f64_div.o)
                0x800111f8                __avr32_f64_div
 .text          0x80011510      0x20c c:/program files (x86)/atmel/atmel toolchain/avr32 gcc/native/3.4.1067/avr32-gnu-toolchain/bin/../lib/gcc/avr32/4.4.7/ucr3fp\libgcc.a(_umoddi3.o)
                0x80011510                __avr32_umod64
                0x80011510                __umoddi3
 *(.text.*personality*)
 *(.gnu.warning)

.exception      0x80011800      0x200
 .exception     0x80011800      0x200 src/ASF/avr32/drivers/intc/exception.o
                0x80011800                _evba
                0x80011904                _int0
                0x80011912                _int1
                0x80011920                _int2
                0x8001192e                _int3

.fini
 *(.fini)
                0x80011a00                PROVIDE (__etext, .)
                0x80011a00                PROVIDE (_etext, .)
                0x80011a00                PROVIDE (etext, .)

.rodata         0x80011a00      0x8dc
 *(.rodata .rodata.* .gnu.linkonce.r.*)
 .rodata.DISPLAY_USART_GPIO_MAP.14651
                0x80011a00       0x10 src/ec_print_funcs.o
 .rodata.ECDBG_USART_GPIO_MAP.14645
                0x80011a10       0x10 src/ec_print_funcs.o
 .rodata.C.35.14269
                0x80011a20       0x1e src/ASF/avr32/drivers/flashc/flashc.o
 *fill*         0x80011a3e        0x2 
 .rodata.gpio_enable_module_pin
                0x80011a40       0x20 src/ASF/avr32/drivers/gpio/gpio.o
 .rodata._int_handler_table
                0x80011a60      0x178 src/ASF/avr32/drivers/intc/intc.o
 .rodata.main   0x80011bd8       0x24 src/main.o
 .rodata.C.125.17750
                0x80011bfc        0x4 src/main.o
 .rodata.C.116.17548
                0x80011c00       0x10 src/main.o
 .rodata.C.117.17549
                0x80011c10       0x10 src/main.o
 .rodata.ADCIFA_GPIO_MAP.17538
                0x80011c20       0x30 src/main.o
 .rodata._ctype_
                0x80011c50      0x104 c:/program files (x86)/atmel/atmel toolchain/avr32 gcc/native/3.4.1067/avr32-gnu-toolchain/bin/../lib/gcc/avr32/4.4.7/../../../../avr32/lib/ucr3fp\libc.a(lib_a-ctype_.o)
                0x80011c50                _ctype_
 .rodata.get_arg
                0x80011d54       0x3c c:/program files (x86)/atmel/atmel toolchain/avr32 gcc/native/3.4.1067/avr32-gnu-toolchain/bin/../lib/gcc/avr32/4.4.7/../../../../avr32/lib/ucr3fp\libc.a(lib_a-vfprintf.o)
 .rodata._vfprintf_r
                0x80011d90      0x164 c:/program files (x86)/atmel/atmel toolchain/avr32 gcc/native/3.4.1067/avr32-gnu-toolchain/bin/../lib/gcc/avr32/4.4.7/../../../../avr32/lib/ucr3fp\libc.a(lib_a-vfprintf.o)
 .rodata.state_table
                0x80011ef4       0x6c c:/program files (x86)/atmel/atmel toolchain/avr32 gcc/native/3.4.1067/avr32-gnu-toolchain/bin/../lib/gcc/avr32/4.4.7/../../../../avr32/lib/ucr3fp\libc.a(lib_a-vfprintf.o)
 .rodata.action_table
                0x80011f60       0x6c c:/program files (x86)/atmel/atmel toolchain/avr32 gcc/native/3.4.1067/avr32-gnu-toolchain/bin/../lib/gcc/avr32/4.4.7/../../../../avr32/lib/ucr3fp\libc.a(lib_a-vfprintf.o)
 .rodata.str1.4
                0x80011fcc       0x3a c:/program files (x86)/atmel/atmel toolchain/avr32 gcc/native/3.4.1067/avr32-gnu-toolchain/bin/../lib/gcc/avr32/4.4.7/../../../../avr32/lib/ucr3fp\libc.a(lib_a-vfprintf.o)
                                 0x3c (size before relaxing)
 *fill*         0x80012006        0x2 
 .rodata.blanks.3430
                0x80012008       0x10 c:/program files (x86)/atmel/atmel toolchain/avr32 gcc/native/3.4.1067/avr32-gnu-toolchain/bin/../lib/gcc/avr32/4.4.7/../../../../avr32/lib/ucr3fp\libc.a(lib_a-vfprintf.o)
 .rodata.zeroes.3431
                0x80012018       0x10 c:/program files (x86)/atmel/atmel toolchain/avr32 gcc/native/3.4.1067/avr32-gnu-toolchain/bin/../lib/gcc/avr32/4.4.7/../../../../avr32/lib/ucr3fp\libc.a(lib_a-vfprintf.o)
 .rodata.chclass
                0x80012028      0x100 c:/program files (x86)/atmel/atmel toolchain/avr32 gcc/native/3.4.1067/avr32-gnu-toolchain/bin/../lib/gcc/avr32/4.4.7/../../../../avr32/lib/ucr3fp\libc.a(lib_a-vfprintf.o)
 .rodata.str1.4
                0x80012128       0x10 c:/program files (x86)/atmel/atmel toolchain/avr32 gcc/native/3.4.1067/avr32-gnu-toolchain/bin/../lib/gcc/avr32/4.4.7/../../../../avr32/lib/ucr3fp\libc.a(lib_a-dtoa.o)
                                 0x14 (size before relaxing)
 .rodata.__sf_fake_stdin
                0x80012138       0x20 c:/program files (x86)/atmel/atmel toolchain/avr32 gcc/native/3.4.1067/avr32-gnu-toolchain/bin/../lib/gcc/avr32/4.4.7/../../../../avr32/lib/ucr3fp\libc.a(lib_a-findfp.o)
                0x80012138                __sf_fake_stdin
 .rodata.__sf_fake_stdout
                0x80012158       0x20 c:/program files (x86)/atmel/atmel toolchain/avr32 gcc/native/3.4.1067/avr32-gnu-toolchain/bin/../lib/gcc/avr32/4.4.7/../../../../avr32/lib/ucr3fp\libc.a(lib_a-findfp.o)
                0x80012158                __sf_fake_stdout
 .rodata.__sf_fake_stderr
                0x80012178       0x20 c:/program files (x86)/atmel/atmel toolchain/avr32 gcc/native/3.4.1067/avr32-gnu-toolchain/bin/../lib/gcc/avr32/4.4.7/../../../../avr32/lib/ucr3fp\libc.a(lib_a-findfp.o)
                0x80012178                __sf_fake_stderr
 .rodata.str1.4
                0x80012198        0x2 c:/program files (x86)/atmel/atmel toolchain/avr32 gcc/native/3.4.1067/avr32-gnu-toolchain/bin/../lib/gcc/avr32/4.4.7/../../../../avr32/lib/ucr3fp\libc.a(lib_a-impure.o)
                                  0x4 (size before relaxing)
 *fill*         0x8001219a        0x2 
 .rodata._global_impure_ptr
                0x8001219c        0x4 c:/program files (x86)/atmel/atmel toolchain/avr32 gcc/native/3.4.1067/avr32-gnu-toolchain/bin/../lib/gcc/avr32/4.4.7/../../../../avr32/lib/ucr3fp\libc.a(lib_a-impure.o)
                0x8001219c                _global_impure_ptr
 .rodata.lconv  0x800121a0       0x30 c:/program files (x86)/atmel/atmel toolchain/avr32 gcc/native/3.4.1067/avr32-gnu-toolchain/bin/../lib/gcc/avr32/4.4.7/../../../../avr32/lib/ucr3fp\libc.a(lib_a-locale.o)
 .rodata.str1.4
                0x800121d0       0x10 c:/program files (x86)/atmel/atmel toolchain/avr32 gcc/native/3.4.1067/avr32-gnu-toolchain/bin/../lib/gcc/avr32/4.4.7/../../../../avr32/lib/ucr3fp\libc.a(lib_a-locale.o)
                                 0x18 (size before relaxing)
 .rodata.p05.2471
                0x800121e0        0xc c:/program files (x86)/atmel/atmel toolchain/avr32 gcc/native/3.4.1067/avr32-gnu-toolchain/bin/../lib/gcc/avr32/4.4.7/../../../../avr32/lib/ucr3fp\libc.a(lib_a-mprec.o)
 .rodata.__mprec_tens
                0x800121ec       0xc8 c:/program files (x86)/atmel/atmel toolchain/avr32 gcc/native/3.4.1067/avr32-gnu-toolchain/bin/../lib/gcc/avr32/4.4.7/../../../../avr32/lib/ucr3fp\libc.a(lib_a-mprec.o)
                0x800121ec                __mprec_tens
 .rodata.__mprec_bigtens
                0x800122b4       0x28 c:/program files (x86)/atmel/atmel toolchain/avr32 gcc/native/3.4.1067/avr32-gnu-toolchain/bin/../lib/gcc/avr32/4.4.7/../../../../avr32/lib/ucr3fp\libc.a(lib_a-mprec.o)
                0x800122b4                __mprec_bigtens

.rodata1
 *(.rodata1)

.eh_frame_hdr
 *(.eh_frame_hdr)

.eh_frame
 *(.eh_frame)

.gcc_except_table
 *(.gcc_except_table)
 *(.gcc_except_table.*)

.lalign         0x800122dc        0x4
                0x800122e0                . = ALIGN (0x8)
 *fill*         0x800122dc        0x4 
                0x800122e0                PROVIDE (_data_lma, .)
                0x00000004                . = ORIGIN (INTRAM)

.dalign         0x00000004        0x4
                0x00000008                . = ALIGN (0x8)
 *fill*         0x00000004        0x4 
                0x00000008                PROVIDE (_data, .)

.eh_frame
 *(.eh_frame)

.gcc_except_table
 *(.gcc_except_table)
 *(.gcc_except_table.*)

.tdata
 *(.tdata .tdata.* .gnu.linkonce.td.*)

.tbss
 *(.tbss .tbss.* .gnu.linkonce.tb.*)
 *(.tcommon)
                0x00000008                PROVIDE (__preinit_array_start, ALIGN (0x4))

.preinit_array
 *(.preinit_array)
                0x00000008                PROVIDE (__preinit_array_end, .)
                0x00000008                PROVIDE (__init_array_start, .)

.init_array
 *(.init_array)
                0x00000008                PROVIDE (__init_array_end, .)
                0x00000008                PROVIDE (__fini_array_start, .)

.fini_array
 *(.fini_array)
                0x00000008                PROVIDE (__fini_array_end, .)

.ctors
 *crtbegin*.o(.ctors)
 *(EXCLUDE_FILE(*crtend*.o) .ctors)
 *(SORT(.ctors.*))
 *(.ctors)

.dtors
 *crtbegin*.o(.dtors)
 *(EXCLUDE_FILE(*crtend*.o) .dtors)
 *(SORT(.dtors.*))
 *(.dtors)

.jcr
 *(.jcr)

.data.rel.ro
 *(.data.rel.ro.local)
 *(.data.rel.ro*)

.dynamic
 *(.dynamic)

.got
 *(.got.plt)
 *(.got)

.ramtext
 *(.ramtext .ramtext.*)

.ddalign        0x00000008        0x0 load address 0x800122e0
                0x00000008                . = ALIGN (0x8)

.data           0x00000008      0x5b8 load address 0x800122e0
 *(.data .data.* .gnu.linkonce.d.*)
 .data.flashc_wait_until_ready
                0x00000008        0x4 src/ASF/avr32/drivers/flashc/flashc.o
                0x00000008                flashc_wait_until_ready
 .data.firstTimeThroughDoorLatch
                0x0000000c        0x1 src/main.o
                0x0000000c                firstTimeThroughDoorLatch
 .data.firstTimeThroughPCA9952
                0x0000000d        0x1 src/main.o
                0x0000000d                firstTimeThroughPCA9952
 *fill*         0x0000000e        0x2 
 .data.CMD_READY
                0x00000010        0x8 src/main.o
                0x00000010                CMD_READY
 .data.CMD_CLEAN
                0x00000018        0x8 src/main.o
                0x00000018                CMD_CLEAN
 .data.CMD_CLEANING
                0x00000020        0x8 src/main.o
                0x00000020                CMD_CLEANING
 .data.CMD_DIRTY
                0x00000028        0x8 src/main.o
                0x00000028                CMD_DIRTY
 .data.CMD_ERROR
                0x00000030        0x8 src/main.o
                0x00000030                CMD_ERROR
 .data.CMD_SHELF1
                0x00000038        0x8 src/main.o
                0x00000038                CMD_SHELF1
 .data.CMD_SHELF2
                0x00000040        0x8 src/main.o
                0x00000040                CMD_SHELF2
 .data.CMD_SHELF3
                0x00000048        0x8 src/main.o
                0x00000048                CMD_SHELF3
 .data.CMD_SHELF4
                0x00000050        0x8 src/main.o
                0x00000050                CMD_SHELF4
 .data.CMD_CLEAR
                0x00000058        0x8 src/main.o
                0x00000058                CMD_CLEAR
 .data.cmdPtrArray
                0x00000060       0x28 src/main.o
                0x00000060                cmdPtrArray
 .data.adc_config_t
                0x00000088       0x14 src/main.o
                0x00000088                adc_config_t
 .data.adcifa_sequence_opt
                0x0000009c        0x7 src/main.o
                0x0000009c                adcifa_sequence_opt
 .data.adcifa_sequence_conversion_opt_seq0_shelf
                0x000000a3        0xc src/main.o
                0x000000a3                adcifa_sequence_conversion_opt_seq0_shelf
 *fill*         0x000000af        0x1 
 .data.adcifa   0x000000b0        0x4 src/main.o
                0x000000b0                adcifa
 .data.initialDTE
                0x000000b4        0x1 src/main.o
                0x000000b4                initialDTE
 *fill*         0x000000b5        0x3 
 .data.__ctype_ptr
                0x000000b8        0x4 c:/program files (x86)/atmel/atmel toolchain/avr32 gcc/native/3.4.1067/avr32-gnu-toolchain/bin/../lib/gcc/avr32/4.4.7/../../../../avr32/lib/ucr3fp\libc.a(lib_a-ctype_.o)
                0x000000b8                __ctype_ptr
 .data.impure_data
                0x000000bc       0xf0 c:/program files (x86)/atmel/atmel toolchain/avr32 gcc/native/3.4.1067/avr32-gnu-toolchain/bin/../lib/gcc/avr32/4.4.7/../../../../avr32/lib/ucr3fp\libc.a(lib_a-impure.o)
 .data._impure_ptr
                0x000001ac        0x4 c:/program files (x86)/atmel/atmel toolchain/avr32 gcc/native/3.4.1067/avr32-gnu-toolchain/bin/../lib/gcc/avr32/4.4.7/../../../../avr32/lib/ucr3fp\libc.a(lib_a-impure.o)
                0x000001ac                _impure_ptr
 .data.__malloc_av_
                0x000001b0      0x408 c:/program files (x86)/atmel/atmel toolchain/avr32 gcc/native/3.4.1067/avr32-gnu-toolchain/bin/../lib/gcc/avr32/4.4.7/../../../../avr32/lib/ucr3fp\libc.a(lib_a-mallocr.o)
                0x000001b0                __malloc_av_
 .data.__malloc_trim_threshold
                0x000005b8        0x4 c:/program files (x86)/atmel/atmel toolchain/avr32 gcc/native/3.4.1067/avr32-gnu-toolchain/bin/../lib/gcc/avr32/4.4.7/../../../../avr32/lib/ucr3fp\libc.a(lib_a-mallocr.o)
                0x000005b8                __malloc_trim_threshold
 .data.__malloc_sbrk_base
                0x000005bc        0x4 c:/program files (x86)/atmel/atmel toolchain/avr32 gcc/native/3.4.1067/avr32-gnu-toolchain/bin/../lib/gcc/avr32/4.4.7/../../../../avr32/lib/ucr3fp\libc.a(lib_a-mallocr.o)
                0x000005bc                __malloc_sbrk_base
 *(.gnu.linkonce.d.*personality*)

.data1
 *(.data1)

.balign         0x000005c0        0x0 load address 0x80012898
                0x000005c0                . = ALIGN (0x8)
                0x000005c0                PROVIDE (_edata, .)
                0x000005c0                PROVIDE (edata, .)
                0x000005c0                __bss_start = .

.bss            0x000005c0      0x700
 *(.dynbss)
 *(.bss .bss.* .gnu.linkonce.b.*)
 .bss.adcifa_seq1_configured
                0x000005c0        0x1 src/ASF/avr32/drivers/adcifa/adcifa.o
 *fill*         0x000005c1        0x3 
 .bss.flashc_error_status
                0x000005c4        0x4 src/ASF/avr32/drivers/flashc/flashc.o
 .bss._int_line_handler_table_0
                0x000005c8        0x4 src/ASF/avr32/drivers/intc/intc.o
 .bss._int_line_handler_table_1
                0x000005cc        0x8 src/ASF/avr32/drivers/intc/intc.o
 .bss._int_line_handler_table_2
                0x000005d4        0x4 src/ASF/avr32/drivers/intc/intc.o
 .bss._int_line_handler_table_3
                0x000005d8       0x10 src/ASF/avr32/drivers/intc/intc.o
 .bss._int_line_handler_table_4
                0x000005e8       0x10 src/ASF/avr32/drivers/intc/intc.o
 .bss._int_line_handler_table_5
                0x000005f8       0x10 src/ASF/avr32/drivers/intc/intc.o
 .bss._int_line_handler_table_6
                0x00000608       0x10 src/ASF/avr32/drivers/intc/intc.o
 .bss._int_line_handler_table_7
                0x00000618        0x4 src/ASF/avr32/drivers/intc/intc.o
 .bss._int_line_handler_table_8
                0x0000061c        0x4 src/ASF/avr32/drivers/intc/intc.o
 .bss._int_line_handler_table_9
                0x00000620       0x28 src/ASF/avr32/drivers/intc/intc.o
 .bss._int_line_handler_table_10
                0x00000648        0x4 src/ASF/avr32/drivers/intc/intc.o
 .bss._int_line_handler_table_11
                0x0000064c        0x4 src/ASF/avr32/drivers/intc/intc.o
 .bss._int_line_handler_table_12
                0x00000650        0x4 src/ASF/avr32/drivers/intc/intc.o
 .bss._int_line_handler_table_13
                0x00000654        0x4 src/ASF/avr32/drivers/intc/intc.o
 .bss._int_line_handler_table_14
                0x00000658       0x14 src/ASF/avr32/drivers/intc/intc.o
 .bss._int_line_handler_table_15
                0x0000066c       0x10 src/ASF/avr32/drivers/intc/intc.o
 .bss._int_line_handler_table_16
                0x0000067c       0x10 src/ASF/avr32/drivers/intc/intc.o
 .bss._int_line_handler_table_17
                0x0000068c        0x4 src/ASF/avr32/drivers/intc/intc.o
 .bss._int_line_handler_table_18
                0x00000690       0x40 src/ASF/avr32/drivers/intc/intc.o
 .bss._int_line_handler_table_19
                0x000006d0        0x4 src/ASF/avr32/drivers/intc/intc.o
 .bss._int_line_handler_table_20
                0x000006d4        0x4 src/ASF/avr32/drivers/intc/intc.o
 .bss._int_line_handler_table_21
                0x000006d8        0x4 src/ASF/avr32/drivers/intc/intc.o
 .bss._int_line_handler_table_22
                0x000006dc        0x4 src/ASF/avr32/drivers/intc/intc.o
 .bss._int_line_handler_table_23
                0x000006e0        0x4 src/ASF/avr32/drivers/intc/intc.o
 .bss._int_line_handler_table_24
                0x000006e4        0x4 src/ASF/avr32/drivers/intc/intc.o
 .bss._int_line_handler_table_25
                0x000006e8        0x4 src/ASF/avr32/drivers/intc/intc.o
 .bss._int_line_handler_table_26
                0x000006ec        0x4 src/ASF/avr32/drivers/intc/intc.o
 .bss._int_line_handler_table_27
                0x000006f0        0x4 src/ASF/avr32/drivers/intc/intc.o
 .bss._int_line_handler_table_28
                0x000006f4        0x4 src/ASF/avr32/drivers/intc/intc.o
 .bss._int_line_handler_table_29
                0x000006f8        0x4 src/ASF/avr32/drivers/intc/intc.o
 .bss._int_line_handler_table_30
                0x000006fc        0x4 src/ASF/avr32/drivers/intc/intc.o
 .bss._int_line_handler_table_31
                0x00000700        0x4 src/ASF/avr32/drivers/intc/intc.o
 .bss._int_line_handler_table_32
                0x00000704        0x4 src/ASF/avr32/drivers/intc/intc.o
 .bss._int_line_handler_table_33
                0x00000708        0xc src/ASF/avr32/drivers/intc/intc.o
 .bss._int_line_handler_table_34
                0x00000714        0xc src/ASF/avr32/drivers/intc/intc.o
 .bss._int_line_handler_table_35
                0x00000720        0x8 src/ASF/avr32/drivers/intc/intc.o
 .bss._int_line_handler_table_36
                0x00000728       0x18 src/ASF/avr32/drivers/intc/intc.o
 .bss._int_line_handler_table_37
                0x00000740        0x4 src/ASF/avr32/drivers/intc/intc.o
 .bss._int_line_handler_table_38
                0x00000744        0x4 src/ASF/avr32/drivers/intc/intc.o
 .bss._int_line_handler_table_39
                0x00000748       0x18 src/ASF/avr32/drivers/intc/intc.o
 .bss._int_line_handler_table_40
                0x00000760       0x18 src/ASF/avr32/drivers/intc/intc.o
 .bss._int_line_handler_table_41
                0x00000778        0x4 src/ASF/avr32/drivers/intc/intc.o
 .bss._int_line_handler_table_42
                0x0000077c        0x4 src/ASF/avr32/drivers/intc/intc.o
 .bss._int_line_handler_table_43
                0x00000780        0x4 src/ASF/avr32/drivers/intc/intc.o
 .bss._int_line_handler_table_44
                0x00000784        0x4 src/ASF/avr32/drivers/intc/intc.o
 .bss._int_line_handler_table_45
                0x00000788        0x4 src/ASF/avr32/drivers/intc/intc.o
 .bss._int_line_handler_table_46
                0x0000078c        0x4 src/ASF/avr32/drivers/intc/intc.o
 .bss.twim_inst
                0x00000790        0x4 src/ASF/avr32/drivers/twim/twim.o
 .bss.twim_tx_data
                0x00000794        0x4 src/ASF/avr32/drivers/twim/twim.o
 .bss.twim_rx_data
                0x00000798        0x4 src/ASF/avr32/drivers/twim/twim.o
 .bss.transfer_status
                0x0000079c        0x4 src/ASF/avr32/drivers/twim/twim.o
 .bss.twim_tx_nb_bytes
                0x000007a0        0x4 src/ASF/avr32/drivers/twim/twim.o
 .bss.twim_rx_nb_bytes
                0x000007a4        0x4 src/ASF/avr32/drivers/twim/twim.o
 .bss.twim_it_mask
                0x000007a8        0x4 src/ASF/avr32/drivers/twim/twim.o
 .bss.twim_package
                0x000007ac        0x4 src/ASF/avr32/drivers/twim/twim.o
 .bss.twim_next
                0x000007b0        0x1 src/ASF/avr32/drivers/twim/twim.o
 *fill*         0x000007b1        0x3 
 .bss.cpu_hz    0x000007b4        0x4 src/pca9952.o
 .bss.sanCycleFlashIdx
                0x000007b8        0x4 src/main.o
                0x000007b8                sanCycleFlashIdx
 .bss.sanMinFlashIdx
                0x000007bc        0x4 src/main.o
                0x000007bc                sanMinFlashIdx
 .bss.ushFlashIdx
                0x000007c0        0x4 src/main.o
                0x000007c0                ushFlashIdx
 .bss.umFlashIdx
                0x000007c4        0x4 src/main.o
                0x000007c4                umFlashIdx
 .bss.topEflag0
                0x000007c8        0x1 src/main.o
                0x000007c8                topEflag0
 .bss.topEflag1
                0x000007c9        0x1 src/main.o
                0x000007c9                topEflag1
 .bss.botEflag0
                0x000007ca        0x1 src/main.o
                0x000007ca                botEflag0
 .bss.botEflag1
                0x000007cb        0x1 src/main.o
                0x000007cb                botEflag1
 .bss.cmdIdx    0x000007cc        0x1 src/main.o
                0x000007cc                cmdIdx
 .bss.displayIdx.18724
                0x000007cd        0x1 src/main.o
 *fill*         0x000007ce        0x2 
 .bss.__malloc_max_total_mem
                0x000007d0        0x4 c:/program files (x86)/atmel/atmel toolchain/avr32 gcc/native/3.4.1067/avr32-gnu-toolchain/bin/../lib/gcc/avr32/4.4.7/../../../../avr32/lib/ucr3fp\libc.a(lib_a-mallocr.o)
                0x000007d0                __malloc_max_total_mem
 .bss.__malloc_max_sbrked_mem
                0x000007d4        0x4 c:/program files (x86)/atmel/atmel toolchain/avr32 gcc/native/3.4.1067/avr32-gnu-toolchain/bin/../lib/gcc/avr32/4.4.7/../../../../avr32/lib/ucr3fp\libc.a(lib_a-mallocr.o)
                0x000007d4                __malloc_max_sbrked_mem
 .bss.__malloc_top_pad
                0x000007d8        0x4 c:/program files (x86)/atmel/atmel toolchain/avr32 gcc/native/3.4.1067/avr32-gnu-toolchain/bin/../lib/gcc/avr32/4.4.7/../../../../avr32/lib/ucr3fp\libc.a(lib_a-mallocr.o)
                0x000007d8                __malloc_top_pad
 .bss.__malloc_current_mallinfo
                0x000007dc       0x28 c:/program files (x86)/atmel/atmel toolchain/avr32 gcc/native/3.4.1067/avr32-gnu-toolchain/bin/../lib/gcc/avr32/4.4.7/../../../../avr32/lib/ucr3fp\libc.a(lib_a-mallocr.o)
                0x000007dc                __malloc_current_mallinfo
 .bss.cur_heap_pos.1869
                0x00000804        0x4 c:/program files (x86)/atmel/atmel toolchain/avr32 gcc/native/3.4.1067/avr32-gnu-toolchain/bin/../lib/gcc/avr32/4.4.7/../../../../avr32/lib/ucr3fp\libc.a(lib_a-syscalls.o)
 *(COMMON)
 COMMON         0x00000808       0x28 src/serial_id_ds2411.o
                0x00000808                D
                0x0000080c                A
                0x00000810                B
                0x00000814                J
                0x00000818                C
                0x0000081c                G
                0x00000820                H
                0x00000824                E
                0x00000828                I
                0x0000082c                F
 COMMON         0x00000830      0x488 src/main.o
                0x00000830                displayTimerSeconds
                0x00000834                ush
                0x00000b38                zoom_view_id
                0x00000b3c                bluesense_buf
                0x00000b44                adc_values_seq0
                0x00000b46                ledBrd
                0x00000b8c                shelf
                0x00000ba0                sanitizeTimer
                0x00000bac                um
                0x00000c10                sanitizeMinutes
                0x00000c14                minPingPong
                0x00000c16                adc_current_conversion
                0x00000c18                tmpSanitizeMinutes
                0x00000c1c                sanm
                0x00000c20                usageIdx
                0x00000c28                debugTimer
                0x00000c34                sysErr
                0x00000c44                displayTimer
                0x00000c50                cleanTimer
                0x00000c5c                ledBrdSide
                0x00000c84                electroclaveState
                0x00000c88                sanc
                0x00000c90                numActiveShelves
                0x00000c94                oneMinuteTimer
                0x00000ca0                hourPingPong
                0x00000ca4                cmd
 COMMON         0x00000cb8        0x4 c:/program files (x86)/atmel/atmel toolchain/avr32 gcc/native/3.4.1067/avr32-gnu-toolchain/bin/../lib/gcc/avr32/4.4.7/../../../../avr32/lib/ucr3fp\libc.a(lib_a-reent.o)
                0x00000cb8                errno
                0x00000cc0                . = ALIGN (0x8)
 *fill*         0x00000cbc        0x4 
                0x00000cc0                . = ALIGN (0x8)
                0x00000cc0                _end = .
                0x00000cc0                PROVIDE (end, .)
                0x00000cc0                __heap_start__ = ALIGN (0x8)

.heap           0x00000cc0     0xe340
 *(.heap)
                0x0000e340                . = (__heap_size__ == __max_heap_size__)?(((ORIGIN (INTRAM) + 0xfffc) - __stack_size__) - ABSOLUTE (.)):__heap_size__
 *fill*         0x00000cc0     0xe340 
                0x0000f000                __heap_end__ = .

.stab
 *(.stab)

.stabstr
 *(.stabstr)

.stab.excl
 *(.stab.excl)

.stab.exclstr
 *(.stab.exclstr)

.stab.index
 *(.stab.index)

.stab.indexstr
 *(.stab.indexstr)

.comment        0x00000000       0x30
 *(.comment)
 .comment       0x00000000       0x30 src/serial_id_ds2411.o
                                 0x31 (size before relaxing)
 .comment       0x00000000       0x31 src/ec_print_funcs.o
 .comment       0x00000000       0x31 src/ASF/avr32/drivers/adcifa/adcifa.o
 .comment       0x00000000       0x31 src/ASF/avr32/drivers/flashc/flashc.o
 .comment       0x00000000       0x31 src/ASF/avr32/drivers/gpio/gpio.o
 .comment       0x00000000       0x31 src/ASF/avr32/drivers/intc/intc.o
 .comment       0x00000000       0x31 src/ASF/avr32/drivers/twim/twim.o
 .comment       0x00000000       0x31 src/ASF/avr32/drivers/usart/usart.o
 .comment       0x00000000       0x31 src/ASF/common/services/clock/uc3c/osc.o
 .comment       0x00000000       0x31 src/ASF/common/services/clock/uc3c/pll.o
 .comment       0x00000000       0x31 src/ASF/common/services/clock/uc3c/sysclk.o
 .comment       0x00000000       0x31 src/pca9952.o
 .comment       0x00000000       0x31 src/main.o
 .comment       0x00000000       0x31 c:/program files (x86)/atmel/atmel toolchain/avr32 gcc/native/3.4.1067/avr32-gnu-toolchain/bin/../lib/gcc/avr32/4.4.7/ucr3fp\libgcc.a(_udivdi3.o)
 .comment       0x00000000       0x31 c:/program files (x86)/atmel/atmel toolchain/avr32 gcc/native/3.4.1067/avr32-gnu-toolchain/bin/../lib/gcc/avr32/4.4.7/../../../../avr32/lib/ucr3fp\libc.a(lib_a-ctype_.o)
 .comment       0x00000000       0x31 c:/program files (x86)/atmel/atmel toolchain/avr32 gcc/native/3.4.1067/avr32-gnu-toolchain/bin/../lib/gcc/avr32/4.4.7/../../../../avr32/lib/ucr3fp\libc.a(lib_a-memset.o)
 .comment       0x00000000       0x31 c:/program files (x86)/atmel/atmel toolchain/avr32 gcc/native/3.4.1067/avr32-gnu-toolchain/bin/../lib/gcc/avr32/4.4.7/../../../../avr32/lib/ucr3fp\libc.a(lib_a-sprintf.o)
 .comment       0x00000000       0x31 c:/program files (x86)/atmel/atmel toolchain/avr32 gcc/native/3.4.1067/avr32-gnu-toolchain/bin/../lib/gcc/avr32/4.4.7/../../../../avr32/lib/ucr3fp\libc.a(lib_a-strlen.o)
 .comment       0x00000000       0x31 c:/program files (x86)/atmel/atmel toolchain/avr32 gcc/native/3.4.1067/avr32-gnu-toolchain/bin/../lib/gcc/avr32/4.4.7/../../../../avr32/lib/ucr3fp\libc.a(lib_a-vfprintf.o)
 .comment       0x00000000       0x31 c:/program files (x86)/atmel/atmel toolchain/avr32 gcc/native/3.4.1067/avr32-gnu-toolchain/bin/../lib/gcc/avr32/4.4.7/../../../../avr32/lib/ucr3fp\libc.a(lib_a-wsetup.o)
 .comment       0x00000000       0x31 c:/program files (x86)/atmel/atmel toolchain/avr32 gcc/native/3.4.1067/avr32-gnu-toolchain/bin/../lib/gcc/avr32/4.4.7/../../../../avr32/lib/ucr3fp\libc.a(lib_a-dtoa.o)
 .comment       0x00000000       0x31 c:/program files (x86)/atmel/atmel toolchain/avr32 gcc/native/3.4.1067/avr32-gnu-toolchain/bin/../lib/gcc/avr32/4.4.7/../../../../avr32/lib/ucr3fp\libc.a(lib_a-fflush.o)
 .comment       0x00000000       0x31 c:/program files (x86)/atmel/atmel toolchain/avr32 gcc/native/3.4.1067/avr32-gnu-toolchain/bin/../lib/gcc/avr32/4.4.7/../../../../avr32/lib/ucr3fp\libc.a(lib_a-findfp.o)
 .comment       0x00000000       0x31 c:/program files (x86)/atmel/atmel toolchain/avr32 gcc/native/3.4.1067/avr32-gnu-toolchain/bin/../lib/gcc/avr32/4.4.7/../../../../avr32/lib/ucr3fp\libc.a(lib_a-freer.o)
 .comment       0x00000000       0x31 c:/program files (x86)/atmel/atmel toolchain/avr32 gcc/native/3.4.1067/avr32-gnu-toolchain/bin/../lib/gcc/avr32/4.4.7/../../../../avr32/lib/ucr3fp\libc.a(lib_a-fvwrite.o)
 .comment       0x00000000       0x31 c:/program files (x86)/atmel/atmel toolchain/avr32 gcc/native/3.4.1067/avr32-gnu-toolchain/bin/../lib/gcc/avr32/4.4.7/../../../../avr32/lib/ucr3fp\libc.a(lib_a-fwalk.o)
 .comment       0x00000000       0x31 c:/program files (x86)/atmel/atmel toolchain/avr32 gcc/native/3.4.1067/avr32-gnu-toolchain/bin/../lib/gcc/avr32/4.4.7/../../../../avr32/lib/ucr3fp\libc.a(lib_a-impure.o)
 .comment       0x00000000       0x31 c:/program files (x86)/atmel/atmel toolchain/avr32 gcc/native/3.4.1067/avr32-gnu-toolchain/bin/../lib/gcc/avr32/4.4.7/../../../../avr32/lib/ucr3fp\libc.a(lib_a-locale.o)
 .comment       0x00000000       0x31 c:/program files (x86)/atmel/atmel toolchain/avr32 gcc/native/3.4.1067/avr32-gnu-toolchain/bin/../lib/gcc/avr32/4.4.7/../../../../avr32/lib/ucr3fp\libc.a(lib_a-makebuf.o)
 .comment       0x00000000       0x31 c:/program files (x86)/atmel/atmel toolchain/avr32 gcc/native/3.4.1067/avr32-gnu-toolchain/bin/../lib/gcc/avr32/4.4.7/../../../../avr32/lib/ucr3fp\libc.a(lib_a-malloc.o)
 .comment       0x00000000       0x31 c:/program files (x86)/atmel/atmel toolchain/avr32 gcc/native/3.4.1067/avr32-gnu-toolchain/bin/../lib/gcc/avr32/4.4.7/../../../../avr32/lib/ucr3fp\libc.a(lib_a-mallocr.o)
 .comment       0x00000000       0x31 c:/program files (x86)/atmel/atmel toolchain/avr32 gcc/native/3.4.1067/avr32-gnu-toolchain/bin/../lib/gcc/avr32/4.4.7/../../../../avr32/lib/ucr3fp\libc.a(lib_a-memchr.o)
 .comment       0x00000000       0x31 c:/program files (x86)/atmel/atmel toolchain/avr32 gcc/native/3.4.1067/avr32-gnu-toolchain/bin/../lib/gcc/avr32/4.4.7/../../../../avr32/lib/ucr3fp\libc.a(lib_a-memmove.o)
 .comment       0x00000000       0x31 c:/program files (x86)/atmel/atmel toolchain/avr32 gcc/native/3.4.1067/avr32-gnu-toolchain/bin/../lib/gcc/avr32/4.4.7/../../../../avr32/lib/ucr3fp\libc.a(lib_a-mlock.o)
 .comment       0x00000000       0x31 c:/program files (x86)/atmel/atmel toolchain/avr32 gcc/native/3.4.1067/avr32-gnu-toolchain/bin/../lib/gcc/avr32/4.4.7/../../../../avr32/lib/ucr3fp\libc.a(lib_a-mprec.o)
 .comment       0x00000000       0x31 c:/program files (x86)/atmel/atmel toolchain/avr32 gcc/native/3.4.1067/avr32-gnu-toolchain/bin/../lib/gcc/avr32/4.4.7/../../../../avr32/lib/ucr3fp\libc.a(lib_a-reallocr.o)
 .comment       0x00000000       0x31 c:/program files (x86)/atmel/atmel toolchain/avr32 gcc/native/3.4.1067/avr32-gnu-toolchain/bin/../lib/gcc/avr32/4.4.7/../../../../avr32/lib/ucr3fp\libc.a(lib_a-s_isinfd.o)
 .comment       0x00000000       0x31 c:/program files (x86)/atmel/atmel toolchain/avr32 gcc/native/3.4.1067/avr32-gnu-toolchain/bin/../lib/gcc/avr32/4.4.7/../../../../avr32/lib/ucr3fp\libc.a(lib_a-s_isnand.o)
 .comment       0x00000000       0x31 c:/program files (x86)/atmel/atmel toolchain/avr32 gcc/native/3.4.1067/avr32-gnu-toolchain/bin/../lib/gcc/avr32/4.4.7/../../../../avr32/lib/ucr3fp\libc.a(lib_a-sbrkr.o)
 .comment       0x00000000       0x31 c:/program files (x86)/atmel/atmel toolchain/avr32 gcc/native/3.4.1067/avr32-gnu-toolchain/bin/../lib/gcc/avr32/4.4.7/../../../../avr32/lib/ucr3fp\libc.a(lib_a-stdio.o)
 .comment       0x00000000       0x31 c:/program files (x86)/atmel/atmel toolchain/avr32 gcc/native/3.4.1067/avr32-gnu-toolchain/bin/../lib/gcc/avr32/4.4.7/../../../../avr32/lib/ucr3fp\libc.a(lib_a-syscalls.o)
 .comment       0x00000000       0x31 c:/program files (x86)/atmel/atmel toolchain/avr32 gcc/native/3.4.1067/avr32-gnu-toolchain/bin/../lib/gcc/avr32/4.4.7/../../../../avr32/lib/ucr3fp\libc.a(lib_a-writer.o)
 .comment       0x00000000       0x31 c:/program files (x86)/atmel/atmel toolchain/avr32 gcc/native/3.4.1067/avr32-gnu-toolchain/bin/../lib/gcc/avr32/4.4.7/../../../../avr32/lib/ucr3fp\libc.a(lib_a-callocr.o)
 .comment       0x00000000       0x31 c:/program files (x86)/atmel/atmel toolchain/avr32 gcc/native/3.4.1067/avr32-gnu-toolchain/bin/../lib/gcc/avr32/4.4.7/../../../../avr32/lib/ucr3fp\libc.a(lib_a-closer.o)
 .comment       0x00000000       0x31 c:/program files (x86)/atmel/atmel toolchain/avr32 gcc/native/3.4.1067/avr32-gnu-toolchain/bin/../lib/gcc/avr32/4.4.7/../../../../avr32/lib/ucr3fp\libc.a(lib_a-errno.o)
 .comment       0x00000000       0x31 c:/program files (x86)/atmel/atmel toolchain/avr32 gcc/native/3.4.1067/avr32-gnu-toolchain/bin/../lib/gcc/avr32/4.4.7/../../../../avr32/lib/ucr3fp\libc.a(lib_a-fclose.o)
 .comment       0x00000000       0x31 c:/program files (x86)/atmel/atmel toolchain/avr32 gcc/native/3.4.1067/avr32-gnu-toolchain/bin/../lib/gcc/avr32/4.4.7/../../../../avr32/lib/ucr3fp\libc.a(lib_a-fstatr.o)
 .comment       0x00000000       0x31 c:/program files (x86)/atmel/atmel toolchain/avr32 gcc/native/3.4.1067/avr32-gnu-toolchain/bin/../lib/gcc/avr32/4.4.7/../../../../avr32/lib/ucr3fp\libc.a(lib_a-lseekr.o)
 .comment       0x00000000       0x31 c:/program files (x86)/atmel/atmel toolchain/avr32 gcc/native/3.4.1067/avr32-gnu-toolchain/bin/../lib/gcc/avr32/4.4.7/../../../../avr32/lib/ucr3fp\libc.a(lib_a-readr.o)
 .comment       0x00000000       0x31 c:/program files (x86)/atmel/atmel toolchain/avr32 gcc/native/3.4.1067/avr32-gnu-toolchain/bin/../lib/gcc/avr32/4.4.7/../../../../avr32/lib/ucr3fp\libc.a(lib_a-reent.o)
 .comment       0x00000000       0x31 c:/program files (x86)/atmel/atmel toolchain/avr32 gcc/native/3.4.1067/avr32-gnu-toolchain/bin/../lib/gcc/avr32/4.4.7/ucr3fp\libgcc.a(_umoddi3.o)

.debug
 *(.debug)

.line
 *(.line)

.debug_srcinfo
 *(.debug_srcinfo)

.debug_sfnames
 *(.debug_sfnames)

.debug_aranges  0x00000000     0x1180
 *(.debug_aranges)
 .debug_aranges
                0x00000000       0x98 src/serial_id_ds2411.o
 .debug_aranges
                0x00000098       0xc8 src/ec_print_funcs.o
 .debug_aranges
                0x00000160       0x88 src/ASF/avr32/drivers/adcifa/adcifa.o
 .debug_aranges
                0x000001e8      0x228 src/ASF/avr32/drivers/flashc/flashc.o
 .debug_aranges
                0x00000410      0x128 src/ASF/avr32/drivers/gpio/gpio.o
 .debug_aranges
                0x00000538       0x20 src/ASF/avr32/drivers/intc/exception.o
 .debug_aranges
                0x00000558       0x40 src/ASF/avr32/drivers/intc/intc.o
 .debug_aranges
                0x00000598       0x88 src/ASF/avr32/drivers/twim/twim.o
 .debug_aranges
                0x00000620      0x108 src/ASF/avr32/drivers/usart/usart.o
 .debug_aranges
                0x00000728       0x28 src/ASF/avr32/utils/startup/startup_uc3.o
 .debug_aranges
                0x00000750       0x20 src/ASF/avr32/utils/startup/trampoline_uc3.o
 .debug_aranges
                0x00000770       0x70 src/ASF/common/services/clock/uc3c/osc.o
 .debug_aranges
                0x000007e0       0x48 src/ASF/common/services/clock/uc3c/pll.o
 .debug_aranges
                0x00000828       0x58 src/ASF/common/services/clock/uc3c/sysclk.o
 .debug_aranges
                0x00000880       0x50 src/pca9952.o
 .debug_aranges
                0x000008d0      0x1c8 src/main.o
 .debug_aranges
                0x00000a98       0x20 c:/program files (x86)/atmel/atmel toolchain/avr32 gcc/native/3.4.1067/avr32-gnu-toolchain/bin/../lib/gcc/avr32/4.4.7/ucr3fp\libgcc.a(_udivdi3.o)
 .debug_aranges
                0x00000ab8       0x20 c:/program files (x86)/atmel/atmel toolchain/avr32 gcc/native/3.4.1067/avr32-gnu-toolchain/bin/../lib/gcc/avr32/4.4.7/../../../../avr32/lib/ucr3fp\libc.a(lib_a-memset.o)
 .debug_aranges
                0x00000ad8       0x28 c:/program files (x86)/atmel/atmel toolchain/avr32 gcc/native/3.4.1067/avr32-gnu-toolchain/bin/../lib/gcc/avr32/4.4.7/../../../../avr32/lib/ucr3fp\libc.a(lib_a-sprintf.o)
 .debug_aranges
                0x00000b00       0x20 c:/program files (x86)/atmel/atmel toolchain/avr32 gcc/native/3.4.1067/avr32-gnu-toolchain/bin/../lib/gcc/avr32/4.4.7/../../../../avr32/lib/ucr3fp\libc.a(lib_a-strlen.o)
 .debug_aranges
                0x00000b20       0x38 c:/program files (x86)/atmel/atmel toolchain/avr32 gcc/native/3.4.1067/avr32-gnu-toolchain/bin/../lib/gcc/avr32/4.4.7/../../../../avr32/lib/ucr3fp\libc.a(lib_a-vfprintf.o)
 .debug_aranges
                0x00000b58       0x20 c:/program files (x86)/atmel/atmel toolchain/avr32 gcc/native/3.4.1067/avr32-gnu-toolchain/bin/../lib/gcc/avr32/4.4.7/../../../../avr32/lib/ucr3fp\libc.a(lib_a-wsetup.o)
 .debug_aranges
                0x00000b78       0x28 c:/program files (x86)/atmel/atmel toolchain/avr32 gcc/native/3.4.1067/avr32-gnu-toolchain/bin/../lib/gcc/avr32/4.4.7/../../../../avr32/lib/ucr3fp\libc.a(lib_a-dtoa.o)
 .debug_aranges
                0x00000ba0       0x28 c:/program files (x86)/atmel/atmel toolchain/avr32 gcc/native/3.4.1067/avr32-gnu-toolchain/bin/../lib/gcc/avr32/4.4.7/../../../../avr32/lib/ucr3fp\libc.a(lib_a-fflush.o)
 .debug_aranges
                0x00000bc8       0x80 c:/program files (x86)/atmel/atmel toolchain/avr32 gcc/native/3.4.1067/avr32-gnu-toolchain/bin/../lib/gcc/avr32/4.4.7/../../../../avr32/lib/ucr3fp\libc.a(lib_a-findfp.o)
 .debug_aranges
                0x00000c48       0x28 c:/program files (x86)/atmel/atmel toolchain/avr32 gcc/native/3.4.1067/avr32-gnu-toolchain/bin/../lib/gcc/avr32/4.4.7/../../../../avr32/lib/ucr3fp\libc.a(lib_a-freer.o)
 .debug_aranges
                0x00000c70       0x20 c:/program files (x86)/atmel/atmel toolchain/avr32 gcc/native/3.4.1067/avr32-gnu-toolchain/bin/../lib/gcc/avr32/4.4.7/../../../../avr32/lib/ucr3fp\libc.a(lib_a-fvwrite.o)
 .debug_aranges
                0x00000c90       0x28 c:/program files (x86)/atmel/atmel toolchain/avr32 gcc/native/3.4.1067/avr32-gnu-toolchain/bin/../lib/gcc/avr32/4.4.7/../../../../avr32/lib/ucr3fp\libc.a(lib_a-fwalk.o)
 .debug_aranges
                0x00000cb8       0x40 c:/program files (x86)/atmel/atmel toolchain/avr32 gcc/native/3.4.1067/avr32-gnu-toolchain/bin/../lib/gcc/avr32/4.4.7/../../../../avr32/lib/ucr3fp\libc.a(lib_a-locale.o)
 .debug_aranges
                0x00000cf8       0x20 c:/program files (x86)/atmel/atmel toolchain/avr32 gcc/native/3.4.1067/avr32-gnu-toolchain/bin/../lib/gcc/avr32/4.4.7/../../../../avr32/lib/ucr3fp\libc.a(lib_a-makebuf.o)
 .debug_aranges
                0x00000d18       0x28 c:/program files (x86)/atmel/atmel toolchain/avr32 gcc/native/3.4.1067/avr32-gnu-toolchain/bin/../lib/gcc/avr32/4.4.7/../../../../avr32/lib/ucr3fp\libc.a(lib_a-malloc.o)
 .debug_aranges
                0x00000d40       0x20 c:/program files (x86)/atmel/atmel toolchain/avr32 gcc/native/3.4.1067/avr32-gnu-toolchain/bin/../lib/gcc/avr32/4.4.7/../../../../avr32/lib/ucr3fp\libc.a(lib_a-mallocr.o)
 .debug_aranges
                0x00000d60       0x20 c:/program files (x86)/atmel/atmel toolchain/avr32 gcc/native/3.4.1067/avr32-gnu-toolchain/bin/../lib/gcc/avr32/4.4.7/../../../../avr32/lib/ucr3fp\libc.a(lib_a-memchr.o)
 .debug_aranges
                0x00000d80       0x20 c:/program files (x86)/atmel/atmel toolchain/avr32 gcc/native/3.4.1067/avr32-gnu-toolchain/bin/../lib/gcc/avr32/4.4.7/../../../../avr32/lib/ucr3fp\libc.a(lib_a-memmove.o)
 .debug_aranges
                0x00000da0       0x28 c:/program files (x86)/atmel/atmel toolchain/avr32 gcc/native/3.4.1067/avr32-gnu-toolchain/bin/../lib/gcc/avr32/4.4.7/../../../../avr32/lib/ucr3fp\libc.a(lib_a-mlock.o)
 .debug_aranges
                0x00000dc8       0xb0 c:/program files (x86)/atmel/atmel toolchain/avr32 gcc/native/3.4.1067/avr32-gnu-toolchain/bin/../lib/gcc/avr32/4.4.7/../../../../avr32/lib/ucr3fp\libc.a(lib_a-mprec.o)
 .debug_aranges
                0x00000e78       0x20 c:/program files (x86)/atmel/atmel toolchain/avr32 gcc/native/3.4.1067/avr32-gnu-toolchain/bin/../lib/gcc/avr32/4.4.7/../../../../avr32/lib/ucr3fp\libc.a(lib_a-reallocr.o)
 .debug_aranges
                0x00000e98       0x20 c:/program files (x86)/atmel/atmel toolchain/avr32 gcc/native/3.4.1067/avr32-gnu-toolchain/bin/../lib/gcc/avr32/4.4.7/../../../../avr32/lib/ucr3fp\libc.a(lib_a-s_isinfd.o)
 .debug_aranges
                0x00000eb8       0x20 c:/program files (x86)/atmel/atmel toolchain/avr32 gcc/native/3.4.1067/avr32-gnu-toolchain/bin/../lib/gcc/avr32/4.4.7/../../../../avr32/lib/ucr3fp\libc.a(lib_a-s_isnand.o)
 .debug_aranges
                0x00000ed8       0x20 c:/program files (x86)/atmel/atmel toolchain/avr32 gcc/native/3.4.1067/avr32-gnu-toolchain/bin/../lib/gcc/avr32/4.4.7/../../../../avr32/lib/ucr3fp\libc.a(lib_a-sbrkr.o)
 .debug_aranges
                0x00000ef8       0x38 c:/program files (x86)/atmel/atmel toolchain/avr32 gcc/native/3.4.1067/avr32-gnu-toolchain/bin/../lib/gcc/avr32/4.4.7/../../../../avr32/lib/ucr3fp\libc.a(lib_a-stdio.o)
 .debug_aranges
                0x00000f30       0xf8 c:/program files (x86)/atmel/atmel toolchain/avr32 gcc/native/3.4.1067/avr32-gnu-toolchain/bin/../lib/gcc/avr32/4.4.7/../../../../avr32/lib/ucr3fp\libc.a(lib_a-syscalls.o)
 .debug_aranges
                0x00001028       0x20 c:/program files (x86)/atmel/atmel toolchain/avr32 gcc/native/3.4.1067/avr32-gnu-toolchain/bin/../lib/gcc/avr32/4.4.7/../../../../avr32/lib/ucr3fp\libc.a(lib_a-writer.o)
 .debug_aranges
                0x00001048       0x20 c:/program files (x86)/atmel/atmel toolchain/avr32 gcc/native/3.4.1067/avr32-gnu-toolchain/bin/../lib/gcc/avr32/4.4.7/../../../../avr32/lib/ucr3fp\libc.a(lib_a-callocr.o)
 .debug_aranges
                0x00001068       0x20 c:/program files (x86)/atmel/atmel toolchain/avr32 gcc/native/3.4.1067/avr32-gnu-toolchain/bin/../lib/gcc/avr32/4.4.7/../../../../avr32/lib/ucr3fp\libc.a(lib_a-closer.o)
 .debug_aranges
                0x00001088       0x20 c:/program files (x86)/atmel/atmel toolchain/avr32 gcc/native/3.4.1067/avr32-gnu-toolchain/bin/../lib/gcc/avr32/4.4.7/../../../../avr32/lib/ucr3fp\libc.a(lib_a-errno.o)
 .debug_aranges
                0x000010a8       0x28 c:/program files (x86)/atmel/atmel toolchain/avr32 gcc/native/3.4.1067/avr32-gnu-toolchain/bin/../lib/gcc/avr32/4.4.7/../../../../avr32/lib/ucr3fp\libc.a(lib_a-fclose.o)
 .debug_aranges
                0x000010d0       0x20 c:/program files (x86)/atmel/atmel toolchain/avr32 gcc/native/3.4.1067/avr32-gnu-toolchain/bin/../lib/gcc/avr32/4.4.7/../../../../avr32/lib/ucr3fp\libc.a(lib_a-fstatr.o)
 .debug_aranges
                0x000010f0       0x20 c:/program files (x86)/atmel/atmel toolchain/avr32 gcc/native/3.4.1067/avr32-gnu-toolchain/bin/../lib/gcc/avr32/4.4.7/../../../../avr32/lib/ucr3fp\libc.a(lib_a-lseekr.o)
 .debug_aranges
                0x00001110       0x20 c:/program files (x86)/atmel/atmel toolchain/avr32 gcc/native/3.4.1067/avr32-gnu-toolchain/bin/../lib/gcc/avr32/4.4.7/../../../../avr32/lib/ucr3fp\libc.a(lib_a-readr.o)
 .debug_aranges
                0x00001130       0x30 c:/program files (x86)/atmel/atmel toolchain/avr32 gcc/native/3.4.1067/avr32-gnu-toolchain/bin/../lib/gcc/avr32/4.4.7/../../../../avr32/lib/ucr3fp\libc.a(lib_a-reent.o)
 .debug_aranges
                0x00001160       0x20 c:/program files (x86)/atmel/atmel toolchain/avr32 gcc/native/3.4.1067/avr32-gnu-toolchain/bin/../lib/gcc/avr32/4.4.7/ucr3fp\libgcc.a(_umoddi3.o)

.debug_pubnames
                0x00000000     0x27e6
 *(.debug_pubnames)
 .debug_pubnames
                0x00000000      0x159 src/serial_id_ds2411.o
 .debug_pubnames
                0x00000159      0x1de src/ec_print_funcs.o
 .debug_pubnames
                0x00000337      0x193 src/ASF/avr32/drivers/adcifa/adcifa.o
 .debug_pubnames
                0x000004ca      0x79d src/ASF/avr32/drivers/flashc/flashc.o
 .debug_pubnames
                0x00000c67      0x3aa src/ASF/avr32/drivers/gpio/gpio.o
 .debug_pubnames
                0x00001011       0x62 src/ASF/avr32/drivers/intc/intc.o
 .debug_pubnames
                0x00001073       0xd6 src/ASF/avr32/drivers/twim/twim.o
 .debug_pubnames
                0x00001149      0x227 src/ASF/avr32/drivers/usart/usart.o
 .debug_pubnames
                0x00001370       0xe4 src/ASF/common/services/clock/uc3c/osc.o
 .debug_pubnames
                0x00001454       0x46 src/ASF/common/services/clock/uc3c/pll.o
 .debug_pubnames
                0x0000149a       0x8f src/ASF/common/services/clock/uc3c/sysclk.o
 .debug_pubnames
                0x00001529       0x70 src/pca9952.o
 .debug_pubnames
                0x00001599      0x7fc src/main.o
 .debug_pubnames
                0x00001d95       0x20 c:/program files (x86)/atmel/atmel toolchain/avr32 gcc/native/3.4.1067/avr32-gnu-toolchain/bin/../lib/gcc/avr32/4.4.7/ucr3fp\libgcc.a(_udivdi3.o)
 .debug_pubnames
                0x00001db5       0x2e c:/program files (x86)/atmel/atmel toolchain/avr32 gcc/native/3.4.1067/avr32-gnu-toolchain/bin/../lib/gcc/avr32/4.4.7/../../../../avr32/lib/ucr3fp\libc.a(lib_a-ctype_.o)
 .debug_pubnames
                0x00001de3       0x1d c:/program files (x86)/atmel/atmel toolchain/avr32 gcc/native/3.4.1067/avr32-gnu-toolchain/bin/../lib/gcc/avr32/4.4.7/../../../../avr32/lib/ucr3fp\libc.a(lib_a-memset.o)
 .debug_pubnames
                0x00001e00       0x2d c:/program files (x86)/atmel/atmel toolchain/avr32 gcc/native/3.4.1067/avr32-gnu-toolchain/bin/../lib/gcc/avr32/4.4.7/../../../../avr32/lib/ucr3fp\libc.a(lib_a-sprintf.o)
 .debug_pubnames
                0x00001e2d       0x1d c:/program files (x86)/atmel/atmel toolchain/avr32 gcc/native/3.4.1067/avr32-gnu-toolchain/bin/../lib/gcc/avr32/4.4.7/../../../../avr32/lib/ucr3fp\libc.a(lib_a-strlen.o)
 .debug_pubnames
                0x00001e4a       0x2f c:/program files (x86)/atmel/atmel toolchain/avr32 gcc/native/3.4.1067/avr32-gnu-toolchain/bin/../lib/gcc/avr32/4.4.7/../../../../avr32/lib/ucr3fp\libc.a(lib_a-vfprintf.o)
 .debug_pubnames
                0x00001e79       0x22 c:/program files (x86)/atmel/atmel toolchain/avr32 gcc/native/3.4.1067/avr32-gnu-toolchain/bin/../lib/gcc/avr32/4.4.7/../../../../avr32/lib/ucr3fp\libc.a(lib_a-wsetup.o)
 .debug_pubnames
                0x00001e9b       0x1e c:/program files (x86)/atmel/atmel toolchain/avr32 gcc/native/3.4.1067/avr32-gnu-toolchain/bin/../lib/gcc/avr32/4.4.7/../../../../avr32/lib/ucr3fp\libc.a(lib_a-dtoa.o)
 .debug_pubnames
                0x00001eb9       0x2b c:/program files (x86)/atmel/atmel toolchain/avr32 gcc/native/3.4.1067/avr32-gnu-toolchain/bin/../lib/gcc/avr32/4.4.7/../../../../avr32/lib/ucr3fp\libc.a(lib_a-fflush.o)
 .debug_pubnames
                0x00001ee4      0x119 c:/program files (x86)/atmel/atmel toolchain/avr32 gcc/native/3.4.1067/avr32-gnu-toolchain/bin/../lib/gcc/avr32/4.4.7/../../../../avr32/lib/ucr3fp\libc.a(lib_a-findfp.o)
 .debug_pubnames
                0x00001ffd       0x31 c:/program files (x86)/atmel/atmel toolchain/avr32 gcc/native/3.4.1067/avr32-gnu-toolchain/bin/../lib/gcc/avr32/4.4.7/../../../../avr32/lib/ucr3fp\libc.a(lib_a-freer.o)
 .debug_pubnames
                0x0000202e       0x23 c:/program files (x86)/atmel/atmel toolchain/avr32 gcc/native/3.4.1067/avr32-gnu-toolchain/bin/../lib/gcc/avr32/4.4.7/../../../../avr32/lib/ucr3fp\libc.a(lib_a-fvwrite.o)
 .debug_pubnames
                0x00002051       0x2e c:/program files (x86)/atmel/atmel toolchain/avr32 gcc/native/3.4.1067/avr32-gnu-toolchain/bin/../lib/gcc/avr32/4.4.7/../../../../avr32/lib/ucr3fp\libc.a(lib_a-fwalk.o)
 .debug_pubnames
                0x0000207f       0x39 c:/program files (x86)/atmel/atmel toolchain/avr32 gcc/native/3.4.1067/avr32-gnu-toolchain/bin/../lib/gcc/avr32/4.4.7/../../../../avr32/lib/ucr3fp\libc.a(lib_a-impure.o)
 .debug_pubnames