Archive member included because of file (symbol)

c:/program files (x86)/atmel/atmel toolchain/avr32 gcc/native/3.4.1067/avr32-gnu-toolchain/bin/../lib/gcc/avr32/4.4.7/ucr3fp\libgcc.a(_avr32_f64_mul.o)
                              src/main.o (__avr32_f64_mul)
c:/program files (x86)/atmel/atmel toolchain/avr32 gcc/native/3.4.1067/avr32-gnu-toolchain/bin/../lib/gcc/avr32/4.4.7/ucr3fp\libgcc.a(_avr32_f64_addsub.o)
                              src/main.o (__avr32_f64_add)
c:/program files (x86)/atmel/atmel toolchain/avr32 gcc/native/3.4.1067/avr32-gnu-toolchain/bin/../lib/gcc/avr32/4.4.7/ucr3fp\libgcc.a(_avr32_s32_to_f64.o)
                              src/main.o (__avr32_u32_to_f64)
c:/program files (x86)/atmel/atmel toolchain/avr32 gcc/native/3.4.1067/avr32-gnu-toolchain/bin/../lib/gcc/avr32/4.4.7/ucr3fp\libgcc.a(_avr32_f32_div.o)
                              src/main.o (__avr32_f32_div)
c:/program files (x86)/atmel/atmel toolchain/avr32 gcc/native/3.4.1067/avr32-gnu-toolchain/bin/../lib/gcc/avr32/4.4.7/ucr3fp\libgcc.a(_avr32_f64_to_f32.o)
                              src/main.o (__avr32_f64_to_f32)
c:/program files (x86)/atmel/atmel toolchain/avr32 gcc/native/3.4.1067/avr32-gnu-toolchain/bin/../lib/gcc/avr32/4.4.7/ucr3fp\libgcc.a(_udivdi3.o)
                              src/serial_id_ds2411.o (__avr32_udiv64)
c:/program files (x86)/atmel/atmel toolchain/avr32 gcc/native/3.4.1067/avr32-gnu-toolchain/bin/../lib/gcc/avr32/4.4.7/../../../../avr32/lib/ucr3fp\libc.a(lib_a-memcpy.o)
                              src/ASF/avr32/drivers/flashc/flashc.o (memcpy)
c:/program files (x86)/atmel/atmel toolchain/avr32 gcc/native/3.4.1067/avr32-gnu-toolchain/bin/../lib/gcc/avr32/4.4.7/../../../../avr32/lib/ucr3fp\libc.a(lib_a-memset.o)
                              src/main.o (memset)
c:/program files (x86)/atmel/atmel toolchain/avr32 gcc/native/3.4.1067/avr32-gnu-toolchain/bin/../lib/gcc/avr32/4.4.7/../../../../avr32/lib/ucr3fp\libc.a(lib_a-sprintf.o)
                              src/main.o (sprintf)
c:/program files (x86)/atmel/atmel toolchain/avr32 gcc/native/3.4.1067/avr32-gnu-toolchain/bin/../lib/gcc/avr32/4.4.7/../../../../avr32/lib/ucr3fp\libc.a(lib_a-strlen.o)
                              src/main.o (strlen)
c:/program files (x86)/atmel/atmel toolchain/avr32 gcc/native/3.4.1067/avr32-gnu-toolchain/bin/../lib/gcc/avr32/4.4.7/../../../../avr32/lib/ucr3fp\libc.a(lib_a-strncpy.o)
                              src/main.o (strncpy)
c:/program files (x86)/atmel/atmel toolchain/avr32 gcc/native/3.4.1067/avr32-gnu-toolchain/bin/../lib/gcc/avr32/4.4.7/../../../../avr32/lib/ucr3fp\libc.a(lib_a-vfprintf.o)
                              c:/program files (x86)/atmel/atmel toolchain/avr32 gcc/native/3.4.1067/avr32-gnu-toolchain/bin/../lib/gcc/avr32/4.4.7/../../../../avr32/lib/ucr3fp\libc.a(lib_a-sprintf.o) (_vfprintf_r)
c:/program files (x86)/atmel/atmel toolchain/avr32 gcc/native/3.4.1067/avr32-gnu-toolchain/bin/../lib/gcc/avr32/4.4.7/../../../../avr32/lib/ucr3fp\libc.a(lib_a-wsetup.o)
                              c:/program files (x86)/atmel/atmel toolchain/avr32 gcc/native/3.4.1067/avr32-gnu-toolchain/bin/../lib/gcc/avr32/4.4.7/../../../../avr32/lib/ucr3fp\libc.a(lib_a-vfprintf.o) (__swsetup_r)
c:/program files (x86)/atmel/atmel toolchain/avr32 gcc/native/3.4.1067/avr32-gnu-toolchain/bin/../lib/gcc/avr32/4.4.7/../../../../avr32/lib/ucr3fp\libc.a(lib_a-dtoa.o)
                              c:/program files (x86)/atmel/atmel toolchain/avr32 gcc/native/3.4.1067/avr32-gnu-toolchain/bin/../lib/gcc/avr32/4.4.7/../../../../avr32/lib/ucr3fp\libc.a(lib_a-vfprintf.o) (_dtoa_r)
c:/program files (x86)/atmel/atmel toolchain/avr32 gcc/native/3.4.1067/avr32-gnu-toolchain/bin/../lib/gcc/avr32/4.4.7/../../../../avr32/lib/ucr3fp\libc.a(lib_a-fflush.o)
                              c:/program files (x86)/atmel/atmel toolchain/avr32 gcc/native/3.4.1067/avr32-gnu-toolchain/bin/../lib/gcc/avr32/4.4.7/../../../../avr32/lib/ucr3fp\libc.a(lib_a-vfprintf.o) (_fflush_r)
c:/program files (x86)/atmel/atmel toolchain/avr32 gcc/native/3.4.1067/avr32-gnu-toolchain/bin/../lib/gcc/avr32/4.4.7/../../../../avr32/lib/ucr3fp\libc.a(lib_a-findfp.o)
                              c:/program files (x86)/atmel/atmel toolchain/avr32 gcc/native/3.4.1067/avr32-gnu-toolchain/bin/../lib/gcc/avr32/4.4.7/../../../../avr32/lib/ucr3fp\libc.a(lib_a-vfprintf.o) (__sinit)
c:/program files (x86)/atmel/atmel toolchain/avr32 gcc/native/3.4.1067/avr32-gnu-toolchain/bin/../lib/gcc/avr32/4.4.7/../../../../avr32/lib/ucr3fp\libc.a(lib_a-freer.o)
                              c:/program files (x86)/atmel/atmel toolchain/avr32 gcc/native/3.4.1067/avr32-gnu-toolchain/bin/../lib/gcc/avr32/4.4.7/../../../../avr32/lib/ucr3fp\libc.a(lib_a-wsetup.o) (_free_r)
c:/program files (x86)/atmel/atmel toolchain/avr32 gcc/native/3.4.1067/avr32-gnu-toolchain/bin/../lib/gcc/avr32/4.4.7/../../../../avr32/lib/ucr3fp\libc.a(lib_a-fvwrite.o)
[...]
Memory Configuration

Name             Origin             Length             Attributes
FLASH            0x80000000         0x00080000         axrl !w
INTRAM           0x00000004         0x0000fffc         axw !rl
HRAM0            0xa0000000         0x00001000         axw !rl
USERPAGE_RESERVED 0x80800000         0x00000004         r
USERPAGE         0x80800004         0x000001fc
*default*        0x00000000         0xffffffff

Linker script and memory map

                0x00001000                _stack_size = 0x1000
LOAD src/serial_id_ds2411.o
LOAD src/ec_print_funcs.o
LOAD src/ASF/avr32/boards/uc3c_ek/led.o
LOAD src/ASF/avr32/drivers/adcifa/adcifa.o
LOAD src/ASF/avr32/drivers/canif/canif.o
LOAD src/ASF/avr32/drivers/flashc/flashc.o
LOAD src/ASF/avr32/drivers/gpio/gpio.o
LOAD src/ASF/avr32/drivers/intc/exception.o
LOAD src/ASF/avr32/drivers/intc/intc.o
LOAD src/ASF/avr32/drivers/pdca/pdca.o
LOAD src/ASF/avr32/drivers/pm/pm_uc3c.o
LOAD src/ASF/avr32/drivers/pm/power_clocks_lib.o
LOAD src/ASF/avr32/drivers/scif/scif_uc3c.o
LOAD src/ASF/avr32/drivers/tc/tc.o
LOAD src/ASF/avr32/drivers/twim/twim.o
LOAD src/ASF/avr32/drivers/usart/usart.o
LOAD src/ASF/avr32/utils/startup/startup_uc3.o
LOAD src/ASF/avr32/utils/startup/trampoline_uc3.o
LOAD src/ASF/common/services/clock/uc3c/osc.o
LOAD src/ASF/common/services/clock/uc3c/pll.o
LOAD src/ASF/common/services/clock/uc3c/sysclk.o
LOAD src/pca9952.o
LOAD src/main.o
START GROUP
LOAD ../src/ASF/avr32/utils/libs/dsplib/at32ucr3fp/gcc\libdsp-at32ucr3fp-dspspeed_opt.a
LOAD c:/program files (x86)/atmel/atmel toolchain/avr32 gcc/native/3.4.1067/avr32-gnu-toolchain/bin/../lib/gcc/avr32/4.4.7/../../../../avr32/lib/ucr3fp\libm.a
END GROUP
                0xffffffff                __max_heap_size__ = 0xffffffff
                [0xffffffff]                __heap_size__ = DEFINED (__heap_size__)?__heap_size__:__max_heap_size__
                [0x00001000]                __stack_size__ = DEFINED (__stack_size__)?__stack_size__:0x1000
                [0x00000800]                __flash_nvram_size__ = DEFINED (__flash_nvram_size__)?__flash_nvram_size__:0x800
                [0x00000100]                __flash0_nvram_size__ = DEFINED (__flash0_nvram_size__)?__flash0_nvram_size__:0x100
                [0x00000100]                __flash1_nvram_size__ = DEFINED (__flash1_nvram_size__)?__flash1_nvram_size__:0x100
                [0x00000600]                __flash2_nvram_size__ = DEFINED (__flash2_nvram_size__)?__flash2_nvram_size__:0x600
                [0x00003a00]                __flash3_nvram_size__ = DEFINED (__flash3_nvram_size__)?__flash3_nvram_size__:0x3a00
                0x80000000                PROVIDE (__executable_start, 0x80000000)
                0x80000000                . = 0x80000000

.interp
 *(.interp)

.reset          0x80000000     0x2010
 *(.reset)
 .reset         0x80000000        0x8 src/ASF/avr32/utils/startup/startup_uc3.o
                0x80000000                _start
 .reset         0x80000008     0x2008 src/ASF/avr32/utils/startup/trampoline_uc3.o
                0x80000008                _trampoline

.hash
 *(.hash)

.dynsym
 *(.dynsym)

.dynstr
 *(.dynstr)

.gnu.version
 *(.gnu.version)

.gnu.version_d
 *(.gnu.version_d)

.gnu.version_r
 *(.gnu.version_r)

.rel.init
 *(.rel.init)

.rela.init
 *(.rela.init)

.rel.text
 *(.rel.text .rel.text.* .rel.gnu.linkonce.t.*)

.rela.text
 *(.rela.text .rela.text.* .rela.gnu.linkonce.t.*)

.rel.fini
 *(.rel.fini)

.rela.fini
 *(.rela.fini)

.rel.rodata
 *(.rel.rodata .rel.rodata.* .rel.gnu.linkonce.r.*)

.rela.rodata
 *(.rela.rodata .rela.rodata.* .rela.gnu.linkonce.r.*)

.rel.data.rel.ro
 *(.rel.data.rel.ro*)

.rela.data.rel.ro
 *(.rel.data.rel.ro*)

.rel.data
 *(.rel.data .rel.data.* .rel.gnu.linkonce.d.*)

.rela.data
 *(.rela.data .rela.data.* .rela.gnu.linkonce.d.*)

.rel.tdata
 *(.rel.tdata .rel.tdata.* .rel.gnu.linkonce.td.*)

.rela.tdata
 *(.rela.tdata .rela.tdata.* .rela.gnu.linkonce.td.*)

.rel.tbss
 *(.rel.tbss .rel.tbss.* .rel.gnu.linkonce.tb.*)

.rela.tbss
 *(.rela.tbss .rela.tbss.* .rela.gnu.linkonce.tb.*)

.rel.ctors
 *(.rel.ctors)

.rela.ctors
 *(.rela.ctors)

.rel.dtors
 *(.rel.dtors)

.rela.dtors
 *(.rela.dtors)

.rel.got
 *(.rel.got)

.rela.got       0x80002010        0x0
 *(.rela.got)
 .rela.got      0x80002010        0x0 src/ASF/avr32/drivers/flashc/flashc.o

.rel.bss
 *(.rel.bss .rel.bss.* .rel.gnu.linkonce.b.*)

.rela.bss
 *(.rela.bss .rela.bss.* .rela.gnu.linkonce.b.*)

.rel.plt
 *(.rel.plt)

.rela.plt
 *(.rela.plt)

.init
 *(.init)

.plt
 *(.plt)

.text           0x80002010     0xf0e4
 *(.text .stub .text.* .gnu.linkonce.t.*)
 .text.io_pin   0x80002010       0x4c src/serial_id_ds2411.o
                0x80002010                io_pin
 .text.drive_DQ_low
                0x8000205c       0x50 src/serial_id_ds2411.o
                0x8000205c                drive_DQ_low
 .text.release_the_bus
                0x800020ac       0x44 src/serial_id_ds2411.o
                0x800020ac                release_the_bus
 .text.gpio_input
                0x800020f0       0x40 src/serial_id_ds2411.o
                0x800020f0                gpio_input
 .text.sample_line
                0x80002130       0x44 src/serial_id_ds2411.o
                0x80002130                sample_line
 .text.SetSpeed
                0x80002174       0xc0 src/serial_id_ds2411.o
                0x80002174                SetSpeed
 .text.OWTouchReset
                0x80002234      0x5d0 src/serial_id_ds2411.o
                0x80002234                OWTouchReset
 .text.drive_DQ_low_and_release_the_bus
                0x80002804      0x1ac src/serial_id_ds2411.o
                0x80002804                drive_DQ_low_and_release_the_bus
 .text.OWWriteBit
                0x800029b0      0x468 src/serial_id_ds2411.o
                0x800029b0                OWWriteBit
 .text.OWReadBit
                0x80002e18      0x2ec src/serial_id_ds2411.o
                0x80002e18                OWReadBit
 .text.OWWriteByte
                0x80003104       0x58 src/serial_id_ds2411.o
                0x80003104                OWWriteByte
 .text.OWReadByte
                0x8000315c       0x64 src/serial_id_ds2411.o
                0x8000315c                OWReadByte
 .text.crc8_add
                0x800031c0       0x78 src/serial_id_ds2411.o
                0x800031c0                crc8_add
 .text.init_ecdbg_rs232
                0x80003238       0x24 src/ec_print_funcs.o
                0x80003238                init_ecdbg_rs232
 .text.init_display_rs232
                0x8000325c       0x24 src/ec_print_funcs.o
                0x8000325c                init_display_rs232
 .text.init_ecdbg_rs232_ex
                0x80003280       0x5c src/ec_print_funcs.o
                0x80003280                init_ecdbg_rs232_ex
 .text.init_display_rs232_ex
                0x800032dc       0x5c src/ec_print_funcs.o
                0x800032dc                init_display_rs232_ex
 .text.print_ecdbg
                0x80003338       0x24 src/ec_print_funcs.o
                0x80003338                print_ecdbg
 .text.print    0x8000335c       0x28 src/ec_print_funcs.o
                0x8000335c                print
 .text.adcifa_get_calibration_data
                0x80003384       0x94 src/ASF/avr32/drivers/adcifa/adcifa.o
                0x80003384                adcifa_get_calibration_data
 .text.adcifa_configure
                0x80003418      0x164 src/ASF/avr32/drivers/adcifa/adcifa.o
                0x80003418                adcifa_configure
 .text.adcifa_configure_sequencer
                0x8000357c      0x510 src/ASF/avr32/drivers/adcifa/adcifa.o
                0x8000357c                adcifa_configure_sequencer
 .text.adcifa_start_sequencer
                0x80003a8c       0x44 src/ASF/avr32/drivers/adcifa/adcifa.o
                0x80003a8c                adcifa_start_sequencer
 .text.adcifa_check_eos
                0x80003ad0       0x48 src/ASF/avr32/drivers/adcifa/adcifa.o
                0x80003ad0                adcifa_check_eos
 .text.adcifa_get_values_from_sequencer
                0x80003b18       0xd8 src/ASF/avr32/drivers/adcifa/adcifa.o
                0x80003b18                adcifa_get_values_from_sequencer
 .text.flashc_get_flash_size
                0x80003bf0       0x40 src/ASF/avr32/drivers/flashc/flashc.o
                0x80003bf0                flashc_get_flash_size
 .text.flashc_is_ready
                0x80003c30       0x18 src/ASF/avr32/drivers/flashc/flashc.o
                0x80003c30                flashc_is_ready
 .text.flashc_default_wait_until_ready
                0x80003c48       0x1c src/ASF/avr32/drivers/flashc/flashc.o
                0x80003c48                flashc_default_wait_until_ready
 .text.flashc_get_error_status
                0x80003c64       0x16 src/ASF/avr32/drivers/flashc/flashc.o
 *fill*         0x80003c7a        0x2 d703d703
 .text.flashc_issue_command
                0x80003c7c       0x88 src/ASF/avr32/drivers/flashc/flashc.o
                0x80003c7c                flashc_issue_command
 .text.flashc_clear_page_buffer
                0x80003d04       0x18 src/ASF/avr32/drivers/flashc/flashc.o
                0x80003d04                flashc_clear_page_buffer
 .text.flashc_is_page_erased
                0x80003d1c       0x1a src/ASF/avr32/drivers/flashc/flashc.o
                0x80003d1c                flashc_is_page_erased
 *fill*         0x80003d36        0x2 d703d703
 .text.flashc_quick_page_read
                0x80003d38       0x2c src/ASF/avr32/drivers/flashc/flashc.o
                0x80003d38                flashc_quick_page_read
 .text.flashc_erase_page
                0x80003d64       0x68 src/ASF/avr32/drivers/flashc/flashc.o
                0x80003d64                flashc_erase_page
 .text.flashc_write_page
                0x80003dcc       0x20 src/ASF/avr32/drivers/flashc/flashc.o
                0x80003dcc                flashc_write_page
 .text.flashc_quick_user_page_read
                0x80003dec       0x24 src/ASF/avr32/drivers/flashc/flashc.o
                0x80003dec                flashc_quick_user_page_read
 .text.flashc_erase_user_page
                0x80003e10       0x3c src/ASF/avr32/drivers/flashc/flashc.o
                0x80003e10                flashc_erase_user_page
 .text.flashc_write_user_page
                0x80003e4c       0x18 src/ASF/avr32/drivers/flashc/flashc.o
                0x80003e4c                flashc_write_user_page
 .text.flashc_memset8
                0x80003e64       0x50 src/ASF/avr32/drivers/flashc/flashc.o
                0x80003e64                flashc_memset8
 .text.flashc_memset16
                0x80003eb4       0x4c src/ASF/avr32/drivers/flashc/flashc.o
                0x80003eb4                flashc_memset16
 .text.flashc_memset32
                0x80003f00       0x5c src/ASF/avr32/drivers/flashc/flashc.o
                0x80003f00                flashc_memset32
 .text.flashc_memset64
                0x80003f5c      0x428 src/ASF/avr32/drivers/flashc/flashc.o
                0x80003f5c                flashc_memset64
 .text.flashc_memcpy
                0x80004384      0x1b8 src/ASF/avr32/drivers/flashc/flashc.o
                0x80004384                flashc_memcpy
 .text.gpio_enable_module
                0x8000453c       0x70 src/ASF/avr32/drivers/gpio/gpio.o
                0x8000453c                gpio_enable_module
 .text.gpio_enable_module_pin
                0x800045ac      0x27c src/ASF/avr32/drivers/gpio/gpio.o
                0x800045ac                gpio_enable_module_pin
 .text.gpio_configure_pin
                0x80004828      0x29e src/ASF/avr32/drivers/gpio/gpio.o
                0x80004828                gpio_configure_pin
 .text.gpio_get_pin_value
                0x80004ac6       0x3c src/ASF/avr32/drivers/gpio/gpio.o
                0x80004ac6                gpio_get_pin_value
 .text.gpio_set_pin_high
                0x80004b02       0x3a src/ASF/avr32/drivers/gpio/gpio.o
                0x80004b02                gpio_set_pin_high
 .text.gpio_set_pin_low
                0x80004b3c       0x3a src/ASF/avr32/drivers/gpio/gpio.o
                0x80004b3c                gpio_set_pin_low
 .text.gpio_toggle_pin
                0x80004b76       0x3a src/ASF/avr32/drivers/gpio/gpio.o
                0x80004b76                gpio_toggle_pin
 .text._unhandled_interrupt
                0x80004bb0        0x8 src/ASF/avr32/drivers/intc/intc.o
 .text._get_interrupt_handler
                0x80004bb8       0x70 src/ASF/avr32/drivers/intc/intc.o
                0x80004bb8                _get_interrupt_handler
 .text.INTC_init_evba
                0x80004c28       0x14 src/ASF/avr32/drivers/intc/intc.o
 .text.INTC_init_interrupts
                0x80004c3c       0x9c src/ASF/avr32/drivers/intc/intc.o
                0x80004c3c                INTC_init_interrupts
 .text.INTC_register_interrupt
                0x80004cd8       0xd4 src/ASF/avr32/drivers/intc/intc.o
                0x80004cd8                INTC_register_interrupt
 .text.cpu_irq_save
                0x80004dac       0x1e src/ASF/avr32/drivers/twim/twim.o
 .text.cpu_irq_is_enabled_flags
                0x80004dca       0x20 src/ASF/avr32/drivers/twim/twim.o
 *fill*         0x80004dea        0x2 d703d703
 .text.cpu_irq_restore
                0x80004dec       0x28 src/ASF/avr32/drivers/twim/twim.o
 .text.twim_master_interrupt_handler
                0x80004e14      0x144 src/ASF/avr32/drivers/twim/twim.o
 .text.twim_set_speed
                0x80004f58       0xa8 src/ASF/avr32/drivers/twim/twim.o
                0x80004f58                twim_set_speed
 .text.twim_master_init
                0x80005000      0x110 src/ASF/avr32/drivers/twim/twim.o
                0x80005000                twim_master_init
 .text.twim_disable_interrupt
                0x80005110       0x44 src/ASF/avr32/drivers/twim/twim.o
                0x80005110                twim_disable_interrupt
 .text.twim_probe
                0x80005154       0x38 src/ASF/avr32/drivers/twim/twim.o
                0x80005154                twim_probe
 .text.twim_read_packet
                0x8000518c      0x17c src/ASF/avr32/drivers/twim/twim.o
                0x8000518c                twim_read_packet
 .text.twim_write_packet
                0x80005308      0x13c src/ASF/avr32/drivers/twim/twim.o
                0x80005308                twim_write_packet
 .text.twim_write
                0x80005444      0x104 src/ASF/avr32/drivers/twim/twim.o
                0x80005444                twim_write
 .text.twim_status
                0x80005548       0x30 src/ASF/avr32/drivers/twim/twim.o
                0x80005548                twim_status
 .text.cpu_irq_is_enabled_flags
                0x80005578       0x20 src/ASF/avr32/drivers/usart/usart.o
 .text.usart_set_async_baudrate
                0x80005598       0xd2 src/ASF/avr32/drivers/usart/usart.o
 *fill*         0x8000566a        0x2 d703d703
 .text.usart_reset
                0x8000566c       0x74 src/ASF/avr32/drivers/usart/usart.o
                0x8000566c                usart_reset
 .text.usart_init_rs232
                0x800056e0      0x170 src/ASF/avr32/drivers/usart/usart.o
                0x800056e0                usart_init_rs232
 .text.usart_write_char
                0x80005850       0x44 src/ASF/avr32/drivers/usart/usart.o
                0x80005850                usart_write_char
 .text.usart_putchar
                0x80005894       0x54 src/ASF/avr32/drivers/usart/usart.o
                0x80005894                usart_putchar
 .text.usart_write_line
                0x800058e8       0x40 src/ASF/avr32/drivers/usart/usart.o
                0x800058e8                usart_write_line
 .text._stext   0x80005928       0x50 src/ASF/avr32/utils/startup/startup_uc3.o
                0x80005928                _stext
 .text.cpu_irq_save
                0x80005978       0x1e src/ASF/common/services/clock/uc3c/osc.o
 .text.cpu_irq_is_enabled_flags
                0x80005996       0x20 src/ASF/common/services/clock/uc3c/osc.o
 *fill*         0x800059b6        0x2 d703d703
 .text.cpu_irq_restore
                0x800059b8       0x28 src/ASF/common/services/clock/uc3c/osc.o
 .text.osc_priv_enable_osc0
                0x800059e0       0x40 src/ASF/common/services/clock/uc3c/osc.o
                0x800059e0                osc_priv_enable_osc0
 .text.osc_priv_enable_osc32
                0x80005a20       0x40 src/ASF/common/services/clock/uc3c/osc.o
                0x80005a20                osc_priv_enable_osc32
 .text.osc_priv_enable_rc8m
                0x80005a60       0x84 src/ASF/common/services/clock/uc3c/osc.o
                0x80005a60                osc_priv_enable_rc8m
 .text.osc_priv_enable_rc120m
                0x80005ae4       0x40 src/ASF/common/services/clock/uc3c/osc.o
                0x80005ae4                osc_priv_enable_rc120m
 .text.cpu_irq_save
                0x80005b24       0x1e src/ASF/common/services/clock/uc3c/pll.o
 .text.cpu_irq_is_enabled_flags
                0x80005b42       0x20 src/ASF/common/services/clock/uc3c/pll.o
 *fill*         0x80005b62        0x2 d703d703
 .text.cpu_irq_restore
                0x80005b64       0x28 src/ASF/common/services/clock/uc3c/pll.o
 .text.pll_enable
                0x80005b8c       0x58 src/ASF/common/services/clock/uc3c/pll.o
                0x80005b8c                pll_enable
 .text.pll_disable
                0x80005be4       0x50 src/ASF/common/services/clock/uc3c/pll.o
                0x80005be4                pll_disable
 .text.cpu_irq_save
                0x80005c34       0x1e src/ASF/common/services/clock/uc3c/sysclk.o
 .text.cpu_irq_is_enabled_flags
                0x80005c52       0x20 src/ASF/common/services/clock/uc3c/sysclk.o
 *fill*         0x80005c72        0x2 d703d703
 .text.cpu_irq_restore
                0x80005c74       0x28 src/ASF/common/services/clock/uc3c/sysclk.o
 .text.sysclk_set_prescalers
                0x80005c9c      0x100 src/ASF/common/services/clock/uc3c/sysclk.o
                0x80005c9c                sysclk_set_prescalers
 .text.sysclk_set_source
                0x80005d9c       0x44 src/ASF/common/services/clock/uc3c/sysclk.o
                0x80005d9c                sysclk_set_source
 .text.twi_master_read
                0x80005de0       0x2c src/pca9952.o
 .text.twi_master_write
                0x80005e0c       0x2c src/pca9952.o
 .text.PCA9952_write_reg
                0x80005e38       0x84 src/pca9952.o
                0x80005e38                PCA9952_write_reg
 .text.PCA9952_read_reg
                0x80005ebc      0x1e0 src/pca9952.o
                0x80005ebc                PCA9952_read_reg
 .text.PCA9952_init
                0x8000609c       0xdc src/pca9952.o
                0x8000609c                PCA9952_init
 .text.PCA9952_channel
                0x80006178      0x180 src/pca9952.o
                0x80006178                PCA9952_channel
 .text.led_shelf
                0x800062f8      0x158 src/pca9952.o
                0x800062f8                led_shelf
 .text          0x80006450      0x6f0 src/main.o
 .text.osc_enable
                0x80006b40       0x58 src/main.o
 .text.osc_is_ready
                0x80006b98       0x7c src/main.o
 .text.osc_get_rate
                0x80006c14       0x62 src/main.o
 *fill*         0x80006c76        0x2 d703d703
 .text.osc_wait_ready
                0x80006c78       0x2c src/main.o
 .text.pll_config_set_option
                0x80006ca4       0x30 src/main.o
 .text.pll_config_init
                0x80006cd4       0xe0 src/main.o
 .text.pll_is_locked
                0x80006db4       0x2e src/main.o
 *fill*         0x80006de2        0x2 d703d703
 .text.pll_wait_for_lock
                0x80006de4       0x2c src/main.o
 .text.init_sysErr
                0x80006e10       0x1c src/main.o
                0x80006e10                init_sysErr
 .text.display_text
                0x80006e2c       0x58 src/main.o
                0x80006e2c                display_text
 .text.chassis_error
                0x80006e84       0x20 src/main.o
                0x80006e84                chassis_error
 .text.init_io  0x80006ea4       0xc4 src/main.o
                0x80006ea4                init_io
 .text.print_ecdbg_num
                0x80006f68       0x3c src/main.o
                0x80006f68                print_ecdbg_num
 .text.read_led_board_serial_ids
                0x80006fa4      0x310 src/main.o
                0x80006fa4                read_led_board_serial_ids
 .text.check_led_brd_side_lifetime
                0x800072b4      0x178 src/main.o
                0x800072b4                check_led_brd_side_lifetime
 .text.check_led_brd_side_lifetimes
                0x8000742c       0x98 src/main.o
                0x8000742c                check_led_brd_side_lifetimes
 .text.adc_process_task
                0x800074c4       0x98 src/main.o
                0x800074c4                adc_process_task
 .text.check_shelf_for_devices
                0x8000755c      0x1a4 src/main.o
                0x8000755c                check_shelf_for_devices
 .text.check_shelves_for_devices
                0x80007700       0xb0 src/main.o
                0x80007700                check_shelves_for_devices
 .text.print_pca9952_errors
                0x800077b0      0x1bc src/main.o
                0x800077b0                print_pca9952_errors
 .text.test_led_driver_channels
                0x8000796c      0x228 src/main.o
                0x8000796c                test_led_driver_channels
 .text.set_shelves_active_inactive
                0x80007b94      0x168 src/main.o
                0x80007b94                set_shelves_active_inactive
 .text.num_active_shelves
                0x80007cfc       0x14 src/main.o
                0x80007cfc                num_active_shelves
 .text.init_sys_clocks
                0x80007d10       0x60 src/main.o
                0x80007d10                init_sys_clocks
 .text.adc_process_init
                0x80007d70       0x4c src/main.o
                0x80007d70                adc_process_init
 .text.twi_init
                0x80007dbc       0x80 src/main.o
 .text.calc_sanitize_time
                0x80007e3c       0xd0 src/main.o
                0x80007e3c                calc_sanitize_time
 .text.door_latch_open_kill_all_shelves
                0x80007f0c       0x3c src/main.o
                0x80007f0c                door_latch_open_kill_all_shelves
 .text.usage_idx
                0x80007f48      0x150 src/main.o
                0x80007f48                usage_idx
 .text.load_usage_indeces
                0x80008098       0xbc src/main.o
                0x80008098                load_usage_indeces
 .text.test_flash
                0x80008154      0x124 src/main.o
                0x80008154                test_flash
 .text.calc_region_checksum
                0x80008278      0x200 src/main.o
                0x80008278                calc_region_checksum
 .text.eval_region
                0x80008478      0x464 src/main.o
                0x80008478                eval_region
 .text.write_region_to_flash
                0x800088dc      0x240 src/main.o
                0x800088dc                write_region_to_flash
 .text.copy_region_to_another_sector
                0x80008b1c      0x144 src/main.o
                0x80008b1c                copy_region_to_another_sector
 .text.find_first_open_usage_slot
                0x80008c60       0x70 src/main.o
                0x80008c60                find_first_open_usage_slot
 .text.add_new_led_board_sides_to_usage
                0x80008cd0      0x12c src/main.o
                0x80008cd0                add_new_led_board_sides_to_usage
 .text.inc_sanMins
                0x80008dfc       0x64 src/main.o
                0x80008dfc                inc_sanMins
 .text.inc_sanCycles
                0x80008e60       0x68 src/main.o
                0x80008e60                inc_sanCycles
 .text.increment_ledBoard_usage_min
                0x80008ec8      0x298 src/main.o
                0x80008ec8                increment_ledBoard_usage_min
 .text.init_shelf_n_ledBrd_structs
                0x80009160      0x2a0 src/main.o
                0x80009160                init_shelf_n_ledBrd_structs
 .text.load_usageIdx_to_ledBrdSide
                0x80009400       0x54 src/main.o
                0x80009400                load_usageIdx_to_ledBrdSide
 .text.init_led_board_info
                0x80009454      0x23c src/main.o
                0x80009454                init_led_board_info
 .text.show_chassis_status_info
                0x80009690      0x498 src/main.o
                0x80009690                show_chassis_status_info
 .text.show_chassis_sysErr
                0x80009b28      0x3ac src/main.o
                0x80009b28                show_chassis_sysErr
 .text.show_chassis_all_LED_boards
                0x80009ed4      0x144 src/main.o
                0x80009ed4                show_chassis_all_LED_boards
 .text.main     0x8000a018     0x12a0 src/main.o
                0x8000a018                main
 .text          0x8000b2b8      0x1d4 c:/program files (x86)/atmel/atmel toolchain/avr32 gcc/native/3.4.1067/avr32-gnu-toolchain/bin/../lib/gcc/avr32/4.4.7/ucr3fp\libgcc.a(_avr32_f64_mul.o)
                0x8000b2b8                __avr32_f64_mul
 .text          0x8000b48c      0x2b0 c:/program files (x86)/atmel/atmel toolchain/avr32 gcc/native/3.4.1067/avr32-gnu-toolchain/bin/../lib/gcc/avr32/4.4.7/ucr3fp\libgcc.a(_avr32_f64_addsub.o)
                0x8000b490                __avr32_f64_sub
                0x8000b62c                __avr32_f64_add
 .text          0x8000b73c       0xe8 c:/program files (x86)/atmel/atmel toolchain/avr32 gcc/native/3.4.1067/avr32-gnu-toolchain/bin/../lib/gcc/avr32/4.4.7/ucr3fp\libgcc.a(_avr32_s32_to_f64.o)
                0x8000b73c                __avr32_u32_to_f64
                0x8000b744                __avr32_s32_to_f64
 .text          0x8000b824      0x160 c:/program files (x86)/atmel/atmel toolchain/avr32 gcc/native/3.4.1067/avr32-gnu-toolchain/bin/../lib/gcc/avr32/4.4.7/ucr3fp\libgcc.a(_avr32_f32_div.o)
                0x8000b824                __avr32_f32_div
 .text          0x8000b984       0x8a c:/program files (x86)/atmel/atmel toolchain/avr32 gcc/native/3.4.1067/avr32-gnu-toolchain/bin/../lib/gcc/avr32/4.4.7/ucr3fp\libgcc.a(_avr32_f64_to_f32.o)
                0x8000b984                __avr32_f64_to_f32
 .text          0x8000ba0e      0x264 c:/program files (x86)/atmel/atmel toolchain/avr32 gcc/native/3.4.1067/avr32-gnu-toolchain/bin/../lib/gcc/avr32/4.4.7/ucr3fp\libgcc.a(_udivdi3.o)
                0x8000ba0e                __avr32_udiv64
                0x8000ba0e                __udivdi3
 .text          0x8000bc72      0x148 c:/program files (x86)/atmel/atmel toolchain/avr32 gcc/native/3.4.1067/avr32-gnu-toolchain/bin/../lib/gcc/avr32/4.4.7/../../../../avr32/lib/ucr3fp\libc.a(lib_a-memcpy.o)
                0x8000bc72                memcpy
 .text.memset   0x8000bdba        0xe c:/program files (x86)/atmel/atmel toolchain/avr32 gcc/native/3.4.1067/avr32-gnu-toolchain/bin/../lib/gcc/avr32/4.4.7/../../../../avr32/lib/ucr3fp\libc.a(lib_a-memset.o)
                0x8000bdba                memset
 .text.sprintf  0x8000bdc8       0x40 c:/program files (x86)/atmel/atmel toolchain/avr32 gcc/native/3.4.1067/avr32-gnu-toolchain/bin/../lib/gcc/avr32/4.4.7/../../../../avr32/lib/ucr3fp\libc.a(lib_a-sprintf.o)
                0x8000bdc8                sprintf
 .text.strlen   0x8000be08       0x16 c:/program files (x86)/atmel/atmel toolchain/avr32 gcc/native/3.4.1067/avr32-gnu-toolchain/bin/../lib/gcc/avr32/4.4.7/../../../../avr32/lib/ucr3fp\libc.a(lib_a-strlen.o)
                0x8000be08                strlen
 *fill*         0x8000be1e        0x2 d703d703
 .text          0x8000be20       0x20 c:/program files (x86)/atmel/atmel toolchain/avr32 gcc/native/3.4.1067/avr32-gnu-toolchain/bin/../lib/gcc/avr32/4.4.7/../../../../avr32/lib/ucr3fp\libc.a(lib_a-strncpy.o)
                0x8000be20                strncpy
 .text.get_arg  0x8000be40      0x324 c:/program files (x86)/atmel/atmel toolchain/avr32 gcc/native/3.4.1067/avr32-gnu-toolchain/bin/../lib/gcc/avr32/4.4.7/../../../../avr32/lib/ucr3fp\libc.a(lib_a-vfprintf.o)
 .text.__sprint_r
                0x8000c164       0x20 c:/program files (x86)/atmel/atmel toolchain/avr32 gcc/native/3.4.1067/avr32-gnu-toolchain/bin/../lib/gcc/avr32/4.4.7/../../../../avr32/lib/ucr3fp\libc.a(lib_a-vfprintf.o)
 .text._vfprintf_r
                0x8000c184     0x1f9c c:/program files (x86)/atmel/atmel toolchain/avr32 gcc/native/3.4.1067/avr32-gnu-toolchain/bin/../lib/gcc/avr32/4.4.7/../../../../avr32/lib/ucr3fp\libc.a(lib_a-vfprintf.o)
                0x8000c184                _vfprintf_r
 .text.__swsetup_r
                0x8000e120       0xe8 c:/program files (x86)/atmel/atmel toolchain/avr32 gcc/native/3.4.1067/avr32-gnu-toolchain/bin/../lib/gcc/avr32/4.4.7/../../../../avr32/lib/ucr3fp\libc.a(lib_a-wsetup.o)
                0x8000e120                __swsetup_r
 .text.quorem   0x8000e208      0x124 c:/program files (x86)/atmel/atmel toolchain/avr32 gcc/native/3.4.1067/avr32-gnu-toolchain/bin/../lib/gcc/avr32/4.4.7/../../../../avr32/lib/ucr3fp\libc.a(lib_a-dtoa.o)
 .text._dtoa_r  0x8000e32c      0xc90 c:/program files (x86)/atmel/atmel toolchain/avr32 gcc/native/3.4.1067/avr32-gnu-toolchain/bin/../lib/gcc/avr32/4.4.7/../../../../avr32/lib/ucr3fp\libc.a(lib_a-dtoa.o)
                0x8000e32c                _dtoa_r
 .text._fflush_r
                0x8000efbc      0x118 c:/program files (x86)/atmel/atmel toolchain/avr32 gcc/native/3.4.1067/avr32-gnu-toolchain/bin/../lib/gcc/avr32/4.4.7/../../../../avr32/lib/ucr3fp\libc.a(lib_a-fflush.o)
                0x8000efbc                _fflush_r
 .text.__sfp_lock_acquire
                0x8000f0d4        0x2 c:/program files (x86)/atmel/atmel toolchain/avr32 gcc/native/3.4.1067/avr32-gnu-toolchain/bin/../lib/gcc/avr32/4.4.7/../../../../avr32/lib/ucr3fp\libc.a(lib_a-findfp.o)
                0x8000f0d4                __sfp_lock_acquire
 .text.__sfp_lock_release
                0x8000f0d6        0x2 c:/program files (x86)/atmel/atmel toolchain/avr32 gcc/native/3.4.1067/avr32-gnu-toolchain/bin/../lib/gcc/avr32/4.4.7/../../../../avr32/lib/ucr3fp\libc.a(lib_a-findfp.o)
                0x8000f0d6                __sfp_lock_release
 .text._cleanup_r
                0x8000f0d8       0x14 c:/program files (x86)/atmel/atmel toolchain/avr32 gcc/native/3.4.1067/avr32-gnu-toolchain/bin/../lib/gcc/avr32/4.4.7/../../../../avr32/lib/ucr3fp\libc.a(lib_a-findfp.o)
                0x8000f0d8                _cleanup_r
 .text.__sfmoreglue
                0x8000f0ec       0x30 c:/program files (x86)/atmel/atmel toolchain/avr32 gcc/native/3.4.1067/avr32-gnu-toolchain/bin/../lib/gcc/avr32/4.4.7/../../../../avr32/lib/ucr3fp\libc.a(lib_a-findfp.o)
                0x8000f0ec                __sfmoreglue
 .text.__sfp    0x8000f11c       0x7c c:/program files (x86)/atmel/atmel toolchain/avr32 gcc/native/3.4.1067/avr32-gnu-toolchain/bin/../lib/gcc/avr32/4.4.7/../../../../avr32/lib/ucr3fp\libc.a(lib_a-findfp.o)
                0x8000f11c                __sfp
 .text.__sinit  0x8000f198       0xb0 c:/program files (x86)/atmel/atmel toolchain/avr32 gcc/native/3.4.1067/avr32-gnu-toolchain/bin/../lib/gcc/avr32/4.4.7/../../../../avr32/lib/ucr3fp\libc.a(lib_a-findfp.o)
                0x8000f198                __sinit
 .text._malloc_trim_r
                0x8000f248       0xa8 c:/program files (x86)/atmel/atmel toolchain/avr32 gcc/native/3.4.1067/avr32-gnu-toolchain/bin/../lib/gcc/avr32/4.4.7/../../../../avr32/lib/ucr3fp\libc.a(lib_a-freer.o)
                0x8000f248                _malloc_trim_r
 .text._free_r  0x8000f2f0      0x1a0 c:/program files (x86)/atmel/atmel toolchain/avr32 gcc/native/3.4.1067/avr32-gnu-toolchain/bin/../lib/gcc/avr32/4.4.7/../../../../avr32/lib/ucr3fp\libc.a(lib_a-freer.o)
                0x8000f2f0                _free_r
 .text.__sfvwrite_r
                0x8000f490      0x2c4 c:/program files (x86)/atmel/atmel toolchain/avr32 gcc/native/3.4.1067/avr32-gnu-toolchain/bin/../lib/gcc/avr32/4.4.7/../../../../avr32/lib/ucr3fp\libc.a(lib_a-fvwrite.o)
                0x8000f490                __sfvwrite_r
 .text._fwalk   0x8000f754       0x54 c:/program files (x86)/atmel/atmel toolchain/avr32 gcc/native/3.4.1067/avr32-gnu-toolchain/bin/../lib/gcc/avr32/4.4.7/../../../../avr32/lib/ucr3fp\libc.a(lib_a-fwalk.o)
                0x8000f754                _fwalk
 .text._localeconv_r
                0x8000f7a8        0x8 c:/program files (x86)/atmel/atmel toolchain/avr32 gcc/native/3.4.1067/avr32-gnu-toolchain/bin/../lib/gcc/avr32/4.4.7/../../../../avr32/lib/ucr3fp\libc.a(lib_a-locale.o)
                0x8000f7a8                _localeconv_r
 .text.__smakebuf_r
                0x8000f7b0       0xcc c:/program files (x86)/atmel/atmel toolchain/avr32 gcc/native/3.4.1067/avr32-gnu-toolchain/bin/../lib/gcc/avr32/4.4.7/../../../../avr32/lib/ucr3fp\libc.a(lib_a-makebuf.o)
                0x8000f7b0                __smakebuf_r
 .text.malloc   0x8000f87c       0x18 c:/program files (x86)/atmel/atmel toolchain/avr32 gcc/native/3.4.1067/avr32-gnu-toolchain/bin/../lib/gcc/avr32/4.4.7/../../../../avr32/lib/ucr3fp\libc.a(lib_a-malloc.o)
                0x8000f87c                malloc
 .text._malloc_r
                0x8000f894      0x450 c:/program files (x86)/atmel/atmel toolchain/avr32 gcc/native/3.4.1067/avr32-gnu-toolchain/bin/../lib/gcc/avr32/4.4.7/../../../../avr32/lib/ucr3fp\libc.a(lib_a-mallocr.o)
                0x8000f894                _malloc_r
 .text.memchr   0x8000fce4       0x16 c:/program files (x86)/atmel/atmel toolchain/avr32 gcc/native/3.4.1067/avr32-gnu-toolchain/bin/../lib/gcc/avr32/4.4.7/../../../../avr32/lib/ucr3fp\libc.a(lib_a-memchr.o)
                0x8000fce4                memchr
 .text.memmove  0x8000fcfa       0x3e c:/program files (x86)/atmel/atmel toolchain/avr32 gcc/native/3.4.1067/avr32-gnu-toolchain/bin/../lib/gcc/avr32/4.4.7/../../../../avr32/lib/ucr3fp\libc.a(lib_a-memmove.o)
                0x8000fcfa                memmove
 .text.__malloc_lock
                0x8000fd38        0x2 c:/program files (x86)/atmel/atmel toolchain/avr32 gcc/native/3.4.1067/avr32-gnu-toolchain/bin/../lib/gcc/avr32/4.4.7/../../../../avr32/lib/ucr3fp\libc.a(lib_a-mlock.o)
                0x8000fd38                __malloc_lock
 .text.__malloc_unlock
                0x8000fd3a        0x2 c:/program files (x86)/atmel/atmel toolchain/avr32 gcc/native/3.4.1067/avr32-gnu-toolchain/bin/../lib/gcc/avr32/4.4.7/../../../../avr32/lib/ucr3fp\libc.a(lib_a-mlock.o)
                0x8000fd3a                __malloc_unlock
 .text.__hi0bits
                0x8000fd3c       0x60 c:/program files (x86)/atmel/atmel toolchain/avr32 gcc/native/3.4.1067/avr32-gnu-toolchain/bin/../lib/gcc/avr32/4.4.7/../../../../avr32/lib/ucr3fp\libc.a(lib_a-mprec.o)
                0x8000fd3c                __hi0bits
 .text.__lo0bits
                0x8000fd9c       0x8e c:/program files (x86)/atmel/atmel toolchain/avr32 gcc/native/3.4.1067/avr32-gnu-toolchain/bin/../lib/gcc/avr32/4.4.7/../../../../avr32/lib/ucr3fp\libc.a(lib_a-mprec.o)
                0x8000fd9c                __lo0bits
 .text.__mcmp   0x8000fe2a       0x32 c:/program files (x86)/atmel/atmel toolchain/avr32 gcc/native/3.4.1067/avr32-gnu-toolchain/bin/../lib/gcc/avr32/4.4.7/../../../../avr32/lib/ucr3fp\libc.a(lib_a-mprec.o)
                0x8000fe2a                __mcmp
 .text._Bfree   0x8000fe5c       0x38 c:/program files (x86)/atmel/atmel toolchain/avr32 gcc/native/3.4.1067/avr32-gnu-toolchain/bin/../lib/gcc/avr32/4.4.7/../../../../avr32/lib/ucr3fp\libc.a(lib_a-mprec.o)
                0x8000fe5c                _Bfree
 .text._Balloc  0x8000fe94       0x78 c:/program files (x86)/atmel/atmel toolchain/avr32 gcc/native/3.4.1067/avr32-gnu-toolchain/bin/../lib/gcc/avr32/4.4.7/../../../../avr32/lib/ucr3fp\libc.a(lib_a-mprec.o)
                0x8000fe94                _Balloc
 .text.__d2b    0x8000ff0c       0xb4 c:/program files (x86)/atmel/atmel toolchain/avr32 gcc/native/3.4.1067/avr32-gnu-toolchain/bin/../lib/gcc/avr32/4.4.7/../../../../avr32/lib/ucr3fp\libc.a(lib_a-mprec.o)
                0x8000ff0c                __d2b
 .text.__mdiff  0x8000ffc0       0xd8 c:/program files (x86)/atmel/atmel toolchain/avr32 gcc/native/3.4.1067/avr32-gnu-toolchain/bin/../lib/gcc/avr32/4.4.7/../../../../avr32/lib/ucr3fp\libc.a(lib_a-mprec.o)
                0x8000ffc0                __mdiff
 .text.__lshift
                0x80010098       0x94 c:/program files (x86)/atmel/atmel toolchain/avr32 gcc/native/3.4.1067/avr32-gnu-toolchain/bin/../lib/gcc/avr32/4.4.7/../../../../avr32/lib/ucr3fp\libc.a(lib_a-mprec.o)
                0x80010098                __lshift
 .text.__multiply
                0x8001012c      0x108 c:/program files (x86)/atmel/atmel toolchain/avr32 gcc/native/3.4.1067/avr32-gnu-toolchain/bin/../lib/gcc/avr32/4.4.7/../../../../avr32/lib/ucr3fp\libc.a(lib_a-mprec.o)
                0x8001012c                __multiply
 .text.__i2b    0x80010234       0x18 c:/program files (x86)/atmel/atmel toolchain/avr32 gcc/native/3.4.1067/avr32-gnu-toolchain/bin/../lib/gcc/avr32/4.4.7/../../../../avr32/lib/ucr3fp\libc.a(lib_a-mprec.o)
                0x80010234                __i2b
 .text.__multadd
                0x8001024c       0x88 c:/program files (x86)/atmel/atmel toolchain/avr32 gcc/native/3.4.1067/avr32-gnu-toolchain/bin/../lib/gcc/avr32/4.4.7/../../../../avr32/lib/ucr3fp\libc.a(lib_a-mprec.o)
                0x8001024c                __multadd
 .text.__pow5mult
                0x800102d4       0xac c:/program files (x86)/atmel/atmel toolchain/avr32 gcc/native/3.4.1067/avr32-gnu-toolchain/bin/../lib/gcc/avr32/4.4.7/../../../../avr32/lib/ucr3fp\libc.a(lib_a-mprec.o)
                0x800102d4                __pow5mult
 .text._realloc_r
                0x80010380      0x2e0 c:/program files (x86)/atmel/atmel toolchain/avr32 gcc/native/3.4.1067/avr32-gnu-toolchain/bin/../lib/gcc/avr32/4.4.7/../../../../avr32/lib/ucr3fp\libc.a(lib_a-reallocr.o)
                0x80010380                _realloc_r
 .text.__isinfd
                0x80010660       0x2a c:/program files (x86)/atmel/atmel toolchain/avr32 gcc/native/3.4.1067/avr32-gnu-toolchain/bin/../lib/gcc/avr32/4.4.7/../../../../avr32/lib/ucr3fp\libc.a(lib_a-s_isinfd.o)
                0x80010660                __isinfd
 .text.__isnand
                0x8001068a       0x1c c:/program files (x86)/atmel/atmel toolchain/avr32 gcc/native/3.4.1067/avr32-gnu-toolchain/bin/../lib/gcc/avr32/4.4.7/../../../../avr32/lib/ucr3fp\libc.a(lib_a-s_isnand.o)
                0x8001068a                __isnand
 *fill*         0x800106a6        0x2 d703d703
 .text._sbrk_r  0x800106a8       0x28 c:/program files (x86)/atmel/atmel toolchain/avr32 gcc/native/3.4.1067/avr32-gnu-toolchain/bin/../lib/gcc/avr32/4.4.7/../../../../avr32/lib/ucr3fp\libc.a(lib_a-sbrkr.o)
                0x800106a8                _sbrk_r
 .text.__sclose
                0x800106d0       0x10 c:/program files (x86)/atmel/atmel toolchain/avr32 gcc/native/3.4.1067/avr32-gnu-toolchain/bin/../lib/gcc/avr32/4.4.7/../../../../avr32/lib/ucr3fp\libc.a(lib_a-stdio.o)
                0x800106d0                __sclose
 .text.__sseek  0x800106e0       0x28 c:/program files (x86)/atmel/atmel toolchain/avr32 gcc/native/3.4.1067/avr32-gnu-toolchain/bin/../lib/gcc/avr32/4.4.7/../../../../avr32/lib/ucr3fp\libc.a(lib_a-stdio.o)
                0x800106e0                __sseek
 .text.__swrite
                0x80010708       0x38 c:/program files (x86)/atmel/atmel toolchain/avr32 gcc/native/3.4.1067/avr32-gnu-toolchain/bin/../lib/gcc/avr32/4.4.7/../../../../avr32/lib/ucr3fp\libc.a(lib_a-stdio.o)
                0x80010708                __swrite
 .text.__sread  0x80010740       0x24 c:/program files (x86)/atmel/atmel toolchain/avr32 gcc/native/3.4.1067/avr32-gnu-toolchain/bin/../lib/gcc/avr32/4.4.7/../../../../avr32/lib/ucr3fp\libc.a(lib_a-stdio.o)
                0x80010740                __sread
 .text._close   0x80010764       0x18 c:/program files (x86)/atmel/atmel toolchain/avr32 gcc/native/3.4.1067/avr32-gnu-toolchain/bin/../lib/gcc/avr32/4.4.7/../../../../avr32/lib/ucr3fp\libc.a(lib_a-syscalls.o)
                0x80010764                _close
 .text._lseek   0x8001077c       0x18 c:/program files (x86)/atmel/atmel toolchain/avr32 gcc/native/3.4.1067/avr32-gnu-toolchain/bin/../lib/gcc/avr32/4.4.7/../../../../avr32/lib/ucr3fp\libc.a(lib_a-syscalls.o)
                0x8001077c                _lseek
 .text._read    0x80010794       0x18 c:/program files (x86)/atmel/atmel toolchain/avr32 gcc/native/3.4.1067/avr32-gnu-toolchain/bin/../lib/gcc/avr32/4.4.7/../../../../avr32/lib/ucr3fp\libc.a(lib_a-syscalls.o)
                0x80010794                _read
 .text._write   0x800107ac       0x18 c:/program files (x86)/atmel/atmel toolchain/avr32 gcc/native/3.4.1067/avr32-gnu-toolchain/bin/../lib/gcc/avr32/4.4.7/../../../../avr32/lib/ucr3fp\libc.a(lib_a-syscalls.o)
                0x800107ac                _write
 .text.isatty   0x800107c4       0x18 c:/program files (x86)/atmel/atmel toolchain/avr32 gcc/native/3.4.1067/avr32-gnu-toolchain/bin/../lib/gcc/avr32/4.4.7/../../../../avr32/lib/ucr3fp\libc.a(lib_a-syscalls.o)
                0x800107c4                isatty
 .text._fstat_host
                0x800107dc       0x18 c:/program files (x86)/atmel/atmel toolchain/avr32 gcc/native/3.4.1067/avr32-gnu-toolchain/bin/../lib/gcc/avr32/4.4.7/../../../../avr32/lib/ucr3fp\libc.a(lib_a-syscalls.o)
                0x800107dc                _fstat_host
 .text._fstat   0x800107f4       0x50 c:/program files (x86)/atmel/atmel toolchain/avr32 gcc/native/3.4.1067/avr32-gnu-toolchain/bin/../lib/gcc/avr32/4.4.7/../../../../avr32/lib/ucr3fp\libc.a(lib_a-syscalls.o)
                0x800107f4                _fstat
 .text._sbrk    0x80010844       0x40 c:/program files (x86)/atmel/atmel toolchain/avr32 gcc/native/3.4.1067/avr32-gnu-toolchain/bin/../lib/gcc/avr32/4.4.7/../../../../avr32/lib/ucr3fp\libc.a(lib_a-syscalls.o)
                0x80010844                _sbrk
 .text._write_r
                0x80010884       0x2c c:/program files (x86)/atmel/atmel toolchain/avr32 gcc/native/3.4.1067/avr32-gnu-toolchain/bin/../lib/gcc/avr32/4.4.7/../../../../avr32/lib/ucr3fp\libc.a(lib_a-writer.o)
                0x80010884                _write_r
 .text._calloc_r
                0x800108b0       0x60 c:/program files (x86)/atmel/atmel toolchain/avr32 gcc/native/3.4.1067/avr32-gnu-toolchain/bin/../lib/gcc/avr32/4.4.7/../../../../avr32/lib/ucr3fp\libc.a(lib_a-callocr.o)
                0x800108b0                _calloc_r
 .text._close_r
                0x80010910       0x28 c:/program files (x86)/atmel/atmel toolchain/avr32 gcc/native/3.4.1067/avr32-gnu-toolchain/bin/../lib/gcc/avr32/4.4.7/../../../../avr32/lib/ucr3fp\libc.a(lib_a-closer.o)
                0x80010910                _close_r
 .text.__errno  0x80010938        0xc c:/program files (x86)/atmel/atmel toolchain/avr32 gcc/native/3.4.1067/avr32-gnu-toolchain/bin/../lib/gcc/avr32/4.4.7/../../../../avr32/lib/ucr3fp\libc.a(lib_a-errno.o)
                0x80010938                __errno
 .text._fclose_r
                0x80010944       0xd0 c:/program files (x86)/atmel/atmel toolchain/avr32 gcc/native/3.4.1067/avr32-gnu-toolchain/bin/../lib/gcc/avr32/4.4.7/../../../../avr32/lib/ucr3fp\libc.a(lib_a-fclose.o)
                0x80010944                _fclose_r
 .text.fclose   0x80010a14       0x18 c:/program files (x86)/atmel/atmel toolchain/avr32 gcc/native/3.4.1067/avr32-gnu-toolchain/bin/../lib/gcc/avr32/4.4.7/../../../../avr32/lib/ucr3fp\libc.a(lib_a-fclose.o)
                0x80010a14                fclose
 .text._fstat_r
                0x80010a2c       0x2c c:/program files (x86)/atmel/atmel toolchain/avr32 gcc/native/3.4.1067/avr32-gnu-toolchain/bin/../lib/gcc/avr32/4.4.7/../../../../avr32/lib/ucr3fp\libc.a(lib_a-fstatr.o)
                0x80010a2c                _fstat_r
 .text._lseek_r
                0x80010a58       0x2c c:/program files (x86)/atmel/atmel toolchain/avr32 gcc/native/3.4.1067/avr32-gnu-toolchain/bin/../lib/gcc/avr32/4.4.7/../../../../avr32/lib/ucr3fp\libc.a(lib_a-lseekr.o)
                0x80010a58                _lseek_r
 .text._read_r  0x80010a84       0x2c c:/program files (x86)/atmel/atmel toolchain/avr32 gcc/native/3.4.1067/avr32-gnu-toolchain/bin/../lib/gcc/avr32/4.4.7/../../../../avr32/lib/ucr3fp\libc.a(lib_a-readr.o)
                0x80010a84                _read_r
 .text          0x80010ab0       0x2a c:/program files (x86)/atmel/atmel toolchain/avr32 gcc/native/3.4.1067/avr32-gnu-toolchain/bin/../lib/gcc/avr32/4.4.7/ucr3fp\libgcc.a(_avr32_f64_to_s32.o)
                0x80010ab0                __avr32_f64_to_u32
                0x80010ab4                __avr32_f64_to_s32
 .text          0x80010ada       0x26 c:/program files (x86)/atmel/atmel toolchain/avr32 gcc/native/3.4.1067/avr32-gnu-toolchain/bin/../lib/gcc/avr32/4.4.7/ucr3fp\libgcc.a(_avr32_f64_cmp_eq.o)
                0x80010ada                __avr32_f64_cmp_eq
 .text          0x80010b00       0x68 c:/program files (x86)/atmel/atmel toolchain/avr32 gcc/native/3.4.1067/avr32-gnu-toolchain/bin/../lib/gcc/avr32/4.4.7/ucr3fp\libgcc.a(_avr32_f64_cmp_ge.o)
                0x80010b00                __avr32_f64_cmp_ge
 .text          0x80010b68       0x68 c:/program files (x86)/atmel/atmel toolchain/avr32 gcc/native/3.4.1067/avr32-gnu-toolchain/bin/../lib/gcc/avr32/4.4.7/ucr3fp\libgcc.a(_avr32_f64_cmp_lt.o)
                0x80010b68                __avr32_f64_cmp_lt
 .text          0x80010bd0      0x318 c:/program files (x86)/atmel/atmel toolchain/avr32 gcc/native/3.4.1067/avr32-gnu-toolchain/bin/../lib/gcc/avr32/4.4.7/ucr3fp\libgcc.a(_avr32_f64_div.o)
                0x80010bd0                __avr32_f64_div
 .text          0x80010ee8      0x20c c:/program files (x86)/atmel/atmel toolchain/avr32 gcc/native/3.4.1067/avr32-gnu-toolchain/bin/../lib/gcc/avr32/4.4.7/ucr3fp\libgcc.a(_umoddi3.o)
                0x80010ee8                __avr32_umod64
                0x80010ee8                __umoddi3
 *(.text.*personality*)
 *(.gnu.warning)

.exception      0x80011200      0x200
 .exception     0x80011200      0x200 src/ASF/avr32/drivers/intc/exception.o
                0x80011200                _evba
                0x80011304                _int0
                0x80011312                _int1
                0x80011320                _int2
                0x8001132e                _int3

.fini
 *(.fini)
                0x80011400                PROVIDE (__etext, .)
                0x80011400                PROVIDE (_etext, .)
                0x80011400                PROVIDE (etext, .)

.rodata         0x80011400      0x7d8
 *(.rodata .rodata.* .gnu.linkonce.r.*)
 .rodata.DISPLAY_USART_GPIO_MAP.14651
                0x80011400       0x10 src/ec_print_funcs.o
 .rodata.ECDBG_USART_GPIO_MAP.14645
                0x80011410       0x10 src/ec_print_funcs.o
 .rodata.C.35.14269
                0x80011420       0x1e src/ASF/avr32/drivers/flashc/flashc.o
 *fill*         0x8001143e        0x2 
 .rodata.gpio_enable_module_pin
                0x80011440       0x20 src/ASF/avr32/drivers/gpio/gpio.o
 .rodata._int_handler_table
                0x80011460      0x178 src/ASF/avr32/drivers/intc/intc.o
 .rodata.main   0x800115d8       0x24 src/main.o
 .rodata.C.125.17711
                0x800115fc        0x4 src/main.o
 .rodata.C.116.17509
                0x80011600       0x10 src/main.o
 .rodata.C.117.17510
                0x80011610       0x10 src/main.o
 .rodata.ADCIFA_GPIO_MAP.17499
                0x80011620       0x30 src/main.o
 .rodata.get_arg
                0x80011650       0x3c c:/program files (x86)/atmel/atmel toolchain/avr32 gcc/native/3.4.1067/avr32-gnu-toolchain/bin/../lib/gcc/avr32/4.4.7/../../../../avr32/lib/ucr3fp\libc.a(lib_a-vfprintf.o)
 .rodata._vfprintf_r
                0x8001168c      0x164 c:/program files (x86)/atmel/atmel toolchain/avr32 gcc/native/3.4.1067/avr32-gnu-toolchain/bin/../lib/gcc/avr32/4.4.7/../../../../avr32/lib/ucr3fp\libc.a(lib_a-vfprintf.o)
 .rodata.state_table
                0x800117f0       0x6c c:/program files (x86)/atmel/atmel toolchain/avr32 gcc/native/3.4.1067/avr32-gnu-toolchain/bin/../lib/gcc/avr32/4.4.7/../../../../avr32/lib/ucr3fp\libc.a(lib_a-vfprintf.o)
 .rodata.action_table
                0x8001185c       0x6c c:/program files (x86)/atmel/atmel toolchain/avr32 gcc/native/3.4.1067/avr32-gnu-toolchain/bin/../lib/gcc/avr32/4.4.7/../../../../avr32/lib/ucr3fp\libc.a(lib_a-vfprintf.o)
 .rodata.str1.4
                0x800118c8       0x3a c:/program files (x86)/atmel/atmel toolchain/avr32 gcc/native/3.4.1067/avr32-gnu-toolchain/bin/../lib/gcc/avr32/4.4.7/../../../../avr32/lib/ucr3fp\libc.a(lib_a-vfprintf.o)
                                 0x3c (size before relaxing)
 *fill*         0x80011902        0x2 
 .rodata.blanks.3430
                0x80011904       0x10 c:/program files (x86)/atmel/atmel toolchain/avr32 gcc/native/3.4.1067/avr32-gnu-toolchain/bin/../lib/gcc/avr32/4.4.7/../../../../avr32/lib/ucr3fp\libc.a(lib_a-vfprintf.o)
 .rodata.zeroes.3431
                0x80011914       0x10 c:/program files (x86)/atmel/atmel toolchain/avr32 gcc/native/3.4.1067/avr32-gnu-toolchain/bin/../lib/gcc/avr32/4.4.7/../../../../avr32/lib/ucr3fp\libc.a(lib_a-vfprintf.o)
 .rodata.chclass
                0x80011924      0x100 c:/program files (x86)/atmel/atmel toolchain/avr32 gcc/native/3.4.1067/avr32-gnu-toolchain/bin/../lib/gcc/avr32/4.4.7/../../../../avr32/lib/ucr3fp\libc.a(lib_a-vfprintf.o)
 .rodata.str1.4
                0x80011a24       0x10 c:/program files (x86)/atmel/atmel toolchain/avr32 gcc/native/3.4.1067/avr32-gnu-toolchain/bin/../lib/gcc/avr32/4.4.7/../../../../avr32/lib/ucr3fp\libc.a(lib_a-dtoa.o)
                                 0x14 (size before relaxing)
 .rodata.__sf_fake_stdin
                0x80011a34       0x20 c:/program files (x86)/atmel/atmel toolchain/avr32 gcc/native/3.4.1067/avr32-gnu-toolchain/bin/../lib/gcc/avr32/4.4.7/../../../../avr32/lib/ucr3fp\libc.a(lib_a-findfp.o)
                0x80011a34                __sf_fake_stdin
 .rodata.__sf_fake_stdout
                0x80011a54       0x20 c:/program files (x86)/atmel/atmel toolchain/avr32 gcc/native/3.4.1067/avr32-gnu-toolchain/bin/../lib/gcc/avr32/4.4.7/../../../../avr32/lib/ucr3fp\libc.a(lib_a-findfp.o)
                0x80011a54                __sf_fake_stdout
 .rodata.__sf_fake_stderr
                0x80011a74       0x20 c:/program files (x86)/atmel/atmel toolchain/avr32 gcc/native/3.4.1067/avr32-gnu-toolchain/bin/../lib/gcc/avr32/4.4.7/../../../../avr32/lib/ucr3fp\libc.a(lib_a-findfp.o)
                0x80011a74                __sf_fake_stderr
 .rodata.str1.4
                0x80011a94        0x2 c:/program files (x86)/atmel/atmel toolchain/avr32 gcc/native/3.4.1067/avr32-gnu-toolchain/bin/../lib/gcc/avr32/4.4.7/../../../../avr32/lib/ucr3fp\libc.a(lib_a-impure.o)
                                  0x4 (size before relaxing)
 *fill*         0x80011a96        0x2 
 .rodata._global_impure_ptr
                0x80011a98        0x4 c:/program files (x86)/atmel/atmel toolchain/avr32 gcc/native/3.4.1067/avr32-gnu-toolchain/bin/../lib/gcc/avr32/4.4.7/../../../../avr32/lib/ucr3fp\libc.a(lib_a-impure.o)
                0x80011a98                _global_impure_ptr
 .rodata.lconv  0x80011a9c       0x30 c:/program files (x86)/atmel/atmel toolchain/avr32 gcc/native/3.4.1067/avr32-gnu-toolchain/bin/../lib/gcc/avr32/4.4.7/../../../../avr32/lib/ucr3fp\libc.a(lib_a-locale.o)
 .rodata.str1.4
                0x80011acc       0x10 c:/program files (x86)/atmel/atmel toolchain/avr32 gcc/native/3.4.1067/avr32-gnu-toolchain/bin/../lib/gcc/avr32/4.4.7/../../../../avr32/lib/ucr3fp\libc.a(lib_a-locale.o)
                                 0x18 (size before relaxing)
 .rodata.p05.2471
                0x80011adc        0xc c:/program files (x86)/atmel/atmel toolchain/avr32 gcc/native/3.4.1067/avr32-gnu-toolchain/bin/../lib/gcc/avr32/4.4.7/../../../../avr32/lib/ucr3fp\libc.a(lib_a-mprec.o)
 .rodata.__mprec_tens
                0x80011ae8       0xc8 c:/program files (x86)/atmel/atmel toolchain/avr32 gcc/native/3.4.1067/avr32-gnu-toolchain/bin/../lib/gcc/avr32/4.4.7/../../../../avr32/lib/ucr3fp\libc.a(lib_a-mprec.o)
                0x80011ae8                __mprec_tens
 .rodata.__mprec_bigtens
                0x80011bb0       0x28 c:/program files (x86)/atmel/atmel toolchain/avr32 gcc/native/3.4.1067/avr32-gnu-toolchain/bin/../lib/gcc/avr32/4.4.7/../../../../avr32/lib/ucr3fp\libc.a(lib_a-mprec.o)
                0x80011bb0                __mprec_bigtens

.rodata1
 *(.rodata1)

.eh_frame_hdr
 *(.eh_frame_hdr)

.eh_frame
 *(.eh_frame)

.gcc_except_table
 *(.gcc_except_table)
 *(.gcc_except_table.*)

.lalign         0x80011bd8        0x0
                0x80011bd8                . = ALIGN (0x8)
                0x80011bd8                PROVIDE (_data_lma, .)
                0x00000004                . = ORIGIN (INTRAM)

.dalign         0x00000004        0x4
                0x00000008                . = ALIGN (0x8)
 *fill*         0x00000004        0x4 
                0x00000008                PROVIDE (_data, .)

.eh_frame
 *(.eh_frame)

.gcc_except_table
 *(.gcc_except_table)
 *(.gcc_except_table.*)

.tdata
 *(.tdata .tdata.* .gnu.linkonce.td.*)

.tbss
 *(.tbss .tbss.* .gnu.linkonce.tb.*)
 *(.tcommon)
                0x00000008                PROVIDE (__preinit_array_start, ALIGN (0x4))

.preinit_array
 *(.preinit_array)
                0x00000008                PROVIDE (__preinit_array_end, .)
                0x00000008                PROVIDE (__init_array_start, .)

.init_array
 *(.init_array)
                0x00000008                PROVIDE (__init_array_end, .)
                0x00000008                PROVIDE (__fini_array_start, .)

.fini_array
 *(.fini_array)
                0x00000008                PROVIDE (__fini_array_end, .)

.ctors
 *crtbegin*.o(.ctors)
 *(EXCLUDE_FILE(*crtend*.o) .ctors)
 *(SORT(.ctors.*))
 *(.ctors)

.dtors
 *crtbegin*.o(.dtors)
 *(EXCLUDE_FILE(*crtend*.o) .dtors)
 *(SORT(.dtors.*))
 *(.dtors)

.jcr
 *(.jcr)

.data.rel.ro
 *(.data.rel.ro.local)
 *(.data.rel.ro*)

.dynamic
 *(.dynamic)

.got
 *(.got.plt)
 *(.got)

.ramtext
 *(.ramtext .ramtext.*)

.ddalign        0x00000008        0x0 load address 0x80011bd8
                0x00000008                . = ALIGN (0x8)

.data           0x00000008      0x5b0 load address 0x80011bd8
 *(.data .data.* .gnu.linkonce.d.*)
 .data.flashc_wait_until_ready
                0x00000008        0x4 src/ASF/avr32/drivers/flashc/flashc.o
                0x00000008                flashc_wait_until_ready
 .data.firstTimeThroughDoorLatch
                0x0000000c        0x1 src/main.o
                0x0000000c                firstTimeThroughDoorLatch
 .data.firstTimeThroughPCA9952
                0x0000000d        0x1 src/main.o
                0x0000000d                firstTimeThroughPCA9952
 *fill*         0x0000000e        0x2 
 .data.CMD_READY
                0x00000010        0x8 src/main.o
                0x00000010                CMD_READY
 .data.CMD_CLEAN
                0x00000018        0x8 src/main.o
                0x00000018                CMD_CLEAN
 .data.CMD_CLEANING
                0x00000020        0x8 src/main.o
                0x00000020                CMD_CLEANING
 .data.CMD_DIRTY
                0x00000028        0x8 src/main.o
                0x00000028                CMD_DIRTY
 .data.CMD_ERROR
                0x00000030        0x8 src/main.o
                0x00000030                CMD_ERROR
 .data.CMD_SHELF1
                0x00000038        0x8 src/main.o
                0x00000038                CMD_SHELF1
 .data.CMD_SHELF2
                0x00000040        0x8 src/main.o
                0x00000040                CMD_SHELF2
 .data.CMD_SHELF3
                0x00000048        0x8 src/main.o
                0x00000048                CMD_SHELF3
 .data.CMD_SHELF4
                0x00000050        0x8 src/main.o
                0x00000050                CMD_SHELF4
 .data.CMD_CLEAR
                0x00000058        0x8 src/main.o
                0x00000058                CMD_CLEAR
 .data.cmdPtrArray
                0x00000060       0x28 src/main.o
                0x00000060                cmdPtrArray
 .data.adc_config_t
                0x00000088       0x14 src/main.o
                0x00000088                adc_config_t
 .data.adcifa_sequence_opt
                0x0000009c        0x7 src/main.o
                0x0000009c                adcifa_sequence_opt
 .data.adcifa_sequence_conversion_opt_seq0_shelf
                0x000000a3        0xc src/main.o
                0x000000a3                adcifa_sequence_conversion_opt_seq0_shelf
 *fill*         0x000000af        0x1 
 .data.adcifa   0x000000b0        0x4 src/main.o
                0x000000b0                adcifa
 .data.impure_data
                0x000000b4       0xf0 c:/program files (x86)/atmel/atmel toolchain/avr32 gcc/native/3.4.1067/avr32-gnu-toolchain/bin/../lib/gcc/avr32/4.4.7/../../../../avr32/lib/ucr3fp\libc.a(lib_a-impure.o)
 .data._impure_ptr
                0x000001a4        0x4 c:/program files (x86)/atmel/atmel toolchain/avr32 gcc/native/3.4.1067/avr32-gnu-toolchain/bin/../lib/gcc/avr32/4.4.7/../../../../avr32/lib/ucr3fp\libc.a(lib_a-impure.o)
                0x000001a4                _impure_ptr
 .data.__malloc_av_
                0x000001a8      0x408 c:/program files (x86)/atmel/atmel toolchain/avr32 gcc/native/3.4.1067/avr32-gnu-toolchain/bin/../lib/gcc/avr32/4.4.7/../../../../avr32/lib/ucr3fp\libc.a(lib_a-mallocr.o)
                0x000001a8                __malloc_av_
 .data.__malloc_trim_threshold
                0x000005b0        0x4 c:/program files (x86)/atmel/atmel toolchain/avr32 gcc/native/3.4.1067/avr32-gnu-toolchain/bin/../lib/gcc/avr32/4.4.7/../../../../avr32/lib/ucr3fp\libc.a(lib_a-mallocr.o)
                0x000005b0                __malloc_trim_threshold
 .data.__malloc_sbrk_base
                0x000005b4        0x4 c:/program files (x86)/atmel/atmel toolchain/avr32 gcc/native/3.4.1067/avr32-gnu-toolchain/bin/../lib/gcc/avr32/4.4.7/../../../../avr32/lib/ucr3fp\libc.a(lib_a-mallocr.o)
                0x000005b4                __malloc_sbrk_base
 *(.gnu.linkonce.d.*personality*)

.data1
 *(.data1)

.balign         0x000005b8        0x0 load address 0x80012188
                0x000005b8                . = ALIGN (0x8)
                0x000005b8                PROVIDE (_edata, .)
                0x000005b8                PROVIDE (edata, .)
                0x000005b8                __bss_start = .

.bss            0x000005b8      0x6e8
 *(.dynbss)
 *(.bss .bss.* .gnu.linkonce.b.*)
 .bss.adcifa_seq1_configured
                0x000005b8        0x1 src/ASF/avr32/drivers/adcifa/adcifa.o
 *fill*         0x000005b9        0x3 
 .bss.flashc_error_status
                0x000005bc        0x4 src/ASF/avr32/drivers/flashc/flashc.o
 .bss._int_line_handler_table_0
                0x000005c0        0x4 src/ASF/avr32/drivers/intc/intc.o
 .bss._int_line_handler_table_1
                0x000005c4        0x8 src/ASF/avr32/drivers/intc/intc.o
 .bss._int_line_handler_table_2
                0x000005cc        0x4 src/ASF/avr32/drivers/intc/intc.o
 .bss._int_line_handler_table_3
                0x000005d0       0x10 src/ASF/avr32/drivers/intc/intc.o
 .bss._int_line_handler_table_4
                0x000005e0       0x10 src/ASF/avr32/drivers/intc/intc.o
 .bss._int_line_handler_table_5
                0x000005f0       0x10 src/ASF/avr32/drivers/intc/intc.o
 .bss._int_line_handler_table_6
                0x00000600       0x10 src/ASF/avr32/drivers/intc/intc.o
 .bss._int_line_handler_table_7
                0x00000610        0x4 src/ASF/avr32/drivers/intc/intc.o
 .bss._int_line_handler_table_8
                0x00000614        0x4 src/ASF/avr32/drivers/intc/intc.o
 .bss._int_line_handler_table_9
                0x00000618       0x28 src/ASF/avr32/drivers/intc/intc.o
 .bss._int_line_handler_table_10
                0x00000640        0x4 src/ASF/avr32/drivers/intc/intc.o
 .bss._int_line_handler_table_11
                0x00000644        0x4 src/ASF/avr32/drivers/intc/intc.o
 .bss._int_line_handler_table_12
                0x00000648        0x4 src/ASF/avr32/drivers/intc/intc.o
 .bss._int_line_handler_table_13
                0x0000064c        0x4 src/ASF/avr32/drivers/intc/intc.o
 .bss._int_line_handler_table_14
                0x00000650       0x14 src/ASF/avr32/drivers/intc/intc.o
 .bss._int_line_handler_table_15
                0x00000664       0x10 src/ASF/avr32/drivers/intc/intc.o
 .bss._int_line_handler_table_16
                0x00000674       0x10 src/ASF/avr32/drivers/intc/intc.o
 .bss._int_line_handler_table_17
                0x00000684        0x4 src/ASF/avr32/drivers/intc/intc.o
 .bss._int_line_handler_table_18
                0x00000688       0x40 src/ASF/avr32/drivers/intc/intc.o
 .bss._int_line_handler_table_19
                0x000006c8        0x4 src/ASF/avr32/drivers/intc/intc.o
 .bss._int_line_handler_table_20
                0x000006cc        0x4 src/ASF/avr32/drivers/intc/intc.o
 .bss._int_line_handler_table_21
                0x000006d0        0x4 src/ASF/avr32/drivers/intc/intc.o
 .bss._int_line_handler_table_22
                0x000006d4        0x4 src/ASF/avr32/drivers/intc/intc.o
 .bss._int_line_handler_table_23
                0x000006d8        0x4 src/ASF/avr32/drivers/intc/intc.o
 .bss._int_line_handler_table_24
                0x000006dc        0x4 src/ASF/avr32/drivers/intc/intc.o
 .bss._int_line_handler_table_25
                0x000006e0        0x4 src/ASF/avr32/drivers/intc/intc.o
 .bss._int_line_handler_table_26
                0x000006e4        0x4 src/ASF/avr32/drivers/intc/intc.o
 .bss._int_line_handler_table_27
                0x000006e8        0x4 src/ASF/avr32/drivers/intc/intc.o
 .bss._int_line_handler_table_28
                0x000006ec        0x4 src/ASF/avr32/drivers/intc/intc.o
 .bss._int_line_handler_table_29
                0x000006f0        0x4 src/ASF/avr32/drivers/intc/intc.o
 .bss._int_line_handler_table_30
                0x000006f4        0x4 src/ASF/avr32/drivers/intc/intc.o
 .bss._int_line_handler_table_31
                0x000006f8        0x4 src/ASF/avr32/drivers/intc/intc.o
 .bss._int_line_handler_table_32
                0x000006fc        0x4 src/ASF/avr32/drivers/intc/intc.o
 .bss._int_line_handler_table_33
                0x00000700        0xc src/ASF/avr32/drivers/intc/intc.o
 .bss._int_line_handler_table_34
                0x0000070c        0xc src/ASF/avr32/drivers/intc/intc.o
 .bss._int_line_handler_table_35
                0x00000718        0x8 src/ASF/avr32/drivers/intc/intc.o
 .bss._int_line_handler_table_36
                0x00000720       0x18 src/ASF/avr32/drivers/intc/intc.o
 .bss._int_line_handler_table_37
                0x00000738        0x4 src/ASF/avr32/drivers/intc/intc.o
 .bss._int_line_handler_table_38
                0x0000073c        0x4 src/ASF/avr32/drivers/intc/intc.o
 .bss._int_line_handler_table_39
                0x00000740       0x18 src/ASF/avr32/drivers/intc/intc.o
 .bss._int_line_handler_table_40
                0x00000758       0x18 src/ASF/avr32/drivers/intc/intc.o
 .bss._int_line_handler_table_41
                0x00000770        0x4 src/ASF/avr32/drivers/intc/intc.o
 .bss._int_line_handler_table_42
                0x00000774        0x4 src/ASF/avr32/drivers/intc/intc.o
 .bss._int_line_handler_table_43
                0x00000778        0x4 src/ASF/avr32/drivers/intc/intc.o
 .bss._int_line_handler_table_44
                0x0000077c        0x4 src/ASF/avr32/drivers/intc/intc.o
 .bss._int_line_handler_table_45
                0x00000780        0x4 src/ASF/avr32/drivers/intc/intc.o
 .bss._int_line_handler_table_46
                0x00000784        0x4 src/ASF/avr32/drivers/intc/intc.o
 .bss.twim_inst
                0x00000788        0x4 src/ASF/avr32/drivers/twim/twim.o
 .bss.twim_tx_data
                0x0000078c        0x4 src/ASF/avr32/drivers/twim/twim.o
 .bss.twim_rx_data
                0x00000790        0x4 src/ASF/avr32/drivers/twim/twim.o
 .bss.transfer_status
                0x00000794        0x4 src/ASF/avr32/drivers/twim/twim.o
 .bss.twim_tx_nb_bytes
                0x00000798        0x4 src/ASF/avr32/drivers/twim/twim.o
 .bss.twim_rx_nb_bytes
                0x0000079c        0x4 src/ASF/avr32/drivers/twim/twim.o
 .bss.twim_it_mask
                0x000007a0        0x4 src/ASF/avr32/drivers/twim/twim.o
 .bss.twim_package
                0x000007a4        0x4 src/ASF/avr32/drivers/twim/twim.o
 .bss.twim_next
                0x000007a8        0x1 src/ASF/avr32/drivers/twim/twim.o
 *fill*         0x000007a9        0x3 
 .bss.cpu_hz    0x000007ac        0x4 src/pca9952.o
 .bss.sanCycleFlashIdx
                0x000007b0        0x4 src/main.o
                0x000007b0                sanCycleFlashIdx
 .bss.sanMinFlashIdx
                0x000007b4        0x4 src/main.o
                0x000007b4                sanMinFlashIdx
 .bss.ushFlashIdx
                0x000007b8        0x4 src/main.o
                0x000007b8                ushFlashIdx
 .bss.umFlashIdx
                0x000007bc        0x4 src/main.o
                0x000007bc                umFlashIdx
 .bss.topEflag0
                0x000007c0        0x1 src/main.o
                0x000007c0                topEflag0
 .bss.topEflag1
                0x000007c1        0x1 src/main.o
                0x000007c1                topEflag1
 .bss.botEflag0
                0x000007c2        0x1 src/main.o
                0x000007c2                botEflag0
 .bss.botEflag1
                0x000007c3        0x1 src/main.o
                0x000007c3                botEflag1
 .bss.displayIdx.18540
                0x000007c4        0x1 src/main.o
 *fill*         0x000007c5        0x3 
 .bss.__malloc_max_total_mem
                0x000007c8        0x4 c:/program files (x86)/atmel/atmel toolchain/avr32 gcc/native/3.4.1067/avr32-gnu-toolchain/bin/../lib/gcc/avr32/4.4.7/../../../../avr32/lib/ucr3fp\libc.a(lib_a-mallocr.o)
                0x000007c8                __malloc_max_total_mem
 .bss.__malloc_max_sbrked_mem
                0x000007cc        0x4 c:/program files (x86)/atmel/atmel toolchain/avr32 gcc/native/3.4.1067/avr32-gnu-toolchain/bin/../lib/gcc/avr32/4.4.7/../../../../avr32/lib/ucr3fp\libc.a(lib_a-mallocr.o)
                0x000007cc                __malloc_max_sbrked_mem
 .bss.__malloc_top_pad
                0x000007d0        0x4 c:/program files (x86)/atmel/atmel toolchain/avr32 gcc/native/3.4.1067/avr32-gnu-toolchain/bin/../lib/gcc/avr32/4.4.7/../../../../avr32/lib/ucr3fp\libc.a(lib_a-mallocr.o)
                0x000007d0                __malloc_top_pad
 .bss.__malloc_current_mallinfo
                0x000007d4       0x28 c:/program files (x86)/atmel/atmel toolchain/avr32 gcc/native/3.4.1067/avr32-gnu-toolchain/bin/../lib/gcc/avr32/4.4.7/../../../../avr32/lib/ucr3fp\libc.a(lib_a-mallocr.o)
                0x000007d4                __malloc_current_mallinfo
 .bss.cur_heap_pos.1869
                0x000007fc        0x4 c:/program files (x86)/atmel/atmel toolchain/avr32 gcc/native/3.4.1067/avr32-gnu-toolchain/bin/../lib/gcc/avr32/4.4.7/../../../../avr32/lib/ucr3fp\libc.a(lib_a-syscalls.o)
 *(COMMON)
 COMMON         0x00000800       0x28 src/serial_id_ds2411.o
                0x00000800                D
                0x00000804                A
                0x00000808                B
                0x0000080c                J
                0x00000810                C
                0x00000814                G
                0x00000818                H
                0x0000081c                E
                0x00000820                I
                0x00000824                F
 COMMON         0x00000828      0x46d src/main.o
                0x00000828                displayTimerSeconds
                0x0000082c                ush
                0x00000b30                zoom_view_id
                0x00000b34                bluesense_buf
                0x00000b3c                adc_values_seq0
                0x00000b3e                ledBrd
                0x00000b84                shelf
                0x00000b98                sanitizeTimer
                0x00000ba4                um
                0x00000c08                sanitizeMinutes
                0x00000c0c                minPingPong
                0x00000c0e                adc_current_conversion
                0x00000c10                tmpSanitizeMinutes
                0x00000c14                sanm
                0x00000c18                usageIdx
                0x00000c20                debugTimer
                0x00000c2c                sysErr
                0x00000c3c                displayTimer
                0x00000c48                cleanTimer
                0x00000c54                ledBrdSide
                0x00000c7c                electroclaveState
                0x00000c80                sanc
                0x00000c84                numActiveShelves
                0x00000c88                oneMinuteTimer
                0x00000c94                hourPingPong
 *fill*         0x00000c95        0x3 
 COMMON         0x00000c98        0x4 c:/program files (x86)/atmel/atmel toolchain/avr32 gcc/native/3.4.1067/avr32-gnu-toolchain/bin/../lib/gcc/avr32/4.4.7/../../../../avr32/lib/ucr3fp\libc.a(lib_a-reent.o)
                0x00000c98                errno
                0x00000ca0                . = ALIGN (0x8)
 *fill*         0x00000c9c        0x4 
                0x00000ca0                . = ALIGN (0x8)
                0x00000ca0                _end = .
                0x00000ca0                PROVIDE (end, .)
                0x00000ca0                __heap_start__ = ALIGN (0x8)

.heap           0x00000ca0     0xe360
 *(.heap)
                0x0000e360                . = (__heap_size__ == __max_heap_size__)?(((ORIGIN (INTRAM) + 0xfffc) - __stack_size__) - ABSOLUTE (.)):__heap_size__
 *fill*         0x00000ca0     0xe360 
                0x0000f000                __heap_end__ = .

.stab
 *(.stab)

.stabstr
 *(.stabstr)

.stab.excl
 *(.stab.excl)

.stab.exclstr
 *(.stab.exclstr)

.stab.index
 *(.stab.index)

.stab.indexstr
 *(.stab.indexstr)

.comment        0x00000000       0x30
 *(.comment)
 .comment       0x00000000       0x30 src/serial_id_ds2411.o
                                 0x31 (size before relaxing)
 .comment       0x00000000       0x31 src/ec_print_funcs.o
 .comment       0x00000000       0x31 src/ASF/avr32/drivers/adcifa/adcifa.o
 .comment       0x00000000       0x31 src/ASF/avr32/drivers/flashc/flashc.o
 .comment       0x00000000       0x31 src/ASF/avr32/drivers/gpio/gpio.o
 .comment       0x00000000       0x31 src/ASF/avr32/drivers/intc/intc.o
 .comment       0x00000000       0x31 src/ASF/avr32/drivers/twim/twim.o
 .comment       0x00000000       0x31 src/ASF/avr32/drivers/usart/usart.o
 .comment       0x00000000       0x31 src/ASF/common/services/clock/uc3c/osc.o
 .comment       0x00000000       0x31 src/ASF/common/services/clock/uc3c/pll.o
 .comment       0x00000000       0x31 src/ASF/common/services/clock/uc3c/sysclk.o
 .comment       0x00000000       0x31 src/pca9952.o
 .comment       0x00000000       0x31 src/main.o
 .comment       0x00000000       0x31 c:/program files (x86)/atmel/atmel toolchain/avr32 gcc/native/3.4.1067/avr32-gnu-toolchain/bin/../lib/gcc/avr32/4.4.7/ucr3fp\libgcc.a(_udivdi3.o)
 .comment       0x00000000       0x31 c:/program files (x86)/atmel/atmel toolchain/avr32 gcc/native/3.4.1067/avr32-gnu-toolchain/bin/../lib/gcc/avr32/4.4.7/../../../../avr32/lib/ucr3fp\libc.a(lib_a-memset.o)
 .comment       0x00000000       0x31 c:/program files (x86)/atmel/atmel toolchain/avr32 gcc/native/3.4.1067/avr32-gnu-toolchain/bin/../lib/gcc/avr32/4.4.7/../../../../avr32/lib/ucr3fp\libc.a(lib_a-sprintf.o)
 .comment       0x00000000       0x31 c:/program files (x86)/atmel/atmel toolchain/avr32 gcc/native/3.4.1067/avr32-gnu-toolchain/bin/../lib/gcc/avr32/4.4.7/../../../../avr32/lib/ucr3fp\libc.a(lib_a-strlen.o)
 .comment       0x00000000       0x31 c:/program files (x86)/atmel/atmel toolchain/avr32 gcc/native/3.4.1067/avr32-gnu-toolchain/bin/../lib/gcc/avr32/4.4.7/../../../../avr32/lib/ucr3fp\libc.a(lib_a-vfprintf.o)
 .comment       0x00000000       0x31 c:/program files (x86)/atmel/atmel toolchain/avr32 gcc/native/3.4.1067/avr32-gnu-toolchain/bin/../lib/gcc/avr32/4.4.7/../../../../avr32/lib/ucr3fp\libc.a(lib_a-wsetup.o)
 .comment       0x00000000       0x31 c:/program files (x86)/atmel/atmel toolchain/avr32 gcc/native/3.4.1067/avr32-gnu-toolchain/bin/../lib/gcc/avr32/4.4.7/../../../../avr32/lib/ucr3fp\libc.a(lib_a-dtoa.o)
 .comment       0x00000000       0x31 c:/program files (x86)/atmel/atmel toolchain/avr32 gcc/native/3.4.1067/avr32-gnu-toolchain/bin/../lib/gcc/avr32/4.4.7/../../../../avr32/lib/ucr3fp\libc.a(lib_a-fflush.o)
 .comment       0x00000000       0x31 c:/program files (x86)/atmel/atmel toolchain/avr32 gcc/native/3.4.1067/avr32-gnu-toolchain/bin/../lib/gcc/avr32/4.4.7/../../../../avr32/lib/ucr3fp\libc.a(lib_a-findfp.o)
 .comment       0x00000000       0x31 c:/program files (x86)/atmel/atmel toolchain/avr32 gcc/native/3.4.1067/avr32-gnu-toolchain/bin/../lib/gcc/avr32/4.4.7/../../../../avr32/lib/ucr3fp\libc.a(lib_a-freer.o)
 .comment       0x00000000       0x31 c:/program files (x86)/atmel/atmel toolchain/avr32 gcc/native/3.4.1067/avr32-gnu-toolchain/bin/../lib/gcc/avr32/4.4.7/../../../../avr32/lib/ucr3fp\libc.a(lib_a-fvwrite.o)
 .comment       0x00000000       0x31 c:/program files (x86)/atmel/atmel toolchain/avr32 gcc/native/3.4.1067/avr32-gnu-toolchain/bin/../lib/gcc/avr32/4.4.7/../../../../avr32/lib/ucr3fp\libc.a(lib_a-fwalk.o)
 .comment       0x00000000       0x31 c:/program files (x86)/atmel/atmel toolchain/avr32 gcc/native/3.4.1067/avr32-gnu-toolchain/bin/../lib/gcc/avr32/4.4.7/../../../../avr32/lib/ucr3fp\libc.a(lib_a-impure.o)
 .comment       0x00000000       0x31 c:/program files (x86)/atmel/atmel toolchain/avr32 gcc/native/3.4.1067/avr32-gnu-toolchain/bin/../lib/gcc/avr32/4.4.7/../../../../avr32/lib/ucr3fp\libc.a(lib_a-locale.o)
 .comment       0x00000000       0x31 c:/program files (x86)/atmel/atmel toolchain/avr32 gcc/native/3.4.1067/avr32-gnu-toolchain/bin/../lib/gcc/avr32/4.4.7/../../../../avr32/lib/ucr3fp\libc.a(lib_a-makebuf.o)
 .comment       0x00000000       0x31 c:/program files (x86)/atmel/atmel toolchain/avr32 gcc/native/3.4.1067/avr32-gnu-toolchain/bin/../lib/gcc/avr32/4.4.7/../../../../avr32/lib/ucr3fp\libc.a(lib_a-malloc.o)
 .comment       0x00000000       0x31 c:/program files (x86)/atmel/atmel toolchain/avr32 gcc/native/3.4.1067/avr32-gnu-toolchain/bin/../lib/gcc/avr32/4.4.7/../../../../avr32/lib/ucr3fp\libc.a(lib_a-mallocr.o)
 .comment       0x00000000       0x31 c:/program files (x86)/atmel/atmel toolchain/avr32 gcc/native/3.4.1067/avr32-gnu-toolchain/bin/../lib/gcc/avr32/4.4.7/../../../../avr32/lib/ucr3fp\libc.a(lib_a-memchr.o)
 .comment       0x00000000       0x31 c:/program files (x86)/atmel/atmel toolchain/avr32 gcc/native/3.4.1067/avr32-gnu-toolchain/bin/../lib/gcc/avr32/4.4.7/../../../../avr32/lib/ucr3fp\libc.a(lib_a-memmove.o)
 .comment       0x00000000       0x31 c:/program files (x86)/atmel/atmel toolchain/avr32 gcc/native/3.4.1067/avr32-gnu-toolchain/bin/../lib/gcc/avr32/4.4.7/../../../../avr32/lib/ucr3fp\libc.a(lib_a-mlock.o)
 .comment       0x00000000       0x31 c:/program files (x86)/atmel/atmel toolchain/avr32 gcc/native/3.4.1067/avr32-gnu-toolchain/bin/../lib/gcc/avr32/4.4.7/../../../../avr32/lib/ucr3fp\libc.a(lib_a-mprec.o)
 .comment       0x00000000       0x31 c:/program files (x86)/atmel/atmel toolchain/avr32 gcc/native/3.4.1067/avr32-gnu-toolchain/bin/../lib/gcc/avr32/4.4.7/../../../../avr32/lib/ucr3fp\libc.a(lib_a-reallocr.o)
 .comment       0x00000000       0x31 c:/program files (x86)/atmel/atmel toolchain/avr32 gcc/native/3.4.1067/avr32-gnu-toolchain/bin/../lib/gcc/avr32/4.4.7/../../../../avr32/lib/ucr3fp\libc.a(lib_a-s_isinfd.o)
 .comment       0x00000000       0x31 c:/program files (x86)/atmel/atmel toolchain/avr32 gcc/native/3.4.1067/avr32-gnu-toolchain/bin/../lib/gcc/avr32/4.4.7/../../../../avr32/lib/ucr3fp\libc.a(lib_a-s_isnand.o)
 .comment       0x00000000       0x31 c:/program files (x86)/atmel/atmel toolchain/avr32 gcc/native/3.4.1067/avr32-gnu-toolchain/bin/../lib/gcc/avr32/4.4.7/../../../../avr32/lib/ucr3fp\libc.a(lib_a-sbrkr.o)
 .comment       0x00000000       0x31 c:/program files (x86)/atmel/atmel toolchain/avr32 gcc/native/3.4.1067/avr32-gnu-toolchain/bin/../lib/gcc/avr32/4.4.7/../../../../avr32/lib/ucr3fp\libc.a(lib_a-stdio.o)
 .comment       0x00000000       0x31 c:/program files (x86)/atmel/atmel toolchain/avr32 gcc/native/3.4.1067/avr32-gnu-toolchain/bin/../lib/gcc/avr32/4.4.7/../../../../avr32/lib/ucr3fp\libc.a(lib_a-syscalls.o)
 .comment       0x00000000       0x31 c:/program files (x86)/atmel/atmel toolchain/avr32 gcc/native/3.4.1067/avr32-gnu-toolchain/bin/../lib/gcc/avr32/4.4.7/../../../../avr32/lib/ucr3fp\libc.a(lib_a-writer.o)
 .comment       0x00000000       0x31 c:/program files (x86)/atmel/atmel toolchain/avr32 gcc/native/3.4.1067/avr32-gnu-toolchain/bin/../lib/gcc/avr32/4.4.7/../../../../avr32/lib/ucr3fp\libc.a(lib_a-callocr.o)
 .comment       0x00000000       0x31 c:/program files (x86)/atmel/atmel toolchain/avr32 gcc/native/3.4.1067/avr32-gnu-toolchain/bin/../lib/gcc/avr32/4.4.7/../../../../avr32/lib/ucr3fp\libc.a(lib_a-closer.o)
 .comment       0x00000000       0x31 c:/program files (x86)/atmel/atmel toolchain/avr32 gcc/native/3.4.1067/avr32-gnu-toolchain/bin/../lib/gcc/avr32/4.4.7/../../../../avr32/lib/ucr3fp\libc.a(lib_a-errno.o)
 .comment       0x00000000       0x31 c:/program files (x86)/atmel/atmel toolchain/avr32 gcc/native/3.4.1067/avr32-gnu-toolchain/bin/../lib/gcc/avr32/4.4.7/../../../../avr32/lib/ucr3fp\libc.a(lib_a-fclose.o)
 .comment       0x00000000       0x31 c:/program files (x86)/atmel/atmel toolchain/avr32 gcc/native/3.4.1067/avr32-gnu-toolchain/bin/../lib/gcc/avr32/4.4.7/../../../../avr32/lib/ucr3fp\libc.a(lib_a-fstatr.o)
 .comment       0x00000000       0x31 c:/program files (x86)/atmel/atmel toolchain/avr32 gcc/native/3.4.1067/avr32-gnu-toolchain/bin/../lib/gcc/avr32/4.4.7/../../../../avr32/lib/ucr3fp\libc.a(lib_a-lseekr.o)
 .comment       0x00000000       0x31 c:/program files (x86)/atmel/atmel toolchain/avr32 gcc/native/3.4.1067/avr32-gnu-toolchain/bin/../lib/gcc/avr32/4.4.7/../../../../avr32/lib/ucr3fp\libc.a(lib_a-readr.o)
 .comment       0x00000000       0x31 c:/program files (x86)/atmel/atmel toolchain/avr32 gcc/native/3.4.1067/avr32-gnu-toolchain/bin/../lib/gcc/avr32/4.4.7/../../../../avr32/lib/ucr3fp\libc.a(lib_a-reent.o)
 .comment       0x00000000       0x31 c:/program files (x86)/atmel/atmel toolchain/avr32 gcc/native/3.4.1067/avr32-gnu-toolchain/bin/../lib/gcc/avr32/4.4.7/ucr3fp\libgcc.a(_umoddi3.o)

.debug
 *(.debug)

.line
 *(.line)

.debug_srcinfo
 *(.debug_srcinfo)

.debug_sfnames
 *(.debug_sfnames)

.debug_aranges  0x00000000     0x1170
 *(.debug_aranges)
 .debug_aranges
                0x00000000       0x98 src/serial_id_ds2411.o
 .debug_aranges
                0x00000098       0xc8 src/ec_print_funcs.o
 .debug_aranges
                0x00000160       0x88 src/ASF/avr32/drivers/adcifa/adcifa.o
 .debug_aranges
                0x000001e8      0x228 src/ASF/avr32/drivers/flashc/flashc.o
 .debug_aranges
                0x00000410      0x128 src/ASF/avr32/drivers/gpio/gpio.o
 .debug_aranges
                0x00000538       0x20 src/ASF/avr32/drivers/intc/exception.o
 .debug_aranges
                0x00000558       0x40 src/ASF/avr32/drivers/intc/intc.o
 .debug_aranges
                0x00000598       0x88 src/ASF/avr32/drivers/twim/twim.o
 .debug_aranges
                0x00000620      0x108 src/ASF/avr32/drivers/usart/usart.o
 .debug_aranges
                0x00000728       0x28 src/ASF/avr32/utils/startup/startup_uc3.o
 .debug_aranges
                0x00000750       0x20 src/ASF/avr32/utils/startup/trampoline_uc3.o
 .debug_aranges
                0x00000770       0x70 src/ASF/common/services/clock/uc3c/osc.o
 .debug_aranges
                0x000007e0       0x48 src/ASF/common/services/clock/uc3c/pll.o
 .debug_aranges
                0x00000828       0x58 src/ASF/common/services/clock/uc3c/sysclk.o
 .debug_aranges
                0x00000880       0x50 src/pca9952.o
 .debug_aranges
                0x000008d0      0x1b8 src/main.o
 .debug_aranges
                0x00000a88       0x20 c:/program files (x86)/atmel/atmel toolchain/avr32 gcc/native/3.4.1067/avr32-gnu-toolchain/bin/../lib/gcc/avr32/4.4.7/ucr3fp\libgcc.a(_udivdi3.o)
 .debug_aranges
                0x00000aa8       0x20 c:/program files (x86)/atmel/atmel toolchain/avr32 gcc/native/3.4.1067/avr32-gnu-toolchain/bin/../lib/gcc/avr32/4.4.7/../../../../avr32/lib/ucr3fp\libc.a(lib_a-memset.o)
 .debug_aranges
                0x00000ac8       0x28 c:/program files (x86)/atmel/atmel toolchain/avr32 gcc/native/3.4.1067/avr32-gnu-toolchain/bin/../lib/gcc/avr32/4.4.7/../../../../avr32/lib/ucr3fp\libc.a(lib_a-sprintf.o)
 .debug_aranges
                0x00000af0       0x20 c:/program files (x86)/atmel/atmel toolchain/avr32 gcc/native/3.4.1067/avr32-gnu-toolchain/bin/../lib/gcc/avr32/4.4.7/../../../../avr32/lib/ucr3fp\libc.a(lib_a-strlen.o)
 .debug_aranges
                0x00000b10       0x38 c:/program files (x86)/atmel/atmel toolchain/avr32 gcc/native/3.4.1067/avr32-gnu-toolchain/bin/../lib/gcc/avr32/4.4.7/../../../../avr32/lib/ucr3fp\libc.a(lib_a-vfprintf.o)
 .debug_aranges
                0x00000b48       0x20 c:/program files (x86)/atmel/atmel toolchain/avr32 gcc/native/3.4.1067/avr32-gnu-toolchain/bin/../lib/gcc/avr32/4.4.7/../../../../avr32/lib/ucr3fp\libc.a(lib_a-wsetup.o)
 .debug_aranges
                0x00000b68       0x28 c:/program files (x86)/atmel/atmel toolchain/avr32 gcc/native/3.4.1067/avr32-gnu-toolchain/bin/../lib/gcc/avr32/4.4.7/../../../../avr32/lib/ucr3fp\libc.a(lib_a-dtoa.o)
 .debug_aranges
                0x00000b90       0x28 c:/program files (x86)/atmel/atmel toolchain/avr32 gcc/native/3.4.1067/avr32-gnu-toolchain/bin/../lib/gcc/avr32/4.4.7/../../../../avr32/lib/ucr3fp\libc.a(lib_a-fflush.o)
 .debug_aranges
                0x00000bb8       0x80 c:/program files (x86)/atmel/atmel toolchain/avr32 gcc/native/3.4.1067/avr32-gnu-toolchain/bin/../lib/gcc/avr32/4.4.7/../../../../avr32/lib/ucr3fp\libc.a(lib_a-findfp.o)
 .debug_aranges
                0x00000c38       0x28 c:/program files (x86)/atmel/atmel toolchain/avr32 gcc/native/3.4.1067/avr32-gnu-toolchain/bin/../lib/gcc/avr32/4.4.7/../../../../avr32/lib/ucr3fp\libc.a(lib_a-freer.o)
 .debug_aranges
                0x00000c60       0x20 c:/program files (x86)/atmel/atmel toolchain/avr32 gcc/native/3.4.1067/avr32-gnu-toolchain/bin/../lib/gcc/avr32/4.4.7/../../../../avr32/lib/ucr3fp\libc.a(lib_a-fvwrite.o)
 .debug_aranges
                0x00000c80       0x28 c:/program files (x86)/atmel/atmel toolchain/avr32 gcc/native/3.4.1067/avr32-gnu-toolchain/bin/../lib/gcc/avr32/4.4.7/../../../../avr32/lib/ucr3fp\libc.a(lib_a-fwalk.o)
 .debug_aranges
                0x00000ca8       0x40 c:/program files (x86)/atmel/atmel toolchain/avr32 gcc/native/3.4.1067/avr32-gnu-toolchain/bin/../lib/gcc/avr32/4.4.7/../../../../avr32/lib/ucr3fp\libc.a(lib_a-locale.o)
 .debug_aranges
                0x00000ce8       0x20 c:/program files (x86)/atmel/atmel toolchain/avr32 gcc/native/3.4.1067/avr32-gnu-toolchain/bin/../lib/gcc/avr32/4.4.7/../../../../avr32/lib/ucr3fp\libc.a(lib_a-makebuf.o)
 .debug_aranges
                0x00000d08       0x28 c:/program files (x86)/atmel/atmel toolchain/avr32 gcc/native/3.4.1067/avr32-gnu-toolchain/bin/../lib/gcc/avr32/4.4.7/../../../../avr32/lib/ucr3fp\libc.a(lib_a-malloc.o)
 .debug_aranges
                0x00000d30       0x20 c:/program files (x86)/atmel/atmel toolchain/avr32 gcc/native/3.4.1067/avr32-gnu-toolchain/bin/../lib/gcc/avr32/4.4.7/../../../../avr32/lib/ucr3fp\libc.a(lib_a-mallocr.o)
 .debug_aranges
                0x00000d50       0x20 c:/program files (x86)/atmel/atmel toolchain/avr32 gcc/native/3.4.1067/avr32-gnu-toolchain/bin/../lib/gcc/avr32/4.4.7/../../../../avr32/lib/ucr3fp\libc.a(lib_a-memchr.o)
 .debug_aranges
                0x00000d70       0x20 c:/program files (x86)/atmel/atmel toolchain/avr32 gcc/native/3.4.1067/avr32-gnu-toolchain/bin/../lib/gcc/avr32/4.4.7/../../../../avr32/lib/ucr3fp\libc.a(lib_a-memmove.o)
 .debug_aranges
                0x00000d90       0x28 c:/program files (x86)/atmel/atmel toolchain/avr32 gcc/native/3.4.1067/avr32-gnu-toolchain/bin/../lib/gcc/avr32/4.4.7/../../../../avr32/lib/ucr3fp\libc.a(lib_a-mlock.o)
 .debug_aranges
                0x00000db8       0xb0 c:/program files (x86)/atmel/atmel toolchain/avr32 gcc/native/3.4.1067/avr32-gnu-toolchain/bin/../lib/gcc/avr32/4.4.7/../../../../avr32/lib/ucr3fp\libc.a(lib_a-mprec.o)
 .debug_aranges
                0x00000e68       0x20 c:/program files (x86)/atmel/atmel toolchain/avr32 gcc/native/3.4.1067/avr32-gnu-toolchain/bin/../lib/gcc/avr32/4.4.7/../../../../avr32/lib/ucr3fp\libc.a(lib_a-reallocr.o)
 .debug_aranges
                0x00000e88       0x20 c:/program files (x86)/atmel/atmel toolchain/avr32 gcc/native/3.4.1067/avr32-gnu-toolchain/bin/../lib/gcc/avr32/4.4.7/../../../../avr32/lib/ucr3fp\libc.a(lib_a-s_isinfd.o)
 .debug_aranges
                0x00000ea8       0x20 c:/program files (x86)/atmel/atmel toolchain/avr32 gcc/native/3.4.1067/avr32-gnu-toolchain/bin/../lib/gcc/avr32/4.4.7/../../../../avr32/lib/ucr3fp\libc.a(lib_a-s_isnand.o)
 .debug_aranges
                0x00000ec8       0x20 c:/program files (x86)/atmel/atmel toolchain/avr32 gcc/native/3.4.1067/avr32-gnu-toolchain/bin/../lib/gcc/avr32/4.4.7/../../../../avr32/lib/ucr3fp\libc.a(lib_a-sbrkr.o)
 .debug_aranges
                0x00000ee8       0x38 c:/program files (x86)/atmel/atmel toolchain/avr32 gcc/native/3.4.1067/avr32-gnu-toolchain/bin/../lib/gcc/avr32/4.4.7/../../../../avr32/lib/ucr3fp\libc.a(lib_a-stdio.o)
 .debug_aranges
                0x00000f20       0xf8 c:/program files (x86)/atmel/atmel toolchain/avr32 gcc/native/3.4.1067/avr32-gnu-toolchain/bin/../lib/gcc/avr32/4.4.7/../../../../avr32/lib/ucr3fp\libc.a(lib_a-syscalls.o)
 .debug_aranges
                0x00001018       0x20 c:/program files (x86)/atmel/atmel toolchain/avr32 gcc/native/3.4.1067/avr32-gnu-toolchain/bin/../lib/gcc/avr32/4.4.7/../../../../avr32/lib/ucr3fp\libc.a(lib_a-writer.o)
 .debug_aranges
                0x00001038       0x20 c:/program files (x86)/atmel/atmel toolchain/avr32 gcc/native/3.4.1067/avr32-gnu-toolchain/bin/../lib/gcc/avr32/4.4.7/../../../../avr32/lib/ucr3fp\libc.a(lib_a-callocr.o)
 .debug_aranges
                0x00001058       0x20 c:/program files (x86)/atmel/atmel toolchain/avr32 gcc/native/3.4.1067/avr32-gnu-toolchain/bin/../lib/gcc/avr32/4.4.7/../../../../avr32/lib/ucr3fp\libc.a(lib_a-closer.o)
 .debug_aranges
                0x00001078       0x20 c:/program files (x86)/atmel/atmel toolchain/avr32 gcc/native/3.4.1067/avr32-gnu-toolchain/bin/../lib/gcc/avr32/4.4.7/../../../../avr32/lib/ucr3fp\libc.a(lib_a-errno.o)
 .debug_aranges
                0x00001098       0x28 c:/program files (x86)/atmel/atmel toolchain/avr32 gcc/native/3.4.1067/avr32-gnu-toolchain/bin/../lib/gcc/avr32/4.4.7/../../../../avr32/lib/ucr3fp\libc.a(lib_a-fclose.o)
 .debug_aranges
                0x000010c0       0x20 c:/program files (x86)/atmel/atmel toolchain/avr32 gcc/native/3.4.1067/avr32-gnu-toolchain/bin/../lib/gcc/avr32/4.4.7/../../../../avr32/lib/ucr3fp\libc.a(lib_a-fstatr.o)
 .debug_aranges
                0x000010e0       0x20 c:/program files (x86)/atmel/atmel toolchain/avr32 gcc/native/3.4.1067/avr32-gnu-toolchain/bin/../lib/gcc/avr32/4.4.7/../../../../avr32/lib/ucr3fp\libc.a(lib_a-lseekr.o)
 .debug_aranges
                0x00001100       0x20 c:/program files (x86)/atmel/atmel toolchain/avr32 gcc/native/3.4.1067/avr32-gnu-toolchain/bin/../lib/gcc/avr32/4.4.7/../../../../avr32/lib/ucr3fp\libc.a(lib_a-readr.o)
 .debug_aranges
                0x00001120       0x30 c:/program files (x86)/atmel/atmel toolchain/avr32 gcc/native/3.4.1067/avr32-gnu-toolchain/bin/../lib/gcc/avr32/4.4.7/../../../../avr32/lib/ucr3fp\libc.a(lib_a-reent.o)
 .debug_aranges
                0x00001150       0x20 c:/program files (x86)/atmel/atmel toolchain/avr32 gcc/native/3.4.1067/avr32-gnu-toolchain/bin/../lib/gcc/avr32/4.4.7/ucr3fp\libgcc.a(_umoddi3.o)

.debug_pubnames
                0x00000000     0x2765
 *(.debug_pubnames)
 .debug_pubnames
                0x00000000      0x159 src/serial_id_ds2411.o
 .debug_pubnames
                0x00000159      0x1de src/ec_print_funcs.o
 .debug_pubnames
                0x00000337      0x193 src/ASF/avr32/drivers/adcifa/adcifa.o
 .debug_pubnames
                0x000004ca      0x79d src/ASF/avr32/drivers/flashc/flashc.o
 .debug_pubnames
                0x00000c67      0x3aa src/ASF/avr32/drivers/gpio/gpio.o
 .debug_pubnames
                0x00001011       0x62 src/ASF/avr32/drivers/intc/intc.o
 .debug_pubnames
                0x00001073       0xd6 src/ASF/avr32/drivers/twim/twim.o
 .debug_pubnames
                0x00001149      0x227 src/ASF/avr32/drivers/usart/usart.o
 .debug_pubnames
                0x00001370       0xe4 src/ASF/common/services/clock/uc3c/osc.o
 .debug_pubnames
                0x00001454       0x46 src/ASF/common/services/clock/uc3c/pll.o
 .debug_pubnames
                0x0000149a       0x8f src/ASF/common/services/clock/uc3c/sysclk.o
 .debug_pubnames
                0x00001529       0x70 src/pca9952.o
 .debug_pubnames
                0x00001599      0x7a9 src/main.o
 .debug_pubnames
                0x00001d42       0x20 c:/program files (x86)/atmel/atmel toolchain/avr32 gcc/native/3.4.1067/avr32-gnu-toolchain/bin/../lib/gcc/avr32/4.4.7/ucr3fp\libgcc.a(_udivdi3.o)
 .debug_pubnames
                0x00001d62       0x1d c:/program files (x86)/atmel/atmel toolchain/avr32 gcc/native/3.4.1067/avr32-gnu-toolchain/bin/../lib/gcc/avr32/4.4.7/../../../../avr32/lib/ucr3fp\libc.a(lib_a-memset.o)
 .debug_pubnames
                0x00001d7f       0x2d c:/program files (x86)/atmel/atmel toolchain/avr32 gcc/native/3.4.1067/avr32-gnu-toolchain/bin/../lib/gcc/avr32/4.4.7/../../../../avr32/lib/ucr3fp\libc.a(lib_a-sprintf.o)
 .debug_pubnames
                0x00001dac       0x1d c:/program files (x86)/atmel/atmel toolchain/avr32 gcc/native/3.4.1067/avr32-gnu-toolchain/bin/../lib/gcc/avr32/4.4.7/../../../../avr32/lib/ucr3fp\libc.a(lib_a-strlen.o)
 .debug_pubnames
                0x00001dc9       0x2f c:/program files (x86)/atmel/atmel toolchain/avr32 gcc/native/3.4.1067/avr32-gnu-toolchain/bin/../lib/gcc/avr32/4.4.7/../../../../avr32/lib/ucr3fp\libc.a(lib_a-vfprintf.o)
 .debug_pubnames
                0x00001df8       0x22 c:/program files (x86)/atmel/atmel toolchain/avr32 gcc/native/3.4.1067/avr32-gnu-toolchain/bin/../lib/gcc/avr32/4.4.7/../../../../avr32/lib/ucr3fp\libc.a(lib_a-wsetup.o)
 .debug_pubnames
                0x00001e1a       0x1e c:/program files (x86)/atmel/atmel toolchain/avr32 gcc/native/3.4.1067/avr32-gnu-toolchain/bin/../lib/gcc/avr32/4.4.7/../../../../avr32/lib/ucr3fp\libc.a(lib_a-dtoa.o)
 .debug_pubnames
                0x00001e38       0x2b c:/program files (x86)/atmel/atmel toolchain/avr32 gcc/native/3.4.1067/avr32-gnu-toolchain/bin/../lib/gcc/avr32/4.4.7/../../../../avr32/lib/ucr3fp\libc.a(lib_a-fflush.o)
 .debug_pubnames
                0x00001e63      0x119 c:/program files (x86)/atmel/atmel toolchain/avr32 gcc/native/3.4.1067/avr32-gnu-toolchain/bin/../lib/gcc/avr32/4.4.7/../../../../avr32/lib/ucr3fp\libc.a(lib_a-findfp.o)
 .debug_pubnames
                0x00001f7c       0x31 c:/program files (x86)/atmel/atmel toolchain/avr32 gcc/native/3.4.1067/avr32-gnu-toolchain/bin/../lib/gcc/avr32/4.4.7/../../../../avr32/lib/ucr3fp\libc.a(lib_a-freer.o)
 .debug_pubnames
                0x00001fad       0x23 c:/program files (x86)/atmel/atmel toolchain/avr32 gcc/native/3.4.1067/avr32-gnu-toolchain/bin/../lib/gcc/avr32/4.4.7/../../../../avr32/lib/ucr3fp\libc.a(lib_a-fvwrite.o)
 .debug_pubnames
                0x00001fd0       0x2e c:/program files (x86)/atmel/atmel toolchain/avr32 gcc/native/3.4.1067/avr32-gnu-toolchain/bin/../lib/gcc/avr32/4.4.7/../../../../avr32/lib/ucr3fp\libc.a(lib_a-fwalk.o)
 .debug_pubnames
                0x00001ffe       0x39 c:/program files (x86)/atmel/atmel toolchain/avr32 gcc/native/3.4.1067/avr32-gnu-toolchain/bin/../lib/gcc/avr32/4.4.7/../../../../avr32/lib/ucr3fp\libc.a(lib_a-impure.o)
 .debug_pubnames
                0x00002037       0xc3 c:/program files (x86)/atmel/atmel toolchain/avr32 gcc/native/3.4.1067/avr32-gnu-toolchain/bin/../lib/gcc/avr32/4.4.7/../../../../avr32/lib/ucr3fp\libc.a(lib_a-locale.o)
 .debug_pubnames
                0x000020fa       0x23 c:/program files (x86)/atmel/atmel toolchain/avr32 gcc/native/3.4.1067/avr32-gnu-toolchain/bin/../lib/gcc/avr32/4.4.7/../../../../avr32/lib/ucr3fp\libc.a(lib_a-makebuf.o)
 .debug_pubnames
                0x0000211d       0x26 c:/program files (x86)/atmel/atmel toolchain/avr32 gcc/native/3.4.1067/avr32-gnu-toolchain/bin/../lib/gcc/avr32/4.4.7/../../../../avr32/lib/ucr3fp\libc.a(lib_a-malloc.o)
 .debug_pubnames
                0x00002143       0xce c:/program files (x86)/atmel/atmel toolchain/avr32 gcc/native/3.4.1067/avr32-gnu-toolchain/bin/../lib/gcc/avr32/4.4.7/../../../../avr32/lib/ucr3fp\libc.a(lib_a-mallocr.o)
 .debug_pubnames
                0x00002211       0x1d c:/program files (x86)/atmel/atmel toolchain/avr32 gcc/native/3.4.1067/avr32-gnu-toolchain/bin/../lib/gcc/avr32/4.4.7/../../../../avr32/lib/ucr3fp\libc.a(lib_a-memchr.o)
 .debug_pubnames
                0x0000222e       0x1e c:/program files (x86)/atmel/atmel toolchain/avr32 gcc/native/3.4.1067/avr32-gnu-toolchain/bin/../lib/gcc/avr32/4.4.7/../../../../avr32/lib/ucr3fp\libc.a(lib_a-memmove.o)
 .debug_pubnames
                0x0000224c       0x38 c:/program files (x86)/atmel/atmel toolchain/avr32 gcc/native/3.4.1067/avr32-gnu-toolchain/bin/../lib/gcc/avr32/4.4.7/../../../../avr32/lib/ucr3fp\libc.a(lib_a-mlock.o)
 .debug_pubnames
                0x00002284      0x13a c:/program files (x86)/atmel/atmel toolchain/avr32 gcc/native/3.4.1067/avr32-gnu-toolchain/bin/../lib/gcc/avr32/4.4.7/../../../../avr32/lib/ucr3fp\libc.a(lib_a-mprec.o)
 .debug_pubnames