Archive member included because of file (symbol)

c:/program files (x86)/atmel/atmel toolchain/avr32 gcc/native/3.4.1067/avr32-gnu-toolchain/bin/../lib/gcc/avr32/4.4.7/ucr3fp\libgcc.a(_avr32_f64_mul.o)
                              src/main.o (__avr32_f64_mul)
c:/program files (x86)/atmel/atmel toolchain/avr32 gcc/native/3.4.1067/avr32-gnu-toolchain/bin/../lib/gcc/avr32/4.4.7/ucr3fp\libgcc.a(_avr32_f64_addsub.o)
                              src/main.o (__avr32_f64_add)
c:/program files (x86)/atmel/atmel toolchain/avr32 gcc/native/3.4.1067/avr32-gnu-toolchain/bin/../lib/gcc/avr32/4.4.7/ucr3fp\libgcc.a(_avr32_s32_to_f64.o)
                              src/main.o (__avr32_u32_to_f64)
c:/program files (x86)/atmel/atmel toolchain/avr32 gcc/native/3.4.1067/avr32-gnu-toolchain/bin/../lib/gcc/avr32/4.4.7/ucr3fp\libgcc.a(_avr32_f32_div.o)
                              src/main.o (__avr32_f32_div)
c:/program files (x86)/atmel/atmel toolchain/avr32 gcc/native/3.4.1067/avr32-gnu-toolchain/bin/../lib/gcc/avr32/4.4.7/ucr3fp\libgcc.a(_avr32_f64_to_f32.o)
                              src/main.o (__avr32_f64_to_f32)
c:/program files (x86)/atmel/atmel toolchain/avr32 gcc/native/3.4.1067/avr32-gnu-toolchain/bin/../lib/gcc/avr32/4.4.7/ucr3fp\libgcc.a(_udivdi3.o)
                              src/serial_id_ds2411.o (__avr32_udiv64)
c:/program files (x86)/atmel/atmel toolchain/avr32 gcc/native/3.4.1067/avr32-gnu-toolchain/bin/../lib/gcc/avr32/4.4.7/../../../../avr32/lib/ucr3fp\libc.a(lib_a-memcpy.o)
                              src/ASF/avr32/drivers/flashc/flashc.o (memcpy)
c:/program files (x86)/atmel/atmel toolchain/avr32 gcc/native/3.4.1067/avr32-gnu-toolchain/bin/../lib/gcc/avr32/4.4.7/../../../../avr32/lib/ucr3fp\libc.a(lib_a-memset.o)
                              src/main.o (memset)
c:/program files (x86)/atmel/atmel toolchain/avr32 gcc/native/3.4.1067/avr32-gnu-toolchain/bin/../lib/gcc/avr32/4.4.7/../../../../avr32/lib/ucr3fp\libc.a(lib_a-strncpy.o)
                              src/main.o (strncpy)
c:/program files (x86)/atmel/atmel toolchain/avr32 gcc/native/3.4.1067/avr32-gnu-toolchain/bin/../lib/gcc/avr32/4.4.7/../../../../avr32/lib/ucr3fp\libc.a(lib_a-strstr.o)
                              src/main.o (strstr)

Allocating common symbols
Common symbol       size              file

topEflag0           0x1               src/main.o
D                   0x4               src/serial_id_ds2411.o
displayTimerSeconds
                    0x4               src/main.o
zoom_view_id        0x4               src/main.o
bluesense_buf       0x8               src/main.o
botEflag1           0x1               src/main.o
adc_values_seq0     0x2               src/main.o
ledBrd              0x46              src/main.o
A                   0x4               src/serial_id_ds2411.o
shelf               0x10              src/main.o
sanitizeTimer       0xc               src/main.o
sanitizeMinutes     0x4               src/main.o
adc_current_conversion
                    0x2               src/main.o
tmpSanitizeMinutes  0x4               src/main.o
topEflag1           0x1               src/main.o
usageIdx            0x10              src/main.o
B                   0x4               src/serial_id_ds2411.o
J                   0x4               src/serial_id_ds2411.o
botEflag0           0x1               src/main.o
C                   0x4               src/serial_id_ds2411.o
debugTimer          0xc               src/main.o
usageShdw           0x782             src/main.o
displayTimer        0xc               src/main.o
cleanTimer          0xc               src/main.o
G                   0x4               src/serial_id_ds2411.o
ledBrdSide          0x28              src/main.o
H                   0x4               src/serial_id_ds2411.o
electroclaveState   0x1               src/main.o
pingPong            0x1               src/main.o
numActiveShelves    0x1               src/main.o
oneMinuteTimer      0xc               src/main.o
E                   0x4               src/serial_id_ds2411.o
I                   0x4               src/serial_id_ds2411.o
F                   0x4               src/serial_id_ds2411.o

Discarded input sections

 .text          0x00000000        0x0 src/serial_id_ds2411.o
 .data          0x00000000        0x0 src/serial_id_ds2411.o
 .bss           0x00000000        0x0 src/serial_id_ds2411.o
 .text.OWTouchByte
                0x00000000       0x90 src/serial_id_ds2411.o
 .text.OWBlock  0x00000000       0x6c src/serial_id_ds2411.o
 .text.OWOverdriveSkip
                0x00000000       0x64 src/serial_id_ds2411.o
 .text.ReadPageMAC
                0x00000000      0x16c src/serial_id_ds2411.o
 .text          0x00000000        0x0 src/ec_print_funcs.o
 .data          0x00000000        0x0 src/ec_print_funcs.o
 .bss           0x00000000        0x0 src/ec_print_funcs.o
 .rodata.HEX_DIGITS
                0x00000000       0x10 src/ec_print_funcs.o
 .text.print_display
                0x00000000       0x24 src/ec_print_funcs.o
[...]
Memory Configuration

Name             Origin             Length             Attributes
FLASH            0x80000000         0x00080000         axrl !w
INTRAM           0x00000004         0x0000fffc         axw !rl
HRAM0            0xa0000000         0x00001000         axw !rl
USERPAGE_RESERVED 0x80800000         0x00000004         r
USERPAGE         0x80800004         0x000001fc
*default*        0x00000000         0xffffffff

Linker script and memory map

                0x00001000                _stack_size = 0x1000
LOAD src/serial_id_ds2411.o
LOAD src/ec_print_funcs.o
LOAD src/ASF/avr32/boards/uc3c_ek/led.o
LOAD src/ASF/avr32/drivers/adcifa/adcifa.o
LOAD src/ASF/avr32/drivers/canif/canif.o
LOAD src/ASF/avr32/drivers/flashc/flashc.o
LOAD src/ASF/avr32/drivers/gpio/gpio.o
LOAD src/ASF/avr32/drivers/intc/exception.o
LOAD src/ASF/avr32/drivers/intc/intc.o
LOAD src/ASF/avr32/drivers/pdca/pdca.o
LOAD src/ASF/avr32/drivers/pm/pm_uc3c.o
LOAD src/ASF/avr32/drivers/pm/power_clocks_lib.o
LOAD src/ASF/avr32/drivers/scif/scif_uc3c.o
LOAD src/ASF/avr32/drivers/tc/tc.o
LOAD src/ASF/avr32/drivers/twim/twim.o
LOAD src/ASF/avr32/drivers/usart/usart.o
LOAD src/ASF/avr32/utils/startup/startup_uc3.o
LOAD src/ASF/avr32/utils/startup/trampoline_uc3.o
LOAD src/ASF/common/services/clock/uc3c/osc.o
LOAD src/ASF/common/services/clock/uc3c/pll.o
LOAD src/ASF/common/services/clock/uc3c/sysclk.o
LOAD src/pca9952.o
LOAD src/main.o
START GROUP
LOAD ../src/ASF/avr32/utils/libs/dsplib/at32ucr3fp/gcc\libdsp-at32ucr3fp-dspspeed_opt.a
LOAD c:/program files (x86)/atmel/atmel toolchain/avr32 gcc/native/3.4.1067/avr32-gnu-toolchain/bin/../lib/gcc/avr32/4.4.7/../../../../avr32/lib/ucr3fp\libm.a
END GROUP
                0xffffffff                __max_heap_size__ = 0xffffffff
                [0xffffffff]                __heap_size__ = DEFINED (__heap_size__)?__heap_size__:__max_heap_size__
                [0x00001000]                __stack_size__ = DEFINED (__stack_size__)?__stack_size__:0x1000
                [0x00000800]                __flash_nvram_size__ = DEFINED (__flash_nvram_size__)?__flash_nvram_size__:0x800
                0x80000000                PROVIDE (__executable_start, 0x80000000)
                0x80000000                . = 0x80000000

.interp
 *(.interp)

.reset          0x80000000     0x2010
 *(.reset)
 .reset         0x80000000        0x8 src/ASF/avr32/utils/startup/startup_uc3.o
                0x80000000                _start
 .reset         0x80000008     0x2008 src/ASF/avr32/utils/startup/trampoline_uc3.o
                0x80000008                _trampoline

.hash
 *(.hash)

.dynsym
 *(.dynsym)

.dynstr
 *(.dynstr)

.gnu.version
 *(.gnu.version)

.gnu.version_d
 *(.gnu.version_d)

.gnu.version_r
 *(.gnu.version_r)

.rel.init
 *(.rel.init)

.rela.init
 *(.rela.init)

.rel.text
 *(.rel.text .rel.text.* .rel.gnu.linkonce.t.*)

.rela.text
 *(.rela.text .rela.text.* .rela.gnu.linkonce.t.*)

.rel.fini
 *(.rel.fini)

.rela.fini
 *(.rela.fini)

.rel.rodata
 *(.rel.rodata .rel.rodata.* .rel.gnu.linkonce.r.*)

.rela.rodata
 *(.rela.rodata .rela.rodata.* .rela.gnu.linkonce.r.*)

.rel.data.rel.ro
 *(.rel.data.rel.ro*)

.rela.data.rel.ro
 *(.rel.data.rel.ro*)

.rel.data
 *(.rel.data .rel.data.* .rel.gnu.linkonce.d.*)

.rela.data
 *(.rela.data .rela.data.* .rela.gnu.linkonce.d.*)

.rel.tdata
 *(.rel.tdata .rel.tdata.* .rel.gnu.linkonce.td.*)

.rela.tdata
 *(.rela.tdata .rela.tdata.* .rela.gnu.linkonce.td.*)

.rel.tbss
 *(.rel.tbss .rel.tbss.* .rel.gnu.linkonce.tb.*)

.rela.tbss
 *(.rela.tbss .rela.tbss.* .rela.gnu.linkonce.tb.*)

.rel.ctors
 *(.rel.ctors)

.rela.ctors
 *(.rela.ctors)

.rel.dtors
 *(.rel.dtors)

.rela.dtors
 *(.rela.dtors)

.rel.got
 *(.rel.got)

.rela.got       0x80002010        0x0
 *(.rela.got)
 .rela.got      0x80002010        0x0 src/ASF/avr32/drivers/flashc/flashc.o

.rel.bss
 *(.rel.bss .rel.bss.* .rel.gnu.linkonce.b.*)

.rela.bss
 *(.rela.bss .rela.bss.* .rela.gnu.linkonce.b.*)

.rel.plt
 *(.rel.plt)

.rela.plt
 *(.rela.plt)

.init
 *(.init)

.plt
 *(.plt)

.text           0x80002010     0x8148
 *(.text .stub .text.* .gnu.linkonce.t.*)
 .text.io_pin   0x80002010       0x4c src/serial_id_ds2411.o
                0x80002010                io_pin
 .text.drive_DQ_low
                0x8000205c       0x38 src/serial_id_ds2411.o
                0x8000205c                drive_DQ_low
 .text.release_the_bus
                0x80002094       0x38 src/serial_id_ds2411.o
                0x80002094                release_the_bus
 .text.sample_line
                0x800020cc       0x70 src/serial_id_ds2411.o
                0x800020cc                sample_line
 .text.SetSpeed
                0x8000213c       0xc0 src/serial_id_ds2411.o
                0x8000213c                SetSpeed
 .text.OWTouchReset
                0x800021fc      0x5b8 src/serial_id_ds2411.o
                0x800021fc                OWTouchReset
 .text.OWWriteBit
                0x800027b4      0x5d4 src/serial_id_ds2411.o
                0x800027b4                OWWriteBit
 .text.OWReadBit
                0x80002d88      0x464 src/serial_id_ds2411.o
                0x80002d88                OWReadBit
 .text.OWWriteByte
                0x800031ec       0x58 src/serial_id_ds2411.o
                0x800031ec                OWWriteByte
 .text.OWReadByte
                0x80003244       0x64 src/serial_id_ds2411.o
                0x80003244                OWReadByte
 .text.init_ecdbg_rs232
                0x800032a8       0x24 src/ec_print_funcs.o
                0x800032a8                init_ecdbg_rs232
 .text.init_display_rs232
                0x800032cc       0x24 src/ec_print_funcs.o
                0x800032cc                init_display_rs232
 .text.init_ecdbg_rs232_ex
                0x800032f0       0x5c src/ec_print_funcs.o
                0x800032f0                init_ecdbg_rs232_ex
 .text.init_display_rs232_ex
                0x8000334c       0x5c src/ec_print_funcs.o
                0x8000334c                init_display_rs232_ex
 .text.print_ecdbg
                0x800033a8       0x24 src/ec_print_funcs.o
                0x800033a8                print_ecdbg
 .text.print    0x800033cc       0x28 src/ec_print_funcs.o
                0x800033cc                print
 .text.adcifa_get_calibration_data
                0x800033f4       0x94 src/ASF/avr32/drivers/adcifa/adcifa.o
                0x800033f4                adcifa_get_calibration_data
 .text.adcifa_configure
                0x80003488      0x164 src/ASF/avr32/drivers/adcifa/adcifa.o
                0x80003488                adcifa_configure
 .text.adcifa_configure_sequencer
                0x800035ec      0x510 src/ASF/avr32/drivers/adcifa/adcifa.o
                0x800035ec                adcifa_configure_sequencer
 .text.adcifa_start_sequencer
                0x80003afc       0x44 src/ASF/avr32/drivers/adcifa/adcifa.o
                0x80003afc                adcifa_start_sequencer
 .text.adcifa_check_eos
                0x80003b40       0x48 src/ASF/avr32/drivers/adcifa/adcifa.o
                0x80003b40                adcifa_check_eos
 .text.adcifa_get_values_from_sequencer
                0x80003b88       0xd8 src/ASF/avr32/drivers/adcifa/adcifa.o
                0x80003b88                adcifa_get_values_from_sequencer
 .text.flashc_get_flash_size
                0x80003c60       0x40 src/ASF/avr32/drivers/flashc/flashc.o
                0x80003c60                flashc_get_flash_size
 .text.flashc_is_ready
                0x80003ca0       0x18 src/ASF/avr32/drivers/flashc/flashc.o
                0x80003ca0                flashc_is_ready
 .text.flashc_default_wait_until_ready
                0x80003cb8       0x1c src/ASF/avr32/drivers/flashc/flashc.o
                0x80003cb8                flashc_default_wait_until_ready
 .text.flashc_get_error_status
                0x80003cd4       0x16 src/ASF/avr32/drivers/flashc/flashc.o
 *fill*         0x80003cea        0x2 d703d703
 .text.flashc_issue_command
                0x80003cec       0x88 src/ASF/avr32/drivers/flashc/flashc.o
                0x80003cec                flashc_issue_command
 .text.flashc_clear_page_buffer
                0x80003d74       0x18 src/ASF/avr32/drivers/flashc/flashc.o
                0x80003d74                flashc_clear_page_buffer
 .text.flashc_is_page_erased
                0x80003d8c       0x1a src/ASF/avr32/drivers/flashc/flashc.o
                0x80003d8c                flashc_is_page_erased
 *fill*         0x80003da6        0x2 d703d703
 .text.flashc_quick_page_read
                0x80003da8       0x2c src/ASF/avr32/drivers/flashc/flashc.o
                0x80003da8                flashc_quick_page_read
 .text.flashc_erase_page
                0x80003dd4       0x68 src/ASF/avr32/drivers/flashc/flashc.o
                0x80003dd4                flashc_erase_page
 .text.flashc_write_page
                0x80003e3c       0x20 src/ASF/avr32/drivers/flashc/flashc.o
                0x80003e3c                flashc_write_page
 .text.flashc_quick_user_page_read
                0x80003e5c       0x24 src/ASF/avr32/drivers/flashc/flashc.o
                0x80003e5c                flashc_quick_user_page_read
 .text.flashc_erase_user_page
                0x80003e80       0x3c src/ASF/avr32/drivers/flashc/flashc.o
                0x80003e80                flashc_erase_user_page
 .text.flashc_write_user_page
                0x80003ebc       0x18 src/ASF/avr32/drivers/flashc/flashc.o
                0x80003ebc                flashc_write_user_page
 .text.flashc_memset8
                0x80003ed4       0x50 src/ASF/avr32/drivers/flashc/flashc.o
                0x80003ed4                flashc_memset8
 .text.flashc_memset16
                0x80003f24       0x4c src/ASF/avr32/drivers/flashc/flashc.o
                0x80003f24                flashc_memset16
 .text.flashc_memset32
                0x80003f70       0x5c src/ASF/avr32/drivers/flashc/flashc.o
                0x80003f70                flashc_memset32
 .text.flashc_memset64
                0x80003fcc      0x428 src/ASF/avr32/drivers/flashc/flashc.o
                0x80003fcc                flashc_memset64
 .text.flashc_memcpy
                0x800043f4      0x1b8 src/ASF/avr32/drivers/flashc/flashc.o
                0x800043f4                flashc_memcpy
 .text.gpio_enable_module
                0x800045ac       0x70 src/ASF/avr32/drivers/gpio/gpio.o
                0x800045ac                gpio_enable_module
 .text.gpio_enable_module_pin
                0x8000461c      0x27c src/ASF/avr32/drivers/gpio/gpio.o
                0x8000461c                gpio_enable_module_pin
 .text.gpio_configure_pin
                0x80004898      0x29e src/ASF/avr32/drivers/gpio/gpio.o
                0x80004898                gpio_configure_pin
 .text.gpio_get_pin_value
                0x80004b36       0x3c src/ASF/avr32/drivers/gpio/gpio.o
                0x80004b36                gpio_get_pin_value
 .text.gpio_set_pin_high
                0x80004b72       0x3a src/ASF/avr32/drivers/gpio/gpio.o
                0x80004b72                gpio_set_pin_high
 .text.gpio_set_pin_low
                0x80004bac       0x3a src/ASF/avr32/drivers/gpio/gpio.o
                0x80004bac                gpio_set_pin_low
 .text.gpio_toggle_pin
                0x80004be6       0x3a src/ASF/avr32/drivers/gpio/gpio.o
                0x80004be6                gpio_toggle_pin
 .text._unhandled_interrupt
                0x80004c20        0x8 src/ASF/avr32/drivers/intc/intc.o
 .text._get_interrupt_handler
                0x80004c28       0x70 src/ASF/avr32/drivers/intc/intc.o
                0x80004c28                _get_interrupt_handler
 .text.INTC_init_evba
                0x80004c98       0x14 src/ASF/avr32/drivers/intc/intc.o
 .text.INTC_init_interrupts
                0x80004cac       0x9c src/ASF/avr32/drivers/intc/intc.o
                0x80004cac                INTC_init_interrupts
 .text.INTC_register_interrupt
                0x80004d48       0xd4 src/ASF/avr32/drivers/intc/intc.o
                0x80004d48                INTC_register_interrupt
 .text.cpu_irq_is_enabled_flags
                0x80004e1c       0x20 src/ASF/avr32/drivers/pm/pm_uc3c.o
 .text.pm_set_mclk_source
                0x80004e3c       0x50 src/ASF/avr32/drivers/pm/pm_uc3c.o
                0x80004e3c                pm_set_mclk_source
 .text.cpu_irq_is_enabled_flags
                0x80004e8c       0x20 src/ASF/avr32/drivers/scif/scif_uc3c.o
 .text.scif_start_rc8M
                0x80004eac       0x80 src/ASF/avr32/drivers/scif/scif_uc3c.o
                0x80004eac                scif_start_rc8M
 .text.scif_start_gclk
                0x80004f2c       0x70 src/ASF/avr32/drivers/scif/scif_uc3c.o
                0x80004f2c                scif_start_gclk
 .text.cpu_irq_save
                0x80004f9c       0x1e src/ASF/avr32/drivers/twim/twim.o
 .text.cpu_irq_is_enabled_flags
                0x80004fba       0x20 src/ASF/avr32/drivers/twim/twim.o
 *fill*         0x80004fda        0x2 d703d703
 .text.cpu_irq_restore
                0x80004fdc       0x28 src/ASF/avr32/drivers/twim/twim.o
 .text.twim_master_interrupt_handler
                0x80005004      0x144 src/ASF/avr32/drivers/twim/twim.o
 .text.twim_set_speed
                0x80005148       0xa8 src/ASF/avr32/drivers/twim/twim.o
                0x80005148                twim_set_speed
 .text.twim_master_init
                0x800051f0      0x110 src/ASF/avr32/drivers/twim/twim.o
                0x800051f0                twim_master_init
 .text.twim_disable_interrupt
                0x80005300       0x44 src/ASF/avr32/drivers/twim/twim.o
                0x80005300                twim_disable_interrupt
 .text.twim_probe
                0x80005344       0x38 src/ASF/avr32/drivers/twim/twim.o
                0x80005344                twim_probe
 .text.twim_read_packet
                0x8000537c      0x17c src/ASF/avr32/drivers/twim/twim.o
                0x8000537c                twim_read_packet
 .text.twim_write_packet
                0x800054f8      0x13c src/ASF/avr32/drivers/twim/twim.o
                0x800054f8                twim_write_packet
 .text.twim_write
                0x80005634      0x104 src/ASF/avr32/drivers/twim/twim.o
                0x80005634                twim_write
 .text.twim_status
                0x80005738       0x30 src/ASF/avr32/drivers/twim/twim.o
                0x80005738                twim_status
 .text.cpu_irq_is_enabled_flags
                0x80005768       0x20 src/ASF/avr32/drivers/usart/usart.o
 .text.usart_set_async_baudrate
                0x80005788       0xd2 src/ASF/avr32/drivers/usart/usart.o
 *fill*         0x8000585a        0x2 d703d703
 .text.usart_reset
                0x8000585c       0x74 src/ASF/avr32/drivers/usart/usart.o
                0x8000585c                usart_reset
 .text.usart_init_rs232
                0x800058d0      0x170 src/ASF/avr32/drivers/usart/usart.o
                0x800058d0                usart_init_rs232
 .text.usart_write_char
                0x80005a40       0x44 src/ASF/avr32/drivers/usart/usart.o
                0x80005a40                usart_write_char
 .text.usart_putchar
                0x80005a84       0x54 src/ASF/avr32/drivers/usart/usart.o
                0x80005a84                usart_putchar
 .text.usart_write_line
                0x80005ad8       0x40 src/ASF/avr32/drivers/usart/usart.o
                0x80005ad8                usart_write_line
 .text._stext   0x80005b18       0x50 src/ASF/avr32/utils/startup/startup_uc3.o
                0x80005b18                _stext
 .text.twi_master_read
                0x80005b68       0x2c src/pca9952.o
 .text.twi_master_write
                0x80005b94       0x2c src/pca9952.o
 .text.PCA9952_write_reg
                0x80005bc0       0x84 src/pca9952.o
                0x80005bc0                PCA9952_write_reg
 .text.PCA9952_read_reg
                0x80005c44      0x1e0 src/pca9952.o
                0x80005c44                PCA9952_read_reg
 .text.PCA9952_init
                0x80005e24       0xdc src/pca9952.o
                0x80005e24                PCA9952_init
 .text.PCA9952_channel
                0x80005f00      0x180 src/pca9952.o
                0x80005f00                PCA9952_channel
 .text.led_shelf
                0x80006080      0x158 src/pca9952.o
                0x80006080                led_shelf
 .text          0x800061d8      0x1a0 src/main.o
 .text.display_text
                0x80006378       0x58 src/main.o
                0x80006378                display_text
 .text.chassis_error
                0x800063d0       0x14 src/main.o
                0x800063d0                chassis_error
 .text.init_io  0x800063e4       0xc4 src/main.o
                0x800063e4                init_io
 .text.read_led_board_serial_ids
                0x800064a8      0x168 src/main.o
                0x800064a8                read_led_board_serial_ids
 .text.check_led_brd_side_lifetime
                0x80006610      0x1a8 src/main.o
                0x80006610                check_led_brd_side_lifetime
 .text.check_led_brd_side_lifetimes
                0x800067b8       0x64 src/main.o
                0x800067b8                check_led_brd_side_lifetimes
 .text.adc_process_task
                0x8000681c       0x98 src/main.o
                0x8000681c                adc_process_task
 .text.check_shelf_for_devices
                0x800068b4      0x1a4 src/main.o
                0x800068b4                check_shelf_for_devices
 .text.check_shelves_for_devices
                0x80006a58       0x54 src/main.o
                0x80006a58                check_shelves_for_devices
 .text.set_shelves_active_inactive
                0x80006aac      0x184 src/main.o
                0x80006aac                set_shelves_active_inactive
 .text.num_active_shelves
                0x80006c30       0x14 src/main.o
                0x80006c30                num_active_shelves
 .text.init_sys_clocks
                0x80006c44       0x50 src/main.o
                0x80006c44                init_sys_clocks
 .text.adc_process_init
                0x80006c94       0x4c src/main.o
                0x80006c94                adc_process_init
 .text.twi_init
                0x80006ce0       0x80 src/main.o
 .text.calc_sanitize_time
                0x80006d60      0x120 src/main.o
                0x80006d60                calc_sanitize_time
 .text.door_latch_open_kill_all_shelves
                0x80006e80       0x30 src/main.o
                0x80006e80                door_latch_open_kill_all_shelves
 .text.usage_idx
                0x80006eb0       0xfc src/main.o
                0x80006eb0                usage_idx
 .text.load_usage_indeces
                0x80006fac      0x154 src/main.o
                0x80006fac                load_usage_indeces
 .text.read_usage_struct
                0x80007100       0x94 src/main.o
                0x80007100                read_usage_struct
 .text.test_flash
                0x80007194       0xe4 src/main.o
                0x80007194                test_flash
 .text.find_first_open_usage_slot
                0x80007278       0x74 src/main.o
                0x80007278                find_first_open_usage_slot
 .text.add_new_led_board_sides_to_usage
                0x800072ec      0x194 src/main.o
                0x800072ec                add_new_led_board_sides_to_usage
 .text.calc_usage_csum
                0x80007480      0x398 src/main.o
                0x80007480                calc_usage_csum
 .text.copy_usage_to_usage
                0x80007818       0x58 src/main.o
                0x80007818                copy_usage_to_usage
 .text.write_usage_to_flash
                0x80007870       0x50 src/main.o
                0x80007870                write_usage_to_flash
 .text.calc_usage_current_led_boards
                0x800078c0      0x264 src/main.o
                0x800078c0                calc_usage_current_led_boards
 .text.increment_ledBoard_usage_min
                0x80007b24      0x304 src/main.o
                0x80007b24                increment_ledBoard_usage_min
 .text.init_shelf_n_ledBrd_structs
                0x80007e28      0x2a4 src/main.o
                0x80007e28                init_shelf_n_ledBrd_structs
 .text.load_usageIdx_to_ledBrdSide
                0x800080cc       0x68 src/main.o
                0x800080cc                load_usageIdx_to_ledBrdSide
 .text.init_led_board_info
                0x80008134      0x2fc src/main.o
                0x80008134                init_led_board_info
 .text.main     0x80008430     0x11b8 src/main.o
                0x80008430                main
 .text          0x800095e8      0x1d4 c:/program files (x86)/atmel/atmel toolchain/avr32 gcc/native/3.4.1067/avr32-gnu-toolchain/bin/../lib/gcc/avr32/4.4.7/ucr3fp\libgcc.a(_avr32_f64_mul.o)
                0x800095e8                __avr32_f64_mul
 .text          0x800097bc      0x2b0 c:/program files (x86)/atmel/atmel toolchain/avr32 gcc/native/3.4.1067/avr32-gnu-toolchain/bin/../lib/gcc/avr32/4.4.7/ucr3fp\libgcc.a(_avr32_f64_addsub.o)
                0x800097c0                __avr32_f64_sub
                0x8000995c                __avr32_f64_add
 .text          0x80009a6c       0xe8 c:/program files (x86)/atmel/atmel toolchain/avr32 gcc/native/3.4.1067/avr32-gnu-toolchain/bin/../lib/gcc/avr32/4.4.7/ucr3fp\libgcc.a(_avr32_s32_to_f64.o)
                0x80009a6c                __avr32_u32_to_f64
                0x80009a74                __avr32_s32_to_f64
 .text          0x80009b54      0x160 c:/program files (x86)/atmel/atmel toolchain/avr32 gcc/native/3.4.1067/avr32-gnu-toolchain/bin/../lib/gcc/avr32/4.4.7/ucr3fp\libgcc.a(_avr32_f32_div.o)
                0x80009b54                __avr32_f32_div
 .text          0x80009cb4       0x8a c:/program files (x86)/atmel/atmel toolchain/avr32 gcc/native/3.4.1067/avr32-gnu-toolchain/bin/../lib/gcc/avr32/4.4.7/ucr3fp\libgcc.a(_avr32_f64_to_f32.o)
                0x80009cb4                __avr32_f64_to_f32
 .text          0x80009d3e      0x264 c:/program files (x86)/atmel/atmel toolchain/avr32 gcc/native/3.4.1067/avr32-gnu-toolchain/bin/../lib/gcc/avr32/4.4.7/ucr3fp\libgcc.a(_udivdi3.o)
                0x80009d3e                __avr32_udiv64
                0x80009d3e                __udivdi3
 .text          0x80009fa2      0x148 c:/program files (x86)/atmel/atmel toolchain/avr32 gcc/native/3.4.1067/avr32-gnu-toolchain/bin/../lib/gcc/avr32/4.4.7/../../../../avr32/lib/ucr3fp\libc.a(lib_a-memcpy.o)
                0x80009fa2                memcpy
 .text.memset   0x8000a0ea        0xe c:/program files (x86)/atmel/atmel toolchain/avr32 gcc/native/3.4.1067/avr32-gnu-toolchain/bin/../lib/gcc/avr32/4.4.7/../../../../avr32/lib/ucr3fp\libc.a(lib_a-memset.o)
                0x8000a0ea                memset
 .text          0x8000a0f8       0x20 c:/program files (x86)/atmel/atmel toolchain/avr32 gcc/native/3.4.1067/avr32-gnu-toolchain/bin/../lib/gcc/avr32/4.4.7/../../../../avr32/lib/ucr3fp\libc.a(lib_a-strncpy.o)
                0x8000a0f8                strncpy
 .text.strstr   0x8000a118       0x40 c:/program files (x86)/atmel/atmel toolchain/avr32 gcc/native/3.4.1067/avr32-gnu-toolchain/bin/../lib/gcc/avr32/4.4.7/../../../../avr32/lib/ucr3fp\libc.a(lib_a-strstr.o)
                0x8000a118                strstr
 *(.text.*personality*)
 *(.gnu.warning)

.exception      0x8000a200      0x200
 .exception     0x8000a200      0x200 src/ASF/avr32/drivers/intc/exception.o
                0x8000a200                _evba
                0x8000a304                _int0
                0x8000a312                _int1
                0x8000a320                _int2
                0x8000a32e                _int3

.fini
 *(.fini)
                0x8000a400                PROVIDE (__etext, .)
                0x8000a400                PROVIDE (_etext, .)
                0x8000a400                PROVIDE (etext, .)

.rodata         0x8000a400      0x250
 *(.rodata .rodata.* .gnu.linkonce.r.*)
 .rodata.DISPLAY_USART_GPIO_MAP.14651
                0x8000a400       0x10 src/ec_print_funcs.o
 .rodata.ECDBG_USART_GPIO_MAP.14645
                0x8000a410       0x10 src/ec_print_funcs.o
 .rodata.C.35.14269
                0x8000a420       0x1e src/ASF/avr32/drivers/flashc/flashc.o
 *fill*         0x8000a43e        0x2 
 .rodata.gpio_enable_module_pin
                0x8000a440       0x20 src/ASF/avr32/drivers/gpio/gpio.o
 .rodata._int_handler_table
                0x8000a460      0x178 src/ASF/avr32/drivers/intc/intc.o
 .rodata.main   0x8000a5d8       0x24 src/main.o
 .rodata.C.74.16192
                0x8000a5fc        0x4 src/main.o
 .rodata.C.71.16049
                0x8000a600       0x10 src/main.o
 .rodata.C.72.16050
                0x8000a610       0x10 src/main.o
 .rodata.ADCIFA_GPIO_MAP.16039
                0x8000a620       0x30 src/main.o

.rodata1
 *(.rodata1)

.eh_frame_hdr
 *(.eh_frame_hdr)

.eh_frame
 *(.eh_frame)

.gcc_except_table
 *(.gcc_except_table)
 *(.gcc_except_table.*)

.lalign         0x8000a650        0x0
                0x8000a650                . = ALIGN (0x8)
                0x8000a650                PROVIDE (_data_lma, .)
                0x00000004                . = ORIGIN (INTRAM)

.dalign         0x00000004        0x4
                0x00000008                . = ALIGN (0x8)
 *fill*         0x00000004        0x4 
                0x00000008                PROVIDE (_data, .)

.eh_frame
 *(.eh_frame)

.gcc_except_table
 *(.gcc_except_table)
 *(.gcc_except_table.*)

.tdata
 *(.tdata .tdata.* .gnu.linkonce.td.*)

.tbss
 *(.tbss .tbss.* .gnu.linkonce.tb.*)
 *(.tcommon)
                0x00000008                PROVIDE (__preinit_array_start, ALIGN (0x4))

.preinit_array
 *(.preinit_array)
                0x00000008                PROVIDE (__preinit_array_end, .)
                0x00000008                PROVIDE (__init_array_start, .)

.init_array
 *(.init_array)
                0x00000008                PROVIDE (__init_array_end, .)
                0x00000008                PROVIDE (__fini_array_start, .)

.fini_array
 *(.fini_array)
                0x00000008                PROVIDE (__fini_array_end, .)

.ctors
 *crtbegin*.o(.ctors)
 *(EXCLUDE_FILE(*crtend*.o) .ctors)
 *(SORT(.ctors.*))
 *(.ctors)

.dtors
 *crtbegin*.o(.dtors)
 *(EXCLUDE_FILE(*crtend*.o) .dtors)
 *(SORT(.dtors.*))
 *(.dtors)

.jcr
 *(.jcr)

.data.rel.ro
 *(.data.rel.ro.local)
 *(.data.rel.ro*)

.dynamic
 *(.dynamic)

.got
 *(.got.plt)
 *(.got)

.ramtext
 *(.ramtext .ramtext.*)

.ddalign        0x00000008        0x0 load address 0x8000a650
                0x00000008                . = ALIGN (0x8)

.data           0x00000008       0xa9 load address 0x8000a650
 *(.data .data.* .gnu.linkonce.d.*)
 .data.flashc_wait_until_ready
                0x00000008        0x4 src/ASF/avr32/drivers/flashc/flashc.o
                0x00000008                flashc_wait_until_ready
 .data.CMD_READY
                0x0000000c        0x8 src/main.o
                0x0000000c                CMD_READY
 .data.CMD_CLEAN
                0x00000014        0x8 src/main.o
                0x00000014                CMD_CLEAN
 .data.CMD_CLEANING
                0x0000001c        0x8 src/main.o
                0x0000001c                CMD_CLEANING
 .data.CMD_DIRTY
                0x00000024        0x8 src/main.o
                0x00000024                CMD_DIRTY
 .data.CMD_ERROR
                0x0000002c        0x8 src/main.o
                0x0000002c                CMD_ERROR
 .data.CMD_SHELF1
                0x00000034        0x8 src/main.o
                0x00000034                CMD_SHELF1
 .data.CMD_SHELF2
                0x0000003c        0x8 src/main.o
                0x0000003c                CMD_SHELF2
 .data.CMD_SHELF3
                0x00000044        0x8 src/main.o
                0x00000044                CMD_SHELF3
 .data.CMD_SHELF4
                0x0000004c        0x8 src/main.o
                0x0000004c                CMD_SHELF4
 .data.CMD_CLEAR
                0x00000054        0x8 src/main.o
                0x00000054                CMD_CLEAR
 .data.cmdPtrArray
                0x0000005c       0x28 src/main.o
                0x0000005c                cmdPtrArray
 .data.adc_config_t
                0x00000084       0x14 src/main.o
                0x00000084                adc_config_t
 .data.adcifa_sequence_opt
                0x00000098        0x7 src/main.o
                0x00000098                adcifa_sequence_opt
 .data.adcifa_sequence_conversion_opt_seq0_shelf
                0x0000009f        0xc src/main.o
                0x0000009f                adcifa_sequence_conversion_opt_seq0_shelf
 *fill*         0x000000ab        0x1 
 .data.adcifa   0x000000ac        0x4 src/main.o
                0x000000ac                adcifa
 .data.firstTimeThrough
                0x000000b0        0x1 src/main.o
                0x000000b0                firstTimeThrough
 *(.gnu.linkonce.d.*personality*)

.data1
 *(.data1)

.balign         0x000000b1        0x7 load address 0x8000a6f9
                0x000000b8                . = ALIGN (0x8)
 *fill*         0x000000b1        0x7 
                0x000000b8                PROVIDE (_edata, .)
                0x000000b8                PROVIDE (edata, .)
                0x000000b8                __bss_start = .

.bss            0x000000b8      0xaa0
 *(.dynbss)
 *(.bss .bss.* .gnu.linkonce.b.*)
 .bss.adcifa_seq1_configured
                0x000000b8        0x1 src/ASF/avr32/drivers/adcifa/adcifa.o
 *fill*         0x000000b9        0x3 
 .bss.flashc_error_status
                0x000000bc        0x4 src/ASF/avr32/drivers/flashc/flashc.o
 .bss._int_line_handler_table_0
                0x000000c0        0x4 src/ASF/avr32/drivers/intc/intc.o
 .bss._int_line_handler_table_1
                0x000000c4        0x8 src/ASF/avr32/drivers/intc/intc.o
 .bss._int_line_handler_table_2
                0x000000cc        0x4 src/ASF/avr32/drivers/intc/intc.o
 .bss._int_line_handler_table_3
                0x000000d0       0x10 src/ASF/avr32/drivers/intc/intc.o
 .bss._int_line_handler_table_4
                0x000000e0       0x10 src/ASF/avr32/drivers/intc/intc.o
 .bss._int_line_handler_table_5
                0x000000f0       0x10 src/ASF/avr32/drivers/intc/intc.o
 .bss._int_line_handler_table_6
                0x00000100       0x10 src/ASF/avr32/drivers/intc/intc.o
 .bss._int_line_handler_table_7
                0x00000110        0x4 src/ASF/avr32/drivers/intc/intc.o
 .bss._int_line_handler_table_8
                0x00000114        0x4 src/ASF/avr32/drivers/intc/intc.o
 .bss._int_line_handler_table_9
                0x00000118       0x28 src/ASF/avr32/drivers/intc/intc.o
 .bss._int_line_handler_table_10
                0x00000140        0x4 src/ASF/avr32/drivers/intc/intc.o
 .bss._int_line_handler_table_11
                0x00000144        0x4 src/ASF/avr32/drivers/intc/intc.o
 .bss._int_line_handler_table_12
                0x00000148        0x4 src/ASF/avr32/drivers/intc/intc.o
 .bss._int_line_handler_table_13
                0x0000014c        0x4 src/ASF/avr32/drivers/intc/intc.o
 .bss._int_line_handler_table_14
                0x00000150       0x14 src/ASF/avr32/drivers/intc/intc.o
 .bss._int_line_handler_table_15
                0x00000164       0x10 src/ASF/avr32/drivers/intc/intc.o
 .bss._int_line_handler_table_16
                0x00000174       0x10 src/ASF/avr32/drivers/intc/intc.o
 .bss._int_line_handler_table_17
                0x00000184        0x4 src/ASF/avr32/drivers/intc/intc.o
 .bss._int_line_handler_table_18
                0x00000188       0x40 src/ASF/avr32/drivers/intc/intc.o
 .bss._int_line_handler_table_19
                0x000001c8        0x4 src/ASF/avr32/drivers/intc/intc.o
 .bss._int_line_handler_table_20
                0x000001cc        0x4 src/ASF/avr32/drivers/intc/intc.o
 .bss._int_line_handler_table_21
                0x000001d0        0x4 src/ASF/avr32/drivers/intc/intc.o
 .bss._int_line_handler_table_22
                0x000001d4        0x4 src/ASF/avr32/drivers/intc/intc.o
 .bss._int_line_handler_table_23
                0x000001d8        0x4 src/ASF/avr32/drivers/intc/intc.o
 .bss._int_line_handler_table_24
                0x000001dc        0x4 src/ASF/avr32/drivers/intc/intc.o
 .bss._int_line_handler_table_25
                0x000001e0        0x4 src/ASF/avr32/drivers/intc/intc.o
 .bss._int_line_handler_table_26
                0x000001e4        0x4 src/ASF/avr32/drivers/intc/intc.o
 .bss._int_line_handler_table_27
                0x000001e8        0x4 src/ASF/avr32/drivers/intc/intc.o
 .bss._int_line_handler_table_28
                0x000001ec        0x4 src/ASF/avr32/drivers/intc/intc.o
 .bss._int_line_handler_table_29
                0x000001f0        0x4 src/ASF/avr32/drivers/intc/intc.o
 .bss._int_line_handler_table_30
                0x000001f4        0x4 src/ASF/avr32/drivers/intc/intc.o
 .bss._int_line_handler_table_31
                0x000001f8        0x4 src/ASF/avr32/drivers/intc/intc.o
 .bss._int_line_handler_table_32
                0x000001fc        0x4 src/ASF/avr32/drivers/intc/intc.o
 .bss._int_line_handler_table_33
                0x00000200        0xc src/ASF/avr32/drivers/intc/intc.o
 .bss._int_line_handler_table_34
                0x0000020c        0xc src/ASF/avr32/drivers/intc/intc.o
 .bss._int_line_handler_table_35
                0x00000218        0x8 src/ASF/avr32/drivers/intc/intc.o
 .bss._int_line_handler_table_36
                0x00000220       0x18 src/ASF/avr32/drivers/intc/intc.o
 .bss._int_line_handler_table_37
                0x00000238        0x4 src/ASF/avr32/drivers/intc/intc.o
 .bss._int_line_handler_table_38
                0x0000023c        0x4 src/ASF/avr32/drivers/intc/intc.o
 .bss._int_line_handler_table_39
                0x00000240       0x18 src/ASF/avr32/drivers/intc/intc.o
 .bss._int_line_handler_table_40
                0x00000258       0x18 src/ASF/avr32/drivers/intc/intc.o
 .bss._int_line_handler_table_41
                0x00000270        0x4 src/ASF/avr32/drivers/intc/intc.o
 .bss._int_line_handler_table_42
                0x00000274        0x4 src/ASF/avr32/drivers/intc/intc.o
 .bss._int_line_handler_table_43
                0x00000278        0x4 src/ASF/avr32/drivers/intc/intc.o
 .bss._int_line_handler_table_44
                0x0000027c        0x4 src/ASF/avr32/drivers/intc/intc.o
 .bss._int_line_handler_table_45
                0x00000280        0x4 src/ASF/avr32/drivers/intc/intc.o
 .bss._int_line_handler_table_46
                0x00000284        0x4 src/ASF/avr32/drivers/intc/intc.o
 .bss.twim_inst
                0x00000288        0x4 src/ASF/avr32/drivers/twim/twim.o
 .bss.twim_tx_data
                0x0000028c        0x4 src/ASF/avr32/drivers/twim/twim.o
 .bss.twim_rx_data
                0x00000290        0x4 src/ASF/avr32/drivers/twim/twim.o
 .bss.transfer_status
                0x00000294        0x4 src/ASF/avr32/drivers/twim/twim.o
 .bss.twim_tx_nb_bytes
                0x00000298        0x4 src/ASF/avr32/drivers/twim/twim.o
 .bss.twim_rx_nb_bytes
                0x0000029c        0x4 src/ASF/avr32/drivers/twim/twim.o
 .bss.twim_it_mask
                0x000002a0        0x4 src/ASF/avr32/drivers/twim/twim.o
 .bss.twim_package
                0x000002a4        0x4 src/ASF/avr32/drivers/twim/twim.o
 .bss.twim_next
                0x000002a8        0x1 src/ASF/avr32/drivers/twim/twim.o
 *fill*         0x000002a9        0x3 
 .bss.cpu_hz    0x000002ac        0x4 src/pca9952.o
 .bss.displayIdx.16603
                0x000002b0        0x1 src/main.o
 *(COMMON)
 *fill*         0x000002b1        0x3 
 COMMON         0x000002b4       0x28 src/serial_id_ds2411.o
                0x000002b4                D
                0x000002b8                A
                0x000002bc                B
                0x000002c0                J
                0x000002c4                C
                0x000002c8                G
                0x000002cc                H
                0x000002d0                E
                0x000002d4                I
                0x000002d8                F
 COMMON         0x000002dc      0x87c src/main.o
                0x000002dc                topEflag0
                0x000002e0                displayTimerSeconds
                0x000002e4                zoom_view_id
                0x000002e8                bluesense_buf
                0x000002f0                botEflag1
                0x000002f2                adc_values_seq0
                0x000002f4                ledBrd
                0x0000033a                shelf
                0x0000034c                sanitizeTimer
                0x00000358                sanitizeMinutes
                0x0000035c                adc_current_conversion
                0x00000360                tmpSanitizeMinutes
                0x00000364                topEflag1
                0x00000365                usageIdx
                0x00000375                botEflag0
                0x00000378                debugTimer
                0x00000384                usageShdw
                0x00000b08                displayTimer
                0x00000b14                cleanTimer
                0x00000b20                ledBrdSide
                0x00000b48                electroclaveState
                0x00000b49                pingPong
                0x00000b4a                numActiveShelves
                0x00000b4c                oneMinuteTimer
                0x00000b58                . = ALIGN (0x8)
                0x00000b58                . = ALIGN (0x8)
                0x00000b58                _end = .
                0x00000b58                PROVIDE (end, .)
                0x00000b58                __heap_start__ = ALIGN (0x8)

.heap           0x00000b58     0xe4a8
 *(.heap)
                0x0000e4a8                . = (__heap_size__ == __max_heap_size__)?(((ORIGIN (INTRAM) + 0xfffc) - __stack_size__) - ABSOLUTE (.)):__heap_size__
 *fill*         0x00000b58     0xe4a8 
                0x0000f000                __heap_end__ = .

.stab
 *(.stab)

.stabstr
 *(.stabstr)

.stab.excl
 *(.stab.excl)

.stab.exclstr
 *(.stab.exclstr)

.stab.index
 *(.stab.index)

.stab.indexstr
 *(.stab.indexstr)

.comment        0x00000000       0x30
 *(.comment)
 .comment       0x00000000       0x30 src/serial_id_ds2411.o
                                 0x31 (size before relaxing)
 .comment       0x00000000       0x31 src/ec_print_funcs.o
 .comment       0x00000000       0x31 src/ASF/avr32/drivers/adcifa/adcifa.o
 .comment       0x00000000       0x31 src/ASF/avr32/drivers/flashc/flashc.o
 .comment       0x00000000       0x31 src/ASF/avr32/drivers/gpio/gpio.o
 .comment       0x00000000       0x31 src/ASF/avr32/drivers/intc/intc.o
 .comment       0x00000000       0x31 src/ASF/avr32/drivers/pm/pm_uc3c.o
 .comment       0x00000000       0x31 src/ASF/avr32/drivers/scif/scif_uc3c.o
 .comment       0x00000000       0x31 src/ASF/avr32/drivers/twim/twim.o
 .comment       0x00000000       0x31 src/ASF/avr32/drivers/usart/usart.o
 .comment       0x00000000       0x31 src/pca9952.o
 .comment       0x00000000       0x31 src/main.o
 .comment       0x00000000       0x31 c:/program files (x86)/atmel/atmel toolchain/avr32 gcc/native/3.4.1067/avr32-gnu-toolchain/bin/../lib/gcc/avr32/4.4.7/ucr3fp\libgcc.a(_udivdi3.o)
 .comment       0x00000000       0x31 c:/program files (x86)/atmel/atmel toolchain/avr32 gcc/native/3.4.1067/avr32-gnu-toolchain/bin/../lib/gcc/avr32/4.4.7/../../../../avr32/lib/ucr3fp\libc.a(lib_a-memset.o)
 .comment       0x00000000       0x31 c:/program files (x86)/atmel/atmel toolchain/avr32 gcc/native/3.4.1067/avr32-gnu-toolchain/bin/../lib/gcc/avr32/4.4.7/../../../../avr32/lib/ucr3fp\libc.a(lib_a-strstr.o)

.debug
 *(.debug)

.line
 *(.line)

.debug_srcinfo
 *(.debug_srcinfo)

.debug_sfnames
 *(.debug_sfnames)

.debug_aranges  0x00000000      0xae8
 *(.debug_aranges)
 .debug_aranges
                0x00000000       0x88 src/serial_id_ds2411.o
 .debug_aranges
                0x00000088       0xc8 src/ec_print_funcs.o
 .debug_aranges
                0x00000150       0x88 src/ASF/avr32/drivers/adcifa/adcifa.o
 .debug_aranges
                0x000001d8      0x228 src/ASF/avr32/drivers/flashc/flashc.o
 .debug_aranges
                0x00000400      0x128 src/ASF/avr32/drivers/gpio/gpio.o
 .debug_aranges
                0x00000528       0x20 src/ASF/avr32/drivers/intc/exception.o
 .debug_aranges
                0x00000548       0x40 src/ASF/avr32/drivers/intc/intc.o
 .debug_aranges
                0x00000588       0x58 src/ASF/avr32/drivers/pm/pm_uc3c.o
 .debug_aranges
                0x000005e0      0x170 src/ASF/avr32/drivers/scif/scif_uc3c.o
 .debug_aranges
                0x00000750       0x88 src/ASF/avr32/drivers/twim/twim.o
 .debug_aranges
                0x000007d8      0x108 src/ASF/avr32/drivers/usart/usart.o
 .debug_aranges
                0x000008e0       0x28 src/ASF/avr32/utils/startup/startup_uc3.o
 .debug_aranges
                0x00000908       0x20 src/ASF/avr32/utils/startup/trampoline_uc3.o
 .debug_aranges
                0x00000928       0x50 src/pca9952.o
 .debug_aranges
                0x00000978      0x110 src/main.o
 .debug_aranges
                0x00000a88       0x20 c:/program files (x86)/atmel/atmel toolchain/avr32 gcc/native/3.4.1067/avr32-gnu-toolchain/bin/../lib/gcc/avr32/4.4.7/ucr3fp\libgcc.a(_udivdi3.o)
 .debug_aranges
                0x00000aa8       0x20 c:/program files (x86)/atmel/atmel toolchain/avr32 gcc/native/3.4.1067/avr32-gnu-toolchain/bin/../lib/gcc/avr32/4.4.7/../../../../avr32/lib/ucr3fp\libc.a(lib_a-memset.o)
 .debug_aranges
                0x00000ac8       0x20 c:/program files (x86)/atmel/atmel toolchain/avr32 gcc/native/3.4.1067/avr32-gnu-toolchain/bin/../lib/gcc/avr32/4.4.7/../../../../avr32/lib/ucr3fp\libc.a(lib_a-strstr.o)

.debug_pubnames
                0x00000000     0x1eab
 *(.debug_pubnames)
 .debug_pubnames
                0x00000000      0x128 src/serial_id_ds2411.o
 .debug_pubnames
                0x00000128      0x1de src/ec_print_funcs.o
 .debug_pubnames
                0x00000306      0x193 src/ASF/avr32/drivers/adcifa/adcifa.o
 .debug_pubnames
                0x00000499      0x79d src/ASF/avr32/drivers/flashc/flashc.o
 .debug_pubnames
                0x00000c36      0x3aa src/ASF/avr32/drivers/gpio/gpio.o
 .debug_pubnames
                0x00000fe0       0x62 src/ASF/avr32/drivers/intc/intc.o
 .debug_pubnames
                0x00001042       0xc3 src/ASF/avr32/drivers/pm/pm_uc3c.o
 .debug_pubnames
                0x00001105      0x3f6 src/ASF/avr32/drivers/scif/scif_uc3c.o
 .debug_pubnames
                0x000014fb       0xd6 src/ASF/avr32/drivers/twim/twim.o
 .debug_pubnames
                0x000015d1      0x227 src/ASF/avr32/drivers/usart/usart.o
 .debug_pubnames
                0x000017f8       0x70 src/pca9952.o
 .debug_pubnames
                0x00001868      0x5e9 src/main.o
 .debug_pubnames
                0x00001e51       0x20 c:/program files (x86)/atmel/atmel toolchain/avr32 gcc/native/3.4.1067/avr32-gnu-toolchain/bin/../lib/gcc/avr32/4.4.7/ucr3fp\libgcc.a(_udivdi3.o)
 .debug_pubnames
                0x00001e71       0x1d c:/program files (x86)/atmel/atmel toolchain/avr32 gcc/native/3.4.1067/avr32-gnu-toolchain/bin/../lib/gcc/avr32/4.4.7/../../../../avr32/lib/ucr3fp\libc.a(lib_a-memset.o)
 .debug_pubnames
                0x00001e8e       0x1d c:/program files (x86)/atmel/atmel toolchain/avr32 gcc/native/3.4.1067/avr32-gnu-toolchain/bin/../lib/gcc/avr32/4.4.7/../../../../avr32/lib/ucr3fp\libc.a(lib_a-strstr.o)

.debug_info     0x00000000    0x17b83
 *(.debug_info .gnu.linkonce.wi.*)
 .debug_info    0x00000000      0xd7a src/serial_id_ds2411.o
 .debug_info    0x00000d7a     0x2b7c src/ec_print_funcs.o
 .debug_info    0x000038f6     0x1e8a src/ASF/avr32/drivers/adcifa/adcifa.o
 .debug_info    0x00005780     0x1d16 src/ASF/avr32/drivers/flashc/flashc.o
 .debug_info    0x00007496      0xf72 src/ASF/avr32/drivers/gpio/gpio.o
 .debug_info    0x00008408       0xb8 src/ASF/avr32/drivers/intc/exception.o
 .debug_info    0x000084c0      0x835 src/ASF/avr32/drivers/intc/intc.o
 .debug_info    0x00008cf5     0x1050 src/ASF/avr32/drivers/pm/pm_uc3c.o
 .debug_info    0x00009d45     0x1d2e src/ASF/avr32/drivers/scif/scif_uc3c.o
 .debug_info    0x0000ba73     0x1206 src/ASF/avr32/drivers/twim/twim.o
 .debug_info    0x0000cc79     0x3117 src/ASF/avr32/drivers/usart/usart.o
 .debug_info    0x0000fd90       0xb7 src/ASF/avr32/utils/startup/startup_uc3.o
 .debug_info    0x0000fe47       0xbe src/ASF/avr32/utils/startup/trampoline_uc3.o
 .debug_info    0x0000ff05     0x10c4 src/pca9952.o
 .debug_info    0x00010fc9     0x6493 src/main.o
 .debug_info    0x0001745c      0x57b c:/program files (x86)/atmel/atmel toolchain/avr32 gcc/native/3.4.1067/avr32-gnu-toolchain/bin/../lib/gcc/avr32/4.4.7/ucr3fp\libgcc.a(_udivdi3.o)
 .debug_info    0x000179d7       0xcd c:/program files (x86)/atmel/atmel toolchain/avr32 gcc/native/3.4.1067/avr32-gnu-toolchain/bin/../lib/gcc/avr32/4.4.7/../../../../avr32/lib/ucr3fp\libc.a(lib_a-memset.o)
 .debug_info    0x00017aa4       0xdf c:/program files (x86)/atmel/atmel toolchain/avr32 gcc/native/3.4.1067/avr32-gnu-toolchain/bin/../lib/gcc/avr32/4.4.7/../../../../avr32/lib/ucr3fp\libc.a(lib_a-strstr.o)

.debug_abbrev   0x00000000     0x1caf
 *(.debug_abbrev)
 .debug_abbrev  0x00000000      0x1fd src/serial_id_ds2411.o
 .debug_abbrev  0x000001fd      0x1d0 src/ec_print_funcs.o
 .debug_abbrev  0x000003cd      0x1c2 src/ASF/avr32/drivers/adcifa/adcifa.o
 .debug_abbrev  0x0000058f      0x285 src/ASF/avr32/drivers/flashc/flashc.o
 .debug_abbrev  0x00000814      0x23f src/ASF/avr32/drivers/gpio/gpio.o
 .debug_abbrev  0x00000a53       0x14 src/ASF/avr32/drivers/intc/exception.o
 .debug_abbrev  0x00000a67      0x1b6 src/ASF/avr32/drivers/intc/intc.o
 .debug_abbrev  0x00000c1d      0x185 src/ASF/avr32/drivers/pm/pm_uc3c.o
 .debug_abbrev  0x00000da2      0x273 src/ASF/avr32/drivers/scif/scif_uc3c.o
 .debug_abbrev  0x00001015      0x1ed src/ASF/avr32/drivers/twim/twim.o
 .debug_abbrev  0x00001202      0x266 src/ASF/avr32/drivers/usart/usart.o
 .debug_abbrev  0x00001468       0x12 src/ASF/avr32/utils/startup/startup_uc3.o
 .debug_abbrev  0x0000147a       0x14 src/ASF/avr32/utils/startup/trampoline_uc3.o
 .debug_abbrev  0x0000148e      0x26e src/pca9952.o
 .debug_abbrev  0x000016fc      0x337 src/main.o
 .debug_abbrev  0x00001a33      0x15a c:/program files (x86)/atmel/atmel toolchain/avr32 gcc/native/3.4.1067/avr32-gnu-toolchain/bin/../lib/gcc/avr32/4.4.7/ucr3fp\libgcc.a(_udivdi3.o)
 .debug_abbrev  0x00001b8d       0x85 c:/program files (x86)/atmel/atmel toolchain/avr32 gcc/native/3.4.1067/avr32-gnu-toolchain/bin/../lib/gcc/avr32/4.4.7/../../../../avr32/lib/ucr3fp\libc.a(lib_a-memset.o)
 .debug_abbrev  0x00001c12       0x9d c:/program files (x86)/atmel/atmel toolchain/avr32 gcc/native/3.4.1067/avr32-gnu-toolchain/bin/../lib/gcc/avr32/4.4.7/../../../../avr32/lib/ucr3fp\libc.a(lib_a-strstr.o)

.debug_line     0x00000000     0x8868
 *(.debug_line)
 .debug_line    0x00000000      0xb2a src/serial_id_ds2411.o
 .debug_line    0x00000b2a      0x99b src/ec_print_funcs.o
 .debug_line    0x000014c5      0x917 src/ASF/avr32/drivers/adcifa/adcifa.o
 .debug_line    0x00001ddc      0xd3b src/ASF/avr32/drivers/flashc/flashc.o
 .debug_line    0x00002b17      0xab0 src/ASF/avr32/drivers/gpio/gpio.o
 .debug_line    0x000035c7      0x109 src/ASF/avr32/drivers/intc/exception.o
 .debug_line    0x000036d0      0x79a src/ASF/avr32/drivers/intc/intc.o
 .debug_line    0x00003e6a      0x817 src/ASF/avr32/drivers/pm/pm_uc3c.o
 .debug_line    0x00004681      0xb5b src/ASF/avr32/drivers/scif/scif_uc3c.o
 .debug_line    0x000051dc      0xa1a src/ASF/avr32/drivers/twim/twim.o
 .debug_line    0x00005bf6      0xb0c src/ASF/avr32/drivers/usart/usart.o
 .debug_line    0x00006702       0xf2 src/ASF/avr32/utils/startup/startup_uc3.o
 .debug_line    0x000067f4       0x67 src/ASF/avr32/utils/startup/trampoline_uc3.o
 .debug_line    0x0000685b      0x971 src/pca9952.o
 .debug_line    0x000071cc     0x1141 src/main.o
 .debug_line    0x0000830d      0x1d1 c:/program files (x86)/atmel/atmel toolchain/avr32 gcc/native/3.4.1067/avr32-gnu-toolchain/bin/../lib/gcc/avr32/4.4.7/ucr3fp\libgcc.a(_udivdi3.o)
 .debug_line    0x000084de      0x1b9 c:/program files (x86)/atmel/atmel toolchain/avr32 gcc/native/3.4.1067/avr32-gnu-toolchain/bin/../lib/gcc/avr32/4.4.7/../../../../avr32/lib/ucr3fp\libc.a(lib_a-memset.o)
 .debug_line    0x00008697      0x1d1 c:/program files (x86)/atmel/atmel toolchain/avr32 gcc/native/3.4.1067/avr32-gnu-toolchain/bin/../lib/gcc/avr32/4.4.7/../../../../avr32/lib/ucr3fp\libc.a(lib_a-strstr.o)

.debug_frame    0x00000000     0x21a0
 *(.debug_frame)
 .debug_frame   0x00000000      0x1c4 src/serial_id_ds2411.o
 .debug_frame   0x000001c4      0x278 src/ec_print_funcs.o
 .debug_frame   0x0000043c      0x198 src/ASF/avr32/drivers/adcifa/adcifa.o
 .debug_frame   0x000005d4      0x79c src/ASF/avr32/drivers/flashc/flashc.o
 .debug_frame   0x00000d70      0x3c8 src/ASF/avr32/drivers/gpio/gpio.o
 .debug_frame   0x00001138       0x9c src/ASF/avr32/drivers/intc/intc.o
 .debug_frame   0x000011d4       0xf0 src/ASF/avr32/drivers/pm/pm_uc3c.o
 .debug_frame   0x000012c4      0x4c4 src/ASF/avr32/drivers/scif/scif_uc3c.o
 .debug_frame   0x00001788      0x198 src/ASF/avr32/drivers/twim/twim.o
 .debug_frame   0x00001920      0x358 src/ASF/avr32/drivers/usart/usart.o
 .debug_frame   0x00001c78       0xe0 src/pca9952.o
 .debug_frame   0x00001d58      0x3bc src/main.o
 .debug_frame   0x00002114       0x44 c:/program files (x86)/atmel/atmel toolchain/avr32 gcc/native/3.4.1067/avr32-gnu-toolchain/bin/../lib/gcc/avr32/4.4.7/ucr3fp\libgcc.a(_udivdi3.o)
 .debug_frame   0x00002158       0x20 c:/program files (x86)/atmel/atmel toolchain/avr32 gcc/native/3.4.1067/avr32-gnu-toolchain/bin/../lib/gcc/avr32/4.4.7/../../../../avr32/lib/ucr3fp\libc.a(lib_a-memset.o)
 .debug_frame   0x00002178       0x28 c:/program files (x86)/atmel/atmel toolchain/avr32 gcc/native/3.4.1067/avr32-gnu-toolchain/bin/../lib/gcc/avr32/4.4.7/../../../../avr32/lib/ucr3fp\libc.a(lib_a-strstr.o)

.debug_str      0x00000000     0x50df
 *(.debug_str)
 .debug_str     0x00000000      0x26b src/serial_id_ds2411.o
                                0x2d1 (size before relaxing)
 .debug_str     0x0000026b      0x7d3 src/ec_print_funcs.o
                                0x919 (size before relaxing)
 .debug_str     0x00000a3e      0x98f src/ASF/avr32/drivers/adcifa/adcifa.o
                                0xb33 (size before relaxing)
 .debug_str     0x000013cd      0xace src/ASF/avr32/drivers/flashc/flashc.o
                                0xcba (size before relaxing)
 .debug_str     0x00001e9b      0x587 src/ASF/avr32/drivers/gpio/gpio.o
                                0x701 (size before relaxing)
 .debug_str     0x00002422      0x656 src/ASF/avr32/drivers/intc/intc.o
                                0x781 (size before relaxing)
 .debug_str     0x00002a78      0x621 src/ASF/avr32/drivers/pm/pm_uc3c.o
                                0x7c0 (size before relaxing)
 .debug_str     0x00003099      0xa53 src/ASF/avr32/drivers/scif/scif_uc3c.o
                                0xc73 (size before relaxing)
 .debug_str     0x00003aec      0x555 src/ASF/avr32/drivers/twim/twim.o
                                0x742 (size before relaxing)
 .debug_str     0x00004041      0x399 src/ASF/avr32/drivers/usart/usart.o
                                0xb0d (size before relaxing)
 .debug_str     0x000043da      0x100 src/pca9952.o
                                0x6c3 (size before relaxing)
 .debug_str     0x000044da      0x9cc src/main.o
                               0x1cd7 (size before relaxing)
 .debug_str     0x00004ea6      0x146 c:/program files (x86)/atmel/atmel toolchain/avr32 gcc/native/3.4.1067/avr32-gnu-toolchain/bin/../lib/gcc/avr32/4.4.7/ucr3fp\libgcc.a(_udivdi3.o)
                                0x1fb (size before relaxing)
 .debug_str     0x00004fec       0x71 c:/program files (x86)/atmel/atmel toolchain/avr32 gcc/native/3.4.1067/avr32-gnu-toolchain/bin/../lib/gcc/avr32/4.4.7/../../../../avr32/lib/ucr3fp\libc.a(lib_a-memset.o)
                                0x10d (size before relaxing)
 .debug_str     0x0000505d       0x82 c:/program files (x86)/atmel/atmel toolchain/avr32 gcc/native/3.4.1067/avr32-gnu-toolchain/bin/../lib/gcc/avr32/4.4.7/../../../../avr32/lib/ucr3fp\libc.a(lib_a-strstr.o)
                                0x11e (size before relaxing)

.debug_loc      0x00000000     0x3818
 *(.debug_loc)
 .debug_loc     0x00000000      0x25a src/serial_id_ds2411.o
 .debug_loc     0x0000025a      0x3b2 src/ec_print_funcs.o
 .debug_loc     0x0000060c      0x25a src/ASF/avr32/drivers/adcifa/adcifa.o
 .debug_loc     0x00000866      0xb16 src/ASF/avr32/drivers/flashc/flashc.o
 .debug_loc     0x0000137c      0x5b6 src/ASF/avr32/drivers/gpio/gpio.o
 .debug_loc     0x00001932       0xd7 src/ASF/avr32/drivers/intc/intc.o
 .debug_loc     0x00001a09      0x158 src/ASF/avr32/drivers/pm/pm_uc3c.o
 .debug_loc     0x00001b61      0x739 src/ASF/avr32/drivers/scif/scif_uc3c.o
 .debug_loc     0x0000229a      0x25a src/ASF/avr32/drivers/twim/twim.o
 .debug_loc     0x000024f4      0x50a src/ASF/avr32/drivers/usart/usart.o
 .debug_loc     0x000029fe      0x12d src/pca9952.o
 .debug_loc     0x00002b2b      0x535 src/main.o
 .debug_loc     0x00003060      0x75d c:/program files (x86)/atmel/atmel toolchain/avr32 gcc/native/3.4.1067/avr32-gnu-toolchain/bin/../lib/gcc/avr32/4.4.7/ucr3fp\libgcc.a(_udivdi3.o)
 .debug_loc     0x000037bd       0x5b c:/program files (x86)/atmel/atmel toolchain/avr32 gcc/native/3.4.1067/avr32-gnu-toolchain/bin/../lib/gcc/avr32/4.4.7/../../../../avr32/lib/ucr3fp\libc.a(lib_a-strstr.o)

.debug_macinfo  0x00000000   0xeea60b
 *(.debug_macinfo)
 .debug_macinfo
                0x00000000   0x13d172 src/serial_id_ds2411.o
 .debug_macinfo
                0x0013d172   0x13f732 src/ec_print_funcs.o
 .debug_macinfo
                0x0027c8a4   0x13ed04 src/ASF/avr32/drivers/adcifa/adcifa.o
 .debug_macinfo
                0x003bb5a8   0x13cf31 src/ASF/avr32/drivers/flashc/flashc.o
 .debug_macinfo
                0x004f84d9   0x13cedf src/ASF/avr32/drivers/gpio/gpio.o
 .debug_macinfo
                0x006353b8   0x13cf8c src/ASF/avr32/drivers/intc/intc.o
 .debug_macinfo
                0x00772344   0x13cdd1 src/ASF/avr32/drivers/pm/pm_uc3c.o
 .debug_macinfo
                0x008af115   0x13cdf8 src/ASF/avr32/drivers/scif/scif_uc3c.o
 .debug_macinfo
                0x009ebf0d   0x13ee5f src/ASF/avr32/drivers/twim/twim.o
 .debug_macinfo
                0x00b2ad6c   0x13d0f2 src/ASF/avr32/drivers/usart/usart.o
 .debug_macinfo
                0x00c67e5e   0x13f89a src/pca9952.o
 .debug_macinfo
                0x00da76f8   0x142f13 src/main.o

.debug_weaknames
 *(.debug_weaknames)

.debug_funcnames
 *(.debug_funcnames)

.debug_typenames
 *(.debug_typenames)

.debug_varnames
 *(.debug_varnames)

.stack          0x0000f000     0x1000
                0x0000f000                _stack = .
 *(.stack)
                0x00001000                . = __stack_size__
 *fill*         0x0000f000     0x1000 
                0x00010000                _estack = .
                0xa0000000                . = ORIGIN (HRAM0)

.data_hram0     0xa0000000        0x0 load address 0x8000a700
                0xa0000000                PROVIDE (_data_hram0, .)
 *(.data_hram0)
                0xa0000000                . = ALIGN (0x8)
                0xa0000000                PROVIDE (_edata_hram0, .)
                0x8000a700                PROVIDE (_data_hram0_lma, ABSOLUTE (LOADADDR (.data_hram0)))
                0xa0000000                . = ALIGN (0x8)

.bss_hram0      0xa0000000        0x0
                0xa0000000                PROVIDE (__bss_hram0_start, .)
 *(.bss_hram0)
                0xa0000000                PROVIDE (_bss_hram0_end, .)

.flash_nvram0   0x8007f000      0x3c0 load address 0x8000a6f9
 *(.flash_nvram0)
 .flash_nvram0  0x8007f000      0x3c0 src/main.o

.flash_nvram1   0x8007f800      0x3c0 load address 0x8007f3c0
 *(.flash_nvram1)
 .flash_nvram1  0x8007f800      0x3c0 src/main.o

.userpage
 *(.userpage .userpage.*)

/DISCARD/
 *(.note.GNU-stack)
LOAD c:/program files (x86)/atmel/atmel toolchain/avr32 gcc/native/3.4.1067/avr32-gnu-toolchain/bin/../lib/gcc/avr32/4.4.7/ucr3fp\libgcc.a
LOAD c:/program files (x86)/atmel/atmel toolchain/avr32 gcc/native/3.4.1067/avr32-gnu-toolchain/bin/../lib/gcc/avr32/4.4.7/../../../../avr32/lib/ucr3fp\libc.a
LOAD c:/program files (x86)/atmel/atmel toolchain/avr32 gcc/native/3.4.1067/avr32-gnu-toolchain/bin/../lib/gcc/avr32/4.4.7/ucr3fp\libgcc.a
OUTPUT(electroclave.elf elf32-avr32)

.debug_ranges   0x00000000      0xa88
 .debug_ranges  0x00000000       0x80 src/serial_id_ds2411.o
 .debug_ranges  0x00000080       0xc0 src/ec_print_funcs.o
 .debug_ranges  0x00000140       0x80 src/ASF/avr32/drivers/adcifa/adcifa.o
 .debug_ranges  0x000001c0      0x220 src/ASF/avr32/drivers/flashc/flashc.o
 .debug_ranges  0x000003e0      0x120 src/ASF/avr32/drivers/gpio/gpio.o
 .debug_ranges  0x00000500       0x38 src/ASF/avr32/drivers/intc/intc.o
 .debug_ranges  0x00000538       0x50 src/ASF/avr32/drivers/pm/pm_uc3c.o
 .debug_ranges  0x00000588      0x168 src/ASF/avr32/drivers/scif/scif_uc3c.o
 .debug_ranges  0x000006f0       0x80 src/ASF/avr32/drivers/twim/twim.o
 .debug_ranges  0x00000770      0x100 src/ASF/avr32/drivers/usart/usart.o
 .debug_ranges  0x00000870       0x20 src/ASF/avr32/utils/startup/startup_uc3.o
 .debug_ranges  0x00000890       0x48 src/pca9952.o
 .debug_ranges  0x000008d8      0x108 src/main.o
 .debug_ranges  0x000009e0       0x78 c:/program files (x86)/atmel/atmel toolchain/avr32 gcc/native/3.4.1067/avr32-gnu-toolchain/bin/../lib/gcc/avr32/4.4.7/ucr3fp\libgcc.a(_udivdi3.o)
 .debug_ranges  0x00000a58       0x18 c:/program files (x86)/atmel/atmel toolchain/avr32 gcc/native/3.4.1067/avr32-gnu-toolchain/bin/../lib/gcc/avr32/4.4.7/../../../../avr32/lib/ucr3fp\libc.a(lib_a-memset.o)
 .debug_ranges  0x00000a70       0x18 c:/program files (x86)/atmel/atmel toolchain/avr32 gcc/native/3.4.1067/avr32-gnu-toolchain/bin/../lib/gcc/avr32/4.4.7/../../../../avr32/lib/ucr3fp\libc.a(lib_a-strstr.o)
